{
  "status": "PASS",
  "method": "independent big-endian struct decoder and flux-centered scalar normal equations",
  "frozen_tolerances": {
    "relative": 2e-08,
    "absolute": 2e-10
  },
  "numeric_disagreements": [],
  "visits": [
    {
      "file_key": "CH_PR100018_TG032401_V0300",
      "status": "PASS",
      "raw_rows": 127,
      "enumerated_windows": 378,
      "eligible_windows": 249,
      "numeric_and_discrete_comparisons": 2988,
      "numeric_disagreements": 0,
      "maximum_absolute_differences": {
        "score": 2.220446049250313e-15,
        "excess_electrons": 1.4551915228366852e-11,
        "sigma_electrons": 1.4551915228366852e-11,
        "denominator_electrons": 2.546585164964199e-11,
        "baseline_event_sum_electrons": 0.0,
        "leverage": 1.6653345369377348e-16
      },
      "signed_clusters_counts_and_summaries_verified": true
    },
    {
      "file_key": "CH_PR100018_TG032402_V0300",
      "status": "PASS",
      "raw_rows": 83,
      "enumerated_windows": 246,
      "eligible_windows": 156,
      "numeric_and_discrete_comparisons": 1872,
      "numeric_disagreements": 0,
      "maximum_absolute_differences": {
        "score": 1.3322676295501878e-15,
        "excess_electrons": 3.637978807091713e-12,
        "sigma_electrons": 2.7284841053187847e-12,
        "denominator_electrons": 2.7284841053187847e-12,
        "baseline_event_sum_electrons": 0.0,
        "leverage": 1.1102230246251565e-16
      },
      "signed_clusters_counts_and_summaries_verified": true
    }
  ],
  "numeric_and_discrete_comparisons": 4860
}
