{
  "stage": "LS8G_GJ849_TWO_VISIT_L2_SCREEN",
  "status": "COMPLETE_UNAUDITED",
  "evaluation_freeze_commit": "ac864124316714d44a5ba78658e5bd3e214c1b5c",
  "target": "GJ 849",
  "selected_keys": [
    "CH_PR100018_TG032401_V0300",
    "CH_PR100018_TG032402_V0300"
  ],
  "method": "prospective flux-centered implementation of unchanged LS7X/LS8A/LS8B DEFAULT-L2 rule",
  "sideband_rows_each_side": 12,
  "guard_rows": 2,
  "durations_rows": [
    1,
    2,
    3
  ],
  "screen_threshold": 8.5,
  "visits": [
    {
      "file_key": "CH_PR100018_TG032401_V0300",
      "rows": 127,
      "status_zero_finite_rows": 125,
      "cadence_seconds": 42.0,
      "eligible_windows": 249,
      "duration_results": [
        {
          "duration_rows": 1,
          "duration_seconds": 42.0,
          "eligible_windows": 84,
          "positive_windows": 1,
          "negative_windows": 0,
          "maximum_score": 23.470079811524972,
          "minimum_score": -2.496479573503575
        },
        {
          "duration_rows": 2,
          "duration_seconds": 84.0,
          "eligible_windows": 83,
          "positive_windows": 2,
          "negative_windows": 0,
          "maximum_score": 16.880897160669193,
          "minimum_score": -2.4712347752706263
        },
        {
          "duration_rows": 3,
          "duration_seconds": 126.0,
          "eligible_windows": 82,
          "positive_windows": 3,
          "negative_windows": 0,
          "maximum_score": 13.811120120196394,
          "minimum_score": -2.6917317852653113
        }
      ],
      "positive_windows": 6,
      "negative_windows": 0,
      "positive_clusters": 1,
      "negative_clusters": 0,
      "maximum_score": 23.470079811524972,
      "minimum_score": -2.6917317852653113,
      "unique_event_rows": 84,
      "eligible_event_row_union_seconds": 3528.0
    },
    {
      "file_key": "CH_PR100018_TG032402_V0300",
      "rows": 83,
      "status_zero_finite_rows": 81,
      "cadence_seconds": 42.0,
      "eligible_windows": 156,
      "duration_results": [
        {
          "duration_rows": 1,
          "duration_seconds": 42.0,
          "eligible_windows": 53,
          "positive_windows": 0,
          "negative_windows": 0,
          "maximum_score": 2.451495484851451,
          "minimum_score": -2.27026722926895
        },
        {
          "duration_rows": 2,
          "duration_seconds": 84.0,
          "eligible_windows": 52,
          "positive_windows": 0,
          "negative_windows": 0,
          "maximum_score": 2.7545742075895046,
          "minimum_score": -3.0293806021129117
        },
        {
          "duration_rows": 3,
          "duration_seconds": 126.0,
          "eligible_windows": 51,
          "positive_windows": 0,
          "negative_windows": 0,
          "maximum_score": 3.044811955159429,
          "minimum_score": -3.084281819438559
        }
      ],
      "positive_windows": 0,
      "negative_windows": 0,
      "positive_clusters": 0,
      "negative_clusters": 0,
      "maximum_score": 3.044811955159429,
      "minimum_score": -3.084281819438559,
      "unique_event_rows": 53,
      "eligible_event_row_union_seconds": 2226.0
    }
  ],
  "totals": {
    "rows": 210,
    "eligible_windows": 405,
    "positive_windows": 6,
    "negative_windows": 0,
    "positive_clusters": 1,
    "negative_clusters": 0,
    "science_table_bytes": 28980
  },
  "other_apertures_opened": false,
  "image_bytes_acquired": 0,
  "raw_imagettes_opened": false,
  "detector_qualified": false,
  "candidate_claims": 0,
  "interpretation": "independent two-visit L2 screening; signed endpoints are descriptive controls, not Gaussian significances"
}
