{
  "stage": "LS8Y_PG1245042_TWO_VISIT_L2_SCREEN",
  "status": "COMPLETE_UNAUDITED",
  "evaluation_freeze_commit": "5918f923186e0006a14a91330eefde33732a6c46",
  "target": "PG 1245-042",
  "selected_keys": [
    "CH_PR100002_TG008601_V0300",
    "CH_PR100002_TG008602_V0300"
  ],
  "method": "unchanged pinned LS8K flux-centered DEFAULT-L2 scorer and signed clustering",
  "sideband_rows_each_side": 12,
  "guard_rows": 2,
  "durations_rows": [
    1,
    2,
    3
  ],
  "screen_threshold": 8.5,
  "visits": [
    {
      "file_key": "CH_PR100002_TG008601_V0300",
      "rows": 85,
      "status_zero_finite_rows": 84,
      "cadence_seconds": 60.0,
      "eligible_windows": 135,
      "duration_results": [
        {
          "duration_rows": 1,
          "duration_seconds": 60.0,
          "eligible_windows": 46,
          "positive_windows": 0,
          "negative_windows": 1,
          "maximum_score": 3.255698526133676,
          "minimum_score": -18.490171716816285
        },
        {
          "duration_rows": 2,
          "duration_seconds": 120.0,
          "eligible_windows": 45,
          "positive_windows": 0,
          "negative_windows": 2,
          "maximum_score": 2.7695340102326718,
          "minimum_score": -12.710507397457196
        },
        {
          "duration_rows": 3,
          "duration_seconds": 180.0,
          "eligible_windows": 44,
          "positive_windows": 0,
          "negative_windows": 1,
          "maximum_score": 2.4220522381550573,
          "minimum_score": -12.481143102137107
        }
      ],
      "positive_windows": 0,
      "negative_windows": 4,
      "positive_clusters": 0,
      "negative_clusters": 1,
      "maximum_score": 3.255698526133676,
      "minimum_score": -18.490171716816285,
      "unique_event_rows": 46,
      "eligible_event_row_union_seconds": 2760.0
    },
    {
      "file_key": "CH_PR100002_TG008602_V0300",
      "rows": 79,
      "status_zero_finite_rows": 78,
      "cadence_seconds": 60.0,
      "eligible_windows": 93,
      "duration_results": [
        {
          "duration_rows": 1,
          "duration_seconds": 60.0,
          "eligible_windows": 32,
          "positive_windows": 0,
          "negative_windows": 0,
          "maximum_score": 1.499867756653551,
          "minimum_score": -1.3848559558480464
        },
        {
          "duration_rows": 2,
          "duration_seconds": 120.0,
          "eligible_windows": 31,
          "positive_windows": 0,
          "negative_windows": 0,
          "maximum_score": 1.540252753490628,
          "minimum_score": -1.689957494143598
        },
        {
          "duration_rows": 3,
          "duration_seconds": 180.0,
          "eligible_windows": 30,
          "positive_windows": 0,
          "negative_windows": 0,
          "maximum_score": 1.6881036918382717,
          "minimum_score": -1.6293202944923981
        }
      ],
      "positive_windows": 0,
      "negative_windows": 0,
      "positive_clusters": 0,
      "negative_clusters": 0,
      "maximum_score": 1.6881036918382717,
      "minimum_score": -1.689957494143598,
      "unique_event_rows": 32,
      "eligible_event_row_union_seconds": 1920.0
    }
  ],
  "totals": {
    "rows": 164,
    "eligible_windows": 228,
    "positive_windows": 0,
    "negative_windows": 4,
    "positive_clusters": 0,
    "negative_clusters": 1,
    "science_table_bytes": 22632
  },
  "other_apertures_opened": false,
  "image_bytes_acquired": 0,
  "raw_imagettes_opened": false,
  "detector_qualified": false,
  "candidate_claims": 0,
  "interpretation": "Independent rank-7 two-visit L2 screen; signed endpoints are not Gaussian significances."
}
