{
  "checkpoint": "LS7U",
  "verified": true,
  "network_transfer_bytes": 0,
  "range_manifest_bytes_unchanged": true,
  "retained_range_bytes": 4164480,
  "electronic_reference_array_bytes": 4147200,
  "header_bytes": 17280,
  "target_image_bytes": 0,
  "source_residual_trials": 0,
  "pulse_recovery_trials": 0,
  "new_candidates": 0,
  "new_qualified_observing_seconds": 0,
  "astropy_vs_struct_electronic_values": 1036800,
  "primary_scalar_frame_statistics": 1296,
  "supplement_scalar_clip_mask_comparisons": 6912000,
  "primary_fits_checksum_valid": true,
  "supplement_fits_checksum_valid": true,
  "reproduced_outputs": [
    {
      "path": "results_ls7u_prescan/summary.json",
      "sha256": "04b7895dbf9dcdfca58834b602c8e2ae3b362bba42c1ff75bf92724c266a7e3b",
      "byte_identical": true
    },
    {
      "path": "results_ls7u_prescan/prescan_frame_statistics.csv.gz",
      "sha256": "c3d1cc04fcd47fd2828f1de2fc38ecb802a2c6dbee38aaa59e8df4fa4b8f486b",
      "byte_identical": true
    },
    {
      "path": "results_ls7u_prescan/blank_reference/summary.json",
      "sha256": "13cb00e05c09918d7646df131361b945b8e3a162139a062ec65fa9a65ebb8436",
      "byte_identical": true
    },
    {
      "path": "results_ls7u_prescan/blank_reference/blank_frame_statistics.csv.gz",
      "sha256": "7288917c27286ab470536d8a171cf492f17af699daa0ae08495cdd1db49c21ab",
      "byte_identical": true
    }
  ],
  "decision": "NOT_READY_FOR_TARGET_IMAGE_STUDY"
}
