Diagnosed 300/3540 saved trials
Diagnosed 600/3540 saved trials
Diagnosed 900/3540 saved trials
Diagnosed 1200/3540 saved trials
Diagnosed 1500/3540 saved trials
Diagnosed 1800/3540 saved trials
Diagnosed 2100/3540 saved trials
Diagnosed 2400/3540 saved trials
Diagnosed 2700/3540 saved trials
Diagnosed 3000/3540 saved trials
Diagnosed 3300/3540 saved trials
{
  "status": "COMPLETED",
  "trials": 3540,
  "added_templates": 245,
  "rules": {
    "ls7g": {
      "pass": false,
      "gates": {
        "all_core_cells": false,
        "all_target_strengths_matched": true,
        "ten_percent_single_recovery": true,
        "no_base_null_acceptance": true,
        "confounding_at_most_20_percent": true,
        "bounded_pointing_screened_acceptance": true
      }
    },
    "augmented": {
      "pass": false,
      "gates": {
        "all_core_cells": false,
        "all_target_strengths_matched": true,
        "ten_percent_single_recovery": true,
        "no_base_null_acceptance": true,
        "confounding_at_most_20_percent": true,
        "bounded_pointing_screened_acceptance": true
      }
    },
    "plain_ablation": {
      "pass": false,
      "gates": {
        "all_core_cells": false,
        "all_target_strengths_matched": true,
        "ten_percent_single_recovery": false,
        "no_base_null_acceptance": true,
        "confounding_at_most_20_percent": true,
        "bounded_pointing_screened_acceptance": true
      }
    }
  },
  "max_clean_pure_difference": 2.000177801164682e-12
}
