epoch1_on: eight native caches and all cropped baseline scores exact
epoch2_on: eight native caches and all cropped baseline scores exact
epoch3_on: eight native caches and all cropped baseline scores exact
UPSTREAM EXACT REPLAY baseline
UPSTREAM EXACT REPLAY ab_z138
UPSTREAM EXACT REPLAY new038
{"completed": 1, "total": 262, "name": "baseline", "new_counts": {"joint_receiver_off_aggregate": 0, "joint_track_off_aggregate": 0, "joint_dual_off_aggregate": 0}}
{"completed": 2, "total": 262, "name": "ad_ab_z006", "new_counts": {"joint_receiver_off_aggregate": 12, "joint_track_off_aggregate": 12, "joint_dual_off_aggregate": 12}}
{"completed": 3, "total": 262, "name": "ad_ab_z016", "new_counts": {"joint_receiver_off_aggregate": 3, "joint_track_off_aggregate": 3, "joint_dual_off_aggregate": 3}}
{"completed": 4, "total": 262, "name": "ad_ab_z038", "new_counts": {"joint_receiver_off_aggregate": 6, "joint_track_off_aggregate": 6, "joint_dual_off_aggregate": 6}}
{"completed": 5, "total": 262, "name": "ad_ab_z042", "new_counts": {"joint_receiver_off_aggregate": 2, "joint_track_off_aggregate": 2, "joint_dual_off_aggregate": 2}}
{"completed": 6, "total": 262, "name": "ad_ab_z043", "new_counts": {"joint_receiver_off_aggregate": 0, "joint_track_off_aggregate": 0, "joint_dual_off_aggregate": 0}}
{"completed": 7, "total": 262, "name": "ad_ab_z044", "new_counts": {"joint_receiver_off_aggregate": 2, "joint_track_off_aggregate": 2, "joint_dual_off_aggregate": 2}}
{"completed": 8, "total": 262, "name": "ad_ab_z048", "new_counts": {"joint_receiver_off_aggregate": 0, "joint_track_off_aggregate": 0, "joint_dual_off_aggregate": 0}}
{"completed": 9, "total": 262, "name": "ad_ab_z078", "new_counts": {"joint_receiver_off_aggregate": 14, "joint_track_off_aggregate": 14, "joint_dual_off_aggregate": 14}}
{"completed": 10, "total": 262, "name": "ad_ab_z096", "new_counts": {"joint_receiver_off_aggregate": 19, "joint_track_off_aggregate": 19, "joint_dual_off_aggregate": 19}}
{"completed": 11, "total": 262, "name": "ad_ab_z138", "new_counts": {"joint_receiver_off_aggregate": 0, "joint_track_off_aggregate": 1, "joint_dual_off_aggregate": 0}}
{"completed": 12, "total": 262, "name": "ad_ab_z148", "new_counts": {"joint_receiver_off_aggregate": 1, "joint_track_off_aggregate": 1, "joint_dual_off_aggregate": 1}}
{"completed": 13, "total": 262, "name": "ad_ab_z158", "new_counts": {"joint_receiver_off_aggregate": 24, "joint_track_off_aggregate": 24, "joint_dual_off_aggregate": 24}}
{"completed": 14, "total": 262, "name": "ad_ab_z162", "new_counts": {"joint_receiver_off_aggregate": 1, "joint_track_off_aggregate": 1, "joint_dual_off_aggregate": 1}}
{"completed": 15, "total": 262, "name": "ad_ab_z163", "new_counts": {"joint_receiver_off_aggregate": 0, "joint_track_off_aggregate": 0, "joint_dual_off_aggregate": 0}}
{"completed": 16, "total": 262, "name": "ad_ab_z164", "new_counts": {"joint_receiver_off_aggregate": 1, "joint_track_off_aggregate": 1, "joint_dual_off_aggregate": 1}}
{"completed": 17, "total": 262, "name": "ad_ab_z168", "new_counts": {"joint_receiver_off_aggregate": 0, "joint_track_off_aggregate": 0, "joint_dual_off_aggregate": 0}}
{"completed": 18, "total": 262, "name": "ad_ab_z170", "new_counts": {"joint_receiver_off_aggregate": 54, "joint_track_off_aggregate": 54, "joint_dual_off_aggregate": 54}}
{"completed": 19, "total": 262, "name": "ad_ab_z171", "new_counts": {"joint_receiver_off_aggregate": 5, "joint_track_off_aggregate": 5, "joint_dual_off_aggregate": 5}}
{"completed": 20, "total": 262, "name": "ad_ab_z176", "new_counts": {"joint_receiver_off_aggregate": 0, "joint_track_off_aggregate": 0, "joint_dual_off_aggregate": 0}}
{"completed": 21, "total": 262, "name": "ad_ab_z198", "new_counts": {"joint_receiver_off_aggregate": 5, "joint_track_off_aggregate": 5, "joint_dual_off_aggregate": 5}}
{"completed": 22, "total": 262, "name": "ad_ab_z260", "new_counts": {"joint_receiver_off_aggregate": 0, "joint_track_off_aggregate": 0, "joint_dual_off_aggregate": 0}}
{"completed": 23, "total": 262, "name": "ad_ab_z261", "new_counts": {"joint_receiver_off_aggregate": 0, "joint_track_off_aggregate": 0, "joint_dual_off_aggregate": 0}}
{"completed": 24, "total": 262, "name": "ad_ab_z262", "new_counts": {"joint_receiver_off_aggregate": 1, "joint_track_off_aggregate": 1, "joint_dual_off_aggregate": 1}}
{"completed": 25, "total": 262, "name": "ad_ab_z263", "new_counts": {"joint_receiver_off_aggregate": 0, "joint_track_off_aggregate": 0, "joint_dual_off_aggregate": 0}}
{"completed": 26, "total": 262, "name": "ad_ab_z264", "new_counts": {"joint_receiver_off_aggregate": 1, "joint_track_off_aggregate": 1, "joint_dual_off_aggregate": 1}}
{"completed": 27, "total": 262, "name": "ad_ab_z265", "new_counts": {"joint_receiver_off_aggregate": 0, "joint_track_off_aggregate": 0, "joint_dual_off_aggregate": 0}}
{"completed": 28, "total": 262, "name": "ad_ab_z266", "new_counts": {"joint_receiver_off_aggregate": 0, "joint_track_off_aggregate": 0, "joint_dual_off_aggregate": 0}}
{"completed": 29, "total": 262, "name": "ad_ab_z268", "new_counts": {"joint_receiver_off_aggregate": 0, "joint_track_off_aggregate": 0, "joint_dual_off_aggregate": 0}}
{"completed": 30, "total": 262, "name": "ad_ab_z278", "new_counts": {"joint_receiver_off_aggregate": 9, "joint_track_off_aggregate": 9, "joint_dual_off_aggregate": 9}}
{"completed": 31, "total": 262, "name": "ad_ab_z280", "new_counts": {"joint_receiver_off_aggregate": 40, "joint_track_off_aggregate": 40, "joint_dual_off_aggregate": 40}}
{"completed": 32, "total": 262, "name": "ad_ab_z281", "new_counts": {"joint_receiver_off_aggregate": 61, "joint_track_off_aggregate": 61, "joint_dual_off_aggregate": 61}}
{"completed": 33, "total": 262, "name": "ad_ab_z286", "new_counts": {"joint_receiver_off_aggregate": 0, "joint_track_off_aggregate": 0, "joint_dual_off_aggregate": 0}}
{"completed": 34, "total": 262, "name": "ad_ab_z318", "new_counts": {"joint_receiver_off_aggregate": 13, "joint_track_off_aggregate": 13, "joint_dual_off_aggregate": 13}}
{"completed": 35, "total": 262, "name": "ad_ab_z324", "new_counts": {"joint_receiver_off_aggregate": 2, "joint_track_off_aggregate": 2, "joint_dual_off_aggregate": 2}}
{"completed": 36, "total": 262, "name": "ad_ab_z336", "new_counts": {"joint_receiver_off_aggregate": 1, "joint_track_off_aggregate": 1, "joint_dual_off_aggregate": 1}}
{"completed": 37, "total": 262, "name": "ad_ab_z346", "new_counts": {"joint_receiver_off_aggregate": 1, "joint_track_off_aggregate": 1, "joint_dual_off_aggregate": 1}}
{"completed": 38, "total": 262, "name": "ad_ab_fresh032", "new_counts": {"joint_receiver_off_aggregate": 0, "joint_track_off_aggregate": 0, "joint_dual_off_aggregate": 0}}
{"completed": 39, "total": 262, "name": "ad_new000", "new_counts": {"joint_receiver_off_aggregate": 12, "joint_track_off_aggregate": 12, "joint_dual_off_aggregate": 12}}
{"completed": 40, "total": 262, "name": "ad_new001", "new_counts": {"joint_receiver_off_aggregate": 19, "joint_track_off_aggregate": 19, "joint_dual_off_aggregate": 19}}
{"completed": 41, "total": 262, "name": "ad_new002", "new_counts": {"joint_receiver_off_aggregate": 3, "joint_track_off_aggregate": 3, "joint_dual_off_aggregate": 3}}
{"completed": 42, "total": 262, "name": "ad_new003", "new_counts": {"joint_receiver_off_aggregate": 3, "joint_track_off_aggregate": 3, "joint_dual_off_aggregate": 3}}
{"completed": 43, "total": 262, "name": "ad_new004", "new_counts": {"joint_receiver_off_aggregate": 9, "joint_track_off_aggregate": 9, "joint_dual_off_aggregate": 9}}
{"completed": 44, "total": 262, "name": "ad_new005", "new_counts": {"joint_receiver_off_aggregate": 0, "joint_track_off_aggregate": 0, "joint_dual_off_aggregate": 0}}
{"completed": 45, "total": 262, "name": "ad_new006", "new_counts": {"joint_receiver_off_aggregate": 0, "joint_track_off_aggregate": 0, "joint_dual_off_aggregate": 0}}
{"completed": 46, "total": 262, "name": "ad_new007", "new_counts": {"joint_receiver_off_aggregate": 13, "joint_track_off_aggregate": 13, "joint_dual_off_aggregate": 13}}
{"completed": 47, "total": 262, "name": "ad_new008", "new_counts": {"joint_receiver_off_aggregate": 10, "joint_track_off_aggregate": 10, "joint_dual_off_aggregate": 10}}
{"completed": 48, "total": 262, "name": "ad_new009", "new_counts": {"joint_receiver_off_aggregate": 2, "joint_track_off_aggregate": 2, "joint_dual_off_aggregate": 2}}
{"completed": 49, "total": 262, "name": "ad_new010", "new_counts": {"joint_receiver_off_aggregate": 2, "joint_track_off_aggregate": 2, "joint_dual_off_aggregate": 2}}
{"completed": 50, "total": 262, "name": "ad_new011", "new_counts": {"joint_receiver_off_aggregate": 0, "joint_track_off_aggregate": 0, "joint_dual_off_aggregate": 0}}
{"completed": 51, "total": 262, "name": "ad_new012", "new_counts": {"joint_receiver_off_aggregate": 0, "joint_track_off_aggregate": 0, "joint_dual_off_aggregate": 0}}
{"completed": 52, "total": 262, "name": "ad_new013", "new_counts": {"joint_receiver_off_aggregate": 0, "joint_track_off_aggregate": 0, "joint_dual_off_aggregate": 0}}
{"completed": 53, "total": 262, "name": "ad_new014", "new_counts": {"joint_receiver_off_aggregate": 7, "joint_track_off_aggregate": 7, "joint_dual_off_aggregate": 7}}
{"completed": 54, "total": 262, "name": "ad_new015", "new_counts": {"joint_receiver_off_aggregate": 61, "joint_track_off_aggregate": 61, "joint_dual_off_aggregate": 61}}
{"completed": 55, "total": 262, "name": "ad_new016", "new_counts": {"joint_receiver_off_aggregate": 5, "joint_track_off_aggregate": 5, "joint_dual_off_aggregate": 5}}
{"completed": 56, "total": 262, "name": "ad_new017", "new_counts": {"joint_receiver_off_aggregate": 2, "joint_track_off_aggregate": 2, "joint_dual_off_aggregate": 2}}
{"completed": 57, "total": 262, "name": "ad_new018", "new_counts": {"joint_receiver_off_aggregate": 9, "joint_track_off_aggregate": 9, "joint_dual_off_aggregate": 9}}
{"completed": 58, "total": 262, "name": "ad_new019", "new_counts": {"joint_receiver_off_aggregate": 0, "joint_track_off_aggregate": 0, "joint_dual_off_aggregate": 0}}
{"completed": 59, "total": 262, "name": "ad_new020", "new_counts": {"joint_receiver_off_aggregate": 0, "joint_track_off_aggregate": 0, "joint_dual_off_aggregate": 0}}
{"completed": 60, "total": 262, "name": "ad_new021", "new_counts": {"joint_receiver_off_aggregate": 5, "joint_track_off_aggregate": 5, "joint_dual_off_aggregate": 5}}
{"completed": 61, "total": 262, "name": "ad_new022", "new_counts": {"joint_receiver_off_aggregate": 0, "joint_track_off_aggregate": 0, "joint_dual_off_aggregate": 0}}
{"completed": 62, "total": 262, "name": "ad_new023", "new_counts": {"joint_receiver_off_aggregate": 0, "joint_track_off_aggregate": 0, "joint_dual_off_aggregate": 0}}
{"completed": 63, "total": 262, "name": "ad_new024", "new_counts": {"joint_receiver_off_aggregate": 0, "joint_track_off_aggregate": 0, "joint_dual_off_aggregate": 0}}
{"completed": 64, "total": 262, "name": "ad_new025", "new_counts": {"joint_receiver_off_aggregate": 0, "joint_track_off_aggregate": 0, "joint_dual_off_aggregate": 0}}
{"completed": 65, "total": 262, "name": "ad_new026", "new_counts": {"joint_receiver_off_aggregate": 0, "joint_track_off_aggregate": 0, "joint_dual_off_aggregate": 0}}
{"completed": 66, "total": 262, "name": "ad_new027", "new_counts": {"joint_receiver_off_aggregate": 0, "joint_track_off_aggregate": 0, "joint_dual_off_aggregate": 0}}
{"completed": 67, "total": 262, "name": "ad_new028", "new_counts": {"joint_receiver_off_aggregate": 8, "joint_track_off_aggregate": 8, "joint_dual_off_aggregate": 8}}
{"completed": 68, "total": 262, "name": "ad_new029", "new_counts": {"joint_receiver_off_aggregate": 14, "joint_track_off_aggregate": 14, "joint_dual_off_aggregate": 14}}
{"completed": 69, "total": 262, "name": "ad_new030", "new_counts": {"joint_receiver_off_aggregate": 5, "joint_track_off_aggregate": 5, "joint_dual_off_aggregate": 5}}
{"completed": 70, "total": 262, "name": "ad_new031", "new_counts": {"joint_receiver_off_aggregate": 3, "joint_track_off_aggregate": 3, "joint_dual_off_aggregate": 3}}
{"completed": 71, "total": 262, "name": "ad_new032", "new_counts": {"joint_receiver_off_aggregate": 0, "joint_track_off_aggregate": 0, "joint_dual_off_aggregate": 0}}
{"completed": 72, "total": 262, "name": "ad_new033", "new_counts": {"joint_receiver_off_aggregate": 0, "joint_track_off_aggregate": 0, "joint_dual_off_aggregate": 0}}
{"completed": 73, "total": 262, "name": "ad_new034", "new_counts": {"joint_receiver_off_aggregate": 0, "joint_track_off_aggregate": 0, "joint_dual_off_aggregate": 0}}
{"completed": 74, "total": 262, "name": "ad_new035", "new_counts": {"joint_receiver_off_aggregate": 6, "joint_track_off_aggregate": 6, "joint_dual_off_aggregate": 6}}
{"completed": 75, "total": 262, "name": "ad_new036", "new_counts": {"joint_receiver_off_aggregate": 6, "joint_track_off_aggregate": 6, "joint_dual_off_aggregate": 6}}
{"completed": 76, "total": 262, "name": "ad_new037", "new_counts": {"joint_receiver_off_aggregate": 1, "joint_track_off_aggregate": 1, "joint_dual_off_aggregate": 1}}
{"completed": 77, "total": 262, "name": "ad_new038", "new_counts": {"joint_receiver_off_aggregate": 1, "joint_track_off_aggregate": 1, "joint_dual_off_aggregate": 1}}
{"completed": 78, "total": 262, "name": "ad_new039", "new_counts": {"joint_receiver_off_aggregate": 0, "joint_track_off_aggregate": 0, "joint_dual_off_aggregate": 0}}
{"completed": 79, "total": 262, "name": "ad_new040", "new_counts": {"joint_receiver_off_aggregate": 0, "joint_track_off_aggregate": 0, "joint_dual_off_aggregate": 0}}
{"completed": 80, "total": 262, "name": "ad_new041", "new_counts": {"joint_receiver_off_aggregate": 0, "joint_track_off_aggregate": 0, "joint_dual_off_aggregate": 0}}
{"completed": 81, "total": 262, "name": "ad_new042", "new_counts": {"joint_receiver_off_aggregate": 68, "joint_track_off_aggregate": 68, "joint_dual_off_aggregate": 68}}
{"completed": 82, "total": 262, "name": "ad_new043", "new_counts": {"joint_receiver_off_aggregate": 124, "joint_track_off_aggregate": 124, "joint_dual_off_aggregate": 124}}
{"completed": 83, "total": 262, "name": "ad_new044", "new_counts": {"joint_receiver_off_aggregate": 47, "joint_track_off_aggregate": 47, "joint_dual_off_aggregate": 47}}
{"completed": 84, "total": 262, "name": "ad_new045", "new_counts": {"joint_receiver_off_aggregate": 19, "joint_track_off_aggregate": 19, "joint_dual_off_aggregate": 19}}
{"completed": 85, "total": 262, "name": "ad_new046", "new_counts": {"joint_receiver_off_aggregate": 9, "joint_track_off_aggregate": 9, "joint_dual_off_aggregate": 9}}
{"completed": 86, "total": 262, "name": "ad_new047", "new_counts": {"joint_receiver_off_aggregate": 0, "joint_track_off_aggregate": 0, "joint_dual_off_aggregate": 0}}
{"completed": 87, "total": 262, "name": "ad_new048", "new_counts": {"joint_receiver_off_aggregate": 0, "joint_track_off_aggregate": 0, "joint_dual_off_aggregate": 0}}
{"completed": 88, "total": 262, "name": "ad_new049", "new_counts": {"joint_receiver_off_aggregate": 43, "joint_track_off_aggregate": 43, "joint_dual_off_aggregate": 43}}
{"completed": 89, "total": 262, "name": "ad_new050", "new_counts": {"joint_receiver_off_aggregate": 13, "joint_track_off_aggregate": 13, "joint_dual_off_aggregate": 13}}
{"completed": 90, "total": 262, "name": "ad_new051", "new_counts": {"joint_receiver_off_aggregate": 9, "joint_track_off_aggregate": 9, "joint_dual_off_aggregate": 9}}
{"completed": 91, "total": 262, "name": "ad_new052", "new_counts": {"joint_receiver_off_aggregate": 0, "joint_track_off_aggregate": 0, "joint_dual_off_aggregate": 0}}
{"completed": 92, "total": 262, "name": "ad_new053", "new_counts": {"joint_receiver_off_aggregate": 0, "joint_track_off_aggregate": 0, "joint_dual_off_aggregate": 0}}
{"completed": 93, "total": 262, "name": "ad_new054", "new_counts": {"joint_receiver_off_aggregate": 0, "joint_track_off_aggregate": 0, "joint_dual_off_aggregate": 0}}
{"completed": 94, "total": 262, "name": "ad_new055", "new_counts": {"joint_receiver_off_aggregate": 0, "joint_track_off_aggregate": 0, "joint_dual_off_aggregate": 0}}
{"completed": 95, "total": 262, "name": "ad_new056", "new_counts": {"joint_receiver_off_aggregate": 14, "joint_track_off_aggregate": 14, "joint_dual_off_aggregate": 14}}
{"completed": 96, "total": 262, "name": "ad_new057", "new_counts": {"joint_receiver_off_aggregate": 20, "joint_track_off_aggregate": 20, "joint_dual_off_aggregate": 20}}
{"completed": 97, "total": 262, "name": "ad_new058", "new_counts": {"joint_receiver_off_aggregate": 7, "joint_track_off_aggregate": 7, "joint_dual_off_aggregate": 7}}
{"completed": 98, "total": 262, "name": "ad_new059", "new_counts": {"joint_receiver_off_aggregate": 3, "joint_track_off_aggregate": 3, "joint_dual_off_aggregate": 3}}
{"completed": 99, "total": 262, "name": "ad_new060", "new_counts": {"joint_receiver_off_aggregate": 0, "joint_track_off_aggregate": 0, "joint_dual_off_aggregate": 0}}
{"completed": 100, "total": 262, "name": "ad_new061", "new_counts": {"joint_receiver_off_aggregate": 0, "joint_track_off_aggregate": 0, "joint_dual_off_aggregate": 0}}
{"completed": 101, "total": 262, "name": "ad_new062", "new_counts": {"joint_receiver_off_aggregate": 0, "joint_track_off_aggregate": 0, "joint_dual_off_aggregate": 0}}
{"completed": 102, "total": 262, "name": "ad_new063", "new_counts": {"joint_receiver_off_aggregate": 13, "joint_track_off_aggregate": 13, "joint_dual_off_aggregate": 13}}
{"completed": 103, "total": 262, "name": "ad_new064", "new_counts": {"joint_receiver_off_aggregate": 13, "joint_track_off_aggregate": 13, "joint_dual_off_aggregate": 13}}
{"completed": 104, "total": 262, "name": "ad_new065", "new_counts": {"joint_receiver_off_aggregate": 5, "joint_track_off_aggregate": 5, "joint_dual_off_aggregate": 5}}
{"completed": 105, "total": 262, "name": "ad_new066", "new_counts": {"joint_receiver_off_aggregate": 3, "joint_track_off_aggregate": 3, "joint_dual_off_aggregate": 3}}
{"completed": 106, "total": 262, "name": "ad_new067", "new_counts": {"joint_receiver_off_aggregate": 0, "joint_track_off_aggregate": 0, "joint_dual_off_aggregate": 0}}
{"completed": 107, "total": 262, "name": "ad_new068", "new_counts": {"joint_receiver_off_aggregate": 0, "joint_track_off_aggregate": 0, "joint_dual_off_aggregate": 0}}
{"completed": 108, "total": 262, "name": "ad_new069", "new_counts": {"joint_receiver_off_aggregate": 0, "joint_track_off_aggregate": 0, "joint_dual_off_aggregate": 0}}
{"completed": 109, "total": 262, "name": "ad_new070", "new_counts": {"joint_receiver_off_aggregate": 9, "joint_track_off_aggregate": 9, "joint_dual_off_aggregate": 9}}
{"completed": 110, "total": 262, "name": "ad_new071", "new_counts": {"joint_receiver_off_aggregate": 36, "joint_track_off_aggregate": 36, "joint_dual_off_aggregate": 36}}
{"completed": 111, "total": 262, "name": "ad_new072", "new_counts": {"joint_receiver_off_aggregate": 3, "joint_track_off_aggregate": 3, "joint_dual_off_aggregate": 3}}
{"completed": 112, "total": 262, "name": "ad_new073", "new_counts": {"joint_receiver_off_aggregate": 2, "joint_track_off_aggregate": 2, "joint_dual_off_aggregate": 2}}
{"completed": 113, "total": 262, "name": "ad_new074", "new_counts": {"joint_receiver_off_aggregate": 0, "joint_track_off_aggregate": 0, "joint_dual_off_aggregate": 0}}
{"completed": 114, "total": 262, "name": "ad_new075", "new_counts": {"joint_receiver_off_aggregate": 0, "joint_track_off_aggregate": 0, "joint_dual_off_aggregate": 0}}
{"completed": 115, "total": 262, "name": "ad_new076", "new_counts": {"joint_receiver_off_aggregate": 2, "joint_track_off_aggregate": 2, "joint_dual_off_aggregate": 2}}
{"completed": 116, "total": 262, "name": "ad_new077", "new_counts": {"joint_receiver_off_aggregate": 3, "joint_track_off_aggregate": 3, "joint_dual_off_aggregate": 3}}
{"completed": 117, "total": 262, "name": "ad_new078", "new_counts": {"joint_receiver_off_aggregate": 3, "joint_track_off_aggregate": 3, "joint_dual_off_aggregate": 3}}
{"completed": 118, "total": 262, "name": "ad_new079", "new_counts": {"joint_receiver_off_aggregate": 8, "joint_track_off_aggregate": 8, "joint_dual_off_aggregate": 8}}
{"completed": 119, "total": 262, "name": "ad_new080", "new_counts": {"joint_receiver_off_aggregate": 6, "joint_track_off_aggregate": 6, "joint_dual_off_aggregate": 6}}
{"completed": 120, "total": 262, "name": "ad_new081", "new_counts": {"joint_receiver_off_aggregate": 0, "joint_track_off_aggregate": 0, "joint_dual_off_aggregate": 0}}
{"completed": 121, "total": 262, "name": "ad_new082", "new_counts": {"joint_receiver_off_aggregate": 0, "joint_track_off_aggregate": 0, "joint_dual_off_aggregate": 0}}
{"completed": 122, "total": 262, "name": "ad_new083", "new_counts": {"joint_receiver_off_aggregate": 0, "joint_track_off_aggregate": 0, "joint_dual_off_aggregate": 0}}
{"completed": 123, "total": 262, "name": "ad_new084", "new_counts": {"joint_receiver_off_aggregate": 11, "joint_track_off_aggregate": 11, "joint_dual_off_aggregate": 11}}
{"completed": 124, "total": 262, "name": "ad_new085", "new_counts": {"joint_receiver_off_aggregate": 9, "joint_track_off_aggregate": 9, "joint_dual_off_aggregate": 9}}
{"completed": 125, "total": 262, "name": "ad_new086", "new_counts": {"joint_receiver_off_aggregate": 11, "joint_track_off_aggregate": 11, "joint_dual_off_aggregate": 11}}
{"completed": 126, "total": 262, "name": "ad_new087", "new_counts": {"joint_receiver_off_aggregate": 3, "joint_track_off_aggregate": 3, "joint_dual_off_aggregate": 3}}
{"completed": 127, "total": 262, "name": "ad_new088", "new_counts": {"joint_receiver_off_aggregate": 0, "joint_track_off_aggregate": 0, "joint_dual_off_aggregate": 0}}
{"completed": 128, "total": 262, "name": "ad_new089", "new_counts": {"joint_receiver_off_aggregate": 0, "joint_track_off_aggregate": 0, "joint_dual_off_aggregate": 0}}
{"completed": 129, "total": 262, "name": "ad_new090", "new_counts": {"joint_receiver_off_aggregate": 2, "joint_track_off_aggregate": 2, "joint_dual_off_aggregate": 2}}
{"completed": 130, "total": 262, "name": "ad_new091", "new_counts": {"joint_receiver_off_aggregate": 8, "joint_track_off_aggregate": 8, "joint_dual_off_aggregate": 8}}
{"completed": 131, "total": 262, "name": "ad_new092", "new_counts": {"joint_receiver_off_aggregate": 8, "joint_track_off_aggregate": 8, "joint_dual_off_aggregate": 8}}
{"completed": 132, "total": 262, "name": "ad_new093", "new_counts": {"joint_receiver_off_aggregate": 4, "joint_track_off_aggregate": 4, "joint_dual_off_aggregate": 4}}
{"completed": 133, "total": 262, "name": "ad_new094", "new_counts": {"joint_receiver_off_aggregate": 2, "joint_track_off_aggregate": 2, "joint_dual_off_aggregate": 2}}
{"completed": 134, "total": 262, "name": "ad_new095", "new_counts": {"joint_receiver_off_aggregate": 0, "joint_track_off_aggregate": 0, "joint_dual_off_aggregate": 0}}
{"completed": 135, "total": 262, "name": "ad_new096", "new_counts": {"joint_receiver_off_aggregate": 0, "joint_track_off_aggregate": 0, "joint_dual_off_aggregate": 0}}
{"completed": 136, "total": 262, "name": "ad_new097", "new_counts": {"joint_receiver_off_aggregate": 0, "joint_track_off_aggregate": 0, "joint_dual_off_aggregate": 0}}
{"completed": 137, "total": 262, "name": "ad_new098", "new_counts": {"joint_receiver_off_aggregate": 80, "joint_track_off_aggregate": 80, "joint_dual_off_aggregate": 80}}
{"completed": 138, "total": 262, "name": "ad_new099", "new_counts": {"joint_receiver_off_aggregate": 97, "joint_track_off_aggregate": 97, "joint_dual_off_aggregate": 97}}
{"completed": 139, "total": 262, "name": "ad_new100", "new_counts": {"joint_receiver_off_aggregate": 87, "joint_track_off_aggregate": 87, "joint_dual_off_aggregate": 87}}
{"completed": 140, "total": 262, "name": "ad_new101", "new_counts": {"joint_receiver_off_aggregate": 0, "joint_track_off_aggregate": 0, "joint_dual_off_aggregate": 0}}
{"completed": 141, "total": 262, "name": "ad_new102", "new_counts": {"joint_receiver_off_aggregate": 0, "joint_track_off_aggregate": 0, "joint_dual_off_aggregate": 0}}
{"completed": 142, "total": 262, "name": "ad_new103", "new_counts": {"joint_receiver_off_aggregate": 0, "joint_track_off_aggregate": 0, "joint_dual_off_aggregate": 0}}
{"completed": 143, "total": 262, "name": "ad_new104", "new_counts": {"joint_receiver_off_aggregate": 2, "joint_track_off_aggregate": 2, "joint_dual_off_aggregate": 2}}
{"completed": 144, "total": 262, "name": "ad_new105", "new_counts": {"joint_receiver_off_aggregate": 53, "joint_track_off_aggregate": 53, "joint_dual_off_aggregate": 53}}
{"completed": 145, "total": 262, "name": "ad_new106", "new_counts": {"joint_receiver_off_aggregate": 100, "joint_track_off_aggregate": 100, "joint_dual_off_aggregate": 100}}
{"completed": 146, "total": 262, "name": "ad_new107", "new_counts": {"joint_receiver_off_aggregate": 50, "joint_track_off_aggregate": 50, "joint_dual_off_aggregate": 50}}
{"completed": 147, "total": 262, "name": "ad_new108", "new_counts": {"joint_receiver_off_aggregate": 3, "joint_track_off_aggregate": 3, "joint_dual_off_aggregate": 3}}
{"completed": 148, "total": 262, "name": "ad_new109", "new_counts": {"joint_receiver_off_aggregate": 0, "joint_track_off_aggregate": 0, "joint_dual_off_aggregate": 0}}
{"completed": 149, "total": 262, "name": "ad_new110", "new_counts": {"joint_receiver_off_aggregate": 0, "joint_track_off_aggregate": 0, "joint_dual_off_aggregate": 0}}
{"completed": 150, "total": 262, "name": "ad_new111", "new_counts": {"joint_receiver_off_aggregate": 0, "joint_track_off_aggregate": 0, "joint_dual_off_aggregate": 0}}
{"completed": 151, "total": 262, "name": "fresh000", "new_counts": {"joint_receiver_off_aggregate": 16, "joint_track_off_aggregate": 16, "joint_dual_off_aggregate": 16}}
{"completed": 152, "total": 262, "name": "fresh001", "new_counts": {"joint_receiver_off_aggregate": 0, "joint_track_off_aggregate": 0, "joint_dual_off_aggregate": 0}}
{"completed": 153, "total": 262, "name": "fresh002", "new_counts": {"joint_receiver_off_aggregate": 2, "joint_track_off_aggregate": 2, "joint_dual_off_aggregate": 2}}
{"completed": 154, "total": 262, "name": "fresh003", "new_counts": {"joint_receiver_off_aggregate": 2, "joint_track_off_aggregate": 2, "joint_dual_off_aggregate": 2}}
{"completed": 155, "total": 262, "name": "fresh004", "new_counts": {"joint_receiver_off_aggregate": 0, "joint_track_off_aggregate": 0, "joint_dual_off_aggregate": 0}}
{"completed": 156, "total": 262, "name": "fresh005", "new_counts": {"joint_receiver_off_aggregate": 0, "joint_track_off_aggregate": 0, "joint_dual_off_aggregate": 0}}
{"completed": 157, "total": 262, "name": "fresh006", "new_counts": {"joint_receiver_off_aggregate": 0, "joint_track_off_aggregate": 0, "joint_dual_off_aggregate": 0}}
{"completed": 158, "total": 262, "name": "fresh007", "new_counts": {"joint_receiver_off_aggregate": 8, "joint_track_off_aggregate": 8, "joint_dual_off_aggregate": 8}}
{"completed": 159, "total": 262, "name": "fresh008", "new_counts": {"joint_receiver_off_aggregate": 8, "joint_track_off_aggregate": 8, "joint_dual_off_aggregate": 8}}
{"completed": 160, "total": 262, "name": "fresh009", "new_counts": {"joint_receiver_off_aggregate": 14, "joint_track_off_aggregate": 14, "joint_dual_off_aggregate": 14}}
{"completed": 161, "total": 262, "name": "fresh010", "new_counts": {"joint_receiver_off_aggregate": 14, "joint_track_off_aggregate": 14, "joint_dual_off_aggregate": 14}}
{"completed": 162, "total": 262, "name": "fresh011", "new_counts": {"joint_receiver_off_aggregate": 0, "joint_track_off_aggregate": 0, "joint_dual_off_aggregate": 0}}
{"completed": 163, "total": 262, "name": "fresh012", "new_counts": {"joint_receiver_off_aggregate": 0, "joint_track_off_aggregate": 0, "joint_dual_off_aggregate": 0}}
{"completed": 164, "total": 262, "name": "fresh013", "new_counts": {"joint_receiver_off_aggregate": 0, "joint_track_off_aggregate": 0, "joint_dual_off_aggregate": 0}}
{"completed": 165, "total": 262, "name": "fresh014", "new_counts": {"joint_receiver_off_aggregate": 4, "joint_track_off_aggregate": 4, "joint_dual_off_aggregate": 4}}
{"completed": 166, "total": 262, "name": "fresh015", "new_counts": {"joint_receiver_off_aggregate": 3, "joint_track_off_aggregate": 3, "joint_dual_off_aggregate": 3}}
{"completed": 167, "total": 262, "name": "fresh016", "new_counts": {"joint_receiver_off_aggregate": 1, "joint_track_off_aggregate": 1, "joint_dual_off_aggregate": 1}}
{"completed": 168, "total": 262, "name": "fresh017", "new_counts": {"joint_receiver_off_aggregate": 1, "joint_track_off_aggregate": 1, "joint_dual_off_aggregate": 1}}
{"completed": 169, "total": 262, "name": "fresh018", "new_counts": {"joint_receiver_off_aggregate": 0, "joint_track_off_aggregate": 0, "joint_dual_off_aggregate": 0}}
{"completed": 170, "total": 262, "name": "fresh019", "new_counts": {"joint_receiver_off_aggregate": 0, "joint_track_off_aggregate": 0, "joint_dual_off_aggregate": 0}}
{"completed": 171, "total": 262, "name": "fresh020", "new_counts": {"joint_receiver_off_aggregate": 0, "joint_track_off_aggregate": 0, "joint_dual_off_aggregate": 0}}
{"completed": 172, "total": 262, "name": "fresh021", "new_counts": {"joint_receiver_off_aggregate": 7, "joint_track_off_aggregate": 7, "joint_dual_off_aggregate": 7}}
{"completed": 173, "total": 262, "name": "fresh022", "new_counts": {"joint_receiver_off_aggregate": 7, "joint_track_off_aggregate": 7, "joint_dual_off_aggregate": 7}}
{"completed": 174, "total": 262, "name": "fresh023", "new_counts": {"joint_receiver_off_aggregate": 4, "joint_track_off_aggregate": 4, "joint_dual_off_aggregate": 4}}
{"completed": 175, "total": 262, "name": "fresh024", "new_counts": {"joint_receiver_off_aggregate": 3, "joint_track_off_aggregate": 3, "joint_dual_off_aggregate": 3}}
{"completed": 176, "total": 262, "name": "fresh025", "new_counts": {"joint_receiver_off_aggregate": 0, "joint_track_off_aggregate": 0, "joint_dual_off_aggregate": 0}}
{"completed": 177, "total": 262, "name": "fresh026", "new_counts": {"joint_receiver_off_aggregate": 0, "joint_track_off_aggregate": 0, "joint_dual_off_aggregate": 0}}
{"completed": 178, "total": 262, "name": "fresh027", "new_counts": {"joint_receiver_off_aggregate": 0, "joint_track_off_aggregate": 0, "joint_dual_off_aggregate": 0}}
{"completed": 179, "total": 262, "name": "fresh028", "new_counts": {"joint_receiver_off_aggregate": 4, "joint_track_off_aggregate": 4, "joint_dual_off_aggregate": 4}}
{"completed": 180, "total": 262, "name": "fresh029", "new_counts": {"joint_receiver_off_aggregate": 3, "joint_track_off_aggregate": 3, "joint_dual_off_aggregate": 3}}
{"completed": 181, "total": 262, "name": "fresh030", "new_counts": {"joint_receiver_off_aggregate": 3, "joint_track_off_aggregate": 3, "joint_dual_off_aggregate": 3}}
{"completed": 182, "total": 262, "name": "fresh031", "new_counts": {"joint_receiver_off_aggregate": 3, "joint_track_off_aggregate": 3, "joint_dual_off_aggregate": 3}}
{"completed": 183, "total": 262, "name": "fresh032", "new_counts": {"joint_receiver_off_aggregate": 0, "joint_track_off_aggregate": 0, "joint_dual_off_aggregate": 0}}
{"completed": 184, "total": 262, "name": "fresh033", "new_counts": {"joint_receiver_off_aggregate": 0, "joint_track_off_aggregate": 0, "joint_dual_off_aggregate": 0}}
{"completed": 185, "total": 262, "name": "fresh034", "new_counts": {"joint_receiver_off_aggregate": 0, "joint_track_off_aggregate": 0, "joint_dual_off_aggregate": 0}}
{"completed": 186, "total": 262, "name": "fresh035", "new_counts": {"joint_receiver_off_aggregate": 8, "joint_track_off_aggregate": 8, "joint_dual_off_aggregate": 8}}
{"completed": 187, "total": 262, "name": "fresh036", "new_counts": {"joint_receiver_off_aggregate": 8, "joint_track_off_aggregate": 8, "joint_dual_off_aggregate": 8}}
{"completed": 188, "total": 262, "name": "fresh037", "new_counts": {"joint_receiver_off_aggregate": 4, "joint_track_off_aggregate": 4, "joint_dual_off_aggregate": 4}}
{"completed": 189, "total": 262, "name": "fresh038", "new_counts": {"joint_receiver_off_aggregate": 3, "joint_track_off_aggregate": 3, "joint_dual_off_aggregate": 3}}
{"completed": 190, "total": 262, "name": "fresh039", "new_counts": {"joint_receiver_off_aggregate": 0, "joint_track_off_aggregate": 0, "joint_dual_off_aggregate": 0}}
{"completed": 191, "total": 262, "name": "fresh040", "new_counts": {"joint_receiver_off_aggregate": 0, "joint_track_off_aggregate": 0, "joint_dual_off_aggregate": 0}}
{"completed": 192, "total": 262, "name": "fresh041", "new_counts": {"joint_receiver_off_aggregate": 0, "joint_track_off_aggregate": 0, "joint_dual_off_aggregate": 0}}
{"completed": 193, "total": 262, "name": "fresh042", "new_counts": {"joint_receiver_off_aggregate": 54, "joint_track_off_aggregate": 54, "joint_dual_off_aggregate": 54}}
{"completed": 194, "total": 262, "name": "fresh043", "new_counts": {"joint_receiver_off_aggregate": 33, "joint_track_off_aggregate": 33, "joint_dual_off_aggregate": 33}}
{"completed": 195, "total": 262, "name": "fresh044", "new_counts": {"joint_receiver_off_aggregate": 27, "joint_track_off_aggregate": 27, "joint_dual_off_aggregate": 27}}
{"completed": 196, "total": 262, "name": "fresh045", "new_counts": {"joint_receiver_off_aggregate": 9, "joint_track_off_aggregate": 9, "joint_dual_off_aggregate": 9}}
{"completed": 197, "total": 262, "name": "fresh046", "new_counts": {"joint_receiver_off_aggregate": 0, "joint_track_off_aggregate": 0, "joint_dual_off_aggregate": 0}}
{"completed": 198, "total": 262, "name": "fresh047", "new_counts": {"joint_receiver_off_aggregate": 0, "joint_track_off_aggregate": 0, "joint_dual_off_aggregate": 0}}
{"completed": 199, "total": 262, "name": "fresh048", "new_counts": {"joint_receiver_off_aggregate": 1, "joint_track_off_aggregate": 1, "joint_dual_off_aggregate": 1}}
{"completed": 200, "total": 262, "name": "fresh049", "new_counts": {"joint_receiver_off_aggregate": 42, "joint_track_off_aggregate": 42, "joint_dual_off_aggregate": 42}}
{"completed": 201, "total": 262, "name": "fresh050", "new_counts": {"joint_receiver_off_aggregate": 81, "joint_track_off_aggregate": 81, "joint_dual_off_aggregate": 81}}
{"completed": 202, "total": 262, "name": "fresh051", "new_counts": {"joint_receiver_off_aggregate": 56, "joint_track_off_aggregate": 56, "joint_dual_off_aggregate": 56}}
{"completed": 203, "total": 262, "name": "fresh052", "new_counts": {"joint_receiver_off_aggregate": 33, "joint_track_off_aggregate": 33, "joint_dual_off_aggregate": 33}}
{"completed": 204, "total": 262, "name": "fresh053", "new_counts": {"joint_receiver_off_aggregate": 0, "joint_track_off_aggregate": 0, "joint_dual_off_aggregate": 0}}
{"completed": 205, "total": 262, "name": "fresh054", "new_counts": {"joint_receiver_off_aggregate": 0, "joint_track_off_aggregate": 0, "joint_dual_off_aggregate": 0}}
{"completed": 206, "total": 262, "name": "fresh055", "new_counts": {"joint_receiver_off_aggregate": 0, "joint_track_off_aggregate": 0, "joint_dual_off_aggregate": 0}}
{"completed": 207, "total": 262, "name": "fresh056", "new_counts": {"joint_receiver_off_aggregate": 4, "joint_track_off_aggregate": 4, "joint_dual_off_aggregate": 4}}
{"completed": 208, "total": 262, "name": "fresh057", "new_counts": {"joint_receiver_off_aggregate": 0, "joint_track_off_aggregate": 0, "joint_dual_off_aggregate": 0}}
{"completed": 209, "total": 262, "name": "fresh058", "new_counts": {"joint_receiver_off_aggregate": 0, "joint_track_off_aggregate": 0, "joint_dual_off_aggregate": 0}}
{"completed": 210, "total": 262, "name": "fresh059", "new_counts": {"joint_receiver_off_aggregate": 0, "joint_track_off_aggregate": 0, "joint_dual_off_aggregate": 0}}
{"completed": 211, "total": 262, "name": "fresh060", "new_counts": {"joint_receiver_off_aggregate": 0, "joint_track_off_aggregate": 0, "joint_dual_off_aggregate": 0}}
{"completed": 212, "total": 262, "name": "fresh061", "new_counts": {"joint_receiver_off_aggregate": 0, "joint_track_off_aggregate": 0, "joint_dual_off_aggregate": 0}}
{"completed": 213, "total": 262, "name": "fresh062", "new_counts": {"joint_receiver_off_aggregate": 0, "joint_track_off_aggregate": 0, "joint_dual_off_aggregate": 0}}
{"completed": 214, "total": 262, "name": "fresh063", "new_counts": {"joint_receiver_off_aggregate": 8, "joint_track_off_aggregate": 8, "joint_dual_off_aggregate": 8}}
{"completed": 215, "total": 262, "name": "fresh064", "new_counts": {"joint_receiver_off_aggregate": 8, "joint_track_off_aggregate": 8, "joint_dual_off_aggregate": 8}}
{"completed": 216, "total": 262, "name": "fresh065", "new_counts": {"joint_receiver_off_aggregate": 10, "joint_track_off_aggregate": 10, "joint_dual_off_aggregate": 10}}
{"completed": 217, "total": 262, "name": "fresh066", "new_counts": {"joint_receiver_off_aggregate": 5, "joint_track_off_aggregate": 5, "joint_dual_off_aggregate": 5}}
{"completed": 218, "total": 262, "name": "fresh067", "new_counts": {"joint_receiver_off_aggregate": 0, "joint_track_off_aggregate": 0, "joint_dual_off_aggregate": 0}}
{"completed": 219, "total": 262, "name": "fresh068", "new_counts": {"joint_receiver_off_aggregate": 0, "joint_track_off_aggregate": 0, "joint_dual_off_aggregate": 0}}
{"completed": 220, "total": 262, "name": "fresh069", "new_counts": {"joint_receiver_off_aggregate": 0, "joint_track_off_aggregate": 0, "joint_dual_off_aggregate": 0}}
{"completed": 221, "total": 262, "name": "fresh070", "new_counts": {"joint_receiver_off_aggregate": 15, "joint_track_off_aggregate": 15, "joint_dual_off_aggregate": 15}}
{"completed": 222, "total": 262, "name": "fresh071", "new_counts": {"joint_receiver_off_aggregate": 16, "joint_track_off_aggregate": 16, "joint_dual_off_aggregate": 16}}
{"completed": 223, "total": 262, "name": "fresh072", "new_counts": {"joint_receiver_off_aggregate": 5, "joint_track_off_aggregate": 5, "joint_dual_off_aggregate": 5}}
{"completed": 224, "total": 262, "name": "fresh073", "new_counts": {"joint_receiver_off_aggregate": 4, "joint_track_off_aggregate": 4, "joint_dual_off_aggregate": 4}}
{"completed": 225, "total": 262, "name": "fresh074", "new_counts": {"joint_receiver_off_aggregate": 0, "joint_track_off_aggregate": 0, "joint_dual_off_aggregate": 0}}
{"completed": 226, "total": 262, "name": "fresh075", "new_counts": {"joint_receiver_off_aggregate": 0, "joint_track_off_aggregate": 0, "joint_dual_off_aggregate": 0}}
{"completed": 227, "total": 262, "name": "fresh076", "new_counts": {"joint_receiver_off_aggregate": 0, "joint_track_off_aggregate": 0, "joint_dual_off_aggregate": 0}}
{"completed": 228, "total": 262, "name": "fresh077", "new_counts": {"joint_receiver_off_aggregate": 10, "joint_track_off_aggregate": 10, "joint_dual_off_aggregate": 10}}
{"completed": 229, "total": 262, "name": "fresh078", "new_counts": {"joint_receiver_off_aggregate": 10, "joint_track_off_aggregate": 10, "joint_dual_off_aggregate": 10}}
{"completed": 230, "total": 262, "name": "fresh079", "new_counts": {"joint_receiver_off_aggregate": 5, "joint_track_off_aggregate": 5, "joint_dual_off_aggregate": 5}}
{"completed": 231, "total": 262, "name": "fresh080", "new_counts": {"joint_receiver_off_aggregate": 2, "joint_track_off_aggregate": 2, "joint_dual_off_aggregate": 2}}
{"completed": 232, "total": 262, "name": "fresh081", "new_counts": {"joint_receiver_off_aggregate": 0, "joint_track_off_aggregate": 0, "joint_dual_off_aggregate": 0}}
{"completed": 233, "total": 262, "name": "fresh082", "new_counts": {"joint_receiver_off_aggregate": 0, "joint_track_off_aggregate": 0, "joint_dual_off_aggregate": 0}}
{"completed": 234, "total": 262, "name": "fresh083", "new_counts": {"joint_receiver_off_aggregate": 0, "joint_track_off_aggregate": 0, "joint_dual_off_aggregate": 0}}
{"completed": 235, "total": 262, "name": "fresh084", "new_counts": {"joint_receiver_off_aggregate": 14, "joint_track_off_aggregate": 14, "joint_dual_off_aggregate": 14}}
{"completed": 236, "total": 262, "name": "fresh085", "new_counts": {"joint_receiver_off_aggregate": 16, "joint_track_off_aggregate": 16, "joint_dual_off_aggregate": 16}}
{"completed": 237, "total": 262, "name": "fresh086", "new_counts": {"joint_receiver_off_aggregate": 3, "joint_track_off_aggregate": 3, "joint_dual_off_aggregate": 3}}
{"completed": 238, "total": 262, "name": "fresh087", "new_counts": {"joint_receiver_off_aggregate": 2, "joint_track_off_aggregate": 2, "joint_dual_off_aggregate": 2}}
{"completed": 239, "total": 262, "name": "fresh088", "new_counts": {"joint_receiver_off_aggregate": 0, "joint_track_off_aggregate": 0, "joint_dual_off_aggregate": 0}}
{"completed": 240, "total": 262, "name": "fresh089", "new_counts": {"joint_receiver_off_aggregate": 0, "joint_track_off_aggregate": 0, "joint_dual_off_aggregate": 0}}
{"completed": 241, "total": 262, "name": "fresh090", "new_counts": {"joint_receiver_off_aggregate": 0, "joint_track_off_aggregate": 0, "joint_dual_off_aggregate": 0}}
{"completed": 242, "total": 262, "name": "fresh091", "new_counts": {"joint_receiver_off_aggregate": 17, "joint_track_off_aggregate": 17, "joint_dual_off_aggregate": 17}}
{"completed": 243, "total": 262, "name": "fresh092", "new_counts": {"joint_receiver_off_aggregate": 17, "joint_track_off_aggregate": 17, "joint_dual_off_aggregate": 17}}
{"completed": 244, "total": 262, "name": "fresh093", "new_counts": {"joint_receiver_off_aggregate": 5, "joint_track_off_aggregate": 5, "joint_dual_off_aggregate": 5}}
{"completed": 245, "total": 262, "name": "fresh094", "new_counts": {"joint_receiver_off_aggregate": 2, "joint_track_off_aggregate": 2, "joint_dual_off_aggregate": 2}}
{"completed": 246, "total": 262, "name": "fresh095", "new_counts": {"joint_receiver_off_aggregate": 0, "joint_track_off_aggregate": 0, "joint_dual_off_aggregate": 0}}
{"completed": 247, "total": 262, "name": "fresh096", "new_counts": {"joint_receiver_off_aggregate": 0, "joint_track_off_aggregate": 0, "joint_dual_off_aggregate": 0}}
{"completed": 248, "total": 262, "name": "fresh097", "new_counts": {"joint_receiver_off_aggregate": 0, "joint_track_off_aggregate": 0, "joint_dual_off_aggregate": 0}}
{"completed": 249, "total": 262, "name": "fresh098", "new_counts": {"joint_receiver_off_aggregate": 68, "joint_track_off_aggregate": 68, "joint_dual_off_aggregate": 68}}
{"completed": 250, "total": 262, "name": "fresh099", "new_counts": {"joint_receiver_off_aggregate": 68, "joint_track_off_aggregate": 68, "joint_dual_off_aggregate": 68}}
{"completed": 251, "total": 262, "name": "fresh100", "new_counts": {"joint_receiver_off_aggregate": 26, "joint_track_off_aggregate": 26, "joint_dual_off_aggregate": 26}}
{"completed": 252, "total": 262, "name": "fresh101", "new_counts": {"joint_receiver_off_aggregate": 0, "joint_track_off_aggregate": 0, "joint_dual_off_aggregate": 0}}
{"completed": 253, "total": 262, "name": "fresh102", "new_counts": {"joint_receiver_off_aggregate": 0, "joint_track_off_aggregate": 0, "joint_dual_off_aggregate": 0}}
{"completed": 254, "total": 262, "name": "fresh103", "new_counts": {"joint_receiver_off_aggregate": 0, "joint_track_off_aggregate": 0, "joint_dual_off_aggregate": 0}}
{"completed": 255, "total": 262, "name": "fresh104", "new_counts": {"joint_receiver_off_aggregate": 0, "joint_track_off_aggregate": 0, "joint_dual_off_aggregate": 0}}
{"completed": 256, "total": 262, "name": "fresh105", "new_counts": {"joint_receiver_off_aggregate": 65, "joint_track_off_aggregate": 65, "joint_dual_off_aggregate": 65}}
{"completed": 257, "total": 262, "name": "fresh106", "new_counts": {"joint_receiver_off_aggregate": 82, "joint_track_off_aggregate": 82, "joint_dual_off_aggregate": 82}}
{"completed": 258, "total": 262, "name": "fresh107", "new_counts": {"joint_receiver_off_aggregate": 70, "joint_track_off_aggregate": 70, "joint_dual_off_aggregate": 70}}
{"completed": 259, "total": 262, "name": "fresh108", "new_counts": {"joint_receiver_off_aggregate": 3, "joint_track_off_aggregate": 3, "joint_dual_off_aggregate": 3}}
{"completed": 260, "total": 262, "name": "fresh109", "new_counts": {"joint_receiver_off_aggregate": 0, "joint_track_off_aggregate": 0, "joint_dual_off_aggregate": 0}}
{"completed": 261, "total": 262, "name": "fresh110", "new_counts": {"joint_receiver_off_aggregate": 0, "joint_track_off_aggregate": 0, "joint_dual_off_aggregate": 0}}
{"completed": 262, "total": 262, "name": "fresh111", "new_counts": {"joint_receiver_off_aggregate": 0, "joint_track_off_aggregate": 0, "joint_dual_off_aggregate": 0}}
M43AE COMPLETE
