{
  "summary": [
    {
      "control_inputs": 66,
      "false_control_associations": 1,
      "leaking_controls": 29,
      "panel": "historical",
      "policy": "neighbor9",
      "recovered_signals": 73,
      "signal_inputs": 83
    },
    {
      "control_inputs": 66,
      "false_control_associations": 1,
      "leaking_controls": 18,
      "panel": "historical",
      "policy": "off_window",
      "recovered_signals": 68,
      "signal_inputs": 83
    },
    {
      "control_inputs": 66,
      "false_control_associations": 0,
      "leaking_controls": 17,
      "panel": "historical",
      "policy": "remaining_aggregate",
      "recovered_signals": 68,
      "signal_inputs": 83
    },
    {
      "control_inputs": 66,
      "false_control_associations": 0,
      "leaking_controls": 6,
      "panel": "historical",
      "policy": "combined",
      "recovered_signals": 63,
      "signal_inputs": 83
    },
    {
      "control_inputs": 66,
      "false_control_associations": 1,
      "leaking_controls": 29,
      "panel": "historical",
      "policy": "centered_receiver",
      "recovered_signals": 73,
      "signal_inputs": 83
    },
    {
      "control_inputs": 66,
      "false_control_associations": 1,
      "leaking_controls": 20,
      "panel": "historical",
      "policy": "centered_receiver_off_match",
      "recovered_signals": 73,
      "signal_inputs": 83
    },
    {
      "control_inputs": 66,
      "false_control_associations": 0,
      "leaking_controls": 10,
      "panel": "historical",
      "policy": "centered_receiver_off_match_aggregate",
      "recovered_signals": 70,
      "signal_inputs": 83
    },
    {
      "control_inputs": 66,
      "false_control_associations": 1,
      "leaking_controls": 29,
      "panel": "historical",
      "policy": "geometry_receiver",
      "recovered_signals": 73,
      "signal_inputs": 83
    },
    {
      "control_inputs": 66,
      "false_control_associations": 0,
      "leaking_controls": 6,
      "panel": "historical",
      "policy": "geometry_receiver_off_aggregate",
      "recovered_signals": 65,
      "signal_inputs": 83
    },
    {
      "control_inputs": 66,
      "false_control_associations": 0,
      "leaking_controls": 14,
      "panel": "historical",
      "policy": "geometry_receiver_aligned_off_aggregate",
      "recovered_signals": 69,
      "signal_inputs": 83
    },
    {
      "control_inputs": 66,
      "false_control_associations": 0,
      "leaking_controls": 16,
      "panel": "historical",
      "policy": "joint_receiver_off_aggregate",
      "recovered_signals": 70,
      "signal_inputs": 83
    },
    {
      "control_inputs": 66,
      "false_control_associations": 0,
      "leaking_controls": 17,
      "panel": "historical",
      "policy": "joint_track_off_aggregate",
      "recovered_signals": 70,
      "signal_inputs": 83
    },
    {
      "control_inputs": 66,
      "false_control_associations": 0,
      "leaking_controls": 16,
      "panel": "historical",
      "policy": "joint_dual_off_aggregate",
      "recovered_signals": 70,
      "signal_inputs": 83
    },
    {
      "control_inputs": 48,
      "false_control_associations": 0,
      "leaking_controls": 13,
      "panel": "fresh",
      "policy": "neighbor9",
      "recovered_signals": 58,
      "signal_inputs": 64
    },
    {
      "control_inputs": 48,
      "false_control_associations": 0,
      "leaking_controls": 12,
      "panel": "fresh",
      "policy": "off_window",
      "recovered_signals": 57,
      "signal_inputs": 64
    },
    {
      "control_inputs": 48,
      "false_control_associations": 0,
      "leaking_controls": 1,
      "panel": "fresh",
      "policy": "remaining_aggregate",
      "recovered_signals": 58,
      "signal_inputs": 64
    },
    {
      "control_inputs": 48,
      "false_control_associations": 0,
      "leaking_controls": 0,
      "panel": "fresh",
      "policy": "combined",
      "recovered_signals": 57,
      "signal_inputs": 64
    },
    {
      "control_inputs": 48,
      "false_control_associations": 0,
      "leaking_controls": 13,
      "panel": "fresh",
      "policy": "centered_receiver",
      "recovered_signals": 58,
      "signal_inputs": 64
    },
    {
      "control_inputs": 48,
      "false_control_associations": 0,
      "leaking_controls": 12,
      "panel": "fresh",
      "policy": "centered_receiver_off_match",
      "recovered_signals": 58,
      "signal_inputs": 64
    },
    {
      "control_inputs": 48,
      "false_control_associations": 0,
      "leaking_controls": 0,
      "panel": "fresh",
      "policy": "centered_receiver_off_match_aggregate",
      "recovered_signals": 58,
      "signal_inputs": 64
    },
    {
      "control_inputs": 48,
      "false_control_associations": 0,
      "leaking_controls": 13,
      "panel": "fresh",
      "policy": "geometry_receiver",
      "recovered_signals": 58,
      "signal_inputs": 64
    },
    {
      "control_inputs": 48,
      "false_control_associations": 0,
      "leaking_controls": 0,
      "panel": "fresh",
      "policy": "geometry_receiver_off_aggregate",
      "recovered_signals": 57,
      "signal_inputs": 64
    },
    {
      "control_inputs": 48,
      "false_control_associations": 0,
      "leaking_controls": 1,
      "panel": "fresh",
      "policy": "geometry_receiver_aligned_off_aggregate",
      "recovered_signals": 58,
      "signal_inputs": 64
    },
    {
      "control_inputs": 48,
      "false_control_associations": 0,
      "leaking_controls": 1,
      "panel": "fresh",
      "policy": "joint_receiver_off_aggregate",
      "recovered_signals": 58,
      "signal_inputs": 64
    },
    {
      "control_inputs": 48,
      "false_control_associations": 0,
      "leaking_controls": 1,
      "panel": "fresh",
      "policy": "joint_track_off_aggregate",
      "recovered_signals": 58,
      "signal_inputs": 64
    },
    {
      "control_inputs": 48,
      "false_control_associations": 0,
      "leaking_controls": 1,
      "panel": "fresh",
      "policy": "joint_dual_off_aggregate",
      "recovered_signals": 58,
      "signal_inputs": 64
    }
  ],
  "comparisons": {
    "fresh:joint_dual_off_aggregate": {
      "conditions": {
        "complete_additional_evidence": true,
        "no_signal_loss": true,
        "novel_additional_payloads": true,
        "preserve_centered_combination_signals": true,
        "preserve_geometry_original_off_signals": true,
        "strict_control_leak_reduction": true,
        "zero_baseline_members": true,
        "zero_control_members": false,
        "zero_false_control_associations": true
      },
      "development_gate_passed": false,
      "reference_changes": {
        "centered_receiver_off_match_aggregate": {
          "added_leaking_controls": [
            "fresh048"
          ],
          "removed_leaking_controls": [],
          "signal_gains": [],
          "signal_losses": []
        },
        "geometry_receiver_aligned_off_aggregate": {
          "added_leaking_controls": [],
          "removed_leaking_controls": [],
          "signal_gains": [],
          "signal_losses": []
        },
        "geometry_receiver_off_aggregate": {
          "added_leaking_controls": [
            "fresh048"
          ],
          "removed_leaking_controls": [],
          "signal_gains": [
            "fresh017"
          ],
          "signal_losses": []
        },
        "neighbor9": {
          "added_leaking_controls": [],
          "removed_leaking_controls": [
            "fresh004",
            "fresh018",
            "fresh032",
            "fresh046",
            "fresh060",
            "fresh067",
            "fresh074",
            "fresh081",
            "fresh095",
            "fresh102",
            "fresh109",
            "fresh110"
          ],
          "signal_gains": [],
          "signal_losses": []
        }
      }
    },
    "fresh:joint_receiver_off_aggregate": {
      "conditions": {
        "complete_additional_evidence": true,
        "no_signal_loss": true,
        "novel_additional_payloads": true,
        "preserve_centered_combination_signals": true,
        "preserve_geometry_original_off_signals": true,
        "strict_control_leak_reduction": true,
        "zero_baseline_members": true,
        "zero_control_members": false,
        "zero_false_control_associations": true
      },
      "development_gate_passed": false,
      "reference_changes": {
        "centered_receiver_off_match_aggregate": {
          "added_leaking_controls": [
            "fresh048"
          ],
          "removed_leaking_controls": [],
          "signal_gains": [],
          "signal_losses": []
        },
        "geometry_receiver_aligned_off_aggregate": {
          "added_leaking_controls": [],
          "removed_leaking_controls": [],
          "signal_gains": [],
          "signal_losses": []
        },
        "geometry_receiver_off_aggregate": {
          "added_leaking_controls": [
            "fresh048"
          ],
          "removed_leaking_controls": [],
          "signal_gains": [
            "fresh017"
          ],
          "signal_losses": []
        },
        "neighbor9": {
          "added_leaking_controls": [],
          "removed_leaking_controls": [
            "fresh004",
            "fresh018",
            "fresh032",
            "fresh046",
            "fresh060",
            "fresh067",
            "fresh074",
            "fresh081",
            "fresh095",
            "fresh102",
            "fresh109",
            "fresh110"
          ],
          "signal_gains": [],
          "signal_losses": []
        }
      }
    },
    "fresh:joint_track_off_aggregate": {
      "conditions": {
        "complete_additional_evidence": true,
        "no_signal_loss": true,
        "novel_additional_payloads": true,
        "preserve_centered_combination_signals": true,
        "preserve_geometry_original_off_signals": true,
        "strict_control_leak_reduction": true,
        "zero_baseline_members": true,
        "zero_control_members": false,
        "zero_false_control_associations": true
      },
      "development_gate_passed": false,
      "reference_changes": {
        "centered_receiver_off_match_aggregate": {
          "added_leaking_controls": [
            "fresh048"
          ],
          "removed_leaking_controls": [],
          "signal_gains": [],
          "signal_losses": []
        },
        "geometry_receiver_aligned_off_aggregate": {
          "added_leaking_controls": [],
          "removed_leaking_controls": [],
          "signal_gains": [],
          "signal_losses": []
        },
        "geometry_receiver_off_aggregate": {
          "added_leaking_controls": [
            "fresh048"
          ],
          "removed_leaking_controls": [],
          "signal_gains": [
            "fresh017"
          ],
          "signal_losses": []
        },
        "neighbor9": {
          "added_leaking_controls": [],
          "removed_leaking_controls": [
            "fresh004",
            "fresh018",
            "fresh032",
            "fresh046",
            "fresh060",
            "fresh067",
            "fresh074",
            "fresh081",
            "fresh095",
            "fresh102",
            "fresh109",
            "fresh110"
          ],
          "signal_gains": [],
          "signal_losses": []
        }
      }
    },
    "historical:joint_dual_off_aggregate": {
      "conditions": {
        "complete_additional_evidence": true,
        "no_signal_loss": false,
        "novel_additional_payloads": true,
        "preserve_centered_combination_signals": true,
        "preserve_geometry_original_off_signals": true,
        "strict_control_leak_reduction": true,
        "zero_baseline_members": true,
        "zero_control_members": false,
        "zero_false_control_associations": true
      },
      "development_gate_passed": false,
      "reference_changes": {
        "centered_receiver_off_match_aggregate": {
          "added_leaking_controls": [
            "ad_ab_z038",
            "ad_ab_z078",
            "ad_ab_z148",
            "ad_ab_z158",
            "ad_ab_z198",
            "ad_ab_z278",
            "ad_ab_z318",
            "ad_new076",
            "ad_new104"
          ],
          "removed_leaking_controls": [
            "ad_ab_z138",
            "ad_ab_fresh032",
            "ad_new032"
          ],
          "signal_gains": [],
          "signal_losses": []
        },
        "geometry_receiver_aligned_off_aggregate": {
          "added_leaking_controls": [
            "ad_ab_z038",
            "ad_ab_z078"
          ],
          "removed_leaking_controls": [],
          "signal_gains": [
            "ad_new038"
          ],
          "signal_losses": []
        },
        "geometry_receiver_off_aggregate": {
          "added_leaking_controls": [
            "ad_ab_z038",
            "ad_ab_z078",
            "ad_ab_z148",
            "ad_ab_z158",
            "ad_ab_z198",
            "ad_ab_z278",
            "ad_ab_z318",
            "ad_new076",
            "ad_new090",
            "ad_new104"
          ],
          "removed_leaking_controls": [],
          "signal_gains": [
            "ad_ab_z324",
            "ad_ab_z336",
            "ad_ab_z346",
            "ad_new003",
            "ad_new038"
          ],
          "signal_losses": []
        },
        "neighbor9": {
          "added_leaking_controls": [],
          "removed_leaking_controls": [
            "ad_ab_z138",
            "ad_ab_z176",
            "ad_ab_z266",
            "ad_ab_fresh032",
            "ad_new005",
            "ad_new032",
            "ad_new047",
            "ad_new060",
            "ad_new067",
            "ad_new074",
            "ad_new088",
            "ad_new102",
            "ad_new109"
          ],
          "signal_gains": [],
          "signal_losses": [
            "ad_ab_z260",
            "ad_ab_z261",
            "ad_ab_z265"
          ]
        }
      }
    },
    "historical:joint_receiver_off_aggregate": {
      "conditions": {
        "complete_additional_evidence": true,
        "no_signal_loss": false,
        "novel_additional_payloads": true,
        "preserve_centered_combination_signals": true,
        "preserve_geometry_original_off_signals": true,
        "strict_control_leak_reduction": true,
        "zero_baseline_members": true,
        "zero_control_members": false,
        "zero_false_control_associations": true
      },
      "development_gate_passed": false,
      "reference_changes": {
        "centered_receiver_off_match_aggregate": {
          "added_leaking_controls": [
            "ad_ab_z038",
            "ad_ab_z078",
            "ad_ab_z148",
            "ad_ab_z158",
            "ad_ab_z198",
            "ad_ab_z278",
            "ad_ab_z318",
            "ad_new076",
            "ad_new104"
          ],
          "removed_leaking_controls": [
            "ad_ab_z138",
            "ad_ab_fresh032",
            "ad_new032"
          ],
          "signal_gains": [],
          "signal_losses": []
        },
        "geometry_receiver_aligned_off_aggregate": {
          "added_leaking_controls": [
            "ad_ab_z038",
            "ad_ab_z078"
          ],
          "removed_leaking_controls": [],
          "signal_gains": [
            "ad_new038"
          ],
          "signal_losses": []
        },
        "geometry_receiver_off_aggregate": {
          "added_leaking_controls": [
            "ad_ab_z038",
            "ad_ab_z078",
            "ad_ab_z148",
            "ad_ab_z158",
            "ad_ab_z198",
            "ad_ab_z278",
            "ad_ab_z318",
            "ad_new076",
            "ad_new090",
            "ad_new104"
          ],
          "removed_leaking_controls": [],
          "signal_gains": [
            "ad_ab_z324",
            "ad_ab_z336",
            "ad_ab_z346",
            "ad_new003",
            "ad_new038"
          ],
          "signal_losses": []
        },
        "neighbor9": {
          "added_leaking_controls": [],
          "removed_leaking_controls": [
            "ad_ab_z138",
            "ad_ab_z176",
            "ad_ab_z266",
            "ad_ab_fresh032",
            "ad_new005",
            "ad_new032",
            "ad_new047",
            "ad_new060",
            "ad_new067",
            "ad_new074",
            "ad_new088",
            "ad_new102",
            "ad_new109"
          ],
          "signal_gains": [],
          "signal_losses": [
            "ad_ab_z260",
            "ad_ab_z261",
            "ad_ab_z265"
          ]
        }
      }
    },
    "historical:joint_track_off_aggregate": {
      "conditions": {
        "complete_additional_evidence": true,
        "no_signal_loss": false,
        "novel_additional_payloads": true,
        "preserve_centered_combination_signals": true,
        "preserve_geometry_original_off_signals": true,
        "strict_control_leak_reduction": true,
        "zero_baseline_members": true,
        "zero_control_members": false,
        "zero_false_control_associations": true
      },
      "development_gate_passed": false,
      "reference_changes": {
        "centered_receiver_off_match_aggregate": {
          "added_leaking_controls": [
            "ad_ab_z038",
            "ad_ab_z078",
            "ad_ab_z148",
            "ad_ab_z158",
            "ad_ab_z198",
            "ad_ab_z278",
            "ad_ab_z318",
            "ad_new076",
            "ad_new104"
          ],
          "removed_leaking_controls": [
            "ad_ab_fresh032",
            "ad_new032"
          ],
          "signal_gains": [],
          "signal_losses": []
        },
        "geometry_receiver_aligned_off_aggregate": {
          "added_leaking_controls": [
            "ad_ab_z038",
            "ad_ab_z078",
            "ad_ab_z138"
          ],
          "removed_leaking_controls": [],
          "signal_gains": [
            "ad_new038"
          ],
          "signal_losses": []
        },
        "geometry_receiver_off_aggregate": {
          "added_leaking_controls": [
            "ad_ab_z038",
            "ad_ab_z078",
            "ad_ab_z138",
            "ad_ab_z148",
            "ad_ab_z158",
            "ad_ab_z198",
            "ad_ab_z278",
            "ad_ab_z318",
            "ad_new076",
            "ad_new090",
            "ad_new104"
          ],
          "removed_leaking_controls": [],
          "signal_gains": [
            "ad_ab_z324",
            "ad_ab_z336",
            "ad_ab_z346",
            "ad_new003",
            "ad_new038"
          ],
          "signal_losses": []
        },
        "neighbor9": {
          "added_leaking_controls": [],
          "removed_leaking_controls": [
            "ad_ab_z176",
            "ad_ab_z266",
            "ad_ab_fresh032",
            "ad_new005",
            "ad_new032",
            "ad_new047",
            "ad_new060",
            "ad_new067",
            "ad_new074",
            "ad_new088",
            "ad_new102",
            "ad_new109"
          ],
          "signal_gains": [],
          "signal_losses": [
            "ad_ab_z260",
            "ad_ab_z261",
            "ad_ab_z265"
          ]
        }
      }
    }
  },
  "paired_signal_costs": [
    {
      "policy": "neighbor9",
      "pairs": 32,
      "signal_only_recovered": 31,
      "mixed_recovered": 27,
      "paired_losses": 4,
      "lost_pairs": [
        {
          "signal_only": "fresh000",
          "mixed": "fresh001"
        },
        {
          "signal_only": "fresh056",
          "mixed": "fresh057"
        },
        {
          "signal_only": "fresh100",
          "mixed": "fresh101"
        },
        {
          "signal_only": "fresh107",
          "mixed": "fresh108"
        }
      ]
    },
    {
      "policy": "off_window",
      "pairs": 32,
      "signal_only_recovered": 31,
      "mixed_recovered": 26,
      "paired_losses": 5,
      "lost_pairs": [
        {
          "signal_only": "fresh000",
          "mixed": "fresh001"
        },
        {
          "signal_only": "fresh016",
          "mixed": "fresh017"
        },
        {
          "signal_only": "fresh056",
          "mixed": "fresh057"
        },
        {
          "signal_only": "fresh100",
          "mixed": "fresh101"
        },
        {
          "signal_only": "fresh107",
          "mixed": "fresh108"
        }
      ]
    },
    {
      "policy": "remaining_aggregate",
      "pairs": 32,
      "signal_only_recovered": 31,
      "mixed_recovered": 27,
      "paired_losses": 4,
      "lost_pairs": [
        {
          "signal_only": "fresh000",
          "mixed": "fresh001"
        },
        {
          "signal_only": "fresh056",
          "mixed": "fresh057"
        },
        {
          "signal_only": "fresh100",
          "mixed": "fresh101"
        },
        {
          "signal_only": "fresh107",
          "mixed": "fresh108"
        }
      ]
    },
    {
      "policy": "combined",
      "pairs": 32,
      "signal_only_recovered": 31,
      "mixed_recovered": 26,
      "paired_losses": 5,
      "lost_pairs": [
        {
          "signal_only": "fresh000",
          "mixed": "fresh001"
        },
        {
          "signal_only": "fresh016",
          "mixed": "fresh017"
        },
        {
          "signal_only": "fresh056",
          "mixed": "fresh057"
        },
        {
          "signal_only": "fresh100",
          "mixed": "fresh101"
        },
        {
          "signal_only": "fresh107",
          "mixed": "fresh108"
        }
      ]
    },
    {
      "policy": "centered_receiver",
      "pairs": 32,
      "signal_only_recovered": 31,
      "mixed_recovered": 27,
      "paired_losses": 4,
      "lost_pairs": [
        {
          "signal_only": "fresh000",
          "mixed": "fresh001"
        },
        {
          "signal_only": "fresh056",
          "mixed": "fresh057"
        },
        {
          "signal_only": "fresh100",
          "mixed": "fresh101"
        },
        {
          "signal_only": "fresh107",
          "mixed": "fresh108"
        }
      ]
    },
    {
      "policy": "centered_receiver_off_match",
      "pairs": 32,
      "signal_only_recovered": 31,
      "mixed_recovered": 27,
      "paired_losses": 4,
      "lost_pairs": [
        {
          "signal_only": "fresh000",
          "mixed": "fresh001"
        },
        {
          "signal_only": "fresh056",
          "mixed": "fresh057"
        },
        {
          "signal_only": "fresh100",
          "mixed": "fresh101"
        },
        {
          "signal_only": "fresh107",
          "mixed": "fresh108"
        }
      ]
    },
    {
      "policy": "centered_receiver_off_match_aggregate",
      "pairs": 32,
      "signal_only_recovered": 31,
      "mixed_recovered": 27,
      "paired_losses": 4,
      "lost_pairs": [
        {
          "signal_only": "fresh000",
          "mixed": "fresh001"
        },
        {
          "signal_only": "fresh056",
          "mixed": "fresh057"
        },
        {
          "signal_only": "fresh100",
          "mixed": "fresh101"
        },
        {
          "signal_only": "fresh107",
          "mixed": "fresh108"
        }
      ]
    },
    {
      "policy": "geometry_receiver",
      "pairs": 32,
      "signal_only_recovered": 31,
      "mixed_recovered": 27,
      "paired_losses": 4,
      "lost_pairs": [
        {
          "signal_only": "fresh000",
          "mixed": "fresh001"
        },
        {
          "signal_only": "fresh056",
          "mixed": "fresh057"
        },
        {
          "signal_only": "fresh100",
          "mixed": "fresh101"
        },
        {
          "signal_only": "fresh107",
          "mixed": "fresh108"
        }
      ]
    },
    {
      "policy": "geometry_receiver_off_aggregate",
      "pairs": 32,
      "signal_only_recovered": 31,
      "mixed_recovered": 26,
      "paired_losses": 5,
      "lost_pairs": [
        {
          "signal_only": "fresh000",
          "mixed": "fresh001"
        },
        {
          "signal_only": "fresh016",
          "mixed": "fresh017"
        },
        {
          "signal_only": "fresh056",
          "mixed": "fresh057"
        },
        {
          "signal_only": "fresh100",
          "mixed": "fresh101"
        },
        {
          "signal_only": "fresh107",
          "mixed": "fresh108"
        }
      ]
    },
    {
      "policy": "geometry_receiver_aligned_off_aggregate",
      "pairs": 32,
      "signal_only_recovered": 31,
      "mixed_recovered": 27,
      "paired_losses": 4,
      "lost_pairs": [
        {
          "signal_only": "fresh000",
          "mixed": "fresh001"
        },
        {
          "signal_only": "fresh056",
          "mixed": "fresh057"
        },
        {
          "signal_only": "fresh100",
          "mixed": "fresh101"
        },
        {
          "signal_only": "fresh107",
          "mixed": "fresh108"
        }
      ]
    },
    {
      "policy": "joint_receiver_off_aggregate",
      "pairs": 32,
      "signal_only_recovered": 31,
      "mixed_recovered": 27,
      "paired_losses": 4,
      "lost_pairs": [
        {
          "signal_only": "fresh000",
          "mixed": "fresh001"
        },
        {
          "signal_only": "fresh056",
          "mixed": "fresh057"
        },
        {
          "signal_only": "fresh100",
          "mixed": "fresh101"
        },
        {
          "signal_only": "fresh107",
          "mixed": "fresh108"
        }
      ]
    },
    {
      "policy": "joint_track_off_aggregate",
      "pairs": 32,
      "signal_only_recovered": 31,
      "mixed_recovered": 27,
      "paired_losses": 4,
      "lost_pairs": [
        {
          "signal_only": "fresh000",
          "mixed": "fresh001"
        },
        {
          "signal_only": "fresh056",
          "mixed": "fresh057"
        },
        {
          "signal_only": "fresh100",
          "mixed": "fresh101"
        },
        {
          "signal_only": "fresh107",
          "mixed": "fresh108"
        }
      ]
    },
    {
      "policy": "joint_dual_off_aggregate",
      "pairs": 32,
      "signal_only_recovered": 31,
      "mixed_recovered": 27,
      "paired_losses": 4,
      "lost_pairs": [
        {
          "signal_only": "fresh000",
          "mixed": "fresh001"
        },
        {
          "signal_only": "fresh056",
          "mixed": "fresh057"
        },
        {
          "signal_only": "fresh100",
          "mixed": "fresh101"
        },
        {
          "signal_only": "fresh107",
          "mixed": "fresh108"
        }
      ]
    }
  ],
  "audit_totals": {
    "complete_profiles": 9394,
    "direct_native_checks": 10774,
    "inputs": 262,
    "member_profile_links": 12014,
    "members": 18569,
    "new_input_detector_executions": 112,
    "new_policy_member_decisions": 55707,
    "upstream_audits_reused": 150
  },
  "distinct_native_payloads": 246,
  "fresh_distinct_native_payloads": 104,
  "fresh_payload_overlap": 0
}

Postprocessing amendment: summarize unqueried members by counts and remaining-score maximum; retain all queried member traces. Full original member evidence remains in the input archive.
{
  "summary": [
    {
      "control_inputs": 66,
      "false_control_associations": 1,
      "leaking_controls": 29,
      "panel": "historical",
      "policy": "neighbor9",
      "recovered_signals": 73,
      "signal_inputs": 83
    },
    {
      "control_inputs": 66,
      "false_control_associations": 1,
      "leaking_controls": 18,
      "panel": "historical",
      "policy": "off_window",
      "recovered_signals": 68,
      "signal_inputs": 83
    },
    {
      "control_inputs": 66,
      "false_control_associations": 0,
      "leaking_controls": 17,
      "panel": "historical",
      "policy": "remaining_aggregate",
      "recovered_signals": 68,
      "signal_inputs": 83
    },
    {
      "control_inputs": 66,
      "false_control_associations": 0,
      "leaking_controls": 6,
      "panel": "historical",
      "policy": "combined",
      "recovered_signals": 63,
      "signal_inputs": 83
    },
    {
      "control_inputs": 66,
      "false_control_associations": 1,
      "leaking_controls": 29,
      "panel": "historical",
      "policy": "centered_receiver",
      "recovered_signals": 73,
      "signal_inputs": 83
    },
    {
      "control_inputs": 66,
      "false_control_associations": 1,
      "leaking_controls": 20,
      "panel": "historical",
      "policy": "centered_receiver_off_match",
      "recovered_signals": 73,
      "signal_inputs": 83
    },
    {
      "control_inputs": 66,
      "false_control_associations": 0,
      "leaking_controls": 10,
      "panel": "historical",
      "policy": "centered_receiver_off_match_aggregate",
      "recovered_signals": 70,
      "signal_inputs": 83
    },
    {
      "control_inputs": 66,
      "false_control_associations": 1,
      "leaking_controls": 29,
      "panel": "historical",
      "policy": "geometry_receiver",
      "recovered_signals": 73,
      "signal_inputs": 83
    },
    {
      "control_inputs": 66,
      "false_control_associations": 0,
      "leaking_controls": 6,
      "panel": "historical",
      "policy": "geometry_receiver_off_aggregate",
      "recovered_signals": 65,
      "signal_inputs": 83
    },
    {
      "control_inputs": 66,
      "false_control_associations": 0,
      "leaking_controls": 14,
      "panel": "historical",
      "policy": "geometry_receiver_aligned_off_aggregate",
      "recovered_signals": 69,
      "signal_inputs": 83
    },
    {
      "control_inputs": 66,
      "false_control_associations": 0,
      "leaking_controls": 16,
      "panel": "historical",
      "policy": "joint_receiver_off_aggregate",
      "recovered_signals": 70,
      "signal_inputs": 83
    },
    {
      "control_inputs": 66,
      "false_control_associations": 0,
      "leaking_controls": 17,
      "panel": "historical",
      "policy": "joint_track_off_aggregate",
      "recovered_signals": 70,
      "signal_inputs": 83
    },
    {
      "control_inputs": 66,
      "false_control_associations": 0,
      "leaking_controls": 16,
      "panel": "historical",
      "policy": "joint_dual_off_aggregate",
      "recovered_signals": 70,
      "signal_inputs": 83
    },
    {
      "control_inputs": 48,
      "false_control_associations": 0,
      "leaking_controls": 13,
      "panel": "fresh",
      "policy": "neighbor9",
      "recovered_signals": 58,
      "signal_inputs": 64
    },
    {
      "control_inputs": 48,
      "false_control_associations": 0,
      "leaking_controls": 12,
      "panel": "fresh",
      "policy": "off_window",
      "recovered_signals": 57,
      "signal_inputs": 64
    },
    {
      "control_inputs": 48,
      "false_control_associations": 0,
      "leaking_controls": 1,
      "panel": "fresh",
      "policy": "remaining_aggregate",
      "recovered_signals": 58,
      "signal_inputs": 64
    },
    {
      "control_inputs": 48,
      "false_control_associations": 0,
      "leaking_controls": 0,
      "panel": "fresh",
      "policy": "combined",
      "recovered_signals": 57,
      "signal_inputs": 64
    },
    {
      "control_inputs": 48,
      "false_control_associations": 0,
      "leaking_controls": 13,
      "panel": "fresh",
      "policy": "centered_receiver",
      "recovered_signals": 58,
      "signal_inputs": 64
    },
    {
      "control_inputs": 48,
      "false_control_associations": 0,
      "leaking_controls": 12,
      "panel": "fresh",
      "policy": "centered_receiver_off_match",
      "recovered_signals": 58,
      "signal_inputs": 64
    },
    {
      "control_inputs": 48,
      "false_control_associations": 0,
      "leaking_controls": 0,
      "panel": "fresh",
      "policy": "centered_receiver_off_match_aggregate",
      "recovered_signals": 58,
      "signal_inputs": 64
    },
    {
      "control_inputs": 48,
      "false_control_associations": 0,
      "leaking_controls": 13,
      "panel": "fresh",
      "policy": "geometry_receiver",
      "recovered_signals": 58,
      "signal_inputs": 64
    },
    {
      "control_inputs": 48,
      "false_control_associations": 0,
      "leaking_controls": 0,
      "panel": "fresh",
      "policy": "geometry_receiver_off_aggregate",
      "recovered_signals": 57,
      "signal_inputs": 64
    },
    {
      "control_inputs": 48,
      "false_control_associations": 0,
      "leaking_controls": 1,
      "panel": "fresh",
      "policy": "geometry_receiver_aligned_off_aggregate",
      "recovered_signals": 58,
      "signal_inputs": 64
    },
    {
      "control_inputs": 48,
      "false_control_associations": 0,
      "leaking_controls": 1,
      "panel": "fresh",
      "policy": "joint_receiver_off_aggregate",
      "recovered_signals": 58,
      "signal_inputs": 64
    },
    {
      "control_inputs": 48,
      "false_control_associations": 0,
      "leaking_controls": 1,
      "panel": "fresh",
      "policy": "joint_track_off_aggregate",
      "recovered_signals": 58,
      "signal_inputs": 64
    },
    {
      "control_inputs": 48,
      "false_control_associations": 0,
      "leaking_controls": 1,
      "panel": "fresh",
      "policy": "joint_dual_off_aggregate",
      "recovered_signals": 58,
      "signal_inputs": 64
    }
  ],
  "comparisons": {
    "fresh:joint_dual_off_aggregate": {
      "conditions": {
        "complete_additional_evidence": true,
        "no_signal_loss": true,
        "novel_additional_payloads": true,
        "preserve_centered_combination_signals": true,
        "preserve_geometry_original_off_signals": true,
        "strict_control_leak_reduction": true,
        "zero_baseline_members": true,
        "zero_control_members": false,
        "zero_false_control_associations": true
      },
      "development_gate_passed": false,
      "reference_changes": {
        "centered_receiver_off_match_aggregate": {
          "added_leaking_controls": [
            "fresh048"
          ],
          "removed_leaking_controls": [],
          "signal_gains": [],
          "signal_losses": []
        },
        "geometry_receiver_aligned_off_aggregate": {
          "added_leaking_controls": [],
          "removed_leaking_controls": [],
          "signal_gains": [],
          "signal_losses": []
        },
        "geometry_receiver_off_aggregate": {
          "added_leaking_controls": [
            "fresh048"
          ],
          "removed_leaking_controls": [],
          "signal_gains": [
            "fresh017"
          ],
          "signal_losses": []
        },
        "neighbor9": {
          "added_leaking_controls": [],
          "removed_leaking_controls": [
            "fresh004",
            "fresh018",
            "fresh032",
            "fresh046",
            "fresh060",
            "fresh067",
            "fresh074",
            "fresh081",
            "fresh095",
            "fresh102",
            "fresh109",
            "fresh110"
          ],
          "signal_gains": [],
          "signal_losses": []
        }
      }
    },
    "fresh:joint_receiver_off_aggregate": {
      "conditions": {
        "complete_additional_evidence": true,
        "no_signal_loss": true,
        "novel_additional_payloads": true,
        "preserve_centered_combination_signals": true,
        "preserve_geometry_original_off_signals": true,
        "strict_control_leak_reduction": true,
        "zero_baseline_members": true,
        "zero_control_members": false,
        "zero_false_control_associations": true
      },
      "development_gate_passed": false,
      "reference_changes": {
        "centered_receiver_off_match_aggregate": {
          "added_leaking_controls": [
            "fresh048"
          ],
          "removed_leaking_controls": [],
          "signal_gains": [],
          "signal_losses": []
        },
        "geometry_receiver_aligned_off_aggregate": {
          "added_leaking_controls": [],
          "removed_leaking_controls": [],
          "signal_gains": [],
          "signal_losses": []
        },
        "geometry_receiver_off_aggregate": {
          "added_leaking_controls": [
            "fresh048"
          ],
          "removed_leaking_controls": [],
          "signal_gains": [
            "fresh017"
          ],
          "signal_losses": []
        },
        "neighbor9": {
          "added_leaking_controls": [],
          "removed_leaking_controls": [
            "fresh004",
            "fresh018",
            "fresh032",
            "fresh046",
            "fresh060",
            "fresh067",
            "fresh074",
            "fresh081",
            "fresh095",
            "fresh102",
            "fresh109",
            "fresh110"
          ],
          "signal_gains": [],
          "signal_losses": []
        }
      }
    },
    "fresh:joint_track_off_aggregate": {
      "conditions": {
        "complete_additional_evidence": true,
        "no_signal_loss": true,
        "novel_additional_payloads": true,
        "preserve_centered_combination_signals": true,
        "preserve_geometry_original_off_signals": true,
        "strict_control_leak_reduction": true,
        "zero_baseline_members": true,
        "zero_control_members": false,
        "zero_false_control_associations": true
      },
      "development_gate_passed": false,
      "reference_changes": {
        "centered_receiver_off_match_aggregate": {
          "added_leaking_controls": [
            "fresh048"
          ],
          "removed_leaking_controls": [],
          "signal_gains": [],
          "signal_losses": []
        },
        "geometry_receiver_aligned_off_aggregate": {
          "added_leaking_controls": [],
          "removed_leaking_controls": [],
          "signal_gains": [],
          "signal_losses": []
        },
        "geometry_receiver_off_aggregate": {
          "added_leaking_controls": [
            "fresh048"
          ],
          "removed_leaking_controls": [],
          "signal_gains": [
            "fresh017"
          ],
          "signal_losses": []
        },
        "neighbor9": {
          "added_leaking_controls": [],
          "removed_leaking_controls": [
            "fresh004",
            "fresh018",
            "fresh032",
            "fresh046",
            "fresh060",
            "fresh067",
            "fresh074",
            "fresh081",
            "fresh095",
            "fresh102",
            "fresh109",
            "fresh110"
          ],
          "signal_gains": [],
          "signal_losses": []
        }
      }
    },
    "historical:joint_dual_off_aggregate": {
      "conditions": {
        "complete_additional_evidence": true,
        "no_signal_loss": false,
        "novel_additional_payloads": true,
        "preserve_centered_combination_signals": true,
        "preserve_geometry_original_off_signals": true,
        "strict_control_leak_reduction": true,
        "zero_baseline_members": true,
        "zero_control_members": false,
        "zero_false_control_associations": true
      },
      "development_gate_passed": false,
      "reference_changes": {
        "centered_receiver_off_match_aggregate": {
          "added_leaking_controls": [
            "ad_ab_z038",
            "ad_ab_z078",
            "ad_ab_z148",
            "ad_ab_z158",
            "ad_ab_z198",
            "ad_ab_z278",
            "ad_ab_z318",
            "ad_new076",
            "ad_new104"
          ],
          "removed_leaking_controls": [
            "ad_ab_z138",
            "ad_ab_fresh032",
            "ad_new032"
          ],
          "signal_gains": [],
          "signal_losses": []
        },
        "geometry_receiver_aligned_off_aggregate": {
          "added_leaking_controls": [
            "ad_ab_z038",
            "ad_ab_z078"
          ],
          "removed_leaking_controls": [],
          "signal_gains": [
            "ad_new038"
          ],
          "signal_losses": []
        },
        "geometry_receiver_off_aggregate": {
          "added_leaking_controls": [
            "ad_ab_z038",
            "ad_ab_z078",
            "ad_ab_z148",
            "ad_ab_z158",
            "ad_ab_z198",
            "ad_ab_z278",
            "ad_ab_z318",
            "ad_new076",
            "ad_new090",
            "ad_new104"
          ],
          "removed_leaking_controls": [],
          "signal_gains": [
            "ad_ab_z324",
            "ad_ab_z336",
            "ad_ab_z346",
            "ad_new003",
            "ad_new038"
          ],
          "signal_losses": []
        },
        "neighbor9": {
          "added_leaking_controls": [],
          "removed_leaking_controls": [
            "ad_ab_z138",
            "ad_ab_z176",
            "ad_ab_z266",
            "ad_ab_fresh032",
            "ad_new005",
            "ad_new032",
            "ad_new047",
            "ad_new060",
            "ad_new067",
            "ad_new074",
            "ad_new088",
            "ad_new102",
            "ad_new109"
          ],
          "signal_gains": [],
          "signal_losses": [
            "ad_ab_z260",
            "ad_ab_z261",
            "ad_ab_z265"
          ]
        }
      }
    },
    "historical:joint_receiver_off_aggregate": {
      "conditions": {
        "complete_additional_evidence": true,
        "no_signal_loss": false,
        "novel_additional_payloads": true,
        "preserve_centered_combination_signals": true,
        "preserve_geometry_original_off_signals": true,
        "strict_control_leak_reduction": true,
        "zero_baseline_members": true,
        "zero_control_members": false,
        "zero_false_control_associations": true
      },
      "development_gate_passed": false,
      "reference_changes": {
        "centered_receiver_off_match_aggregate": {
          "added_leaking_controls": [
            "ad_ab_z038",
            "ad_ab_z078",
            "ad_ab_z148",
            "ad_ab_z158",
            "ad_ab_z198",
            "ad_ab_z278",
            "ad_ab_z318",
            "ad_new076",
            "ad_new104"
          ],
          "removed_leaking_controls": [
            "ad_ab_z138",
            "ad_ab_fresh032",
            "ad_new032"
          ],
          "signal_gains": [],
          "signal_losses": []
        },
        "geometry_receiver_aligned_off_aggregate": {
          "added_leaking_controls": [
            "ad_ab_z038",
            "ad_ab_z078"
          ],
          "removed_leaking_controls": [],
          "signal_gains": [
            "ad_new038"
          ],
          "signal_losses": []
        },
        "geometry_receiver_off_aggregate": {
          "added_leaking_controls": [
            "ad_ab_z038",
            "ad_ab_z078",
            "ad_ab_z148",
            "ad_ab_z158",
            "ad_ab_z198",
            "ad_ab_z278",
            "ad_ab_z318",
            "ad_new076",
            "ad_new090",
            "ad_new104"
          ],
          "removed_leaking_controls": [],
          "signal_gains": [
            "ad_ab_z324",
            "ad_ab_z336",
            "ad_ab_z346",
            "ad_new003",
            "ad_new038"
          ],
          "signal_losses": []
        },
        "neighbor9": {
          "added_leaking_controls": [],
          "removed_leaking_controls": [
            "ad_ab_z138",
            "ad_ab_z176",
            "ad_ab_z266",
            "ad_ab_fresh032",
            "ad_new005",
            "ad_new032",
            "ad_new047",
            "ad_new060",
            "ad_new067",
            "ad_new074",
            "ad_new088",
            "ad_new102",
            "ad_new109"
          ],
          "signal_gains": [],
          "signal_losses": [
            "ad_ab_z260",
            "ad_ab_z261",
            "ad_ab_z265"
          ]
        }
      }
    },
    "historical:joint_track_off_aggregate": {
      "conditions": {
        "complete_additional_evidence": true,
        "no_signal_loss": false,
        "novel_additional_payloads": true,
        "preserve_centered_combination_signals": true,
        "preserve_geometry_original_off_signals": true,
        "strict_control_leak_reduction": true,
        "zero_baseline_members": true,
        "zero_control_members": false,
        "zero_false_control_associations": true
      },
      "development_gate_passed": false,
      "reference_changes": {
        "centered_receiver_off_match_aggregate": {
          "added_leaking_controls": [
            "ad_ab_z038",
            "ad_ab_z078",
            "ad_ab_z148",
            "ad_ab_z158",
            "ad_ab_z198",
            "ad_ab_z278",
            "ad_ab_z318",
            "ad_new076",
            "ad_new104"
          ],
          "removed_leaking_controls": [
            "ad_ab_fresh032",
            "ad_new032"
          ],
          "signal_gains": [],
          "signal_losses": []
        },
        "geometry_receiver_aligned_off_aggregate": {
          "added_leaking_controls": [
            "ad_ab_z038",
            "ad_ab_z078",
            "ad_ab_z138"
          ],
          "removed_leaking_controls": [],
          "signal_gains": [
            "ad_new038"
          ],
          "signal_losses": []
        },
        "geometry_receiver_off_aggregate": {
          "added_leaking_controls": [
            "ad_ab_z038",
            "ad_ab_z078",
            "ad_ab_z138",
            "ad_ab_z148",
            "ad_ab_z158",
            "ad_ab_z198",
            "ad_ab_z278",
            "ad_ab_z318",
            "ad_new076",
            "ad_new090",
            "ad_new104"
          ],
          "removed_leaking_controls": [],
          "signal_gains": [
            "ad_ab_z324",
            "ad_ab_z336",
            "ad_ab_z346",
            "ad_new003",
            "ad_new038"
          ],
          "signal_losses": []
        },
        "neighbor9": {
          "added_leaking_controls": [],
          "removed_leaking_controls": [
            "ad_ab_z176",
            "ad_ab_z266",
            "ad_ab_fresh032",
            "ad_new005",
            "ad_new032",
            "ad_new047",
            "ad_new060",
            "ad_new067",
            "ad_new074",
            "ad_new088",
            "ad_new102",
            "ad_new109"
          ],
          "signal_gains": [],
          "signal_losses": [
            "ad_ab_z260",
            "ad_ab_z261",
            "ad_ab_z265"
          ]
        }
      }
    }
  },
  "paired_signal_costs": [
    {
      "policy": "neighbor9",
      "pairs": 32,
      "signal_only_recovered": 31,
      "mixed_recovered": 27,
      "paired_losses": 4,
      "lost_pairs": [
        {
          "signal_only": "fresh000",
          "mixed": "fresh001"
        },
        {
          "signal_only": "fresh056",
          "mixed": "fresh057"
        },
        {
          "signal_only": "fresh100",
          "mixed": "fresh101"
        },
        {
          "signal_only": "fresh107",
          "mixed": "fresh108"
        }
      ]
    },
    {
      "policy": "off_window",
      "pairs": 32,
      "signal_only_recovered": 31,
      "mixed_recovered": 26,
      "paired_losses": 5,
      "lost_pairs": [
        {
          "signal_only": "fresh000",
          "mixed": "fresh001"
        },
        {
          "signal_only": "fresh016",
          "mixed": "fresh017"
        },
        {
          "signal_only": "fresh056",
          "mixed": "fresh057"
        },
        {
          "signal_only": "fresh100",
          "mixed": "fresh101"
        },
        {
          "signal_only": "fresh107",
          "mixed": "fresh108"
        }
      ]
    },
    {
      "policy": "remaining_aggregate",
      "pairs": 32,
      "signal_only_recovered": 31,
      "mixed_recovered": 27,
      "paired_losses": 4,
      "lost_pairs": [
        {
          "signal_only": "fresh000",
          "mixed": "fresh001"
        },
        {
          "signal_only": "fresh056",
          "mixed": "fresh057"
        },
        {
          "signal_only": "fresh100",
          "mixed": "fresh101"
        },
        {
          "signal_only": "fresh107",
          "mixed": "fresh108"
        }
      ]
    },
    {
      "policy": "combined",
      "pairs": 32,
      "signal_only_recovered": 31,
      "mixed_recovered": 26,
      "paired_losses": 5,
      "lost_pairs": [
        {
          "signal_only": "fresh000",
          "mixed": "fresh001"
        },
        {
          "signal_only": "fresh016",
          "mixed": "fresh017"
        },
        {
          "signal_only": "fresh056",
          "mixed": "fresh057"
        },
        {
          "signal_only": "fresh100",
          "mixed": "fresh101"
        },
        {
          "signal_only": "fresh107",
          "mixed": "fresh108"
        }
      ]
    },
    {
      "policy": "centered_receiver",
      "pairs": 32,
      "signal_only_recovered": 31,
      "mixed_recovered": 27,
      "paired_losses": 4,
      "lost_pairs": [
        {
          "signal_only": "fresh000",
          "mixed": "fresh001"
        },
        {
          "signal_only": "fresh056",
          "mixed": "fresh057"
        },
        {
          "signal_only": "fresh100",
          "mixed": "fresh101"
        },
        {
          "signal_only": "fresh107",
          "mixed": "fresh108"
        }
      ]
    },
    {
      "policy": "centered_receiver_off_match",
      "pairs": 32,
      "signal_only_recovered": 31,
      "mixed_recovered": 27,
      "paired_losses": 4,
      "lost_pairs": [
        {
          "signal_only": "fresh000",
          "mixed": "fresh001"
        },
        {
          "signal_only": "fresh056",
          "mixed": "fresh057"
        },
        {
          "signal_only": "fresh100",
          "mixed": "fresh101"
        },
        {
          "signal_only": "fresh107",
          "mixed": "fresh108"
        }
      ]
    },
    {
      "policy": "centered_receiver_off_match_aggregate",
      "pairs": 32,
      "signal_only_recovered": 31,
      "mixed_recovered": 27,
      "paired_losses": 4,
      "lost_pairs": [
        {
          "signal_only": "fresh000",
          "mixed": "fresh001"
        },
        {
          "signal_only": "fresh056",
          "mixed": "fresh057"
        },
        {
          "signal_only": "fresh100",
          "mixed": "fresh101"
        },
        {
          "signal_only": "fresh107",
          "mixed": "fresh108"
        }
      ]
    },
    {
      "policy": "geometry_receiver",
      "pairs": 32,
      "signal_only_recovered": 31,
      "mixed_recovered": 27,
      "paired_losses": 4,
      "lost_pairs": [
        {
          "signal_only": "fresh000",
          "mixed": "fresh001"
        },
        {
          "signal_only": "fresh056",
          "mixed": "fresh057"
        },
        {
          "signal_only": "fresh100",
          "mixed": "fresh101"
        },
        {
          "signal_only": "fresh107",
          "mixed": "fresh108"
        }
      ]
    },
    {
      "policy": "geometry_receiver_off_aggregate",
      "pairs": 32,
      "signal_only_recovered": 31,
      "mixed_recovered": 26,
      "paired_losses": 5,
      "lost_pairs": [
        {
          "signal_only": "fresh000",
          "mixed": "fresh001"
        },
        {
          "signal_only": "fresh016",
          "mixed": "fresh017"
        },
        {
          "signal_only": "fresh056",
          "mixed": "fresh057"
        },
        {
          "signal_only": "fresh100",
          "mixed": "fresh101"
        },
        {
          "signal_only": "fresh107",
          "mixed": "fresh108"
        }
      ]
    },
    {
      "policy": "geometry_receiver_aligned_off_aggregate",
      "pairs": 32,
      "signal_only_recovered": 31,
      "mixed_recovered": 27,
      "paired_losses": 4,
      "lost_pairs": [
        {
          "signal_only": "fresh000",
          "mixed": "fresh001"
        },
        {
          "signal_only": "fresh056",
          "mixed": "fresh057"
        },
        {
          "signal_only": "fresh100",
          "mixed": "fresh101"
        },
        {
          "signal_only": "fresh107",
          "mixed": "fresh108"
        }
      ]
    },
    {
      "policy": "joint_receiver_off_aggregate",
      "pairs": 32,
      "signal_only_recovered": 31,
      "mixed_recovered": 27,
      "paired_losses": 4,
      "lost_pairs": [
        {
          "signal_only": "fresh000",
          "mixed": "fresh001"
        },
        {
          "signal_only": "fresh056",
          "mixed": "fresh057"
        },
        {
          "signal_only": "fresh100",
          "mixed": "fresh101"
        },
        {
          "signal_only": "fresh107",
          "mixed": "fresh108"
        }
      ]
    },
    {
      "policy": "joint_track_off_aggregate",
      "pairs": 32,
      "signal_only_recovered": 31,
      "mixed_recovered": 27,
      "paired_losses": 4,
      "lost_pairs": [
        {
          "signal_only": "fresh000",
          "mixed": "fresh001"
        },
        {
          "signal_only": "fresh056",
          "mixed": "fresh057"
        },
        {
          "signal_only": "fresh100",
          "mixed": "fresh101"
        },
        {
          "signal_only": "fresh107",
          "mixed": "fresh108"
        }
      ]
    },
    {
      "policy": "joint_dual_off_aggregate",
      "pairs": 32,
      "signal_only_recovered": 31,
      "mixed_recovered": 27,
      "paired_losses": 4,
      "lost_pairs": [
        {
          "signal_only": "fresh000",
          "mixed": "fresh001"
        },
        {
          "signal_only": "fresh056",
          "mixed": "fresh057"
        },
        {
          "signal_only": "fresh100",
          "mixed": "fresh101"
        },
        {
          "signal_only": "fresh107",
          "mixed": "fresh108"
        }
      ]
    }
  ],
  "audit_totals": {
    "complete_profiles": 9394,
    "direct_native_checks": 10774,
    "inputs": 262,
    "member_profile_links": 12014,
    "members": 18569,
    "new_input_detector_executions": 112,
    "new_policy_member_decisions": 55707,
    "upstream_audits_reused": 150
  },
  "distinct_native_payloads": 246,
  "fresh_distinct_native_payloads": 104,
  "fresh_payload_overlap": 0
}

Report integrity check detected the reserved result_sha256 key collision. Preserved report_summary.invalid_source_key.json; renamed only the source-reference field to source_result_sha256 and verified the corrected own seal. No summary counts or scientific evidence changed.
