{
  "status": "PASS",
  "method": "independent big-endian struct decoder and flux-centered scalar normal equations",
  "frozen_tolerances": {
    "relative": 2e-08,
    "absolute": 2e-10
  },
  "numeric_disagreements": [],
  "visits": [
    {
      "file_key": "CH_PR100041_TG000302_V0300",
      "status": "PASS",
      "raw_rows": 340,
      "enumerated_windows": 1017,
      "eligible_windows": 558,
      "numeric_and_discrete_comparisons": 6696,
      "numeric_disagreements": 0,
      "maximum_absolute_differences": {
        "score": 1.865174681370263e-14,
        "excess_electrons": 8.731149137020111e-11,
        "sigma_electrons": 5.820766091346741e-11,
        "denominator_electrons": 7.275957614183426e-11,
        "baseline_event_sum_electrons": 0.0,
        "leverage": 1.6653345369377348e-16
      },
      "signed_clusters_counts_and_summaries_verified": true
    },
    {
      "file_key": "CH_PR100041_TG001301_V0300",
      "status": "PASS",
      "raw_rows": 300,
      "enumerated_windows": 897,
      "eligible_windows": 378,
      "numeric_and_discrete_comparisons": 4536,
      "numeric_disagreements": 0,
      "maximum_absolute_differences": {
        "score": 1.9095836023552692e-14,
        "excess_electrons": 4.3655745685100555e-11,
        "sigma_electrons": 9.276845958083868e-11,
        "denominator_electrons": 1.1641532182693481e-10,
        "baseline_event_sum_electrons": 1.862645149230957e-09,
        "leverage": 1.6653345369377348e-16
      },
      "signed_clusters_counts_and_summaries_verified": true
    }
  ],
  "numeric_and_discrete_comparisons": 11232
}
