test_adjacent_file_but_virtual_gap_rejects (test_elf_metadata.ElfMetadataTests.test_adjacent_file_but_virtual_gap_rejects) ... ok
test_adjacent_load_bss_gap_cannot_back_string_table (test_elf_metadata.ElfMetadataTests.test_adjacent_load_bss_gap_cannot_back_string_table) ... ok
test_adjacent_virtual_but_noncontiguous_file_translation_rejects (test_elf_metadata.ElfMetadataTests.test_adjacent_virtual_but_noncontiguous_file_translation_rejects) ... ok
test_contiguous_file_backed_string_table_across_adjacent_loads (test_elf_metadata.ElfMetadataTests.test_contiguous_file_backed_string_table_across_adjacent_loads) ... ERROR
test_duplicate_program_header_and_overlapping_load_reject (test_elf_metadata.ElfMetadataTests.test_duplicate_program_header_and_overlapping_load_reject) ... ok
test_dynamic_mapping_and_entry_rejections (test_elf_metadata.ElfMetadataTests.test_dynamic_mapping_and_entry_rejections) ... ok
test_empty_search_path_is_preserved_without_resolution (test_elf_metadata.ElfMetadataTests.test_empty_search_path_is_preserved_without_resolution) ... ok
test_error_candidate_samples_are_bounded_without_losing_counts (test_elf_metadata.ElfMetadataTests.test_error_candidate_samples_are_bounded_without_losing_counts) ... ERROR
test_explicit_caps_only_lower_fixed_ceilings (test_elf_metadata.ElfMetadataTests.test_explicit_caps_only_lower_fixed_ceilings) ... ok
test_file_backing_rejection_retains_bounded_request_geometry (test_elf_metadata.ElfMetadataTests.test_file_backing_rejection_retains_bounded_request_geometry) ... ERROR
test_input_and_header_bounds (test_elf_metadata.ElfMetadataTests.test_input_and_header_bounds) ... ok
test_interpreter_exact_termination_and_aggregate_bound (test_elf_metadata.ElfMetadataTests.test_interpreter_exact_termination_and_aggregate_bound) ... ok
test_load_range_and_alignment_rejections (test_elf_metadata.ElfMetadataTests.test_load_range_and_alignment_rejections) ... ok
test_loader_dependency_extensions_reject (test_elf_metadata.ElfMetadataTests.test_loader_dependency_extensions_reject) ... ok
test_needed_duplicates_preserve_order_and_count_toward_caps (test_elf_metadata.ElfMetadataTests.test_needed_duplicates_preserve_order_and_count_toward_caps) ... ok
test_nonzero_tail_after_first_null_rejects (test_elf_metadata.ElfMetadataTests.test_nonzero_tail_after_first_null_rejects) ... ok
test_other_numeric_dynamic_tags_are_explicitly_uninterpreted (test_elf_metadata.ElfMetadataTests.test_other_numeric_dynamic_tags_are_explicitly_uninterpreted) ... ok
test_range_overflow_error_has_request_and_no_wrapped_end (test_elf_metadata.ElfMetadataTests.test_range_overflow_error_has_request_and_no_wrapped_end) ... ERROR
test_selected_metadata_and_intrinsic_hash (test_elf_metadata.ElfMetadataTests.test_selected_metadata_and_intrinsic_hash) ... ok
test_singleton_duplicates_and_missing_tables_reject (test_elf_metadata.ElfMetadataTests.test_singleton_duplicates_and_missing_tables_reject) ... ok
test_static_subset_has_no_dynamic_names (test_elf_metadata.ElfMetadataTests.test_static_subset_has_no_dynamic_names) ... ok
test_string_offsets_termination_encoding_and_boundaries (test_elf_metadata.ElfMetadataTests.test_string_offsets_termination_encoding_and_boundaries) ... ok
test_truncated_header_rejection_still_has_bounded_input_context (test_elf_metadata.ElfMetadataTests.test_truncated_header_rejection_still_has_bounded_input_context) ... ERROR
test_unsupported_header_families (test_elf_metadata.ElfMetadataTests.test_unsupported_header_families) ... ok
test_virtual_string_table_file_mapping_required (test_elf_metadata.ElfMetadataTests.test_virtual_string_table_file_mapping_required) ... ok

======================================================================
ERROR: test_contiguous_file_backed_string_table_across_adjacent_loads (test_elf_metadata.ElfMetadataTests.test_contiguous_file_backed_string_table_across_adjacent_loads)
----------------------------------------------------------------------
Traceback (most recent call last):
  File "/workspace/scratch/d804553c0e89/setisearch-status-20261004/results_radio_runtime_capture_repair_preparation_20261004a/test_elf_metadata.py", line 86, in test_contiguous_file_backed_string_table_across_adjacent_loads
    result = parse_elf(raw)
             ^^^^^^^^^^^^^^
  File "/workspace/scratch/d804553c0e89/setisearch-status-20261004/results_radio_runtime_capture_repair_preparation_20261004a/elf_metadata.py", line 199, in parse_elf
    string_start = file_offset(singleton[5], strsz, "dynamic string table")
                   ^^^^^^^^^^^^^^^^^^^^^^^^^^^^^^^^^^^^^^^^^^^^^^^^^^^^^^^^
  File "/workspace/scratch/d804553c0e89/setisearch-status-20261004/results_radio_runtime_capture_repair_preparation_20261004a/elf_metadata.py", line 130, in file_offset
    _require(len(candidates) == 1, label + " has no unique file-backed PT_LOAD")
  File "/workspace/scratch/d804553c0e89/setisearch-status-20261004/results_radio_runtime_capture_repair_preparation_20261004a/elf_metadata.py", line 44, in _require
    raise ElfMetadataError(message)
prepared_elf_metadata.ElfMetadataError: dynamic string table has no unique file-backed PT_LOAD

======================================================================
ERROR: test_error_candidate_samples_are_bounded_without_losing_counts (test_elf_metadata.ElfMetadataTests.test_error_candidate_samples_are_bounded_without_losing_counts)
----------------------------------------------------------------------
Traceback (most recent call last):
  File "/workspace/scratch/d804553c0e89/setisearch-status-20261004/results_radio_runtime_capture_repair_preparation_20261004a/test_elf_metadata.py", line 136, in test_error_candidate_samples_are_bounded_without_losing_counts
    context = raised.exception.context
              ^^^^^^^^^^^^^^^^^^^^^^^^
AttributeError: 'ElfMetadataError' object has no attribute 'context'

======================================================================
ERROR: test_file_backing_rejection_retains_bounded_request_geometry (test_elf_metadata.ElfMetadataTests.test_file_backing_rejection_retains_bounded_request_geometry)
----------------------------------------------------------------------
Traceback (most recent call last):
  File "/workspace/scratch/d804553c0e89/setisearch-status-20261004/results_radio_runtime_capture_repair_preparation_20261004a/test_elf_metadata.py", line 107, in test_file_backing_rejection_retains_bounded_request_geometry
    context = raised.exception.context
              ^^^^^^^^^^^^^^^^^^^^^^^^
AttributeError: 'ElfMetadataError' object has no attribute 'context'

======================================================================
ERROR: test_range_overflow_error_has_request_and_no_wrapped_end (test_elf_metadata.ElfMetadataTests.test_range_overflow_error_has_request_and_no_wrapped_end)
----------------------------------------------------------------------
Traceback (most recent call last):
  File "/workspace/scratch/d804553c0e89/setisearch-status-20261004/results_radio_runtime_capture_repair_preparation_20261004a/test_elf_metadata.py", line 146, in test_range_overflow_error_has_request_and_no_wrapped_end
    self.assertEqual(raised.exception.context["table_address"], (1 << 64) - 64)
                     ^^^^^^^^^^^^^^^^^^^^^^^^
AttributeError: 'ElfMetadataError' object has no attribute 'context'

======================================================================
ERROR: test_truncated_header_rejection_still_has_bounded_input_context (test_elf_metadata.ElfMetadataTests.test_truncated_header_rejection_still_has_bounded_input_context)
----------------------------------------------------------------------
Traceback (most recent call last):
  File "/workspace/scratch/d804553c0e89/setisearch-status-20261004/results_radio_runtime_capture_repair_preparation_20261004a/test_elf_metadata.py", line 154, in test_truncated_header_rejection_still_has_bounded_input_context
    self.assertEqual(raised.exception.context["file_bytes"], 63)
                     ^^^^^^^^^^^^^^^^^^^^^^^^
AttributeError: 'ElfMetadataError' object has no attribute 'context'

----------------------------------------------------------------------
Ran 25 tests in 0.006s

FAILED (errors=5)
