{
  "audit_pass": true,
  "raw_timing_rows": 8020,
  "timing_and_quality_scalar_checks": 40100,
  "raw_motion_scalar_checks": 16040,
  "prf_files_checked": 50,
  "physical_wcs_corner_checks": 8,
  "physical_wcs_max_abs_error_pixels": 0.0,
  "preserved_manifest_entries": 56,
  "historical_tracked_files_unchanged": true,
  "engineering_time_series_audited": false,
  "scientific_detector_qualification": false,
  "previous_run_comparison": {
    "run_id": 34828116310,
    "prf_hashes_unchanged": 50,
    "timing_rows_unchanged": 8020,
    "only_header_value_changes": "FITS undefined values encoded as JSON null instead of process-specific object repr",
    "normalized_undefined_header_values": [
      {
        "sector": 29,
        "hdu": 0,
        "keyword": "MH"
      },
      {
        "sector": 29,
        "hdu": 1,
        "keyword": "PDC_VAR"
      },
      {
        "sector": 29,
        "hdu": 1,
        "keyword": "PDC_VARP"
      },
      {
        "sector": 29,
        "hdu": 1,
        "keyword": "PDC_EPT"
      },
      {
        "sector": 29,
        "hdu": 1,
        "keyword": "PDC_EPTP"
      },
      {
        "sector": 32,
        "hdu": 0,
        "keyword": "MH"
      },
      {
        "sector": 32,
        "hdu": 1,
        "keyword": "PDC_VAR"
      },
      {
        "sector": 32,
        "hdu": 1,
        "keyword": "PDC_VARP"
      },
      {
        "sector": 32,
        "hdu": 1,
        "keyword": "PDC_EPT"
      },
      {
        "sector": 32,
        "hdu": 1,
        "keyword": "PDC_EPTP"
      }
    ]
  }
}
