WARNING: FITSFixedWarning: 'unitfix' made the change 'Changed units:
  'PIXEL' -> 'pixel',
  'PIXEL' -> 'pixel'. [astropy.wcs.wcs]
Sector 29: exact old cadence/time/motion join; 4010 timing rows restored
Sector 32: exact old cadence/time/motion join; 4010 timing rows restored
PRF models: 50/50 restored
{
  "timing_rows": 8020,
  "restored_prf_models": 50,
  "expected_prf_image_pairs": 50,
  "preserved_manifest_entries": 56
}
{
  "engineering": {
    "url": "https://archive.stsci.edu/missions/tess/engineering/",
    "time_series_downloaded": false,
    "time_reference_verified": false,
    "selected_links": [
      {
        "sector": 29,
        "name": "tess2020268170816_sector29-eng.fits",
        "url": "https://archive.stsci.edu/missions/tess/engineering/tess2020268170816_sector29-eng.fits"
      },
      {
        "sector": 29,
        "name": "tess2020268170816_sector29-quat.fits",
        "url": "https://archive.stsci.edu/missions/tess/engineering/tess2020268170816_sector29-quat.fits"
      },
      {
        "sector": 32,
        "name": "tess2020352110200_sector32-eng.fits",
        "url": "https://archive.stsci.edu/missions/tess/engineering/tess2020352110200_sector32-eng.fits"
      },
      {
        "sector": 32,
        "name": "tess2020352110200_sector32-quat.fits",
        "url": "https://archive.stsci.edu/missions/tess/engineering/tess2020352110200_sector32-quat.fits"
      }
    ],
    "final_url": "https://archive.stsci.edu/missions/tess/engineering/",
    "bytes": 84929,
    "sha256": "016777940795607d21d04e0f88fc9d428301b72a0388eeb5229245fa9af9fb6d",
    "http_status": 200,
    "status": "listed"
  }
}
