{
  "status": "PASS",
  "method": "independent big-endian struct decoder and flux-centered scalar normal equations",
  "frozen_tolerances": {
    "relative": 2e-08,
    "absolute": 2e-10
  },
  "numeric_disagreements": [],
  "visits": [
    {
      "file_key": "CH_PR100018_TG007401_V0300",
      "status": "PASS",
      "raw_rows": 83,
      "enumerated_windows": 246,
      "eligible_windows": 117,
      "numeric_and_discrete_comparisons": 1404,
      "numeric_disagreements": 0,
      "maximum_absolute_differences": {
        "score": 1.3322676295501878e-15,
        "excess_electrons": 7.275957614183426e-12,
        "sigma_electrons": 4.547473508864641e-12,
        "denominator_electrons": 5.4569682106375694e-12,
        "baseline_event_sum_electrons": 0.0,
        "leverage": 1.6653345369377348e-16
      },
      "signed_clusters_counts_and_summaries_verified": true
    },
    {
      "file_key": "CH_PR100018_TG007402_V0300",
      "status": "PASS",
      "raw_rows": 65,
      "enumerated_windows": 192,
      "eligible_windows": 48,
      "numeric_and_discrete_comparisons": 576,
      "numeric_disagreements": 0,
      "maximum_absolute_differences": {
        "score": 6.661338147750939e-16,
        "excess_electrons": 7.73070496506989e-12,
        "sigma_electrons": 5.4569682106375694e-12,
        "denominator_electrons": 9.094947017729282e-12,
        "baseline_event_sum_electrons": 0.0,
        "leverage": 1.1102230246251565e-16
      },
      "signed_clusters_counts_and_summaries_verified": true
    }
  ],
  "numeric_and_discrete_comparisons": 1980
}
