{
  "stage": "LS8BD_GJ494_TWO_VISIT_L2_SCREEN",
  "status": "COMPLETE_UNAUDITED",
  "evaluation_freeze_commit": "905b30a6800a804eef5862e8924636141444306f",
  "target": "GJ 494",
  "selected_keys": [
    "CH_PR100018_TG007401_V0300",
    "CH_PR100018_TG007402_V0300"
  ],
  "method": "unchanged pinned LS8K flux-centered DEFAULT-L2 scorer and signed clustering",
  "sideband_rows_each_side": 12,
  "guard_rows": 2,
  "durations_rows": [
    1,
    2,
    3
  ],
  "screen_threshold": 8.5,
  "visits": [
    {
      "file_key": "CH_PR100018_TG007401_V0300",
      "rows": 83,
      "status_zero_finite_rows": 81,
      "cadence_seconds": 42.0,
      "eligible_windows": 117,
      "duration_results": [
        {
          "duration_rows": 1,
          "duration_seconds": 42.0,
          "eligible_windows": 40,
          "positive_windows": 1,
          "negative_windows": 0,
          "maximum_score": 17.588818768660996,
          "minimum_score": -2.4266512635824555
        },
        {
          "duration_rows": 2,
          "duration_seconds": 84.0,
          "eligible_windows": 39,
          "positive_windows": 1,
          "negative_windows": 0,
          "maximum_score": 10.879675030422055,
          "minimum_score": -2.774630094976791
        },
        {
          "duration_rows": 3,
          "duration_seconds": 126.0,
          "eligible_windows": 38,
          "positive_windows": 0,
          "negative_windows": 0,
          "maximum_score": 8.384127186642953,
          "minimum_score": -2.7375566019045685
        }
      ],
      "positive_windows": 2,
      "negative_windows": 0,
      "positive_clusters": 1,
      "negative_clusters": 0,
      "maximum_score": 17.588818768660996,
      "minimum_score": -2.774630094976791,
      "unique_event_rows": 40,
      "eligible_event_row_union_seconds": 1680.0
    },
    {
      "file_key": "CH_PR100018_TG007402_V0300",
      "rows": 65,
      "status_zero_finite_rows": 64,
      "cadence_seconds": 42.0,
      "eligible_windows": 48,
      "duration_results": [
        {
          "duration_rows": 1,
          "duration_seconds": 42.0,
          "eligible_windows": 17,
          "positive_windows": 0,
          "negative_windows": 0,
          "maximum_score": 0.9279205010907484,
          "minimum_score": -1.9086275199665208
        },
        {
          "duration_rows": 2,
          "duration_seconds": 84.0,
          "eligible_windows": 16,
          "positive_windows": 0,
          "negative_windows": 0,
          "maximum_score": 0.2957870799509257,
          "minimum_score": -2.4420053560058093
        },
        {
          "duration_rows": 3,
          "duration_seconds": 126.0,
          "eligible_windows": 15,
          "positive_windows": 0,
          "negative_windows": 0,
          "maximum_score": 0.27454098046566644,
          "minimum_score": -3.1806517144623525
        }
      ],
      "positive_windows": 0,
      "negative_windows": 0,
      "positive_clusters": 0,
      "negative_clusters": 0,
      "maximum_score": 0.9279205010907484,
      "minimum_score": -3.1806517144623525,
      "unique_event_rows": 17,
      "eligible_event_row_union_seconds": 714.0
    }
  ],
  "totals": {
    "rows": 148,
    "eligible_windows": 165,
    "positive_windows": 2,
    "negative_windows": 0,
    "positive_clusters": 1,
    "negative_clusters": 0,
    "science_table_bytes": 20424
  },
  "other_apertures_opened": false,
  "image_bytes_acquired": 0,
  "raw_imagettes_opened": false,
  "detector_qualified": false,
  "candidate_claims": 0,
  "interpretation": "Independent rank-23 two-visit L2 screen; signed endpoints are not Gaussian significances."
}
