96 M43P arrays verified; central baseline scores retained
training calibration template 1/37
training calibration template 2/37
training calibration template 3/37
training calibration template 4/37
training calibration template 5/37
training calibration template 6/37
training calibration template 7/37
training calibration template 8/37
training calibration template 9/37
training calibration template 10/37
training calibration template 11/37
training calibration template 12/37
training calibration template 13/37
training calibration template 14/37
training calibration template 15/37
training calibration template 16/37
training calibration template 17/37
training calibration template 18/37
training calibration template 19/37
training calibration template 20/37
training calibration template 21/37
training calibration template 22/37
training calibration template 23/37
training calibration template 24/37
training calibration template 25/37
training calibration template 26/37
training calibration template 27/37
training calibration template 28/37
training calibration template 29/37
training calibration template 30/37
training calibration template 31/37
training calibration template 32/37
training calibration template 33/37
training calibration template 34/37
training calibration template 35/37
training calibration template 36/37
training calibration template 37/37
Fixed baseline threshold: 10.0; certificate saved before held-out evaluation
held-out calibration template 1/37
held-out calibration template 2/37
held-out calibration template 3/37
held-out calibration template 4/37
held-out calibration template 5/37
held-out calibration template 6/37
held-out calibration template 7/37
held-out calibration template 8/37
held-out calibration template 9/37
held-out calibration template 10/37
held-out calibration template 11/37
held-out calibration template 12/37
held-out calibration template 13/37
held-out calibration template 14/37
held-out calibration template 15/37
held-out calibration template 16/37
held-out calibration template 17/37
held-out calibration template 18/37
held-out calibration template 19/37
held-out calibration template 20/37
held-out calibration template 21/37
held-out calibration template 22/37
held-out calibration template 23/37
held-out calibration template 24/37
held-out calibration template 25/37
held-out calibration template 26/37
held-out calibration template 27/37
held-out calibration template 28/37
held-out calibration template 29/37
held-out calibration template 30/37
held-out calibration template 31/37
held-out calibration template 32/37
held-out calibration template 33/37
held-out calibration template 34/37
held-out calibration template 35/37
held-out calibration template 36/37
held-out calibration template 37/37
Held-out pre-veto exceedances: 0/128
epoch1_on: eight native caches and all cropped baseline scores exact
epoch2_on: eight native caches and all cropped baseline scores exact
epoch3_on: eight native caches and all cropped baseline scores exact
Baseline complete: ON 0, OFF 0
truth 0 SNR 8: retained=True physical=True recovered=True; 5.6s
truth 0 SNR 32: retained=True physical=True recovered=True; 5.8s
truth 0 SNR 64: retained=True physical=True recovered=True; 6.3s
truth 1 SNR 8: retained=True physical=True recovered=True; 5.7s
truth 1 SNR 32: retained=True physical=True recovered=True; 5.4s
truth 1 SNR 64: retained=True physical=True recovered=True; 5.8s
truth 2 SNR 8: retained=True physical=True recovered=True; 5.7s
truth 2 SNR 32: retained=True physical=True recovered=True; 5.6s
truth 2 SNR 64: retained=True physical=True recovered=True; 5.9s
truth 3 SNR 8: retained=True physical=True recovered=True; 6.0s
truth 3 SNR 32: retained=True physical=True recovered=True; 6.1s
truth 3 SNR 64: retained=True physical=True recovered=True; 8.1s
truth 4 SNR 8: retained=True physical=True recovered=True; 5.8s
truth 4 SNR 32: retained=True physical=True recovered=True; 5.0s
truth 4 SNR 64: retained=True physical=True recovered=True; 5.4s
truth 5 SNR 8: retained=True physical=True recovered=True; 5.0s
truth 5 SNR 32: retained=True physical=True recovered=True; 5.6s
truth 5 SNR 64: retained=True physical=True recovered=True; 5.9s
truth 6 SNR 8: retained=True physical=True recovered=True; 5.6s
truth 6 SNR 32: retained=True physical=True recovered=True; 5.5s
truth 6 SNR 64: retained=True physical=True recovered=True; 6.0s
truth 7 SNR 8: retained=True physical=True recovered=True; 5.7s
truth 7 SNR 32: retained=True physical=True recovered=True; 5.7s
truth 7 SNR 64: retained=True physical=True recovered=True; 7.2s
[
  {
    "nominal_epoch_snr": 0,
    "denominator": 8,
    "retained": 0,
    "passes_physical_vetoes": 0,
    "recovered": 0
  },
  {
    "nominal_epoch_snr": 8,
    "denominator": 8,
    "retained": 8,
    "passes_physical_vetoes": 8,
    "recovered": 8
  },
  {
    "nominal_epoch_snr": 32,
    "denominator": 8,
    "retained": 8,
    "passes_physical_vetoes": 8,
    "recovered": 8
  },
  {
    "nominal_epoch_snr": 64,
    "denominator": 8,
    "retained": 8,
    "passes_physical_vetoes": 8,
    "recovered": 8
  }
]
