Sector 29: 390 native training records, 165 excluded-background regressions, 30 nested folds
Sector 32: 390 native training records, 165 excluded-background regressions, 30 nested folds
Evaluated 600/7080 fixed cases
Evaluated 1200/7080 fixed cases
Evaluated 1800/7080 fixed cases
Evaluated 2400/7080 fixed cases
Evaluated 3000/7080 fixed cases
Evaluated 3600/7080 fixed cases
Evaluated 4200/7080 fixed cases
Evaluated 4800/7080 fixed cases
Evaluated 5400/7080 fixed cases
Evaluated 6000/7080 fixed cases
Evaluated 6600/7080 fixed cases
{
  "trials": 7080,
  "spatial_frames": 174,
  "development_requirements_pass": false,
  "comparisons": [
    {
      "sector": 29,
      "reference": "ls7g_broad_minus1",
      "paired_trials": 3540,
      "signal_rows": 1320,
      "control_rows": 2220,
      "reference_recovered": 1161,
      "conditional_recovered": 1007,
      "stellar_losses": 174,
      "stellar_gains": 20,
      "controls_newly_accepted": 2,
      "controls_newly_rejected": 33
    },
    {
      "sector": 29,
      "reference": "ls7h_augmented_minus1",
      "paired_trials": 3540,
      "signal_rows": 1320,
      "control_rows": 2220,
      "reference_recovered": 1151,
      "conditional_recovered": 1007,
      "stellar_losses": 165,
      "stellar_gains": 21,
      "controls_newly_accepted": 2,
      "controls_newly_rejected": 16
    },
    {
      "sector": 29,
      "reference": "static",
      "paired_trials": 3540,
      "signal_rows": 1320,
      "control_rows": 2220,
      "reference_recovered": 1024,
      "conditional_recovered": 1007,
      "stellar_losses": 32,
      "stellar_gains": 15,
      "controls_newly_accepted": 2,
      "controls_newly_rejected": 4
    },
    {
      "sector": 32,
      "reference": "ls7f_broad_minus1",
      "paired_trials": 3180,
      "signal_rows": 1320,
      "control_rows": 1860,
      "reference_recovered": 1178,
      "conditional_recovered": 821,
      "stellar_losses": 365,
      "stellar_gains": 8,
      "controls_newly_accepted": 16,
      "controls_newly_rejected": 0
    },
    {
      "sector": 32,
      "reference": "static",
      "paired_trials": 3540,
      "signal_rows": 1320,
      "control_rows": 2220,
      "reference_recovered": 1065,
      "conditional_recovered": 821,
      "stellar_losses": 261,
      "stellar_gains": 17,
      "controls_newly_accepted": 18,
      "controls_newly_rejected": 0
    }
  ]
}
