{
  "status": "READONLY_AUDIT_PASS_ORIGINAL_INTEGRATION_STILL_FAILED",
  "archive_check": {
    "case_identity": "8459e5237abe95686a2d94c5cb8c9d63d144a13a4474cb2c264720e583932007",
    "status": "failed",
    "artifact_count": 190,
    "artifact_bytes": 16886543,
    "execution_restart_authorized": false,
    "can_read_complete_evidence": false,
    "incomplete_is_statistical_empty": false
  },
  "verified_physical_checkpoints": 19,
  "intended_physical_views": 22,
  "uncommitted_physical_members": [
    "parts/3598e0574f9dfa75c1c76fd3fde9b51f4e7263515e9d19d5790092488af3a93e",
    "parts/a240f52bf3492a40f21721e0e32ed63388b7b69f91debc12b7f4e77a0398ebca",
    "parts/ab893203edf2999436cb5c0e03943b1c199260ed571a5c04abe60a3b3e3018c8",
    "parts/e35fc9bdd4e441b29dd9f327896d4f8cb78bcdad84b3209f57be30bdbaa2e0f7"
  ],
  "uncommitted_physical_member_bytes": 194476,
  "physical_terminal_footer_present": false,
  "physical_summary": {
    "checkpoints": 19,
    "stored_bytes": 14881311,
    "charged_case_bytes": 16885663,
    "orphan_paths": [
      "parts/3598e0574f9dfa75c1c76fd3fde9b51f4e7263515e9d19d5790092488af3a93e",
      "parts/a240f52bf3492a40f21721e0e32ed63388b7b69f91debc12b7f4e77a0398ebca",
      "parts/ab893203edf2999436cb5c0e03943b1c199260ed571a5c04abe60a3b3e3018c8",
      "parts/e35fc9bdd4e441b29dd9f327896d4f8cb78bcdad84b3209f57be30bdbaa2e0f7"
    ],
    "status": null,
    "latest_checkpoint_sha256": "b6baa80ada2621bb2731ca20240a9b4a4060bc68ec654536d03c5cd7b9736efd",
    "execution_restart_authorized": false,
    "scientific_admission_authorized": false
  },
  "history": {
    "schema": "radio-readonly-journal-history-v1",
    "archive_sha256": "85fe94f4b5a70fedcabcefbe4900d5a8dff99a16adbb833120c1863bced6c171",
    "encoded_bytes": 101896,
    "revision_count": 193,
    "restored_canonical_bytes": 7952097,
    "latest_revision_sha256": "aef807866c081b097b389ce91995f7644eb5b1ae75a70613dcb70e7b6d15cb97",
    "execution_restart_authorized": false,
    "writable_store_qualified": false,
    "source_artifact_payloads_included": false
  },
  "all_original_revision_bytes_exact": true,
  "outer_failure_footer_bytes": 880,
  "closed_source_file_count": 387,
  "closed_source_bytes": 24849039,
  "closed_files_unchanged": true,
  "original_scope_outcome": "CLOSED_BYTE_INTEGRATION_FAILURE",
  "new_case_consumption": false,
  "new_random_values": 0,
  "new_native_scores": 0,
  "new_physical_decisions": 0,
  "elapsed_seconds": 3.176651606001542,
  "peak_rss_bytes": 146685952
}
