test_all_base_artifacts_must_be_in_existing_byte_pins (test_radio_physical_case.PhysicalCaseTests.test_all_base_artifacts_must_be_in_existing_byte_pins) ... ok
test_checkpoint_file_count_stops_before_any_partial_new_batch (test_radio_physical_case.PhysicalCaseTests.test_checkpoint_file_count_stops_before_any_partial_new_batch) ... ok
test_cumulative_journal_capacity_stops_before_artifact_write_and_allows_failed_closure (test_radio_physical_case.PhysicalCaseTests.test_cumulative_journal_capacity_stops_before_artifact_write_and_allows_failed_closure) ... ok
test_dynamic_member_cannot_be_written_after_seal (test_radio_physical_case.PhysicalCaseTests.test_dynamic_member_cannot_be_written_after_seal) ... ok
test_failed_group_seal_blocks_direct_lease_completion (test_radio_physical_case.PhysicalCaseTests.test_failed_group_seal_blocks_direct_lease_completion) ... ok
test_failed_physical_state_seals_as_failed_parent_not_complete (test_radio_physical_case.PhysicalCaseTests.test_failed_physical_state_seals_as_failed_parent_not_complete) ... ok
test_failure_finalization_has_one_shared_five_second_window (test_radio_physical_case.PhysicalCaseTests.test_failure_finalization_has_one_shared_five_second_window) ... ok
test_failure_finalization_is_irreversible_and_limited_to_reserved_files (test_radio_physical_case.PhysicalCaseTests.test_failure_finalization_is_irreversible_and_limited_to_reserved_files) ... ok
test_fixed_legacy_manifest_still_rejects_dynamic_extras_on_completion (test_radio_physical_case.PhysicalCaseTests.test_fixed_legacy_manifest_still_rejects_dynamic_extras_on_completion) ... ok
test_flat_round_trip_and_unknown_names_rejected (test_radio_physical_case.PhysicalCaseTests.test_flat_round_trip_and_unknown_names_rejected) ... ok
test_full_parent_budget_cannot_consume_failure_reserve (test_radio_physical_case.PhysicalCaseTests.test_full_parent_budget_cannot_consume_failure_reserve) ... ok
test_lost_artifact_ack_retains_written_bytes_but_no_resume_or_false_finish (test_radio_physical_case.PhysicalCaseTests.test_lost_artifact_ack_retains_written_bytes_but_no_resume_or_false_finish) ... ok
test_original_config_budget_cannot_hide_outer_reservations (test_radio_physical_case.PhysicalCaseTests.test_original_config_budget_cannot_hide_outer_reservations) ... ok
test_scientific_manifest_cannot_enable_dynamic_policy (test_radio_physical_case.PhysicalCaseTests.test_scientific_manifest_cannot_enable_dynamic_policy) ... ok
test_seal_omitting_member_cannot_pass_archive_verification (test_radio_physical_case.PhysicalCaseTests.test_seal_omitting_member_cannot_pass_archive_verification) ... ok
test_success_all_dynamic_members_registered_once_and_charged (test_radio_physical_case.PhysicalCaseTests.test_success_all_dynamic_members_registered_once_and_charged) ... ok
test_timeout_writes_only_bounded_reserved_failed_footer (test_radio_physical_case.PhysicalCaseTests.test_timeout_writes_only_bounded_reserved_failed_footer) ... ok
test_too_small_journal_cannot_enable_group (test_radio_physical_case.PhysicalCaseTests.test_too_small_journal_cannot_enable_group) ... ok
test_torn_artifact_stays_visible_and_case_is_uncertain (test_radio_physical_case.PhysicalCaseTests.test_torn_artifact_stays_visible_and_case_is_uncertain) ... ok
test_unrecognized_file_outside_policy_rejected_before_durable_write (test_radio_physical_case.PhysicalCaseTests.test_unrecognized_file_outside_policy_rejected_before_durable_write) ... ok
test_unregistered_or_symlinked_base_file_prevents_entry (test_radio_physical_case.PhysicalCaseTests.test_unregistered_or_symlinked_base_file_prevents_entry) ... ok
test_wrong_prospective_physical_binding_rejected_before_write (test_radio_physical_case.PhysicalCaseTests.test_wrong_prospective_physical_binding_rejected_before_write) ... ok
test_attempt_failed_cannot_move_to_next_case (test_radio_whole_cadence_journal.JournalTests.test_attempt_failed_cannot_move_to_next_case) ... ok
test_cas_conflict_does_not_overwrite_newer_revision (test_radio_whole_cadence_journal.JournalTests.test_cas_conflict_does_not_overwrite_newer_revision) ... ok
test_changed_plan_does_not_consume (test_radio_whole_cadence_journal.JournalTests.test_changed_plan_does_not_consume) ... ok
test_clock_limit_blocks_completion (test_radio_whole_cadence_journal.JournalTests.test_clock_limit_blocks_completion) ... ok
test_cumulative_evidence_reservations_never_refunded (test_radio_whole_cadence_journal.JournalTests.test_cumulative_evidence_reservations_never_refunded) ... ok
test_cumulative_time_reservations_never_refunded (test_radio_whole_cadence_journal.JournalTests.test_cumulative_time_reservations_never_refunded) ... ok
test_duplicate_consumption_stops_before_local_directory (test_radio_whole_cadence_journal.JournalTests.test_duplicate_consumption_stops_before_local_directory) ... ok
test_engineering_lease_rejected_before_proposed_generator (test_radio_whole_cadence_journal.JournalTests.test_engineering_lease_rejected_before_proposed_generator) ... ok
test_failed_local_directory_still_consumes (test_radio_whole_cadence_journal.JournalTests.test_failed_local_directory_still_consumes) ... ok
test_finish_missing_required_artifact_rejected (test_radio_whole_cadence_journal.JournalTests.test_finish_missing_required_artifact_rejected) ... ok
test_finished_lease_cannot_restart (test_radio_whole_cadence_journal.JournalTests.test_finished_lease_cannot_restart) ... ok
test_incomplete_archive_is_readonly_and_not_empty (test_radio_whole_cadence_journal.JournalTests.test_incomplete_archive_is_readonly_and_not_empty) ... ok
test_independent_manifest_checkpoint_required (test_radio_whole_cadence_journal.JournalTests.test_independent_manifest_checkpoint_required) ... ok
test_local_store_cannot_be_scientific_authority (test_radio_whole_cadence_journal.JournalTests.test_local_store_cannot_be_scientific_authority) ... ok
test_missing_completed_artifact_rejected (test_radio_whole_cadence_journal.JournalTests.test_missing_completed_artifact_rejected) ... ok
test_mutated_case_quota_cannot_enlarge_running_lease (test_radio_whole_cadence_journal.JournalTests.test_mutated_case_quota_cannot_enlarge_running_lease) ... ok
test_mutated_chain_fails_even_with_new_document_digest (test_radio_whole_cadence_journal.JournalTests.test_mutated_chain_fails_even_with_new_document_digest) ... ok
test_mutated_memory_cap_cannot_enlarge_running_lease (test_radio_whole_cadence_journal.JournalTests.test_mutated_memory_cap_cannot_enlarge_running_lease) ... ok
test_no_artifact_overwrite (test_radio_whole_cadence_journal.JournalTests.test_no_artifact_overwrite) ... ok
test_order_cannot_skip_first_case (test_radio_whole_cadence_journal.JournalTests.test_order_cannot_skip_first_case) ... ok
test_partial_unregistered_write_never_completes (test_radio_whole_cadence_journal.JournalTests.test_partial_unregistered_write_never_completes) ... ok
test_path_escape_rejected (test_radio_whole_cadence_journal.JournalTests.test_path_escape_rejected) ... ok
test_registered_artifact_corruption_rejected (test_radio_whole_cadence_journal.JournalTests.test_registered_artifact_corruption_rejected) ... ok
test_regressed_clock_rejected (test_radio_whole_cadence_journal.JournalTests.test_regressed_clock_rejected) ... ok
test_remote_ambiguity_after_publish_never_returns_permission (test_radio_whole_cadence_journal.JournalTests.test_remote_ambiguity_after_publish_never_returns_permission) ... ok
test_rss_and_modelled_memory_caps (test_radio_whole_cadence_journal.JournalTests.test_rss_and_modelled_memory_caps) ... ok
test_single_case_bytes_capped_before_write (test_radio_whole_cadence_journal.JournalTests.test_single_case_bytes_capped_before_write) ... ok
test_stale_revision_rejected (test_radio_whole_cadence_journal.JournalTests.test_stale_revision_rejected) ... ok
test_successful_archive_restores_readonly (test_radio_whole_cadence_journal.JournalTests.test_successful_archive_restores_readonly) ... ok
test_symlink_artifact_is_not_an_archive (test_radio_whole_cadence_journal.JournalTests.test_symlink_artifact_is_not_an_archive) ... ok
test_torn_head_is_not_repaired (test_radio_whole_cadence_journal.JournalTests.test_torn_head_is_not_repaired) ... ok
test_wrong_readback_never_returns_permission (test_radio_whole_cadence_journal.JournalTests.test_wrong_readback_never_returns_permission) ... ok
test_bad_receiver_receipt_and_returned_signatures_are_saved_before_check (test_radio_physical_evidence.IntegrationTests.test_bad_receiver_receipt_and_returned_signatures_are_saved_before_check) ... ok
test_keyboard_interrupt_is_failed_evidence_without_restart (test_radio_physical_evidence.IntegrationTests.test_keyboard_interrupt_is_failed_evidence_without_restart) ... ok
test_observer_leaves_numerical_result_byte_identical (test_radio_physical_evidence.IntegrationTests.test_observer_leaves_numerical_result_byte_identical) ... ok
test_storage_capacity_failure_cannot_return_complete_physical_result (test_radio_physical_evidence.IntegrationTests.test_storage_capacity_failure_cannot_return_complete_physical_result) ... ok
test_timeout_keeps_latest_stage_and_final_failed_snapshot_with_rss (test_radio_physical_evidence.IntegrationTests.test_timeout_keeps_latest_stage_and_final_failed_snapshot_with_rss) ... ok
test_adjacent_below_floor_does_not_veto (test_radio_whole_cadence_physical.PhysicalTests.test_adjacent_below_floor_does_not_veto) ... ok
test_adjacent_exact_floor_in_active_epoch_vetoes (test_radio_whole_cadence_physical.PhysicalTests.test_adjacent_exact_floor_in_active_epoch_vetoes) ... ok
test_adjacent_ignores_inactive_epoch (test_radio_whole_cadence_physical.PhysicalTests.test_adjacent_ignores_inactive_epoch) ... ok
test_adjacent_uses_unmasked_value (test_radio_whole_cadence_physical.PhysicalTests.test_adjacent_uses_unmasked_value) ... ok
test_alias_bucket_capacity_fails_closed (test_radio_whole_cadence_physical.PhysicalTests.test_alias_bucket_capacity_fails_closed) ... ok
test_alias_visit_capacity_fails_closed (test_radio_whole_cadence_physical.PhysicalTests.test_alias_visit_capacity_fails_closed) ... ok
test_all_off_witnesses_retained_and_best_by_score_then_order (test_radio_whole_cadence_physical.PhysicalTests.test_all_off_witnesses_retained_and_best_by_score_then_order) ... ok
test_cross_component_two_epoch_stationary_alias_vetoes_both (test_radio_whole_cadence_physical.PhysicalTests.test_cross_component_two_epoch_stationary_alias_vetoes_both) ... ok
test_earlier_off_veto_precedes_alias_but_both_evidence_retained (test_radio_whole_cadence_physical.PhysicalTests.test_earlier_off_veto_precedes_alias_but_both_evidence_retained) ... ok
test_empty_full_chain_is_complete_without_survivor (test_radio_whole_cadence_physical.PhysicalTests.test_empty_full_chain_is_complete_without_survivor) ... ok
test_every_off_midpoint_is_checked_not_only_anchor (test_radio_whole_cadence_physical.PhysicalTests.test_every_off_midpoint_is_checked_not_only_anchor) ... ok
test_evidence_byte_capacity_keeps_crossing_record (test_radio_whole_cadence_physical.PhysicalTests.test_evidence_byte_capacity_keeps_crossing_record) ... ok
test_exact_off_wins_and_all_later_evidence_is_preserved (test_radio_whole_cadence_physical.PhysicalTests.test_exact_off_wins_and_all_later_evidence_is_preserved) ... ok
test_identity_partition_capacity_fails_closed (test_radio_whole_cadence_physical.PhysicalTests.test_identity_partition_capacity_fails_closed) ... ok
test_indexed_alias_matches_equal_literal_cross_component_pairs (test_radio_whole_cadence_physical.PhysicalTests.test_indexed_alias_matches_equal_literal_cross_component_pairs) ... ok
test_indexed_off_matches_equal_literal_all_pairs (test_radio_whole_cadence_physical.PhysicalTests.test_indexed_off_matches_equal_literal_all_pairs) ... ok
test_invalid_factors_and_cap_increase_rejected (test_radio_whole_cadence_physical.PhysicalTests.test_invalid_factors_and_cap_increase_rejected) ... ok
test_late_provenance_change_preserves_original_upstream_receipt (test_radio_whole_cadence_physical.PhysicalTests.test_late_provenance_change_preserves_original_upstream_receipt) ... ok
test_literal_track_exact_20_is_inclusive (test_radio_whole_cadence_physical.PhysicalTests.test_literal_track_exact_20_is_inclusive) ... ok
test_local_off_different_template_width_carrier_is_veto (test_radio_whole_cadence_physical.PhysicalTests.test_local_off_different_template_width_carrier_is_veto) ... ok
test_missing_signature_epoch_rejected_with_upstream_preserved (test_radio_whole_cadence_physical.PhysicalTests.test_missing_signature_epoch_rejected_with_upstream_preserved) ... ok
test_no_scientific_authority_and_result_hash_is_complete (test_radio_whole_cadence_physical.PhysicalTests.test_no_scientific_authority_and_result_hash_is_complete) ... ok
test_off_capacity_failure_keeps_full_upstream (test_radio_whole_cadence_physical.PhysicalTests.test_off_capacity_failure_keeps_full_upstream) ... ok
test_oversized_receiver_neighborhood_rejected (test_radio_whole_cadence_physical.PhysicalTests.test_oversized_receiver_neighborhood_rejected) ... ok
test_partial_off_witnesses_survive_visit_cap (test_radio_whole_cadence_physical.PhysicalTests.test_partial_off_witnesses_survive_visit_cap) ... ok
test_receiver_callback_cannot_mutate_upstream_records (test_radio_whole_cadence_physical.PhysicalTests.test_receiver_callback_cannot_mutate_upstream_records) ... ok
test_receiver_callback_late_score_change_fails_closed (test_radio_whole_cadence_physical.PhysicalTests.test_receiver_callback_late_score_change_fails_closed) ... ok
test_receiver_literal_20_boundary_and_next_float (test_radio_whole_cadence_physical.PhysicalTests.test_receiver_literal_20_boundary_and_next_float) ... ok
test_receiver_snr_5_5_inclusive_and_below_excluded (test_radio_whole_cadence_physical.PhysicalTests.test_receiver_snr_5_5_inclusive_and_below_excluded) ... ok
test_same_component_peaks_do_not_alias_each_other (test_radio_whole_cadence_physical.PhysicalTests.test_same_component_peaks_do_not_alias_each_other) ... ok
test_self_consistent_wrong_midpoint_rejected (test_radio_whole_cadence_physical.PhysicalTests.test_self_consistent_wrong_midpoint_rejected) ... ok
test_single_common_epoch_is_not_receiver_alias (test_radio_whole_cadence_physical.PhysicalTests.test_single_common_epoch_is_not_receiver_alias) ... ok
test_track_just_above_20_is_not_rounded_into_match (test_radio_whole_cadence_physical.PhysicalTests.test_track_just_above_20_is_not_rounded_into_match) ... ok
test_transitive_component_preserves_all_members (test_radio_whole_cadence_physical.PhysicalTests.test_transitive_component_preserves_all_members) ... ok
test_case_cap_rejected_before_any_new_file_and_footer_survives (test_radio_physical_evidence.StorageTests.test_case_cap_rejected_before_any_new_file_and_footer_survives) ... ok
test_checkpoint_limit_is_irrevocable_and_cannot_be_completed (test_radio_physical_evidence.StorageTests.test_checkpoint_limit_is_irrevocable_and_cannot_be_completed) ... ok
test_completed_marker_rejected_for_incomplete_physical_snapshot (test_radio_physical_evidence.StorageTests.test_completed_marker_rejected_for_incomplete_physical_snapshot) ... ok
test_every_checkpoint_restores_exact_original_bytes_including_empty_lists (test_radio_physical_evidence.StorageTests.test_every_checkpoint_restores_exact_original_bytes_including_empty_lists) ... ok
test_existing_artifact_pin_or_amount_cannot_be_relabelled (test_radio_physical_evidence.StorageTests.test_existing_artifact_pin_or_amount_cannot_be_relabelled) ... ok
test_existing_directory_and_readonly_data_cannot_start_writer (test_radio_physical_evidence.StorageTests.test_existing_directory_and_readonly_data_cannot_start_writer) ... ok
test_footer_write_failure_never_certifies_completed_state (test_radio_physical_evidence.StorageTests.test_footer_write_failure_never_certifies_completed_state) ... ok
test_lost_ack_after_durable_checkpoint_poisoned_but_reader_sees_written_bytes (test_radio_physical_evidence.StorageTests.test_lost_ack_after_durable_checkpoint_poisoned_but_reader_sees_written_bytes) ... ok
test_missing_or_tampered_committed_part_rejected (test_radio_physical_evidence.StorageTests.test_missing_or_tampered_committed_part_rejected) ... ok
test_partial_checkpoint_recovers_only_valid_prefix_and_never_skips_it (test_radio_physical_evidence.StorageTests.test_partial_checkpoint_recovers_only_valid_prefix_and_never_skips_it) ... ok
test_partial_part_write_preserves_prior_prefix_and_counts_orphan (test_radio_physical_evidence.StorageTests.test_partial_part_write_preserves_prior_prefix_and_counts_orphan) ... ok
test_reader_blocks_reference_expansion_before_decoding (test_radio_physical_evidence.StorageTests.test_reader_blocks_reference_expansion_before_decoding) ... ok
test_reordered_or_missing_checkpoint_rejected (test_radio_physical_evidence.StorageTests.test_reordered_or_missing_checkpoint_rejected) ... ok
test_stale_pin_cannot_hide_later_checkpoint (test_radio_physical_evidence.StorageTests.test_stale_pin_cannot_hide_later_checkpoint) ... ok
test_symlink_and_modified_reservation_rejected (test_radio_physical_evidence.StorageTests.test_symlink_and_modified_reservation_rejected) ... ok
test_unchanged_parts_are_shared_and_all_checkpoint_metadata_charged (test_radio_physical_evidence.StorageTests.test_unchanged_parts_are_shared_and_all_checkpoint_metadata_charged) ... ok
test_unregistered_file_cannot_be_hidden_by_clean_checkpoint (test_radio_physical_evidence.StorageTests.test_unregistered_file_cannot_be_hidden_by_clean_checkpoint) ... ok
test_wrong_case_has_no_checkpoint (test_radio_physical_evidence.StorageTests.test_wrong_case_has_no_checkpoint) ... ok
test_already_relabelled_compact_hash_is_rejected (test_radio_native_receiver_bridge.NativeReceiptBridgeTests.test_already_relabelled_compact_hash_is_rejected) ... ok
test_bridge_source_receipt_is_detached_from_mutable_caller (test_radio_native_receiver_bridge.NativeReceiptBridgeTests.test_bridge_source_receipt_is_detached_from_mutable_caller) ... ok
test_empty_mapping_keeps_both_byte_domains_distinct (test_radio_native_receiver_bridge.NativeReceiptBridgeTests.test_empty_mapping_keeps_both_byte_domains_distinct) ... ok
test_native_newline_hash_verified_then_distinct_hash_bridged (test_radio_native_receiver_bridge.NativeReceiptBridgeTests.test_native_newline_hash_verified_then_distinct_hash_bridged) ... ok
test_tampered_signature_is_rejected (test_radio_native_receiver_bridge.NativeReceiptBridgeTests.test_tampered_signature_is_rejected) ... ok
test_wrong_context_factor_source_or_schema_rejected (test_radio_native_receiver_bridge.NativeReceiptBridgeTests.test_wrong_context_factor_source_or_schema_rejected) ... ok

----------------------------------------------------------------------
Ran 117 tests in 3.861s

OK
