{
  "stage": "LS8S_TESS260647166_TWO_VISIT_L2_SCREEN",
  "status": "COMPLETE_UNAUDITED",
  "evaluation_freeze_commit": "94437df35db15a774388ce7ebabfcac9913b5bd1",
  "target": "TESS_260647166",
  "selected_keys": [
    "CH_PR300046_TG000101_V0300",
    "CH_PR100031_TG015701_V0300"
  ],
  "method": "unchanged pinned LS8K flux-centered DEFAULT-L2 scorer and signed clustering",
  "sideband_rows_each_side": 12,
  "guard_rows": 2,
  "durations_rows": [
    1,
    2,
    3
  ],
  "screen_threshold": 8.5,
  "visits": [
    {
      "file_key": "CH_PR300046_TG000101_V0300",
      "rows": 983,
      "status_zero_finite_rows": 809,
      "cadence_seconds": 42.0,
      "eligible_windows": 1005,
      "duration_results": [
        {
          "duration_rows": 1,
          "duration_seconds": 42.0,
          "eligible_windows": 346,
          "positive_windows": 0,
          "negative_windows": 0,
          "maximum_score": 5.409535407263361,
          "minimum_score": -5.365586854489659
        },
        {
          "duration_rows": 2,
          "duration_seconds": 84.0,
          "eligible_windows": 335,
          "positive_windows": 0,
          "negative_windows": 0,
          "maximum_score": 4.907844554289614,
          "minimum_score": -8.312537848686144
        },
        {
          "duration_rows": 3,
          "duration_seconds": 126.0,
          "eligible_windows": 324,
          "positive_windows": 0,
          "negative_windows": 2,
          "maximum_score": 6.63192676060781,
          "minimum_score": -10.085104590356147
        }
      ],
      "positive_windows": 0,
      "negative_windows": 2,
      "positive_clusters": 0,
      "negative_clusters": 1,
      "maximum_score": 6.63192676060781,
      "minimum_score": -10.085104590356147,
      "unique_event_rows": 346,
      "eligible_event_row_union_seconds": 14532.0
    },
    {
      "file_key": "CH_PR100031_TG015701_V0300",
      "rows": 764,
      "status_zero_finite_rows": 742,
      "cadence_seconds": 49.0,
      "eligible_windows": 999,
      "duration_results": [
        {
          "duration_rows": 1,
          "duration_seconds": 49.0,
          "eligible_windows": 343,
          "positive_windows": 1,
          "negative_windows": 0,
          "maximum_score": 45.46034828634348,
          "minimum_score": -3.7879385464094084
        },
        {
          "duration_rows": 2,
          "duration_seconds": 98.0,
          "eligible_windows": 333,
          "positive_windows": 2,
          "negative_windows": 0,
          "maximum_score": 34.54705090323138,
          "minimum_score": -5.05200534977544
        },
        {
          "duration_rows": 3,
          "duration_seconds": 147.0,
          "eligible_windows": 323,
          "positive_windows": 3,
          "negative_windows": 0,
          "maximum_score": 27.65275158550332,
          "minimum_score": -6.685291944190143
        }
      ],
      "positive_windows": 6,
      "negative_windows": 0,
      "positive_clusters": 1,
      "negative_clusters": 0,
      "maximum_score": 45.46034828634348,
      "minimum_score": -6.685291944190143,
      "unique_event_rows": 343,
      "eligible_event_row_union_seconds": 16807.0
    }
  ],
  "totals": {
    "rows": 1747,
    "eligible_windows": 2004,
    "positive_windows": 6,
    "negative_windows": 2,
    "positive_clusters": 1,
    "negative_clusters": 1,
    "science_table_bytes": 241086
  },
  "other_apertures_opened": false,
  "image_bytes_acquired": 0,
  "raw_imagettes_opened": false,
  "detector_qualified": false,
  "candidate_claims": 0,
  "interpretation": "Independent rank-4 two-visit L2 screen; signed endpoints are not Gaussian significances."
}
