{
  "stage": "LS8A_HELDOUT_METADATA_PREFLIGHT",
  "file_key": "CH_PR100006_TG000301_V0300",
  "content_disposition": "attachment; filename=CH_PR100006_TG000301_TU2020-12-01T14-08-40_SCI_COR_Lightcurve-DEFAULT_V0300.fits",
  "total_file_bytes": 184320,
  "header_bytes_acquired": 20160,
  "table_data_bytes_acquired": 0,
  "rows": 1178,
  "row_bytes": 138,
  "fields": 18,
  "keywords": {
    "EXTNAME": "SCI_COR_Lightcurve",
    "EXT_VER": "13.1",
    "DATA_LVL": "L2",
    "PROC_CHN": "data reduction",
    "PIPE_VER": "14.1.2",
    "TIMESYS": "TT",
    "T_STRT_U": "2020-12-01T14:08:40.001054",
    "T_STOP_U": "2020-12-02T17:25:09.996304",
    "NEXP": 20,
    "EXPTIME": 2.21099996566772,
    "TEXPTIME": 44.2200012207031,
    "EXPT_TYP": "executed",
    "AP_RADI": 25.0,
    "STACKING": null,
    "ROUNDING": null,
    "NLIN_COR": null,
    "CHECKSUM": "YrpEZom9YomEYom9",
    "DATASUM": "3319733907"
  }
}
