{
  "repro": "corrected operating cutoff preserves raw receipts and terminal result",
  "outcome": "returned CLOSED_FAILED",
  "acquired": 1,
  "spent_retained": true,
  "acquisition_receipt_retained": true,
  "transport_receipt_retained": true,
  "terminal_report_retained": true,
  "artifact_names": [
    "acquisition-numpy.json",
    "admission-witness.json",
    "artifact-manifest.json",
    "installer",
    "selected-proxy.json",
    "selected-runtime-after.json",
    "selected-runtime-before.json",
    "site",
    "spent.json",
    "supervisor-result.json",
    "tmp",
    "transport-descriptor.json",
    "transport-numpy.json",
    "wheel-lock.txt",
    "wheelhouse"
  ]
}
{
  "repro": "corrected trust_read precharges every request using prepaid allowance once",
  "raw_bytes": 5,
  "charged_bytes": 10,
  "actual_syscall_requests": [
    5,
    3,
    1,
    1
  ],
  "actual_requested_sum": 10,
  "received_sum": 5
}
