{
  "repro": "operating deadline expiry loses raw receipt and terminal result",
  "outcome": "Refusal:whole bootstrap selected deadline",
  "acquired": 1,
  "spent_retained": true,
  "acquisition_receipt_retained": false,
  "transport_receipt_retained": false,
  "terminal_report_retained": false,
  "artifact_names": [
    "admission-witness.json",
    "installer",
    "selected-proxy.json",
    "selected-runtime-before.json",
    "site",
    "spent.json",
    "tmp",
    "transport-descriptor.json",
    "wheel-lock.txt",
    "wheelhouse"
  ]
}
{
  "repro": "trust_read conservative requested-byte precharge undercounts short reads",
  "raw_bytes": 5,
  "adapter_precharge": 6,
  "actual_syscall_requests": [
    5,
    3,
    1,
    1
  ],
  "actual_requested_sum": 10,
  "received_sum": 5
}
