{
  "aggregate": [
    {
      "policy": "neighbor9",
      "signal_associations": 125,
      "leaking_controls": 40,
      "distinct_leaking_control_patch_inventories": 30,
      "control_types": {
        "interferer-only": 25,
        "supported-spike": 7,
        "ON-OFF": 8,
        "OFF-only": 0
      },
      "final_members": 16879
    },
    {
      "policy": "off_window",
      "signal_associations": 122,
      "leaking_controls": 32,
      "distinct_leaking_control_patch_inventories": 22,
      "control_types": {
        "interferer-only": 25,
        "supported-spike": 7,
        "ON-OFF": 0,
        "OFF-only": 0
      },
      "final_members": 16218
    },
    {
      "policy": "remaining_aggregate",
      "signal_associations": 120,
      "leaking_controls": 15,
      "distinct_leaking_control_patch_inventories": 11,
      "control_types": {
        "interferer-only": 7,
        "supported-spike": 0,
        "ON-OFF": 8,
        "OFF-only": 0
      },
      "final_members": 10210
    },
    {
      "policy": "combined",
      "signal_associations": 117,
      "leaking_controls": 7,
      "distinct_leaking_control_patch_inventories": 3,
      "control_types": {
        "interferer-only": 7,
        "supported-spike": 0,
        "ON-OFF": 0,
        "OFF-only": 0
      },
      "final_members": 9549
    }
  ],
  "matched_costs": [
    {
      "case_type": "distributed17-near-OFF",
      "policy": "neighbor9",
      "pairs": 32,
      "signal_only_associations": 25,
      "with_interference_associations": 0,
      "paired_losses": 25,
      "paired_gains": 0,
      "reference_recoverable_with_interference": 0,
      "added_policy_losses": 0
    },
    {
      "case_type": "distributed17-near-OFF",
      "policy": "off_window",
      "pairs": 32,
      "signal_only_associations": 25,
      "with_interference_associations": 0,
      "paired_losses": 25,
      "paired_gains": 0,
      "reference_recoverable_with_interference": 0,
      "added_policy_losses": 0
    },
    {
      "case_type": "distributed17-near-OFF",
      "policy": "remaining_aggregate",
      "pairs": 32,
      "signal_only_associations": 25,
      "with_interference_associations": 0,
      "paired_losses": 25,
      "paired_gains": 0,
      "reference_recoverable_with_interference": 0,
      "added_policy_losses": 0
    },
    {
      "case_type": "distributed17-near-OFF",
      "policy": "combined",
      "pairs": 32,
      "signal_only_associations": 25,
      "with_interference_associations": 0,
      "paired_losses": 25,
      "paired_gains": 0,
      "reference_recoverable_with_interference": 0,
      "added_policy_losses": 0
    },
    {
      "case_type": "distributed17-far-OFF",
      "policy": "neighbor9",
      "pairs": 32,
      "signal_only_associations": 25,
      "with_interference_associations": 25,
      "paired_losses": 0,
      "paired_gains": 0,
      "reference_recoverable_with_interference": 25,
      "added_policy_losses": 0
    },
    {
      "case_type": "distributed17-far-OFF",
      "policy": "off_window",
      "pairs": 32,
      "signal_only_associations": 25,
      "with_interference_associations": 25,
      "paired_losses": 0,
      "paired_gains": 0,
      "reference_recoverable_with_interference": 25,
      "added_policy_losses": 0
    },
    {
      "case_type": "distributed17-far-OFF",
      "policy": "remaining_aggregate",
      "pairs": 32,
      "signal_only_associations": 25,
      "with_interference_associations": 25,
      "paired_losses": 0,
      "paired_gains": 0,
      "reference_recoverable_with_interference": 25,
      "added_policy_losses": 0
    },
    {
      "case_type": "distributed17-far-OFF",
      "policy": "combined",
      "pairs": 32,
      "signal_only_associations": 25,
      "with_interference_associations": 25,
      "paired_losses": 0,
      "paired_gains": 0,
      "reference_recoverable_with_interference": 25,
      "added_policy_losses": 0
    },
    {
      "case_type": "combined-near-OFF",
      "policy": "neighbor9",
      "pairs": 32,
      "signal_only_associations": 32,
      "with_interference_associations": 8,
      "paired_losses": 24,
      "paired_gains": 0,
      "reference_recoverable_with_interference": 8,
      "added_policy_losses": 0
    },
    {
      "case_type": "combined-near-OFF",
      "policy": "off_window",
      "pairs": 32,
      "signal_only_associations": 32,
      "with_interference_associations": 8,
      "paired_losses": 24,
      "paired_gains": 0,
      "reference_recoverable_with_interference": 8,
      "added_policy_losses": 0
    },
    {
      "case_type": "combined-near-OFF",
      "policy": "remaining_aggregate",
      "pairs": 32,
      "signal_only_associations": 31,
      "with_interference_associations": 7,
      "paired_losses": 24,
      "paired_gains": 0,
      "reference_recoverable_with_interference": 8,
      "added_policy_losses": 1
    },
    {
      "case_type": "combined-near-OFF",
      "policy": "combined",
      "pairs": 32,
      "signal_only_associations": 31,
      "with_interference_associations": 7,
      "paired_losses": 24,
      "paired_gains": 0,
      "reference_recoverable_with_interference": 8,
      "added_policy_losses": 1
    },
    {
      "case_type": "distributed17-moderate-OFF",
      "policy": "neighbor9",
      "pairs": 32,
      "signal_only_associations": 25,
      "with_interference_associations": 9,
      "paired_losses": 16,
      "paired_gains": 0,
      "reference_recoverable_with_interference": 9,
      "added_policy_losses": 0
    },
    {
      "case_type": "distributed17-moderate-OFF",
      "policy": "off_window",
      "pairs": 32,
      "signal_only_associations": 25,
      "with_interference_associations": 6,
      "paired_losses": 19,
      "paired_gains": 0,
      "reference_recoverable_with_interference": 9,
      "added_policy_losses": 3
    },
    {
      "case_type": "distributed17-moderate-OFF",
      "policy": "remaining_aggregate",
      "pairs": 32,
      "signal_only_associations": 25,
      "with_interference_associations": 9,
      "paired_losses": 16,
      "paired_gains": 0,
      "reference_recoverable_with_interference": 9,
      "added_policy_losses": 0
    },
    {
      "case_type": "distributed17-moderate-OFF",
      "policy": "combined",
      "pairs": 32,
      "signal_only_associations": 25,
      "with_interference_associations": 6,
      "paired_losses": 19,
      "paired_gains": 0,
      "reference_recoverable_with_interference": 9,
      "added_policy_losses": 3
    },
    {
      "case_type": "mixed-unequal",
      "policy": "neighbor9",
      "pairs": 32,
      "signal_only_associations": 32,
      "with_interference_associations": 26,
      "paired_losses": 6,
      "paired_gains": 0,
      "reference_recoverable_with_interference": 26,
      "added_policy_losses": 0
    },
    {
      "case_type": "mixed-unequal",
      "policy": "off_window",
      "pairs": 32,
      "signal_only_associations": 32,
      "with_interference_associations": 26,
      "paired_losses": 6,
      "paired_gains": 0,
      "reference_recoverable_with_interference": 26,
      "added_policy_losses": 0
    },
    {
      "case_type": "mixed-unequal",
      "policy": "remaining_aggregate",
      "pairs": 32,
      "signal_only_associations": 31,
      "with_interference_associations": 23,
      "paired_losses": 8,
      "paired_gains": 0,
      "reference_recoverable_with_interference": 26,
      "added_policy_losses": 3
    },
    {
      "case_type": "mixed-unequal",
      "policy": "combined",
      "pairs": 32,
      "signal_only_associations": 31,
      "with_interference_associations": 23,
      "paired_losses": 8,
      "paired_gains": 0,
      "reference_recoverable_with_interference": 26,
      "added_policy_losses": 3
    }
  ],
  "failed_conditions": {
    "combined": [
      "no_signal_case_loss",
      "zero_interferer_only_final_members"
    ],
    "off_window": [
      "no_signal_case_loss",
      "zero_interferer_only_final_members",
      "zero_supported_spike_final_members"
    ],
    "remaining_aggregate": [
      "no_signal_case_loss",
      "zero_ON_OFF_final_members",
      "zero_interferer_only_final_members"
    ]
  }
}
