Waiting for six verified historical source restorations
All six source receipts and 96 anchor arrays verified; starting public freeze ac2337057670b40438bcbc3ff4c59ec2ed47626b
epoch1_on: eight native caches and all cropped baseline scores exact
epoch2_on: eight native caches and all cropped baseline scores exact
epoch3_on: eight native caches and all cropped baseline scores exact
Original arrays and native gathers exact; unchanged W/X arithmetic anchors reused
Shared threshold sealed: 10.0
Heldout {"count": 128, "maximum": 8.331631660461426, "threshold": 10.0, "at_or_above_threshold": 0}
1/352 combined-unequal S=24.0: {'neighbor9': (True, 7), 'off_window': (True, 7), 'remaining_aggregate': (True, 2), 'combined': (True, 2)}
2/352 mixed-unequal S=24.0: {'neighbor9': (False, 270), 'off_window': (False, 270), 'remaining_aggregate': (False, 14), 'combined': (False, 14)}
3/352 distributed17 S=24.0: {'neighbor9': (False, 0), 'off_window': (False, 0), 'remaining_aggregate': (False, 0), 'combined': (False, 0)}
4/352 distributed17-near-OFF S=24.0: {'neighbor9': (False, 0), 'off_window': (False, 0), 'remaining_aggregate': (False, 0), 'combined': (False, 0)}
5/352 distributed17-far-OFF S=24.0: {'neighbor9': (False, 0), 'off_window': (False, 0), 'remaining_aggregate': (False, 0), 'combined': (False, 0)}
6/352 combined-near-OFF S=24.0: {'neighbor9': (False, 0), 'off_window': (False, 0), 'remaining_aggregate': (False, 0), 'combined': (False, 0)}
7/352 interferer-only S=24.0: {'neighbor9': (False, 111), 'off_window': (False, 111), 'remaining_aggregate': (False, 12), 'combined': (False, 12)}
8/352 supported-spike S=24.0: {'neighbor9': (False, 0), 'off_window': (False, 0), 'remaining_aggregate': (False, 0), 'combined': (False, 0)}
9/352 ON-OFF S=24.0: {'neighbor9': (False, 0), 'off_window': (False, 0), 'remaining_aggregate': (False, 0), 'combined': (False, 0)}
10/352 OFF-only S=24.0: {'neighbor9': (False, 0), 'off_window': (False, 0), 'remaining_aggregate': (False, 0), 'combined': (False, 0)}
11/352 combined-unequal S=48.0: {'neighbor9': (True, 63), 'off_window': (True, 63), 'remaining_aggregate': (True, 19), 'combined': (True, 19)}
12/352 mixed-unequal S=48.0: {'neighbor9': (True, 393), 'off_window': (True, 393), 'remaining_aggregate': (True, 22), 'combined': (True, 22)}
13/352 distributed17 S=48.0: {'neighbor9': (True, 4), 'off_window': (True, 4), 'remaining_aggregate': (True, 4), 'combined': (True, 4)}
14/352 distributed17-near-OFF S=48.0: {'neighbor9': (False, 0), 'off_window': (False, 0), 'remaining_aggregate': (False, 0), 'combined': (False, 0)}
15/352 distributed17-far-OFF S=48.0: {'neighbor9': (True, 4), 'off_window': (True, 4), 'remaining_aggregate': (True, 4), 'combined': (True, 4)}
16/352 combined-near-OFF S=48.0: {'neighbor9': (False, 0), 'off_window': (False, 0), 'remaining_aggregate': (False, 0), 'combined': (False, 0)}
17/352 interferer-only S=48.0: {'neighbor9': (False, 116), 'off_window': (False, 116), 'remaining_aggregate': (False, 3), 'combined': (False, 3)}
18/352 supported-spike S=48.0: {'neighbor9': (False, 0), 'off_window': (False, 0), 'remaining_aggregate': (False, 0), 'combined': (False, 0)}
19/352 ON-OFF S=48.0: {'neighbor9': (False, 0), 'off_window': (False, 0), 'remaining_aggregate': (False, 0), 'combined': (False, 0)}
20/352 OFF-only S=48.0: {'neighbor9': (False, 0), 'off_window': (False, 0), 'remaining_aggregate': (False, 0), 'combined': (False, 0)}
21/352 combined-unequal S=24.0: {'neighbor9': (True, 11), 'off_window': (True, 11), 'remaining_aggregate': (True, 7), 'combined': (True, 7)}
22/352 mixed-unequal S=24.0: {'neighbor9': (True, 30), 'off_window': (True, 30), 'remaining_aggregate': (True, 7), 'combined': (True, 7)}
23/352 distributed17 S=24.0: {'neighbor9': (False, 0), 'off_window': (False, 0), 'remaining_aggregate': (False, 0), 'combined': (False, 0)}
24/352 distributed17-near-OFF S=24.0: {'neighbor9': (False, 0), 'off_window': (False, 0), 'remaining_aggregate': (False, 0), 'combined': (False, 0)}
25/352 distributed17-far-OFF S=24.0: {'neighbor9': (False, 0), 'off_window': (False, 0), 'remaining_aggregate': (False, 0), 'combined': (False, 0)}
26/352 combined-near-OFF S=24.0: {'neighbor9': (True, 11), 'off_window': (True, 11), 'remaining_aggregate': (True, 7), 'combined': (True, 7)}
27/352 interferer-only S=24.0: {'neighbor9': (False, 0), 'off_window': (False, 0), 'remaining_aggregate': (False, 0), 'combined': (False, 0)}
28/352 supported-spike S=24.0: {'neighbor9': (False, 0), 'off_window': (False, 0), 'remaining_aggregate': (False, 0), 'combined': (False, 0)}
29/352 ON-OFF S=24.0: {'neighbor9': (False, 0), 'off_window': (False, 0), 'remaining_aggregate': (False, 0), 'combined': (False, 0)}
30/352 OFF-only S=24.0: {'neighbor9': (False, 0), 'off_window': (False, 0), 'remaining_aggregate': (False, 0), 'combined': (False, 0)}
31/352 combined-unequal S=48.0: {'neighbor9': (True, 54), 'off_window': (True, 54), 'remaining_aggregate': (True, 33), 'combined': (True, 33)}
32/352 mixed-unequal S=48.0: {'neighbor9': (True, 77), 'off_window': (True, 77), 'remaining_aggregate': (True, 33), 'combined': (True, 33)}
33/352 distributed17 S=48.0: {'neighbor9': (True, 170), 'off_window': (True, 170), 'remaining_aggregate': (True, 170), 'combined': (True, 170)}
34/352 distributed17-near-OFF S=48.0: {'neighbor9': (False, 0), 'off_window': (False, 0), 'remaining_aggregate': (False, 0), 'combined': (False, 0)}
35/352 distributed17-far-OFF S=48.0: {'neighbor9': (True, 160), 'off_window': (True, 131), 'remaining_aggregate': (True, 160), 'combined': (True, 131)}
36/352 combined-near-OFF S=48.0: {'neighbor9': (True, 45), 'off_window': (True, 45), 'remaining_aggregate': (True, 32), 'combined': (True, 32)}
37/352 interferer-only S=48.0: {'neighbor9': (False, 0), 'off_window': (False, 0), 'remaining_aggregate': (False, 0), 'combined': (False, 0)}
38/352 supported-spike S=48.0: {'neighbor9': (False, 0), 'off_window': (False, 0), 'remaining_aggregate': (False, 0), 'combined': (False, 0)}
39/352 ON-OFF S=48.0: {'neighbor9': (False, 6), 'off_window': (False, 0), 'remaining_aggregate': (False, 6), 'combined': (False, 0)}
40/352 OFF-only S=48.0: {'neighbor9': (False, 0), 'off_window': (False, 0), 'remaining_aggregate': (False, 0), 'combined': (False, 0)}
41/352 combined-unequal S=24.0: {'neighbor9': (True, 11), 'off_window': (True, 11), 'remaining_aggregate': (True, 9), 'combined': (True, 9)}
42/352 mixed-unequal S=24.0: {'neighbor9': (False, 230), 'off_window': (False, 230), 'remaining_aggregate': (False, 14), 'combined': (False, 14)}
43/352 distributed17 S=24.0: {'neighbor9': (True, 2), 'off_window': (True, 2), 'remaining_aggregate': (True, 2), 'combined': (True, 2)}
44/352 distributed17-near-OFF S=24.0: {'neighbor9': (False, 0), 'off_window': (False, 0), 'remaining_aggregate': (False, 0), 'combined': (False, 0)}
45/352 distributed17-far-OFF S=24.0: {'neighbor9': (True, 2), 'off_window': (True, 2), 'remaining_aggregate': (True, 2), 'combined': (True, 2)}
46/352 combined-near-OFF S=24.0: {'neighbor9': (False, 0), 'off_window': (False, 0), 'remaining_aggregate': (False, 0), 'combined': (False, 0)}
47/352 interferer-only S=24.0: {'neighbor9': (False, 111), 'off_window': (False, 111), 'remaining_aggregate': (False, 12), 'combined': (False, 12)}
48/352 supported-spike S=24.0: {'neighbor9': (False, 0), 'off_window': (False, 0), 'remaining_aggregate': (False, 0), 'combined': (False, 0)}
49/352 ON-OFF S=24.0: {'neighbor9': (False, 0), 'off_window': (False, 0), 'remaining_aggregate': (False, 0), 'combined': (False, 0)}
50/352 OFF-only S=24.0: {'neighbor9': (False, 0), 'off_window': (False, 0), 'remaining_aggregate': (False, 0), 'combined': (False, 0)}
51/352 combined-unequal S=48.0: {'neighbor9': (True, 64), 'off_window': (True, 64), 'remaining_aggregate': (True, 28), 'combined': (True, 28)}
52/352 mixed-unequal S=48.0: {'neighbor9': (True, 212), 'off_window': (True, 212), 'remaining_aggregate': (True, 9), 'combined': (True, 9)}
53/352 distributed17 S=48.0: {'neighbor9': (True, 104), 'off_window': (True, 104), 'remaining_aggregate': (True, 94), 'combined': (True, 94)}
54/352 distributed17-near-OFF S=48.0: {'neighbor9': (False, 0), 'off_window': (False, 0), 'remaining_aggregate': (False, 0), 'combined': (False, 0)}
55/352 distributed17-far-OFF S=48.0: {'neighbor9': (True, 103), 'off_window': (True, 103), 'remaining_aggregate': (True, 93), 'combined': (True, 93)}
56/352 combined-near-OFF S=48.0: {'neighbor9': (False, 0), 'off_window': (False, 0), 'remaining_aggregate': (False, 0), 'combined': (False, 0)}
57/352 interferer-only S=48.0: {'neighbor9': (False, 116), 'off_window': (False, 116), 'remaining_aggregate': (False, 3), 'combined': (False, 3)}
58/352 supported-spike S=48.0: {'neighbor9': (False, 0), 'off_window': (False, 0), 'remaining_aggregate': (False, 0), 'combined': (False, 0)}
59/352 ON-OFF S=48.0: {'neighbor9': (False, 0), 'off_window': (False, 0), 'remaining_aggregate': (False, 0), 'combined': (False, 0)}
60/352 OFF-only S=48.0: {'neighbor9': (False, 0), 'off_window': (False, 0), 'remaining_aggregate': (False, 0), 'combined': (False, 0)}
61/352 combined-unequal S=24.0: {'neighbor9': (True, 11), 'off_window': (True, 11), 'remaining_aggregate': (True, 6), 'combined': (True, 6)}
62/352 mixed-unequal S=24.0: {'neighbor9': (True, 149), 'off_window': (True, 149), 'remaining_aggregate': (True, 6), 'combined': (True, 6)}
63/352 distributed17 S=24.0: {'neighbor9': (False, 0), 'off_window': (False, 0), 'remaining_aggregate': (False, 0), 'combined': (False, 0)}
64/352 distributed17-near-OFF S=24.0: {'neighbor9': (False, 0), 'off_window': (False, 0), 'remaining_aggregate': (False, 0), 'combined': (False, 0)}
65/352 distributed17-far-OFF S=24.0: {'neighbor9': (False, 0), 'off_window': (False, 0), 'remaining_aggregate': (False, 0), 'combined': (False, 0)}
66/352 combined-near-OFF S=24.0: {'neighbor9': (False, 0), 'off_window': (False, 0), 'remaining_aggregate': (False, 0), 'combined': (False, 0)}
67/352 interferer-only S=24.0: {'neighbor9': (False, 56), 'off_window': (False, 56), 'remaining_aggregate': (False, 0), 'combined': (False, 0)}
68/352 supported-spike S=24.0: {'neighbor9': (False, 0), 'off_window': (False, 0), 'remaining_aggregate': (False, 0), 'combined': (False, 0)}
69/352 ON-OFF S=24.0: {'neighbor9': (False, 0), 'off_window': (False, 0), 'remaining_aggregate': (False, 0), 'combined': (False, 0)}
70/352 OFF-only S=24.0: {'neighbor9': (False, 0), 'off_window': (False, 0), 'remaining_aggregate': (False, 0), 'combined': (False, 0)}
71/352 combined-unequal S=48.0: {'neighbor9': (True, 65), 'off_window': (True, 65), 'remaining_aggregate': (True, 46), 'combined': (True, 46)}
72/352 mixed-unequal S=48.0: {'neighbor9': (True, 240), 'off_window': (True, 240), 'remaining_aggregate': (True, 77), 'combined': (True, 77)}
73/352 distributed17 S=48.0: {'neighbor9': (True, 156), 'off_window': (True, 156), 'remaining_aggregate': (True, 156), 'combined': (True, 156)}
74/352 distributed17-near-OFF S=48.0: {'neighbor9': (False, 0), 'off_window': (False, 0), 'remaining_aggregate': (False, 0), 'combined': (False, 0)}
75/352 distributed17-far-OFF S=48.0: {'neighbor9': (True, 155), 'off_window': (True, 146), 'remaining_aggregate': (True, 155), 'combined': (True, 146)}
76/352 combined-near-OFF S=48.0: {'neighbor9': (False, 0), 'off_window': (False, 0), 'remaining_aggregate': (False, 0), 'combined': (False, 0)}
77/352 interferer-only S=48.0: {'neighbor9': (False, 57), 'off_window': (False, 57), 'remaining_aggregate': (False, 0), 'combined': (False, 0)}
78/352 supported-spike S=48.0: {'neighbor9': (False, 0), 'off_window': (False, 0), 'remaining_aggregate': (False, 0), 'combined': (False, 0)}
79/352 ON-OFF S=48.0: {'neighbor9': (False, 14), 'off_window': (False, 0), 'remaining_aggregate': (False, 14), 'combined': (False, 0)}
80/352 OFF-only S=48.0: {'neighbor9': (False, 0), 'off_window': (False, 0), 'remaining_aggregate': (False, 0), 'combined': (False, 0)}
81/352 combined-unequal S=24.0: {'neighbor9': (True, 7), 'off_window': (True, 7), 'remaining_aggregate': (True, 6), 'combined': (True, 6)}
82/352 mixed-unequal S=24.0: {'neighbor9': (False, 132), 'off_window': (False, 132), 'remaining_aggregate': (False, 42), 'combined': (False, 42)}
83/352 distributed17 S=24.0: {'neighbor9': (False, 0), 'off_window': (False, 0), 'remaining_aggregate': (False, 0), 'combined': (False, 0)}
84/352 distributed17-near-OFF S=24.0: {'neighbor9': (False, 0), 'off_window': (False, 0), 'remaining_aggregate': (False, 0), 'combined': (False, 0)}
85/352 distributed17-far-OFF S=24.0: {'neighbor9': (False, 0), 'off_window': (False, 0), 'remaining_aggregate': (False, 0), 'combined': (False, 0)}
86/352 combined-near-OFF S=24.0: {'neighbor9': (False, 0), 'off_window': (False, 0), 'remaining_aggregate': (False, 0), 'combined': (False, 0)}
87/352 interferer-only S=24.0: {'neighbor9': (False, 0), 'off_window': (False, 0), 'remaining_aggregate': (False, 0), 'combined': (False, 0)}
88/352 supported-spike S=24.0: {'neighbor9': (False, 0), 'off_window': (False, 0), 'remaining_aggregate': (False, 0), 'combined': (False, 0)}
89/352 ON-OFF S=24.0: {'neighbor9': (False, 0), 'off_window': (False, 0), 'remaining_aggregate': (False, 0), 'combined': (False, 0)}
90/352 OFF-only S=24.0: {'neighbor9': (False, 0), 'off_window': (False, 0), 'remaining_aggregate': (False, 0), 'combined': (False, 0)}
91/352 combined-unequal S=48.0: {'neighbor9': (True, 35), 'off_window': (True, 35), 'remaining_aggregate': (True, 29), 'combined': (True, 29)}
92/352 mixed-unequal S=48.0: {'neighbor9': (True, 275), 'off_window': (True, 275), 'remaining_aggregate': (True, 33), 'combined': (True, 33)}
93/352 distributed17 S=48.0: {'neighbor9': (True, 59), 'off_window': (True, 59), 'remaining_aggregate': (True, 58), 'combined': (True, 58)}
94/352 distributed17-near-OFF S=48.0: {'neighbor9': (False, 0), 'off_window': (False, 0), 'remaining_aggregate': (False, 0), 'combined': (False, 0)}
95/352 distributed17-far-OFF S=48.0: {'neighbor9': (True, 59), 'off_window': (True, 59), 'remaining_aggregate': (True, 58), 'combined': (True, 58)}
96/352 combined-near-OFF S=48.0: {'neighbor9': (False, 0), 'off_window': (False, 0), 'remaining_aggregate': (False, 0), 'combined': (False, 0)}
97/352 interferer-only S=48.0: {'neighbor9': (False, 192), 'off_window': (False, 192), 'remaining_aggregate': (False, 19), 'combined': (False, 19)}
98/352 supported-spike S=48.0: {'neighbor9': (False, 0), 'off_window': (False, 0), 'remaining_aggregate': (False, 0), 'combined': (False, 0)}
99/352 ON-OFF S=48.0: {'neighbor9': (False, 0), 'off_window': (False, 0), 'remaining_aggregate': (False, 0), 'combined': (False, 0)}
100/352 OFF-only S=48.0: {'neighbor9': (False, 0), 'off_window': (False, 0), 'remaining_aggregate': (False, 0), 'combined': (False, 0)}
101/352 combined-unequal S=24.0: {'neighbor9': (True, 9), 'off_window': (True, 9), 'remaining_aggregate': (True, 8), 'combined': (True, 8)}
102/352 mixed-unequal S=24.0: {'neighbor9': (True, 65), 'off_window': (True, 65), 'remaining_aggregate': (True, 8), 'combined': (True, 8)}
103/352 distributed17 S=24.0: {'neighbor9': (False, 0), 'off_window': (False, 0), 'remaining_aggregate': (False, 0), 'combined': (False, 0)}
104/352 distributed17-near-OFF S=24.0: {'neighbor9': (False, 0), 'off_window': (False, 0), 'remaining_aggregate': (False, 0), 'combined': (False, 0)}
105/352 distributed17-far-OFF S=24.0: {'neighbor9': (False, 0), 'off_window': (False, 0), 'remaining_aggregate': (False, 0), 'combined': (False, 0)}
106/352 combined-near-OFF S=24.0: {'neighbor9': (True, 9), 'off_window': (True, 9), 'remaining_aggregate': (True, 8), 'combined': (True, 8)}
107/352 interferer-only S=24.0: {'neighbor9': (False, 56), 'off_window': (False, 56), 'remaining_aggregate': (False, 0), 'combined': (False, 0)}
108/352 supported-spike S=24.0: {'neighbor9': (False, 0), 'off_window': (False, 0), 'remaining_aggregate': (False, 0), 'combined': (False, 0)}
109/352 ON-OFF S=24.0: {'neighbor9': (False, 0), 'off_window': (False, 0), 'remaining_aggregate': (False, 0), 'combined': (False, 0)}
110/352 OFF-only S=24.0: {'neighbor9': (False, 0), 'off_window': (False, 0), 'remaining_aggregate': (False, 0), 'combined': (False, 0)}
111/352 combined-unequal S=48.0: {'neighbor9': (True, 66), 'off_window': (True, 66), 'remaining_aggregate': (True, 54), 'combined': (True, 54)}
112/352 mixed-unequal S=48.0: {'neighbor9': (True, 123), 'off_window': (True, 123), 'remaining_aggregate': (True, 97), 'combined': (True, 97)}
113/352 distributed17 S=48.0: {'neighbor9': (True, 188), 'off_window': (True, 188), 'remaining_aggregate': (True, 188), 'combined': (True, 188)}
114/352 distributed17-near-OFF S=48.0: {'neighbor9': (False, 0), 'off_window': (False, 0), 'remaining_aggregate': (False, 0), 'combined': (False, 0)}
115/352 distributed17-far-OFF S=48.0: {'neighbor9': (True, 181), 'off_window': (True, 130), 'remaining_aggregate': (True, 181), 'combined': (True, 130)}
116/352 combined-near-OFF S=48.0: {'neighbor9': (True, 57), 'off_window': (True, 57), 'remaining_aggregate': (True, 46), 'combined': (True, 46)}
117/352 interferer-only S=48.0: {'neighbor9': (False, 57), 'off_window': (False, 57), 'remaining_aggregate': (False, 0), 'combined': (False, 0)}
118/352 supported-spike S=48.0: {'neighbor9': (True, 6), 'off_window': (True, 6), 'remaining_aggregate': (False, 0), 'combined': (False, 0)}
119/352 ON-OFF S=48.0: {'neighbor9': (False, 0), 'off_window': (False, 0), 'remaining_aggregate': (False, 0), 'combined': (False, 0)}
120/352 OFF-only S=48.0: {'neighbor9': (False, 0), 'off_window': (False, 0), 'remaining_aggregate': (False, 0), 'combined': (False, 0)}
121/352 combined-unequal S=24.0: {'neighbor9': (True, 41), 'off_window': (True, 41), 'remaining_aggregate': (True, 36), 'combined': (True, 36)}
122/352 mixed-unequal S=24.0: {'neighbor9': (False, 285), 'off_window': (False, 285), 'remaining_aggregate': (False, 18), 'combined': (False, 18)}
123/352 distributed17 S=24.0: {'neighbor9': (True, 6), 'off_window': (True, 6), 'remaining_aggregate': (True, 6), 'combined': (True, 6)}
124/352 distributed17-near-OFF S=24.0: {'neighbor9': (False, 0), 'off_window': (False, 0), 'remaining_aggregate': (False, 0), 'combined': (False, 0)}
125/352 distributed17-far-OFF S=24.0: {'neighbor9': (True, 6), 'off_window': (True, 6), 'remaining_aggregate': (True, 6), 'combined': (True, 6)}
126/352 combined-near-OFF S=24.0: {'neighbor9': (False, 0), 'off_window': (False, 0), 'remaining_aggregate': (False, 0), 'combined': (False, 0)}
127/352 interferer-only S=24.0: {'neighbor9': (False, 111), 'off_window': (False, 111), 'remaining_aggregate': (False, 12), 'combined': (False, 12)}
128/352 supported-spike S=24.0: {'neighbor9': (False, 0), 'off_window': (False, 0), 'remaining_aggregate': (False, 0), 'combined': (False, 0)}
129/352 ON-OFF S=24.0: {'neighbor9': (False, 0), 'off_window': (False, 0), 'remaining_aggregate': (False, 0), 'combined': (False, 0)}
130/352 OFF-only S=24.0: {'neighbor9': (False, 0), 'off_window': (False, 0), 'remaining_aggregate': (False, 0), 'combined': (False, 0)}
131/352 combined-unequal S=48.0: {'neighbor9': (True, 226), 'off_window': (True, 226), 'remaining_aggregate': (True, 184), 'combined': (True, 184)}
132/352 mixed-unequal S=48.0: {'neighbor9': (True, 520), 'off_window': (True, 520), 'remaining_aggregate': (True, 148), 'combined': (True, 148)}
133/352 distributed17 S=48.0: {'neighbor9': (True, 190), 'off_window': (True, 190), 'remaining_aggregate': (True, 179), 'combined': (True, 179)}
134/352 distributed17-near-OFF S=48.0: {'neighbor9': (False, 0), 'off_window': (False, 0), 'remaining_aggregate': (False, 0), 'combined': (False, 0)}
135/352 distributed17-far-OFF S=48.0: {'neighbor9': (True, 186), 'off_window': (True, 171), 'remaining_aggregate': (True, 175), 'combined': (True, 160)}
136/352 combined-near-OFF S=48.0: {'neighbor9': (False, 0), 'off_window': (False, 0), 'remaining_aggregate': (False, 0), 'combined': (False, 0)}
137/352 interferer-only S=48.0: {'neighbor9': (False, 116), 'off_window': (False, 116), 'remaining_aggregate': (False, 3), 'combined': (False, 3)}
138/352 supported-spike S=48.0: {'neighbor9': (False, 0), 'off_window': (False, 0), 'remaining_aggregate': (False, 0), 'combined': (False, 0)}
139/352 ON-OFF S=48.0: {'neighbor9': (False, 1), 'off_window': (False, 0), 'remaining_aggregate': (False, 1), 'combined': (False, 0)}
140/352 OFF-only S=48.0: {'neighbor9': (False, 0), 'off_window': (False, 0), 'remaining_aggregate': (False, 0), 'combined': (False, 0)}
141/352 combined-unequal S=24.0: {'neighbor9': (True, 46), 'off_window': (True, 46), 'remaining_aggregate': (True, 40), 'combined': (True, 40)}
142/352 mixed-unequal S=24.0: {'neighbor9': (True, 184), 'off_window': (True, 184), 'remaining_aggregate': (True, 82), 'combined': (True, 82)}
143/352 distributed17 S=24.0: {'neighbor9': (True, 7), 'off_window': (True, 7), 'remaining_aggregate': (True, 7), 'combined': (True, 7)}
144/352 distributed17-near-OFF S=24.0: {'neighbor9': (False, 0), 'off_window': (False, 0), 'remaining_aggregate': (False, 0), 'combined': (False, 0)}
145/352 distributed17-far-OFF S=24.0: {'neighbor9': (True, 7), 'off_window': (True, 7), 'remaining_aggregate': (True, 7), 'combined': (True, 7)}
146/352 combined-near-OFF S=24.0: {'neighbor9': (False, 0), 'off_window': (False, 0), 'remaining_aggregate': (False, 0), 'combined': (False, 0)}
147/352 interferer-only S=24.0: {'neighbor9': (False, 0), 'off_window': (False, 0), 'remaining_aggregate': (False, 0), 'combined': (False, 0)}
148/352 supported-spike S=24.0: {'neighbor9': (False, 0), 'off_window': (False, 0), 'remaining_aggregate': (False, 0), 'combined': (False, 0)}
149/352 ON-OFF S=24.0: {'neighbor9': (False, 1), 'off_window': (False, 0), 'remaining_aggregate': (False, 1), 'combined': (False, 0)}
150/352 OFF-only S=24.0: {'neighbor9': (False, 0), 'off_window': (False, 0), 'remaining_aggregate': (False, 0), 'combined': (False, 0)}
151/352 combined-unequal S=48.0: {'neighbor9': (True, 408), 'off_window': (True, 408), 'remaining_aggregate': (True, 392), 'combined': (True, 392)}
152/352 mixed-unequal S=48.0: {'neighbor9': (True, 455), 'off_window': (True, 455), 'remaining_aggregate': (True, 404), 'combined': (True, 404)}
153/352 distributed17 S=48.0: {'neighbor9': (True, 719), 'off_window': (True, 719), 'remaining_aggregate': (True, 719), 'combined': (True, 719)}
154/352 distributed17-near-OFF S=48.0: {'neighbor9': (False, 5), 'off_window': (False, 0), 'remaining_aggregate': (False, 5), 'combined': (False, 0)}
155/352 distributed17-far-OFF S=48.0: {'neighbor9': (True, 663), 'off_window': (True, 526), 'remaining_aggregate': (True, 663), 'combined': (True, 526)}
156/352 combined-near-OFF S=48.0: {'neighbor9': (False, 15), 'off_window': (False, 8), 'remaining_aggregate': (False, 15), 'combined': (False, 8)}
157/352 interferer-only S=48.0: {'neighbor9': (False, 0), 'off_window': (False, 0), 'remaining_aggregate': (False, 0), 'combined': (False, 0)}
158/352 supported-spike S=48.0: {'neighbor9': (False, 0), 'off_window': (False, 0), 'remaining_aggregate': (False, 0), 'combined': (False, 0)}
159/352 ON-OFF S=48.0: {'neighbor9': (False, 24), 'off_window': (False, 0), 'remaining_aggregate': (False, 24), 'combined': (False, 0)}
160/352 OFF-only S=48.0: {'neighbor9': (False, 0), 'off_window': (False, 0), 'remaining_aggregate': (False, 0), 'combined': (False, 0)}
161/352 combined-unequal S=24.0: {'neighbor9': (True, 8), 'off_window': (True, 8), 'remaining_aggregate': (True, 7), 'combined': (True, 7)}
162/352 mixed-unequal S=24.0: {'neighbor9': (True, 162), 'off_window': (True, 162), 'remaining_aggregate': (True, 6), 'combined': (True, 6)}
163/352 distributed17 S=24.0: {'neighbor9': (True, 1), 'off_window': (True, 1), 'remaining_aggregate': (True, 1), 'combined': (True, 1)}
164/352 distributed17-near-OFF S=24.0: {'neighbor9': (False, 0), 'off_window': (False, 0), 'remaining_aggregate': (False, 0), 'combined': (False, 0)}
165/352 distributed17-far-OFF S=24.0: {'neighbor9': (True, 1), 'off_window': (True, 1), 'remaining_aggregate': (True, 1), 'combined': (True, 1)}
166/352 combined-near-OFF S=24.0: {'neighbor9': (False, 0), 'off_window': (False, 0), 'remaining_aggregate': (False, 0), 'combined': (False, 0)}
167/352 interferer-only S=24.0: {'neighbor9': (False, 1), 'off_window': (False, 1), 'remaining_aggregate': (False, 0), 'combined': (False, 0)}
168/352 supported-spike S=24.0: {'neighbor9': (False, 0), 'off_window': (False, 0), 'remaining_aggregate': (False, 0), 'combined': (False, 0)}
169/352 ON-OFF S=24.0: {'neighbor9': (False, 0), 'off_window': (False, 0), 'remaining_aggregate': (False, 0), 'combined': (False, 0)}
170/352 OFF-only S=24.0: {'neighbor9': (False, 0), 'off_window': (False, 0), 'remaining_aggregate': (False, 0), 'combined': (False, 0)}
171/352 combined-unequal S=48.0: {'neighbor9': (True, 55), 'off_window': (True, 55), 'remaining_aggregate': (True, 54), 'combined': (True, 54)}
172/352 mixed-unequal S=48.0: {'neighbor9': (True, 221), 'off_window': (True, 221), 'remaining_aggregate': (False, 0), 'combined': (False, 0)}
173/352 distributed17 S=48.0: {'neighbor9': (True, 60), 'off_window': (True, 60), 'remaining_aggregate': (True, 60), 'combined': (True, 60)}
174/352 distributed17-near-OFF S=48.0: {'neighbor9': (False, 0), 'off_window': (False, 0), 'remaining_aggregate': (False, 0), 'combined': (False, 0)}
175/352 distributed17-far-OFF S=48.0: {'neighbor9': (True, 60), 'off_window': (True, 60), 'remaining_aggregate': (True, 60), 'combined': (True, 60)}
176/352 combined-near-OFF S=48.0: {'neighbor9': (False, 0), 'off_window': (False, 0), 'remaining_aggregate': (False, 0), 'combined': (False, 0)}
177/352 interferer-only S=48.0: {'neighbor9': (False, 26), 'off_window': (False, 26), 'remaining_aggregate': (False, 0), 'combined': (False, 0)}
178/352 supported-spike S=48.0: {'neighbor9': (True, 11), 'off_window': (True, 11), 'remaining_aggregate': (False, 0), 'combined': (False, 0)}
179/352 ON-OFF S=48.0: {'neighbor9': (False, 0), 'off_window': (False, 0), 'remaining_aggregate': (False, 0), 'combined': (False, 0)}
180/352 OFF-only S=48.0: {'neighbor9': (False, 0), 'off_window': (False, 0), 'remaining_aggregate': (False, 0), 'combined': (False, 0)}
181/352 combined-unequal S=24.0: {'neighbor9': (True, 5), 'off_window': (True, 5), 'remaining_aggregate': (True, 2), 'combined': (True, 2)}
182/352 mixed-unequal S=24.0: {'neighbor9': (True, 28), 'off_window': (True, 28), 'remaining_aggregate': (True, 2), 'combined': (True, 2)}
183/352 distributed17 S=24.0: {'neighbor9': (True, 2), 'off_window': (True, 2), 'remaining_aggregate': (True, 2), 'combined': (True, 2)}
184/352 distributed17-near-OFF S=24.0: {'neighbor9': (False, 0), 'off_window': (False, 0), 'remaining_aggregate': (False, 0), 'combined': (False, 0)}
185/352 distributed17-far-OFF S=24.0: {'neighbor9': (True, 2), 'off_window': (True, 2), 'remaining_aggregate': (True, 2), 'combined': (True, 2)}
186/352 combined-near-OFF S=24.0: {'neighbor9': (True, 5), 'off_window': (True, 5), 'remaining_aggregate': (True, 2), 'combined': (True, 2)}
187/352 interferer-only S=24.0: {'neighbor9': (False, 0), 'off_window': (False, 0), 'remaining_aggregate': (False, 0), 'combined': (False, 0)}
188/352 supported-spike S=24.0: {'neighbor9': (False, 0), 'off_window': (False, 0), 'remaining_aggregate': (False, 0), 'combined': (False, 0)}
189/352 ON-OFF S=24.0: {'neighbor9': (False, 0), 'off_window': (False, 0), 'remaining_aggregate': (False, 0), 'combined': (False, 0)}
190/352 OFF-only S=24.0: {'neighbor9': (False, 0), 'off_window': (False, 0), 'remaining_aggregate': (False, 0), 'combined': (False, 0)}
191/352 combined-unequal S=48.0: {'neighbor9': (True, 65), 'off_window': (True, 65), 'remaining_aggregate': (True, 51), 'combined': (True, 51)}
192/352 mixed-unequal S=48.0: {'neighbor9': (True, 89), 'off_window': (True, 89), 'remaining_aggregate': (True, 51), 'combined': (True, 51)}
193/352 distributed17 S=48.0: {'neighbor9': (True, 146), 'off_window': (True, 146), 'remaining_aggregate': (True, 142), 'combined': (True, 142)}
194/352 distributed17-near-OFF S=48.0: {'neighbor9': (False, 0), 'off_window': (False, 0), 'remaining_aggregate': (False, 0), 'combined': (False, 0)}
195/352 distributed17-far-OFF S=48.0: {'neighbor9': (True, 146), 'off_window': (True, 146), 'remaining_aggregate': (True, 142), 'combined': (True, 142)}
196/352 combined-near-OFF S=48.0: {'neighbor9': (True, 55), 'off_window': (True, 55), 'remaining_aggregate': (True, 50), 'combined': (True, 50)}
197/352 interferer-only S=48.0: {'neighbor9': (False, 1), 'off_window': (False, 1), 'remaining_aggregate': (False, 0), 'combined': (False, 0)}
198/352 supported-spike S=48.0: {'neighbor9': (False, 0), 'off_window': (False, 0), 'remaining_aggregate': (False, 0), 'combined': (False, 0)}
199/352 ON-OFF S=48.0: {'neighbor9': (False, 5), 'off_window': (False, 0), 'remaining_aggregate': (False, 5), 'combined': (False, 0)}
200/352 OFF-only S=48.0: {'neighbor9': (False, 0), 'off_window': (False, 0), 'remaining_aggregate': (False, 0), 'combined': (False, 0)}
201/352 combined-unequal S=24.0: {'neighbor9': (True, 7), 'off_window': (True, 7), 'remaining_aggregate': (True, 7), 'combined': (True, 7)}
202/352 mixed-unequal S=24.0: {'neighbor9': (False, 67), 'off_window': (False, 67), 'remaining_aggregate': (False, 0), 'combined': (False, 0)}
203/352 distributed17 S=24.0: {'neighbor9': (False, 0), 'off_window': (False, 0), 'remaining_aggregate': (False, 0), 'combined': (False, 0)}
204/352 distributed17-near-OFF S=24.0: {'neighbor9': (False, 0), 'off_window': (False, 0), 'remaining_aggregate': (False, 0), 'combined': (False, 0)}
205/352 distributed17-far-OFF S=24.0: {'neighbor9': (False, 0), 'off_window': (False, 0), 'remaining_aggregate': (False, 0), 'combined': (False, 0)}
206/352 combined-near-OFF S=24.0: {'neighbor9': (False, 0), 'off_window': (False, 0), 'remaining_aggregate': (False, 0), 'combined': (False, 0)}
207/352 interferer-only S=24.0: {'neighbor9': (False, 1), 'off_window': (False, 1), 'remaining_aggregate': (False, 0), 'combined': (False, 0)}
208/352 supported-spike S=24.0: {'neighbor9': (False, 0), 'off_window': (False, 0), 'remaining_aggregate': (False, 0), 'combined': (False, 0)}
209/352 ON-OFF S=24.0: {'neighbor9': (False, 0), 'off_window': (False, 0), 'remaining_aggregate': (False, 0), 'combined': (False, 0)}
210/352 OFF-only S=24.0: {'neighbor9': (False, 0), 'off_window': (False, 0), 'remaining_aggregate': (False, 0), 'combined': (False, 0)}
211/352 combined-unequal S=48.0: {'neighbor9': (True, 50), 'off_window': (True, 50), 'remaining_aggregate': (True, 46), 'combined': (True, 46)}
212/352 mixed-unequal S=48.0: {'neighbor9': (True, 205), 'off_window': (True, 205), 'remaining_aggregate': (True, 33), 'combined': (True, 33)}
213/352 distributed17 S=48.0: {'neighbor9': (True, 69), 'off_window': (True, 69), 'remaining_aggregate': (True, 69), 'combined': (True, 69)}
214/352 distributed17-near-OFF S=48.0: {'neighbor9': (False, 0), 'off_window': (False, 0), 'remaining_aggregate': (False, 0), 'combined': (False, 0)}
215/352 distributed17-far-OFF S=48.0: {'neighbor9': (True, 69), 'off_window': (True, 69), 'remaining_aggregate': (True, 69), 'combined': (True, 69)}
216/352 combined-near-OFF S=48.0: {'neighbor9': (False, 0), 'off_window': (False, 0), 'remaining_aggregate': (False, 0), 'combined': (False, 0)}
217/352 interferer-only S=48.0: {'neighbor9': (False, 26), 'off_window': (False, 26), 'remaining_aggregate': (False, 0), 'combined': (False, 0)}
218/352 supported-spike S=48.0: {'neighbor9': (True, 13), 'off_window': (True, 13), 'remaining_aggregate': (False, 0), 'combined': (False, 0)}
219/352 ON-OFF S=48.0: {'neighbor9': (False, 0), 'off_window': (False, 0), 'remaining_aggregate': (False, 0), 'combined': (False, 0)}
220/352 OFF-only S=48.0: {'neighbor9': (False, 0), 'off_window': (False, 0), 'remaining_aggregate': (False, 0), 'combined': (False, 0)}
221/352 combined-unequal S=24.0: {'neighbor9': (True, 7), 'off_window': (True, 7), 'remaining_aggregate': (True, 5), 'combined': (True, 5)}
222/352 mixed-unequal S=24.0: {'neighbor9': (True, 73), 'off_window': (True, 73), 'remaining_aggregate': (True, 5), 'combined': (True, 5)}
223/352 distributed17 S=24.0: {'neighbor9': (False, 0), 'off_window': (False, 0), 'remaining_aggregate': (False, 0), 'combined': (False, 0)}
224/352 distributed17-near-OFF S=24.0: {'neighbor9': (False, 0), 'off_window': (False, 0), 'remaining_aggregate': (False, 0), 'combined': (False, 0)}
225/352 distributed17-far-OFF S=24.0: {'neighbor9': (False, 0), 'off_window': (False, 0), 'remaining_aggregate': (False, 0), 'combined': (False, 0)}
226/352 combined-near-OFF S=24.0: {'neighbor9': (False, 0), 'off_window': (False, 0), 'remaining_aggregate': (False, 0), 'combined': (False, 0)}
227/352 interferer-only S=24.0: {'neighbor9': (False, 5), 'off_window': (False, 5), 'remaining_aggregate': (False, 0), 'combined': (False, 0)}
228/352 supported-spike S=24.0: {'neighbor9': (False, 0), 'off_window': (False, 0), 'remaining_aggregate': (False, 0), 'combined': (False, 0)}
229/352 ON-OFF S=24.0: {'neighbor9': (False, 0), 'off_window': (False, 0), 'remaining_aggregate': (False, 0), 'combined': (False, 0)}
230/352 OFF-only S=24.0: {'neighbor9': (False, 0), 'off_window': (False, 0), 'remaining_aggregate': (False, 0), 'combined': (False, 0)}
231/352 combined-unequal S=48.0: {'neighbor9': (True, 47), 'off_window': (True, 47), 'remaining_aggregate': (True, 31), 'combined': (True, 31)}
232/352 mixed-unequal S=48.0: {'neighbor9': (True, 146), 'off_window': (True, 146), 'remaining_aggregate': (True, 36), 'combined': (True, 36)}
233/352 distributed17 S=48.0: {'neighbor9': (True, 115), 'off_window': (True, 115), 'remaining_aggregate': (True, 114), 'combined': (True, 114)}
234/352 distributed17-near-OFF S=48.0: {'neighbor9': (False, 0), 'off_window': (False, 0), 'remaining_aggregate': (False, 0), 'combined': (False, 0)}
235/352 distributed17-far-OFF S=48.0: {'neighbor9': (True, 115), 'off_window': (True, 115), 'remaining_aggregate': (True, 114), 'combined': (True, 114)}
236/352 combined-near-OFF S=48.0: {'neighbor9': (False, 0), 'off_window': (False, 0), 'remaining_aggregate': (False, 0), 'combined': (False, 0)}
237/352 interferer-only S=48.0: {'neighbor9': (False, 17), 'off_window': (False, 17), 'remaining_aggregate': (False, 0), 'combined': (False, 0)}
238/352 supported-spike S=48.0: {'neighbor9': (False, 0), 'off_window': (False, 0), 'remaining_aggregate': (False, 0), 'combined': (False, 0)}
239/352 ON-OFF S=48.0: {'neighbor9': (False, 0), 'off_window': (False, 0), 'remaining_aggregate': (False, 0), 'combined': (False, 0)}
240/352 OFF-only S=48.0: {'neighbor9': (False, 0), 'off_window': (False, 0), 'remaining_aggregate': (False, 0), 'combined': (False, 0)}
241/352 combined-unequal S=24.0: {'neighbor9': (True, 13), 'off_window': (True, 13), 'remaining_aggregate': (True, 10), 'combined': (True, 10)}
242/352 mixed-unequal S=24.0: {'neighbor9': (False, 79), 'off_window': (False, 79), 'remaining_aggregate': (False, 0), 'combined': (False, 0)}
243/352 distributed17 S=24.0: {'neighbor9': (True, 3), 'off_window': (True, 3), 'remaining_aggregate': (True, 3), 'combined': (True, 3)}
244/352 distributed17-near-OFF S=24.0: {'neighbor9': (False, 0), 'off_window': (False, 0), 'remaining_aggregate': (False, 0), 'combined': (False, 0)}
245/352 distributed17-far-OFF S=24.0: {'neighbor9': (True, 3), 'off_window': (True, 3), 'remaining_aggregate': (True, 3), 'combined': (True, 3)}
246/352 combined-near-OFF S=24.0: {'neighbor9': (False, 0), 'off_window': (False, 0), 'remaining_aggregate': (False, 0), 'combined': (False, 0)}
247/352 interferer-only S=24.0: {'neighbor9': (False, 2), 'off_window': (False, 2), 'remaining_aggregate': (False, 0), 'combined': (False, 0)}
248/352 supported-spike S=24.0: {'neighbor9': (False, 0), 'off_window': (False, 0), 'remaining_aggregate': (False, 0), 'combined': (False, 0)}
249/352 ON-OFF S=24.0: {'neighbor9': (False, 0), 'off_window': (False, 0), 'remaining_aggregate': (False, 0), 'combined': (False, 0)}
250/352 OFF-only S=24.0: {'neighbor9': (False, 0), 'off_window': (False, 0), 'remaining_aggregate': (False, 0), 'combined': (False, 0)}
251/352 combined-unequal S=48.0: {'neighbor9': (True, 69), 'off_window': (True, 69), 'remaining_aggregate': (True, 55), 'combined': (True, 55)}
252/352 mixed-unequal S=48.0: {'neighbor9': (True, 419), 'off_window': (True, 419), 'remaining_aggregate': (True, 40), 'combined': (True, 40)}
253/352 distributed17 S=48.0: {'neighbor9': (True, 74), 'off_window': (True, 74), 'remaining_aggregate': (True, 74), 'combined': (True, 74)}
254/352 distributed17-near-OFF S=48.0: {'neighbor9': (False, 0), 'off_window': (False, 0), 'remaining_aggregate': (False, 0), 'combined': (False, 0)}
255/352 distributed17-far-OFF S=48.0: {'neighbor9': (True, 74), 'off_window': (True, 74), 'remaining_aggregate': (True, 74), 'combined': (True, 74)}
256/352 combined-near-OFF S=48.0: {'neighbor9': (False, 0), 'off_window': (False, 0), 'remaining_aggregate': (False, 0), 'combined': (False, 0)}
257/352 interferer-only S=48.0: {'neighbor9': (False, 84), 'off_window': (False, 84), 'remaining_aggregate': (False, 0), 'combined': (False, 0)}
258/352 supported-spike S=48.0: {'neighbor9': (True, 17), 'off_window': (True, 17), 'remaining_aggregate': (False, 0), 'combined': (False, 0)}
259/352 ON-OFF S=48.0: {'neighbor9': (False, 0), 'off_window': (False, 0), 'remaining_aggregate': (False, 0), 'combined': (False, 0)}
260/352 OFF-only S=48.0: {'neighbor9': (False, 0), 'off_window': (False, 0), 'remaining_aggregate': (False, 0), 'combined': (False, 0)}
261/352 combined-unequal S=24.0: {'neighbor9': (True, 3), 'off_window': (True, 3), 'remaining_aggregate': (False, 0), 'combined': (False, 0)}
262/352 mixed-unequal S=24.0: {'neighbor9': (True, 29), 'off_window': (True, 29), 'remaining_aggregate': (False, 0), 'combined': (False, 0)}
263/352 distributed17 S=24.0: {'neighbor9': (True, 1), 'off_window': (True, 1), 'remaining_aggregate': (True, 1), 'combined': (True, 1)}
264/352 distributed17-near-OFF S=24.0: {'neighbor9': (False, 0), 'off_window': (False, 0), 'remaining_aggregate': (False, 0), 'combined': (False, 0)}
265/352 distributed17-far-OFF S=24.0: {'neighbor9': (True, 1), 'off_window': (True, 1), 'remaining_aggregate': (True, 1), 'combined': (True, 1)}
266/352 combined-near-OFF S=24.0: {'neighbor9': (True, 3), 'off_window': (True, 3), 'remaining_aggregate': (False, 0), 'combined': (False, 0)}
267/352 interferer-only S=24.0: {'neighbor9': (False, 5), 'off_window': (False, 5), 'remaining_aggregate': (False, 0), 'combined': (False, 0)}
268/352 supported-spike S=24.0: {'neighbor9': (False, 0), 'off_window': (False, 0), 'remaining_aggregate': (False, 0), 'combined': (False, 0)}
269/352 ON-OFF S=24.0: {'neighbor9': (False, 0), 'off_window': (False, 0), 'remaining_aggregate': (False, 0), 'combined': (False, 0)}
270/352 OFF-only S=24.0: {'neighbor9': (False, 0), 'off_window': (False, 0), 'remaining_aggregate': (False, 0), 'combined': (False, 0)}
271/352 combined-unequal S=48.0: {'neighbor9': (True, 34), 'off_window': (True, 34), 'remaining_aggregate': (True, 32), 'combined': (True, 32)}
272/352 mixed-unequal S=48.0: {'neighbor9': (True, 64), 'off_window': (True, 64), 'remaining_aggregate': (True, 33), 'combined': (True, 33)}
273/352 distributed17 S=48.0: {'neighbor9': (True, 161), 'off_window': (True, 161), 'remaining_aggregate': (True, 161), 'combined': (True, 161)}
274/352 distributed17-near-OFF S=48.0: {'neighbor9': (False, 0), 'off_window': (False, 0), 'remaining_aggregate': (False, 0), 'combined': (False, 0)}
275/352 distributed17-far-OFF S=48.0: {'neighbor9': (True, 135), 'off_window': (True, 118), 'remaining_aggregate': (True, 135), 'combined': (True, 118)}
276/352 combined-near-OFF S=48.0: {'neighbor9': (True, 33), 'off_window': (True, 33), 'remaining_aggregate': (True, 31), 'combined': (True, 31)}
277/352 interferer-only S=48.0: {'neighbor9': (False, 17), 'off_window': (False, 17), 'remaining_aggregate': (False, 0), 'combined': (False, 0)}
278/352 supported-spike S=48.0: {'neighbor9': (True, 14), 'off_window': (True, 14), 'remaining_aggregate': (False, 0), 'combined': (False, 0)}
279/352 ON-OFF S=48.0: {'neighbor9': (False, 9), 'off_window': (False, 0), 'remaining_aggregate': (False, 9), 'combined': (False, 0)}
280/352 OFF-only S=48.0: {'neighbor9': (False, 0), 'off_window': (False, 0), 'remaining_aggregate': (False, 0), 'combined': (False, 0)}
281/352 combined-unequal S=24.0: {'neighbor9': (True, 47), 'off_window': (True, 47), 'remaining_aggregate': (True, 40), 'combined': (True, 40)}
282/352 mixed-unequal S=24.0: {'neighbor9': (True, 411), 'off_window': (True, 411), 'remaining_aggregate': (False, 34), 'combined': (False, 34)}
283/352 distributed17 S=24.0: {'neighbor9': (True, 16), 'off_window': (True, 16), 'remaining_aggregate': (True, 16), 'combined': (True, 16)}
284/352 distributed17-near-OFF S=24.0: {'neighbor9': (False, 0), 'off_window': (False, 0), 'remaining_aggregate': (False, 0), 'combined': (False, 0)}
285/352 distributed17-far-OFF S=24.0: {'neighbor9': (True, 16), 'off_window': (True, 16), 'remaining_aggregate': (True, 16), 'combined': (True, 16)}
286/352 combined-near-OFF S=24.0: {'neighbor9': (False, 0), 'off_window': (False, 0), 'remaining_aggregate': (False, 0), 'combined': (False, 0)}
287/352 interferer-only S=24.0: {'neighbor9': (False, 0), 'off_window': (False, 0), 'remaining_aggregate': (False, 0), 'combined': (False, 0)}
288/352 supported-spike S=24.0: {'neighbor9': (False, 0), 'off_window': (False, 0), 'remaining_aggregate': (False, 0), 'combined': (False, 0)}
289/352 ON-OFF S=24.0: {'neighbor9': (False, 0), 'off_window': (False, 0), 'remaining_aggregate': (False, 0), 'combined': (False, 0)}
290/352 OFF-only S=24.0: {'neighbor9': (False, 0), 'off_window': (False, 0), 'remaining_aggregate': (False, 0), 'combined': (False, 0)}
291/352 combined-unequal S=48.0: {'neighbor9': (True, 166), 'off_window': (True, 166), 'remaining_aggregate': (True, 134), 'combined': (True, 134)}
292/352 mixed-unequal S=48.0: {'neighbor9': (True, 371), 'off_window': (True, 371), 'remaining_aggregate': (True, 110), 'combined': (True, 110)}
293/352 distributed17 S=48.0: {'neighbor9': (True, 307), 'off_window': (True, 307), 'remaining_aggregate': (True, 307), 'combined': (True, 307)}
294/352 distributed17-near-OFF S=48.0: {'neighbor9': (False, 1), 'off_window': (False, 0), 'remaining_aggregate': (False, 1), 'combined': (False, 0)}
295/352 distributed17-far-OFF S=48.0: {'neighbor9': (True, 278), 'off_window': (True, 278), 'remaining_aggregate': (True, 278), 'combined': (True, 278)}
296/352 combined-near-OFF S=48.0: {'neighbor9': (False, 0), 'off_window': (False, 0), 'remaining_aggregate': (False, 0), 'combined': (False, 0)}
297/352 interferer-only S=48.0: {'neighbor9': (False, 41), 'off_window': (False, 41), 'remaining_aggregate': (False, 0), 'combined': (False, 0)}
298/352 supported-spike S=48.0: {'neighbor9': (False, 16), 'off_window': (False, 16), 'remaining_aggregate': (False, 0), 'combined': (False, 0)}
299/352 ON-OFF S=48.0: {'neighbor9': (False, 0), 'off_window': (False, 0), 'remaining_aggregate': (False, 0), 'combined': (False, 0)}
300/352 OFF-only S=48.0: {'neighbor9': (False, 0), 'off_window': (False, 0), 'remaining_aggregate': (False, 0), 'combined': (False, 0)}
301/352 combined-unequal S=24.0: {'neighbor9': (True, 37), 'off_window': (True, 37), 'remaining_aggregate': (True, 31), 'combined': (True, 31)}
302/352 mixed-unequal S=24.0: {'neighbor9': (True, 161), 'off_window': (True, 161), 'remaining_aggregate': (True, 63), 'combined': (True, 63)}
303/352 distributed17 S=24.0: {'neighbor9': (True, 21), 'off_window': (True, 21), 'remaining_aggregate': (True, 21), 'combined': (True, 21)}
304/352 distributed17-near-OFF S=24.0: {'neighbor9': (False, 0), 'off_window': (False, 0), 'remaining_aggregate': (False, 0), 'combined': (False, 0)}
305/352 distributed17-far-OFF S=24.0: {'neighbor9': (True, 21), 'off_window': (True, 21), 'remaining_aggregate': (True, 21), 'combined': (True, 21)}
306/352 combined-near-OFF S=24.0: {'neighbor9': (False, 0), 'off_window': (False, 0), 'remaining_aggregate': (False, 0), 'combined': (False, 0)}
307/352 interferer-only S=24.0: {'neighbor9': (False, 5), 'off_window': (False, 5), 'remaining_aggregate': (False, 0), 'combined': (False, 0)}
308/352 supported-spike S=24.0: {'neighbor9': (False, 0), 'off_window': (False, 0), 'remaining_aggregate': (False, 0), 'combined': (False, 0)}
309/352 ON-OFF S=24.0: {'neighbor9': (False, 0), 'off_window': (False, 0), 'remaining_aggregate': (False, 0), 'combined': (False, 0)}
310/352 OFF-only S=24.0: {'neighbor9': (False, 0), 'off_window': (False, 0), 'remaining_aggregate': (False, 0), 'combined': (False, 0)}
311/352 combined-unequal S=48.0: {'neighbor9': (True, 270), 'off_window': (True, 270), 'remaining_aggregate': (True, 251), 'combined': (True, 251)}
312/352 mixed-unequal S=48.0: {'neighbor9': (True, 431), 'off_window': (True, 431), 'remaining_aggregate': (True, 335), 'combined': (True, 335)}
313/352 distributed17 S=48.0: {'neighbor9': (True, 642), 'off_window': (True, 642), 'remaining_aggregate': (True, 637), 'combined': (True, 637)}
314/352 distributed17-near-OFF S=48.0: {'neighbor9': (False, 3), 'off_window': (False, 0), 'remaining_aggregate': (False, 3), 'combined': (False, 0)}
315/352 distributed17-far-OFF S=48.0: {'neighbor9': (True, 579), 'off_window': (True, 505), 'remaining_aggregate': (True, 574), 'combined': (True, 500)}
316/352 combined-near-OFF S=48.0: {'neighbor9': (False, 7), 'off_window': (False, 7), 'remaining_aggregate': (False, 7), 'combined': (False, 7)}
317/352 interferer-only S=48.0: {'neighbor9': (False, 18), 'off_window': (False, 18), 'remaining_aggregate': (False, 0), 'combined': (False, 0)}
318/352 supported-spike S=48.0: {'neighbor9': (True, 16), 'off_window': (True, 16), 'remaining_aggregate': (False, 0), 'combined': (False, 0)}
319/352 ON-OFF S=48.0: {'neighbor9': (False, 13), 'off_window': (False, 0), 'remaining_aggregate': (False, 13), 'combined': (False, 0)}
320/352 OFF-only S=48.0: {'neighbor9': (False, 0), 'off_window': (False, 0), 'remaining_aggregate': (False, 0), 'combined': (False, 0)}
321/352 distributed17-moderate-OFF S=24.0: {'neighbor9': (False, 0), 'off_window': (False, 0), 'remaining_aggregate': (False, 0), 'combined': (False, 0)}
322/352 distributed17-moderate-OFF S=48.0: {'neighbor9': (False, 0), 'off_window': (False, 0), 'remaining_aggregate': (False, 0), 'combined': (False, 0)}
323/352 distributed17-moderate-OFF S=24.0: {'neighbor9': (False, 0), 'off_window': (False, 0), 'remaining_aggregate': (False, 0), 'combined': (False, 0)}
324/352 distributed17-moderate-OFF S=48.0: {'neighbor9': (False, 26), 'off_window': (False, 2), 'remaining_aggregate': (False, 26), 'combined': (False, 2)}
325/352 distributed17-moderate-OFF S=24.0: {'neighbor9': (True, 2), 'off_window': (False, 0), 'remaining_aggregate': (True, 2), 'combined': (False, 0)}
326/352 distributed17-moderate-OFF S=48.0: {'neighbor9': (False, 10), 'off_window': (False, 0), 'remaining_aggregate': (False, 10), 'combined': (False, 0)}
327/352 distributed17-moderate-OFF S=24.0: {'neighbor9': (False, 0), 'off_window': (False, 0), 'remaining_aggregate': (False, 0), 'combined': (False, 0)}
328/352 distributed17-moderate-OFF S=48.0: {'neighbor9': (False, 21), 'off_window': (False, 0), 'remaining_aggregate': (False, 21), 'combined': (False, 0)}
329/352 distributed17-moderate-OFF S=24.0: {'neighbor9': (False, 0), 'off_window': (False, 0), 'remaining_aggregate': (False, 0), 'combined': (False, 0)}
330/352 distributed17-moderate-OFF S=48.0: {'neighbor9': (False, 0), 'off_window': (False, 0), 'remaining_aggregate': (False, 0), 'combined': (False, 0)}
331/352 distributed17-moderate-OFF S=24.0: {'neighbor9': (False, 0), 'off_window': (False, 0), 'remaining_aggregate': (False, 0), 'combined': (False, 0)}
332/352 distributed17-moderate-OFF S=48.0: {'neighbor9': (False, 15), 'off_window': (False, 0), 'remaining_aggregate': (False, 15), 'combined': (False, 0)}
333/352 distributed17-moderate-OFF S=24.0: {'neighbor9': (True, 4), 'off_window': (True, 2), 'remaining_aggregate': (True, 4), 'combined': (True, 2)}
334/352 distributed17-moderate-OFF S=48.0: {'neighbor9': (False, 2), 'off_window': (False, 0), 'remaining_aggregate': (False, 2), 'combined': (False, 0)}
335/352 distributed17-moderate-OFF S=24.0: {'neighbor9': (True, 6), 'off_window': (True, 3), 'remaining_aggregate': (True, 6), 'combined': (True, 3)}
336/352 distributed17-moderate-OFF S=48.0: {'neighbor9': (False, 54), 'off_window': (False, 0), 'remaining_aggregate': (False, 54), 'combined': (False, 0)}
337/352 distributed17-moderate-OFF S=24.0: {'neighbor9': (True, 1), 'off_window': (False, 0), 'remaining_aggregate': (True, 1), 'combined': (False, 0)}
338/352 distributed17-moderate-OFF S=48.0: {'neighbor9': (False, 0), 'off_window': (False, 0), 'remaining_aggregate': (False, 0), 'combined': (False, 0)}
339/352 distributed17-moderate-OFF S=24.0: {'neighbor9': (True, 2), 'off_window': (True, 2), 'remaining_aggregate': (True, 2), 'combined': (True, 2)}
340/352 distributed17-moderate-OFF S=48.0: {'neighbor9': (False, 25), 'off_window': (False, 0), 'remaining_aggregate': (False, 25), 'combined': (False, 0)}
341/352 distributed17-moderate-OFF S=24.0: {'neighbor9': (False, 0), 'off_window': (False, 0), 'remaining_aggregate': (False, 0), 'combined': (False, 0)}
342/352 distributed17-moderate-OFF S=48.0: {'neighbor9': (False, 9), 'off_window': (False, 0), 'remaining_aggregate': (False, 9), 'combined': (False, 0)}
343/352 distributed17-moderate-OFF S=24.0: {'neighbor9': (False, 0), 'off_window': (False, 0), 'remaining_aggregate': (False, 0), 'combined': (False, 0)}
344/352 distributed17-moderate-OFF S=48.0: {'neighbor9': (False, 17), 'off_window': (False, 1), 'remaining_aggregate': (False, 17), 'combined': (False, 1)}
345/352 distributed17-moderate-OFF S=24.0: {'neighbor9': (True, 3), 'off_window': (True, 3), 'remaining_aggregate': (True, 3), 'combined': (True, 3)}
346/352 distributed17-moderate-OFF S=48.0: {'neighbor9': (False, 11), 'off_window': (False, 1), 'remaining_aggregate': (False, 11), 'combined': (False, 1)}
347/352 distributed17-moderate-OFF S=24.0: {'neighbor9': (True, 1), 'off_window': (False, 0), 'remaining_aggregate': (True, 1), 'combined': (False, 0)}
348/352 distributed17-moderate-OFF S=48.0: {'neighbor9': (False, 3), 'off_window': (False, 0), 'remaining_aggregate': (False, 3), 'combined': (False, 0)}
349/352 distributed17-moderate-OFF S=24.0: {'neighbor9': (True, 8), 'off_window': (True, 5), 'remaining_aggregate': (True, 8), 'combined': (True, 5)}
350/352 distributed17-moderate-OFF S=48.0: {'neighbor9': (False, 1), 'off_window': (False, 0), 'remaining_aggregate': (False, 1), 'combined': (False, 0)}
351/352 distributed17-moderate-OFF S=24.0: {'neighbor9': (True, 14), 'off_window': (True, 5), 'remaining_aggregate': (True, 14), 'combined': (True, 5)}
352/352 distributed17-moderate-OFF S=48.0: {'neighbor9': (False, 29), 'off_window': (False, 0), 'remaining_aggregate': (False, 29), 'combined': (False, 0)}
M43Z COMPLETE
