TG010801_P0 audited CORRECTION_LINKED
TG010801_N0 audited CORRECTION_LINKED
{
  "status": "PASS",
  "comparisons": {
    "numeric": 189074,
    "exact": 321158
  },
  "maximum_absolute_differences": {
    "summary": 2.3283064365386963e-10,
    "CAL": 4.547473508864641e-13,
    "COR": 4.547473508864641e-13,
    "SMEAR": 0.0,
    "DELTA": 9.094947017729282e-13
  },
  "disagreements": [],
  "method": "independent struct decoding, long-double temporal normal equations, scalar-sum spatial normal equations",
  "tolerances": {
    "relative": 2e-08,
    "native_absolute": 1e-06,
    "dimensionless_absolute": 1e-08
  },
  "input_l2_audit": "PASS"
}
