{
  "stage": "LS8AW_EC143381445_TWO_VISIT_L2_SCREEN",
  "status": "COMPLETE_UNAUDITED",
  "evaluation_freeze_commit": "2eea576bba91ed38b9141006bf8c56ee6a823fa6",
  "target": "EC14338-1445",
  "selected_keys": [
    "CH_PR100002_TG006601_V0300",
    "CH_PR100002_TG006602_V0300"
  ],
  "method": "unchanged pinned LS8K flux-centered DEFAULT-L2 scorer and signed clustering",
  "sideband_rows_each_side": 12,
  "guard_rows": 2,
  "durations_rows": [
    1,
    2,
    3
  ],
  "screen_threshold": 8.5,
  "visits": [
    {
      "file_key": "CH_PR100002_TG006601_V0300",
      "rows": 79,
      "status_zero_finite_rows": 78,
      "cadence_seconds": 60.0,
      "eligible_windows": 60,
      "duration_results": [
        {
          "duration_rows": 1,
          "duration_seconds": 60.0,
          "eligible_windows": 22,
          "positive_windows": 0,
          "negative_windows": 0,
          "maximum_score": 3.69457161693483,
          "minimum_score": -2.3410037087499416
        },
        {
          "duration_rows": 2,
          "duration_seconds": 120.0,
          "eligible_windows": 20,
          "positive_windows": 0,
          "negative_windows": 0,
          "maximum_score": 3.633175773677481,
          "minimum_score": -2.5027826567351656
        },
        {
          "duration_rows": 3,
          "duration_seconds": 180.0,
          "eligible_windows": 18,
          "positive_windows": 0,
          "negative_windows": 0,
          "maximum_score": 3.419706480476837,
          "minimum_score": -3.1588444376585496
        }
      ],
      "positive_windows": 0,
      "negative_windows": 0,
      "positive_clusters": 0,
      "negative_clusters": 0,
      "maximum_score": 3.69457161693483,
      "minimum_score": -3.1588444376585496,
      "unique_event_rows": 22,
      "eligible_event_row_union_seconds": 1320.0
    },
    {
      "file_key": "CH_PR100002_TG006602_V0300",
      "rows": 80,
      "status_zero_finite_rows": 78,
      "cadence_seconds": 60.0,
      "eligible_windows": 3,
      "duration_results": [
        {
          "duration_rows": 1,
          "duration_seconds": 60.0,
          "eligible_windows": 2,
          "positive_windows": 0,
          "negative_windows": 0,
          "maximum_score": -1.0486353144361682,
          "minimum_score": -1.1169626088354656
        },
        {
          "duration_rows": 2,
          "duration_seconds": 120.0,
          "eligible_windows": 1,
          "positive_windows": 0,
          "negative_windows": 0,
          "maximum_score": -1.6942155688982146,
          "minimum_score": -1.6942155688982146
        },
        {
          "duration_rows": 3,
          "duration_seconds": 180.0,
          "eligible_windows": 0,
          "positive_windows": 0,
          "negative_windows": 0,
          "maximum_score": null,
          "minimum_score": null
        }
      ],
      "positive_windows": 0,
      "negative_windows": 0,
      "positive_clusters": 0,
      "negative_clusters": 0,
      "maximum_score": -1.0486353144361682,
      "minimum_score": -1.6942155688982146,
      "unique_event_rows": 2,
      "eligible_event_row_union_seconds": 120.0
    }
  ],
  "totals": {
    "rows": 159,
    "eligible_windows": 63,
    "positive_windows": 0,
    "negative_windows": 0,
    "positive_clusters": 0,
    "negative_clusters": 0,
    "science_table_bytes": 21942
  },
  "other_apertures_opened": false,
  "image_bytes_acquired": 0,
  "raw_imagettes_opened": false,
  "detector_qualified": false,
  "candidate_claims": 0,
  "interpretation": "Independent rank-19 two-visit L2 screen; signed endpoints are not Gaussian significances."
}
