test_01_legacy_reconstruction_accepts_stale_native_hash_but_guard_rejects (test_radio_score_handoff.ScoreHandoffTests.test_01_legacy_reconstruction_accepts_stale_native_hash_but_guard_rejects) ... ok
test_02_bit_exact_handoff_preserves_every_legacy_vector_identity (test_radio_score_handoff.ScoreHandoffTests.test_02_bit_exact_handoff_preserves_every_legacy_vector_identity) ... ok
test_03_native_cache_order_missing_extra_and_source_are_rejected (test_radio_score_handoff.ScoreHandoffTests.test_03_native_cache_order_missing_extra_and_source_are_rejected) ... ok
test_04_vector_inventory_missing_extra_shape_dtype_and_nonfinite_fail (test_radio_score_handoff.ScoreHandoffTests.test_04_vector_inventory_missing_extra_shape_dtype_and_nonfinite_fail) ... ok
test_05_mutable_run_source_ids_are_checked_against_actual_sources (test_radio_score_handoff.ScoreHandoffTests.test_05_mutable_run_source_ids_are_checked_against_actual_sources) ... ok
test_06_snapshot_owns_immutable_bytes_and_detached_metadata (test_radio_score_handoff.ScoreHandoffTests.test_06_snapshot_owns_immutable_bytes_and_detached_metadata) ... ok
test_07_guarded_consumers_reject_unsealed_store_before_detector_calls (test_radio_score_handoff.ScoreHandoffTests.test_07_guarded_consumers_reject_unsealed_store_before_detector_calls) ... ok
test_08_guarded_production_wraps_native_result_without_numeric_changes (test_radio_score_handoff.ScoreHandoffTests.test_08_guarded_production_wraps_native_result_without_numeric_changes) ... ok
test_09_independent_reopen_preserves_all_bytes_and_metadata (test_radio_score_handoff.ScoreHandoffTests.test_09_independent_reopen_preserves_all_bytes_and_metadata) ... ok
test_10_wrong_external_pin_is_rejected_before_any_float_payload_decode (test_radio_score_handoff.ScoreHandoffTests.test_10_wrong_external_pin_is_rejected_before_any_float_payload_decode) ... ok
test_11_rewritten_self_consistent_receipt_cannot_replace_old_pin (test_radio_score_handoff.ScoreHandoffTests.test_11_rewritten_self_consistent_receipt_cannot_replace_old_pin) ... ok
test_12_changed_float_bytes_rejected_despite_intact_receipt (test_radio_score_handoff.ScoreHandoffTests.test_12_changed_float_bytes_rejected_despite_intact_receipt) ... ok
test_13_truncation_and_trailing_data_are_not_partial_success (test_radio_score_handoff.ScoreHandoffTests.test_13_truncation_and_trailing_data_are_not_partial_success) ... ok
test_14_forged_lengths_version_and_caps_reject_before_payload_decode (test_radio_score_handoff.ScoreHandoffTests.test_14_forged_lengths_version_and_caps_reject_before_payload_decode) ... ok
test_15_wrong_context_rejected_even_with_correct_external_receipt_pin (test_radio_score_handoff.ScoreHandoffTests.test_15_wrong_context_rejected_even_with_correct_external_receipt_pin) ... ok
test_16_noncanonical_json_and_duplicate_keys_rejected (test_radio_score_handoff.ScoreHandoffTests.test_16_noncanonical_json_and_duplicate_keys_rejected) ... ok
test_17_symlink_fifo_and_directory_are_not_checkpoint_files (test_radio_score_handoff.ScoreHandoffTests.test_17_symlink_fifo_and_directory_are_not_checkpoint_files) ... ok
test_18_existing_checkpoint_never_overwritten (test_radio_score_handoff.ScoreHandoffTests.test_18_existing_checkpoint_never_overwritten) ... ok
test_19_failure_before_install_returns_no_final_checkpoint (test_radio_score_handoff.ScoreHandoffTests.test_19_failure_before_install_returns_no_final_checkpoint) ... ok
test_20_lost_ack_after_install_recovers_only_by_explicit_pinned_read (test_radio_score_handoff.ScoreHandoffTests.test_20_lost_ack_after_install_recovers_only_by_explicit_pinned_read) ... ok
test_21_file_and_directory_fsync_failures_do_not_return_success (test_radio_score_handoff.ScoreHandoffTests.test_21_file_and_directory_fsync_failures_do_not_return_success) ... ok
test_22_competing_writers_have_one_install_winner (test_radio_score_handoff.ScoreHandoffTests.test_22_competing_writers_have_one_install_winner) ... ok
test_23_process_crash_before_and_after_install_has_explicit_recovery (test_radio_score_handoff.ScoreHandoffTests.test_23_process_crash_before_and_after_install_has_explicit_recovery) ... ok
test_24_mutation_during_read_is_not_returned_as_valid (test_radio_score_handoff.ScoreHandoffTests.test_24_mutation_during_read_is_not_returned_as_valid) ... ok
test_25_modeled_snapshot_capacity_fails_before_file_open (test_radio_score_handoff.ScoreHandoffTests.test_25_modeled_snapshot_capacity_fails_before_file_open) ... ok
test_26_wrong_sealed_payload_and_native_inventory_are_rejected_by_consumer (test_radio_score_handoff.ScoreHandoffTests.test_26_wrong_sealed_payload_and_native_inventory_are_rejected_by_consumer) ... ok

----------------------------------------------------------------------
Ran 26 tests in 2.693s

OK
