test_byte_capacity_refusal_writes_nothing_and_preserves_both_footers (test_radio_physical_case_v2.PhysicalCaseV2Tests.test_byte_capacity_refusal_writes_nothing_and_preserves_both_footers) ... ok
test_completed_event_case_registers_exact_flat_inventory_and_all_revisions (test_radio_physical_case_v2.PhysicalCaseV2Tests.test_completed_event_case_registers_exact_flat_inventory_and_all_revisions) ... ok
test_default_1024_file_cap_refuses_entire_batch_before_first_part (test_radio_physical_case_v2.PhysicalCaseV2Tests.test_default_1024_file_cap_refuses_entire_batch_before_first_part) ... ok
test_exact_physical_policy_required_before_reservation_write (test_radio_physical_case_v2.PhysicalCaseV2Tests.test_exact_physical_policy_required_before_reservation_write) ... ok
test_failed_event_case_preserves_all_failed_snapshots_and_revisions (test_radio_physical_case_v2.PhysicalCaseV2Tests.test_failed_event_case_preserves_all_failed_snapshots_and_revisions) ... ok
test_finished_case_cannot_create_another_writer_or_reconsume (test_radio_physical_case_v2.PhysicalCaseV2Tests.test_finished_case_cannot_create_another_writer_or_reconsume) ... ok
test_full_config_budget_cannot_hide_outer_closure_reserves (test_radio_physical_case_v2.PhysicalCaseV2Tests.test_full_config_budget_cannot_hide_outer_closure_reserves) ... ok
test_full_snapshot_store_cannot_be_v2_parent_authority (test_radio_physical_case_v2.PhysicalCaseV2Tests.test_full_snapshot_store_cannot_be_v2_parent_authority) ... ok
test_lost_artifact_journal_ack_retains_bytes_and_stops_both_authorities (test_radio_physical_case_v2.PhysicalCaseV2Tests.test_lost_artifact_journal_ack_retains_bytes_and_stops_both_authorities) ... ok
test_outer_reservations_cannot_be_spent_by_dynamic_member (test_radio_physical_case_v2.PhysicalCaseV2Tests.test_outer_reservations_cannot_be_spent_by_dynamic_member) ... ok
test_parent_case_above_18_mib_rejected_before_reservation_write (test_radio_physical_case_v2.PhysicalCaseV2Tests.test_parent_case_above_18_mib_rejected_before_reservation_write) ... ok
test_prospective_config_and_registered_base_byte_pins_are_exact (test_radio_physical_case_v2.PhysicalCaseV2Tests.test_prospective_config_and_registered_base_byte_pins_are_exact) ... ok
test_schema_change_cannot_enter_with_recomputed_prospective_pin (test_radio_physical_case_v2.PhysicalCaseV2Tests.test_schema_change_cannot_enter_with_recomputed_prospective_pin) ... ok
test_scientific_manifest_cannot_enable_v2_physical_policy (test_radio_physical_case_v2.PhysicalCaseV2Tests.test_scientific_manifest_cannot_enable_v2_physical_policy) ... ok
test_snapshot_above_24_mib_streams_original_digest_without_aggregate_read (test_radio_physical_case_v2.PhysicalCaseV2Tests.test_snapshot_above_24_mib_streams_original_digest_without_aggregate_read) ... ok
test_symlink_inventory_fault_poison_is_irreversible_after_file_removal (test_radio_physical_case_v2.PhysicalCaseV2Tests.test_symlink_inventory_fault_poison_is_irreversible_after_file_removal) ... ok
test_timeout_has_only_bounded_reserved_outer_failure_closure (test_radio_physical_case_v2.PhysicalCaseV2Tests.test_timeout_has_only_bounded_reserved_outer_failure_closure) ... ok
test_v1_readers_reject_v2_even_with_matching_independent_pin (test_radio_physical_case_v2.PhysicalCaseV2Tests.test_v1_readers_reject_v2_even_with_matching_independent_pin) ... ok
test_wrong_case_or_plan_cannot_enter_even_with_recomputed_prospective_pin (test_radio_physical_case_v2.PhysicalCaseV2Tests.test_wrong_case_or_plan_cannot_enter_even_with_recomputed_prospective_pin) ... ok
test_full_physical_observer_keeps_result_identical (test_radio_physical_evidence_v2.IntegrationTests.test_full_physical_observer_keeps_result_identical) ... ok
test_interrupt_preserves_failure (test_radio_physical_evidence_v2.IntegrationTests.test_interrupt_preserves_failure) ... ok
test_adjacent_below_floor_does_not_veto (test_radio_whole_cadence_physical.PhysicalTests.test_adjacent_below_floor_does_not_veto) ... ok
test_adjacent_exact_floor_in_active_epoch_vetoes (test_radio_whole_cadence_physical.PhysicalTests.test_adjacent_exact_floor_in_active_epoch_vetoes) ... ok
test_adjacent_ignores_inactive_epoch (test_radio_whole_cadence_physical.PhysicalTests.test_adjacent_ignores_inactive_epoch) ... ok
test_adjacent_uses_unmasked_value (test_radio_whole_cadence_physical.PhysicalTests.test_adjacent_uses_unmasked_value) ... ok
test_alias_bucket_capacity_fails_closed (test_radio_whole_cadence_physical.PhysicalTests.test_alias_bucket_capacity_fails_closed) ... ok
test_alias_visit_capacity_fails_closed (test_radio_whole_cadence_physical.PhysicalTests.test_alias_visit_capacity_fails_closed) ... ok
test_all_off_witnesses_retained_and_best_by_score_then_order (test_radio_whole_cadence_physical.PhysicalTests.test_all_off_witnesses_retained_and_best_by_score_then_order) ... ok
test_cross_component_two_epoch_stationary_alias_vetoes_both (test_radio_whole_cadence_physical.PhysicalTests.test_cross_component_two_epoch_stationary_alias_vetoes_both) ... ok
test_earlier_off_veto_precedes_alias_but_both_evidence_retained (test_radio_whole_cadence_physical.PhysicalTests.test_earlier_off_veto_precedes_alias_but_both_evidence_retained) ... ok
test_empty_full_chain_is_complete_without_survivor (test_radio_whole_cadence_physical.PhysicalTests.test_empty_full_chain_is_complete_without_survivor) ... ok
test_every_off_midpoint_is_checked_not_only_anchor (test_radio_whole_cadence_physical.PhysicalTests.test_every_off_midpoint_is_checked_not_only_anchor) ... ok
test_evidence_byte_capacity_keeps_crossing_record (test_radio_whole_cadence_physical.PhysicalTests.test_evidence_byte_capacity_keeps_crossing_record) ... ok
test_exact_off_wins_and_all_later_evidence_is_preserved (test_radio_whole_cadence_physical.PhysicalTests.test_exact_off_wins_and_all_later_evidence_is_preserved) ... ok
test_identity_partition_capacity_fails_closed (test_radio_whole_cadence_physical.PhysicalTests.test_identity_partition_capacity_fails_closed) ... ok
test_indexed_alias_matches_equal_literal_cross_component_pairs (test_radio_whole_cadence_physical.PhysicalTests.test_indexed_alias_matches_equal_literal_cross_component_pairs) ... ok
test_indexed_off_matches_equal_literal_all_pairs (test_radio_whole_cadence_physical.PhysicalTests.test_indexed_off_matches_equal_literal_all_pairs) ... ok
test_invalid_factors_and_cap_increase_rejected (test_radio_whole_cadence_physical.PhysicalTests.test_invalid_factors_and_cap_increase_rejected) ... ok
test_late_provenance_change_preserves_original_upstream_receipt (test_radio_whole_cadence_physical.PhysicalTests.test_late_provenance_change_preserves_original_upstream_receipt) ... ok
test_literal_track_exact_20_is_inclusive (test_radio_whole_cadence_physical.PhysicalTests.test_literal_track_exact_20_is_inclusive) ... ok
test_local_off_different_template_width_carrier_is_veto (test_radio_whole_cadence_physical.PhysicalTests.test_local_off_different_template_width_carrier_is_veto) ... ok
test_missing_signature_epoch_rejected_with_upstream_preserved (test_radio_whole_cadence_physical.PhysicalTests.test_missing_signature_epoch_rejected_with_upstream_preserved) ... ok
test_no_scientific_authority_and_result_hash_is_complete (test_radio_whole_cadence_physical.PhysicalTests.test_no_scientific_authority_and_result_hash_is_complete) ... ok
test_off_capacity_failure_keeps_full_upstream (test_radio_whole_cadence_physical.PhysicalTests.test_off_capacity_failure_keeps_full_upstream) ... ok
test_oversized_receiver_neighborhood_rejected (test_radio_whole_cadence_physical.PhysicalTests.test_oversized_receiver_neighborhood_rejected) ... ok
test_partial_off_witnesses_survive_visit_cap (test_radio_whole_cadence_physical.PhysicalTests.test_partial_off_witnesses_survive_visit_cap) ... ok
test_receiver_callback_cannot_mutate_upstream_records (test_radio_whole_cadence_physical.PhysicalTests.test_receiver_callback_cannot_mutate_upstream_records) ... ok
test_receiver_callback_late_score_change_fails_closed (test_radio_whole_cadence_physical.PhysicalTests.test_receiver_callback_late_score_change_fails_closed) ... ok
test_receiver_literal_20_boundary_and_next_float (test_radio_whole_cadence_physical.PhysicalTests.test_receiver_literal_20_boundary_and_next_float) ... ok
test_receiver_snr_5_5_inclusive_and_below_excluded (test_radio_whole_cadence_physical.PhysicalTests.test_receiver_snr_5_5_inclusive_and_below_excluded) ... ok
test_same_component_peaks_do_not_alias_each_other (test_radio_whole_cadence_physical.PhysicalTests.test_same_component_peaks_do_not_alias_each_other) ... ok
test_self_consistent_wrong_midpoint_rejected (test_radio_whole_cadence_physical.PhysicalTests.test_self_consistent_wrong_midpoint_rejected) ... ok
test_single_common_epoch_is_not_receiver_alias (test_radio_whole_cadence_physical.PhysicalTests.test_single_common_epoch_is_not_receiver_alias) ... ok
test_track_just_above_20_is_not_rounded_into_match (test_radio_whole_cadence_physical.PhysicalTests.test_track_just_above_20_is_not_rounded_into_match) ... ok
test_transitive_component_preserves_all_members (test_radio_whole_cadence_physical.PhysicalTests.test_transitive_component_preserves_all_members) ... ok
test_bad_hash_missing_part_and_noncanonical_value_rejected (test_radio_physical_evidence_v2.StorageTests.test_bad_hash_missing_part_and_noncanonical_value_rejected) ... ok
test_decompression_overflow_truncation_and_trailing_stream_rejected (test_radio_physical_evidence_v2.StorageTests.test_decompression_overflow_truncation_and_trailing_stream_rejected) ... ok
test_expansion_bound_checked_before_any_part_decoding (test_radio_physical_evidence_v2.StorageTests.test_expansion_bound_checked_before_any_part_decoding) ... ok
test_incompressible_stored_capacity_preserves_footer (test_radio_physical_evidence_v2.StorageTests.test_incompressible_stored_capacity_preserves_footer) ... ok
test_lost_ack_poisoned_and_readonly_recovery_cannot_resume (test_radio_physical_evidence_v2.StorageTests.test_lost_ack_poisoned_and_readonly_recovery_cannot_resume) ... ok
test_original_bytes_and_unchanged_parts_across_group_boundaries (test_radio_physical_evidence_v2.StorageTests.test_original_bytes_and_unchanged_parts_across_group_boundaries) ... ok
test_overlarge_individual_value_is_final_capacity_failure (test_radio_physical_evidence_v2.StorageTests.test_overlarge_individual_value_is_final_capacity_failure) ... ok
test_parent_integration_and_incomplete_completion_are_rejected (test_radio_physical_evidence_v2.StorageTests.test_parent_integration_and_incomplete_completion_are_rejected) ... ok
test_stream_restores_snapshot_above_old_aggregate_bound (test_radio_physical_evidence_v2.StorageTests.test_stream_restores_snapshot_above_old_aggregate_bound) ... ok
test_wrong_case_stale_pin_and_symlink_rejected (test_radio_physical_evidence_v2.StorageTests.test_wrong_case_stale_pin_and_symlink_rejected) ... ok
test_all_base_artifacts_must_be_in_existing_byte_pins (test_radio_physical_case.PhysicalCaseTests.test_all_base_artifacts_must_be_in_existing_byte_pins) ... ok
test_checkpoint_file_count_stops_before_any_partial_new_batch (test_radio_physical_case.PhysicalCaseTests.test_checkpoint_file_count_stops_before_any_partial_new_batch) ... ok
test_cumulative_journal_capacity_stops_before_artifact_write_and_allows_failed_closure (test_radio_physical_case.PhysicalCaseTests.test_cumulative_journal_capacity_stops_before_artifact_write_and_allows_failed_closure) ... ok
test_dynamic_member_cannot_be_written_after_seal (test_radio_physical_case.PhysicalCaseTests.test_dynamic_member_cannot_be_written_after_seal) ... ok
test_failed_group_seal_blocks_direct_lease_completion (test_radio_physical_case.PhysicalCaseTests.test_failed_group_seal_blocks_direct_lease_completion) ... ok
test_failed_physical_state_seals_as_failed_parent_not_complete (test_radio_physical_case.PhysicalCaseTests.test_failed_physical_state_seals_as_failed_parent_not_complete) ... ok
test_failure_finalization_has_one_shared_five_second_window (test_radio_physical_case.PhysicalCaseTests.test_failure_finalization_has_one_shared_five_second_window) ... ok
test_failure_finalization_is_irreversible_and_limited_to_reserved_files (test_radio_physical_case.PhysicalCaseTests.test_failure_finalization_is_irreversible_and_limited_to_reserved_files) ... ok
test_fixed_legacy_manifest_still_rejects_dynamic_extras_on_completion (test_radio_physical_case.PhysicalCaseTests.test_fixed_legacy_manifest_still_rejects_dynamic_extras_on_completion) ... ok
test_flat_round_trip_and_unknown_names_rejected (test_radio_physical_case.PhysicalCaseTests.test_flat_round_trip_and_unknown_names_rejected) ... ok
test_full_parent_budget_cannot_consume_failure_reserve (test_radio_physical_case.PhysicalCaseTests.test_full_parent_budget_cannot_consume_failure_reserve) ... ok
test_lost_artifact_ack_retains_written_bytes_but_no_resume_or_false_finish (test_radio_physical_case.PhysicalCaseTests.test_lost_artifact_ack_retains_written_bytes_but_no_resume_or_false_finish) ... ok
test_original_config_budget_cannot_hide_outer_reservations (test_radio_physical_case.PhysicalCaseTests.test_original_config_budget_cannot_hide_outer_reservations) ... ok
test_scientific_manifest_cannot_enable_dynamic_policy (test_radio_physical_case.PhysicalCaseTests.test_scientific_manifest_cannot_enable_dynamic_policy) ... ok
test_seal_omitting_member_cannot_pass_archive_verification (test_radio_physical_case.PhysicalCaseTests.test_seal_omitting_member_cannot_pass_archive_verification) ... ok
test_success_all_dynamic_members_registered_once_and_charged (test_radio_physical_case.PhysicalCaseTests.test_success_all_dynamic_members_registered_once_and_charged) ... ok
test_timeout_writes_only_bounded_reserved_failed_footer (test_radio_physical_case.PhysicalCaseTests.test_timeout_writes_only_bounded_reserved_failed_footer) ... ok
test_too_small_journal_cannot_enable_group (test_radio_physical_case.PhysicalCaseTests.test_too_small_journal_cannot_enable_group) ... ok
test_torn_artifact_stays_visible_and_case_is_uncertain (test_radio_physical_case.PhysicalCaseTests.test_torn_artifact_stays_visible_and_case_is_uncertain) ... ok
test_unrecognized_file_outside_policy_rejected_before_durable_write (test_radio_physical_case.PhysicalCaseTests.test_unrecognized_file_outside_policy_rejected_before_durable_write) ... ok
test_unregistered_or_symlinked_base_file_prevents_entry (test_radio_physical_case.PhysicalCaseTests.test_unregistered_or_symlinked_base_file_prevents_entry) ... ok
test_wrong_prospective_physical_binding_rejected_before_write (test_radio_physical_case.PhysicalCaseTests.test_wrong_prospective_physical_binding_rejected_before_write) ... ok
test_all_original_revisions_and_pointer_versions_retained_exactly (test_radio_event_store.EventStoreTests.test_all_original_revisions_and_pointer_versions_retained_exactly) ... ok
test_capacity_counts_all_event_and_pointer_versions_and_protects_closure (test_radio_event_store.EventStoreTests.test_capacity_counts_all_event_and_pointer_versions_and_protects_closure) ... ok
test_changed_event_or_removed_pointer_rejected (test_radio_event_store.EventStoreTests.test_changed_event_or_removed_pointer_rejected) ... ok
test_complete_physical_case_uses_event_store_without_duplicate_archive (test_radio_event_store.EventStoreTests.test_complete_physical_case_uses_event_store_without_duplicate_archive) ... ok
test_lost_ack_after_head_swap_preserves_committed_revision_but_stops_lease (test_radio_event_store.EventStoreTests.test_lost_ack_after_head_swap_preserves_committed_revision_but_stops_lease) ... ok
test_old_readonly_bytes_cannot_open_publisher_or_reconsume_case (test_radio_event_store.EventStoreTests.test_old_readonly_bytes_cannot_open_publisher_or_reconsume_case) ... ok
test_partial_event_retains_only_old_prefix_and_explicit_orphans (test_radio_event_store.EventStoreTests.test_partial_event_retains_only_old_prefix_and_explicit_orphans) ... ok
test_partial_head_retains_event_and_pointer_as_uncommitted (test_radio_event_store.EventStoreTests.test_partial_head_retains_event_and_pointer_as_uncommitted) ... ok
test_stale_pointer_cannot_hide_later_events (test_radio_event_store.EventStoreTests.test_stale_pointer_cannot_hide_later_events) ... ok
test_unknown_file_symlink_or_modified_genesis_cannot_enter_active_cache (test_radio_event_store.EventStoreTests.test_unknown_file_symlink_or_modified_genesis_cannot_enter_active_cache) ... ok
test_attempt_failed_cannot_move_to_next_case (test_radio_whole_cadence_journal.JournalTests.test_attempt_failed_cannot_move_to_next_case) ... ok
test_cas_conflict_does_not_overwrite_newer_revision (test_radio_whole_cadence_journal.JournalTests.test_cas_conflict_does_not_overwrite_newer_revision) ... ok
test_changed_plan_does_not_consume (test_radio_whole_cadence_journal.JournalTests.test_changed_plan_does_not_consume) ... ok
test_clock_limit_blocks_completion (test_radio_whole_cadence_journal.JournalTests.test_clock_limit_blocks_completion) ... ok
test_cumulative_evidence_reservations_never_refunded (test_radio_whole_cadence_journal.JournalTests.test_cumulative_evidence_reservations_never_refunded) ... ok
test_cumulative_time_reservations_never_refunded (test_radio_whole_cadence_journal.JournalTests.test_cumulative_time_reservations_never_refunded) ... ok
test_duplicate_consumption_stops_before_local_directory (test_radio_whole_cadence_journal.JournalTests.test_duplicate_consumption_stops_before_local_directory) ... ok
test_engineering_lease_rejected_before_proposed_generator (test_radio_whole_cadence_journal.JournalTests.test_engineering_lease_rejected_before_proposed_generator) ... ok
test_failed_local_directory_still_consumes (test_radio_whole_cadence_journal.JournalTests.test_failed_local_directory_still_consumes) ... ok
test_finish_missing_required_artifact_rejected (test_radio_whole_cadence_journal.JournalTests.test_finish_missing_required_artifact_rejected) ... ok
test_finished_lease_cannot_restart (test_radio_whole_cadence_journal.JournalTests.test_finished_lease_cannot_restart) ... ok
test_incomplete_archive_is_readonly_and_not_empty (test_radio_whole_cadence_journal.JournalTests.test_incomplete_archive_is_readonly_and_not_empty) ... ok
test_independent_manifest_checkpoint_required (test_radio_whole_cadence_journal.JournalTests.test_independent_manifest_checkpoint_required) ... ok
test_local_store_cannot_be_scientific_authority (test_radio_whole_cadence_journal.JournalTests.test_local_store_cannot_be_scientific_authority) ... ok
test_missing_completed_artifact_rejected (test_radio_whole_cadence_journal.JournalTests.test_missing_completed_artifact_rejected) ... ok
test_mutated_case_quota_cannot_enlarge_running_lease (test_radio_whole_cadence_journal.JournalTests.test_mutated_case_quota_cannot_enlarge_running_lease) ... ok
test_mutated_chain_fails_even_with_new_document_digest (test_radio_whole_cadence_journal.JournalTests.test_mutated_chain_fails_even_with_new_document_digest) ... ok
test_mutated_memory_cap_cannot_enlarge_running_lease (test_radio_whole_cadence_journal.JournalTests.test_mutated_memory_cap_cannot_enlarge_running_lease) ... ok
test_no_artifact_overwrite (test_radio_whole_cadence_journal.JournalTests.test_no_artifact_overwrite) ... ok
test_order_cannot_skip_first_case (test_radio_whole_cadence_journal.JournalTests.test_order_cannot_skip_first_case) ... ok
test_partial_unregistered_write_never_completes (test_radio_whole_cadence_journal.JournalTests.test_partial_unregistered_write_never_completes) ... ok
test_path_escape_rejected (test_radio_whole_cadence_journal.JournalTests.test_path_escape_rejected) ... ok
test_registered_artifact_corruption_rejected (test_radio_whole_cadence_journal.JournalTests.test_registered_artifact_corruption_rejected) ... ok
test_regressed_clock_rejected (test_radio_whole_cadence_journal.JournalTests.test_regressed_clock_rejected) ... ok
test_remote_ambiguity_after_publish_never_returns_permission (test_radio_whole_cadence_journal.JournalTests.test_remote_ambiguity_after_publish_never_returns_permission) ... ok
test_rss_and_modelled_memory_caps (test_radio_whole_cadence_journal.JournalTests.test_rss_and_modelled_memory_caps) ... ok
test_single_case_bytes_capped_before_write (test_radio_whole_cadence_journal.JournalTests.test_single_case_bytes_capped_before_write) ... ok
test_stale_revision_rejected (test_radio_whole_cadence_journal.JournalTests.test_stale_revision_rejected) ... ok
test_successful_archive_restores_readonly (test_radio_whole_cadence_journal.JournalTests.test_successful_archive_restores_readonly) ... ok
test_symlink_artifact_is_not_an_archive (test_radio_whole_cadence_journal.JournalTests.test_symlink_artifact_is_not_an_archive) ... ok
test_torn_head_is_not_repaired (test_radio_whole_cadence_journal.JournalTests.test_torn_head_is_not_repaired) ... ok
test_wrong_readback_never_returns_permission (test_radio_whole_cadence_journal.JournalTests.test_wrong_readback_never_returns_permission) ... ok

----------------------------------------------------------------------
Ran 129 tests in 5.843s

OK
