test_branch_advance_between_preflight_and_patch_is_refused (test_radio_github_v2.RemoteTests.test_branch_advance_between_preflight_and_patch_is_refused) ... ok
test_coherent_wrong_namespace_refused (test_radio_github_v2.RemoteTests.test_coherent_wrong_namespace_refused) ... ok
test_concurrent_distinct_payloads_have_one_winner (test_radio_github_v2.RemoteTests.test_concurrent_distinct_payloads_have_one_winner) ... ok
test_concurrent_identical_payloads_have_one_winner (test_radio_github_v2.RemoteTests.test_concurrent_identical_payloads_have_one_winner) ... ok
test_controller_three_ordered_roles_and_fourth_refused (test_radio_github_v2.RemoteTests.test_controller_three_ordered_roles_and_fourth_refused) ... ok
test_corrupt_blob_hash_rejected_even_after_successful_update (test_radio_github_v2.RemoteTests.test_corrupt_blob_hash_rejected_even_after_successful_update) ... ok
test_duplicate_and_nonfinite_json_rejected_from_real_git_blobs (test_radio_github_v2.RemoteTests.test_duplicate_and_nonfinite_json_rejected_from_real_git_blobs) ... ok
test_fast_forward_alone_can_acknowledge_same_commit_twice (test_radio_github_v2.RemoteTests.test_fast_forward_alone_can_acknowledge_same_commit_twice) ... ok
test_fresh_client_after_lost_reply_refuses_old_checkpoint (test_radio_github_v2.RemoteTests.test_fresh_client_after_lost_reply_refuses_old_checkpoint) ... ok
test_later_role_during_confirmation_stops_without_erasing_it (test_radio_github_v2.RemoteTests.test_later_role_during_confirmation_stops_without_erasing_it) ... ok
test_lost_tree_or_commit_reply_never_updates_ref (test_radio_github_v2.RemoteTests.test_lost_tree_or_commit_reply_never_updates_ref) ... ok
test_lost_update_reply_preserves_spent_reservation_and_stops (test_radio_github_v2.RemoteTests.test_lost_update_reply_preserves_spent_reservation_and_stops) ... ok
test_merge_and_bounded_ancestry_fail_closed (test_radio_github_v2.RemoteTests.test_merge_and_bounded_ancestry_fail_closed) ... ok
test_missing_ledger_never_initialized (test_radio_github_v2.RemoteTests.test_missing_ledger_never_initialized) ... ok
test_read_is_at_observed_commit_when_branch_advances (test_radio_github_v2.RemoteTests.test_read_is_at_observed_commit_when_branch_advances) ... ok
test_reference_and_commit_identity_substitution_refused (test_radio_github_v2.RemoteTests.test_reference_and_commit_identity_substitution_refused) ... ok
test_reset_after_success_is_not_published (test_radio_github_v2.RemoteTests.test_reset_after_success_is_not_published) ... ok
test_reset_and_restore_in_confirmation_history_is_refused (test_radio_github_v2.RemoteTests.test_reset_and_restore_in_confirmation_history_is_refused) ... ok
test_same_commit_wrong_ledger_digest_refused_before_mutation (test_radio_github_v2.RemoteTests.test_same_commit_wrong_ledger_digest_refused_before_mutation) ... ok
test_same_ledger_on_unrelated_history_is_not_confirmation (test_radio_github_v2.RemoteTests.test_same_ledger_on_unrelated_history_is_not_confirmation) ... ok
test_service_failure_and_operation_caps_do_not_retry (test_radio_github_v2.RemoteTests.test_service_failure_and_operation_caps_do_not_retry) ... ok
test_skipped_append_and_boolean_ordinal_refused (test_radio_github_v2.RemoteTests.test_skipped_append_and_boolean_ordinal_refused) ... ok
test_spec_pin_and_live_service_refused_before_calls (test_radio_github_v2.RemoteTests.test_spec_pin_and_live_service_refused_before_calls) ... ok
test_stale_branch_cannot_be_rebased_automatically (test_radio_github_v2.RemoteTests.test_stale_branch_cannot_be_rebased_automatically) ... ok
test_success_changes_exactly_the_ledger_in_git (test_radio_github_v2.RemoteTests.test_success_changes_exactly_the_ledger_in_git) ... ok
test_timeout_before_update_retains_orphan_without_retry (test_radio_github_v2.RemoteTests.test_timeout_before_update_retains_orphan_without_retry) ... ok
test_tree_response_cannot_delete_or_change_unrelated_files (test_radio_github_v2.RemoteTests.test_tree_response_cannot_delete_or_change_unrelated_files) ... ok
test_truncated_duplicate_and_symlink_tree_entries_refused (test_radio_github_v2.RemoteTests.test_truncated_duplicate_and_symlink_tree_entries_refused) ... ok
test_unrelated_descendant_with_same_ledger_is_confirmed (test_radio_github_v2.RemoteTests.test_unrelated_descendant_with_same_ledger_is_confirmed) ... ok
test_wrong_commit_parent_and_tree_refused_before_update (test_radio_github_v2.RemoteTests.test_wrong_commit_parent_and_tree_refused_before_update) ... ok
test_wrong_update_ack_is_ambiguous_not_a_refund (test_radio_github_v2.RemoteTests.test_wrong_update_ack_is_ambiguous_not_a_refund) ... ok

----------------------------------------------------------------------
Ran 31 tests in 3.996s

OK
