epoch1_on width 1: exact, 3.4s elapsed
epoch1_on width 3: exact, 6.1s elapsed
epoch1_on width 5: exact, 8.8s elapsed
epoch1_on width 9: exact, 12.1s elapsed
epoch1_on width 17: exact, 16.1s elapsed
epoch1_on width 33: exact, 20.9s elapsed
epoch1_on width 65: exact, 27.7s elapsed
epoch1_on width 129: exact, 38.1s elapsed
epoch1_off width 1: exact, 41.8s elapsed
epoch1_off width 3: exact, 44.6s elapsed
epoch1_off width 5: exact, 47.5s elapsed
epoch1_off width 9: exact, 50.8s elapsed
epoch1_off width 17: exact, 54.5s elapsed
epoch1_off width 33: exact, 59.6s elapsed
epoch1_off width 65: exact, 66.3s elapsed
epoch1_off width 129: exact, 76.9s elapsed
{
  "result_sha256": "b2f9be7ed22848aaca3d0eab15a1535ee12a5643a06c47a593b15e31db72c41a",
  "summary": {
    "telescope_sources": 2,
    "normalization_rows_sort_checked": 32,
    "bank_scan_width_local_checks": 16,
    "local_score_cells_compared": 1442448,
    "full_grid_template_vectors": 32,
    "full_grid_score_cells_compared": 23929376
  }
}
