{
  "stage": "LS8A_HELDOUT_L2_TRANSFER",
  "status": "COMPLETE_UNAUDITED",
  "file_key": "CH_PR100006_TG000301_V0300",
  "selection_rule": "chronologically earliest public 55 Cnc visit after retained March 2020 pilot",
  "aperture": "DEFAULT",
  "rows": 1178,
  "status_zero_finite_rows": 1135,
  "cadence_seconds": 44.2200012207031,
  "sideband_rows_each_side": 12,
  "guard_rows": 2,
  "screen_threshold": 8.5,
  "duration_results": {
    "1": {
      "duration_seconds": 44.2200012207031,
      "eligible_windows": 653,
      "positive_screens": 0,
      "negative_controls": 1,
      "maximum_score": 5.520642348661949,
      "minimum_score": -10.422828241522911
    },
    "2": {
      "duration_seconds": 88.4400024414062,
      "eligible_windows": 637,
      "positive_screens": 0,
      "negative_controls": 1,
      "maximum_score": 6.2927489990114385,
      "minimum_score": -8.905648732003472
    },
    "3": {
      "duration_seconds": 132.6600036621093,
      "eligible_windows": 621,
      "positive_screens": 0,
      "negative_controls": 2,
      "maximum_score": 6.775699607513592,
      "minimum_score": -10.60241958517607
    }
  },
  "eligible_ledger_rows": 1911,
  "unique_event_rows_in_eligible_windows": 653,
  "eligible_event_row_union_seconds": 28875.660797119122,
  "positive_screen_clusters": 0,
  "negative_control_screens": 4,
  "highest_positive_representative_score": null,
  "other_apertures_evaluated": false,
  "image_followup_performed": false,
  "interpretation": "held-out transfer of frozen LS7X L2 screen; not detector qualification or calibrated false-alarm probability"
}
