TG000201_P0 audited UNRESOLVED_WITHIN_FIXED_SCOPE
TG000202_P0 audited SPATIALLY_STRUCTURED
TG000202_N0 audited CORRECTION_LINKED
{
  "status": "PASS",
  "comparisons": {
    "numeric": 283611,
    "exact": 481739
  },
  "maximum_absolute_differences": {
    "summary": 2.3283064365386963e-10,
    "CAL": 1.4551915228366852e-11,
    "COR": 2.9103830456733704e-11,
    "SMEAR": 0.0,
    "DELTA": 2.9103830456733704e-11
  },
  "disagreements": [],
  "method": "independent struct decoding, long-double temporal normal equations, scalar-sum spatial normal equations",
  "tolerances": {
    "relative": 2e-08,
    "native_absolute": 1e-06,
    "dimensionless_absolute": 1e-08
  },
  "input_l2_audit": "PASS"
}
