{
  "sectors": [
    {
      "sector": 29,
      "window_counts": {
        "all_six_finite_positive_errors": 210,
        "all_six_quality_zero_sideband": 0,
        "all_six_quality_zero_event": 72,
        "all_six_valid_selected": 0,
        "actual_reference_prediction_available": 0
      },
      "simultaneous_valid_reference_count_histogram": {
        "0": 0,
        "1": 0,
        "2": 0,
        "3": 20,
        "4": 192,
        "5": 1239,
        "6": 2559
      }
    },
    {
      "sector": 32,
      "window_counts": {
        "all_six_finite_positive_errors": 210,
        "all_six_quality_zero_sideband": 0,
        "all_six_quality_zero_event": 101,
        "all_six_valid_selected": 0,
        "actual_reference_prediction_available": 0
      },
      "simultaneous_valid_reference_count_histogram": {
        "0": 0,
        "1": 0,
        "2": 0,
        "3": 5,
        "4": 100,
        "5": 800,
        "6": 3105
      }
    }
  ]
}
