{
  "status": "PASS",
  "trial_rows": 3180,
  "original_decisions_preserved": 1460,
  "covariance_folds_checked": 30,
  "scalar_covariance_max_error": 4.440892098500626e-16,
  "direct_whitened_winning_fits": 19080,
  "exhaustive_anchor_suite_pairs": 40,
  "exhaustive_fits": 101400,
  "max_fit_absolute_errors": {
    "chi2": 9.313225746154785e-09,
    "objective": 9.313225746154785e-09,
    "amplitude": 2.3283064365386963e-10,
    "amplitude_noise_score": 4.092726157978177e-12
  },
  "all_original_matched_requirements_pass": {
    "covariance_sparse": false,
    "diagonal_sparse": false,
    "covariance_plain": false
  }
}
