{
  "status": "PASS",
  "method": "independent big-endian struct decoder and flux-centered scalar normal equations",
  "frozen_tolerances": {
    "relative": 2e-08,
    "absolute": 2e-10
  },
  "numeric_disagreements": [],
  "visits": [
    {
      "file_key": "CH_PR100018_TG018601_V0300",
      "status": "PASS",
      "raw_rows": 127,
      "enumerated_windows": 378,
      "eligible_windows": 294,
      "numeric_and_discrete_comparisons": 3528,
      "numeric_disagreements": 0,
      "maximum_absolute_differences": {
        "score": 8.881784197001252e-16,
        "excess_electrons": 1.8189894035458565e-12,
        "sigma_electrons": 1.3642420526593924e-12,
        "denominator_electrons": 2.7284841053187847e-12,
        "baseline_event_sum_electrons": 0.0,
        "leverage": 1.6653345369377348e-16
      },
      "signed_clusters_counts_and_summaries_verified": true
    },
    {
      "file_key": "CH_PR100018_TG031201_V0300",
      "status": "PASS",
      "raw_rows": 75,
      "enumerated_windows": 222,
      "eligible_windows": 87,
      "numeric_and_discrete_comparisons": 1044,
      "numeric_disagreements": 0,
      "maximum_absolute_differences": {
        "score": 8.881784197001252e-16,
        "excess_electrons": 1.4551915228366852e-11,
        "sigma_electrons": 2.000888343900442e-11,
        "denominator_electrons": 2.546585164964199e-11,
        "baseline_event_sum_electrons": 0.0,
        "leverage": 1.6653345369377348e-16
      },
      "signed_clusters_counts_and_summaries_verified": true
    }
  ],
  "numeric_and_discrete_comparisons": 4572
}
