{
  "stage": "LS8I_GJ649_TWO_VISIT_L2_SCREEN",
  "status": "COMPLETE_UNAUDITED",
  "evaluation_freeze_commit": "3ccb9edc04454b573b51986713f4a71c7cf46b16",
  "target": "GJ 649",
  "selected_keys": [
    "CH_PR100018_TG018601_V0300",
    "CH_PR100018_TG031201_V0300"
  ],
  "method": "prospective flux-centered implementation of unchanged LS7X/LS8A/LS8B DEFAULT-L2 rule",
  "sideband_rows_each_side": 12,
  "guard_rows": 2,
  "durations_rows": [
    1,
    2,
    3
  ],
  "screen_threshold": 8.5,
  "visits": [
    {
      "file_key": "CH_PR100018_TG018601_V0300",
      "rows": 127,
      "status_zero_finite_rows": 127,
      "cadence_seconds": 22.6499996185303,
      "eligible_windows": 294,
      "duration_results": [
        {
          "duration_rows": 1,
          "duration_seconds": 22.6499996185303,
          "eligible_windows": 99,
          "positive_windows": 0,
          "negative_windows": 0,
          "maximum_score": 2.3371917983590085,
          "minimum_score": -2.321898013739675
        },
        {
          "duration_rows": 2,
          "duration_seconds": 45.2999992370606,
          "eligible_windows": 98,
          "positive_windows": 0,
          "negative_windows": 0,
          "maximum_score": 2.0752000951892304,
          "minimum_score": -2.835950523906213
        },
        {
          "duration_rows": 3,
          "duration_seconds": 67.94999885559089,
          "eligible_windows": 97,
          "positive_windows": 0,
          "negative_windows": 0,
          "maximum_score": 2.2445166674936403,
          "minimum_score": -3.2857083611719546
        }
      ],
      "positive_windows": 0,
      "negative_windows": 0,
      "positive_clusters": 0,
      "negative_clusters": 0,
      "maximum_score": 2.3371917983590085,
      "minimum_score": -3.2857083611719546,
      "unique_event_rows": 99,
      "eligible_event_row_union_seconds": 2242.3499622344993
    },
    {
      "file_key": "CH_PR100018_TG031201_V0300",
      "rows": 75,
      "status_zero_finite_rows": 71,
      "cadence_seconds": 42.0,
      "eligible_windows": 87,
      "duration_results": [
        {
          "duration_rows": 1,
          "duration_seconds": 42.0,
          "eligible_windows": 30,
          "positive_windows": 0,
          "negative_windows": 0,
          "maximum_score": 3.9750476578687617,
          "minimum_score": -3.0814129815576807
        },
        {
          "duration_rows": 2,
          "duration_seconds": 84.0,
          "eligible_windows": 29,
          "positive_windows": 0,
          "negative_windows": 0,
          "maximum_score": 4.5877422541249855,
          "minimum_score": -2.5299181942924847
        },
        {
          "duration_rows": 3,
          "duration_seconds": 126.0,
          "eligible_windows": 28,
          "positive_windows": 0,
          "negative_windows": 0,
          "maximum_score": 4.125235187470192,
          "minimum_score": -2.4745097017249265
        }
      ],
      "positive_windows": 0,
      "negative_windows": 0,
      "positive_clusters": 0,
      "negative_clusters": 0,
      "maximum_score": 4.5877422541249855,
      "minimum_score": -3.0814129815576807,
      "unique_event_rows": 30,
      "eligible_event_row_union_seconds": 1260.0
    }
  ],
  "totals": {
    "rows": 202,
    "eligible_windows": 381,
    "positive_windows": 0,
    "negative_windows": 0,
    "positive_clusters": 0,
    "negative_clusters": 0,
    "science_table_bytes": 27876
  },
  "other_apertures_opened": false,
  "image_bytes_acquired": 0,
  "raw_imagettes_opened": false,
  "detector_qualified": false,
  "candidate_claims": 0,
  "interpretation": "independent two-visit L2 screening; signed endpoints are descriptive controls, not Gaussian significances"
}
