TG000401_N0 audited UNRESOLVED_WITHIN_FIXED_SCOPE
TG000403_N0 audited UNRESOLVED_WITHIN_FIXED_SCOPE
TG000403_N1 audited UNRESOLVED_WITHIN_FIXED_SCOPE
TG000403_N2 audited UNRESOLVED_WITHIN_FIXED_SCOPE
TG000403_N3 audited UNRESOLVED_WITHIN_FIXED_SCOPE
{
  "status": "PASS",
  "comparisons": {
    "numeric": 472685,
    "exact": 802983
  },
  "maximum_absolute_differences": {
    "summary": 4.3655745685100555e-11,
    "CAL": 7.275957614183426e-12,
    "COR": 1.3642420526593924e-12,
    "SMEAR": 0.0,
    "DELTA": 7.275957614183426e-12
  },
  "disagreements": [],
  "method": "independent struct decoding, long-double temporal normal equations, scalar-sum spatial normal equations",
  "tolerances": {
    "relative": 2e-08,
    "native_absolute": 1e-06,
    "dimensionless_absolute": 1e-08
  },
  "input_l2_audit": "PASS"
}
