{
  "schema": "radio-whole-cadence-physical-postflight-v1",
  "status": "VERIFIED_FOR_PUBLICATION",
  "new_distinct_unit_tests": 66,
  "additional_schedule_rejection_checks": 1,
  "physical_complete_run_triggers": 14,
  "physical_failed_run_triggers_preserved": 6,
  "mock_sources_rehydrated": 12,
  "mock_raw_cells_reconstructed": 12582912,
  "mock_normalized_cells_verified": 12582912,
  "handcrafted_gate_examples": 8,
  "proposed_case_metadata_plans": 151,
  "proposed_cases_executed": 0,
  "new_gaussian_draws": 0,
  "new_scientific_allocations": 0,
  "new_source_requests": 0,
  "new_telescope_values": 0,
  "old_attempts_reopened": false,
  "external_messages": 0,
  "plan_extended": false,
  "old_preparation_contracts_changed": false,
  "native_full_chain_qualified": false,
  "real_rng_entry_available": false,
  "prospective_proposal_status": "PROPOSED_NOT_ACTIVATED",
  "retained_evidence_bytes_at_postflight": 1253364,
  "postflight_seconds": 0.30164431299999706
}
