{
  "schema": "radio-whole-cadence-renderer-binding-result-v1",
  "status": "METADATA_AND_DETERMINISTIC_MOCK_BINDING_PASS",
  "proposed_plans_bound_without_rng": 151,
  "mock_cadences": [
    {
      "ordinal": 0,
      "mock_case_identity": "7dcf1eec52e3d87cf713a5de296474a5fd32dd77210db600758a2cad9aaeec7d",
      "intended_proposed_case_identity": "ca8f417235f81f46508995db71c1b1e269a9ef0ec301b4e5e44cf3a190891c7a",
      "source_count": 6,
      "rows": 96,
      "injected_rows": 0,
      "max_mass_error": 0.0
    },
    {
      "ordinal": 1,
      "mock_case_identity": "3e7cfb339e09e7f4b5ab585c910214a86af4fb6c81e20aaeb3dd7ed01675b7c3",
      "intended_proposed_case_identity": "c4646a6b63c6a12dac8668d03777d0bdad4933bf939924d9ce17824030f7b2ff",
      "source_count": 6,
      "rows": 96,
      "injected_rows": 48,
      "max_mass_error": 1.1102230246251565e-16
    }
  ],
  "source_normalized_cells_preserved": 12582912,
  "new_gaussian_draws": 0,
  "scientific_allocations_charged": 0,
  "scores_or_scientific_recovery_computed": false,
  "real_rng_entry_available": false,
  "active_seconds": 1.2362371889994392,
  "peak_process_rss_bytes": 77541376,
  "proposal_not_activated": true,
  "telescope_values_opened": false
}
