2026-09-23T15:10:33.1324793Z Current runner version: '2.337.0'
2026-09-23T15:10:33.1346007Z ##[group]Runner Image Provisioner
2026-09-23T15:10:33.1346708Z Hosted Compute Agent
2026-09-23T15:10:33.1347294Z Version: 20260828.587
2026-09-23T15:10:33.1347817Z Commit: abac92662cab4cc7352de4f9f9d2e2419aad9c29
2026-09-23T15:10:33.1348447Z Build Date: 2026-08-28T16:44:25Z
2026-09-23T15:10:33.1349022Z Worker ID: {ae3faf58-f57a-448b-82b4-0bfe9c9c9b1e}
2026-09-23T15:10:33.1349736Z Azure Region: westus3
2026-09-23T15:10:33.1350249Z ##[endgroup]
2026-09-23T15:10:33.1351426Z ##[group]Operating System
2026-09-23T15:10:33.1351936Z Ubuntu
2026-09-23T15:10:33.1352471Z 24.04.5
2026-09-23T15:10:33.1352897Z LTS
2026-09-23T15:10:33.1353676Z ##[endgroup]
2026-09-23T15:10:33.1354132Z ##[group]Runner Image
2026-09-23T15:10:33.1354615Z Image: ubuntu-24.04
2026-09-23T15:10:33.1355132Z Version: 20260920.314.1
2026-09-23T15:10:33.1356142Z Included Software: https://github.com/actions/runner-images/blob/ubuntu24/20260920.314/images/ubuntu/Ubuntu2404-Readme.md
2026-09-23T15:10:33.1357450Z Image Release: https://github.com/actions/runner-images/releases/tag/ubuntu24%2F20260920.314
2026-09-23T15:10:33.1358234Z ##[endgroup]
2026-09-23T15:10:33.1359431Z ##[group]GITHUB_TOKEN Permissions
2026-09-23T15:10:33.1361264Z Contents: write
2026-09-23T15:10:33.1361888Z Metadata: read
2026-09-23T15:10:33.1362355Z ##[endgroup]
2026-09-23T15:10:33.1364043Z Secret source: Actions
2026-09-23T15:10:33.1364827Z Cache mode: write
2026-09-23T15:10:33.1365441Z Prepare workflow directory
2026-09-23T15:10:33.2784500Z Prepare all required actions
2026-09-23T15:10:33.2839527Z Getting action download info
2026-09-23T15:10:33.5765986Z Download action repository 'actions/checkout@v4' (SHA:11d5960a326750d5838078e36cf38b85af677262)
2026-09-23T15:10:33.6694233Z Download action repository 'actions/setup-python@v5' (SHA:a26af69be951a213d495a4c3e4e4022e16d87065)
2026-09-23T15:10:33.8500355Z Complete job name: metadata
2026-09-23T15:10:33.9085627Z ##[group]Run actions/checkout@v4
2026-09-23T15:10:33.9086257Z with:
2026-09-23T15:10:33.9086617Z   fetch-depth: 1
2026-09-23T15:10:33.9087008Z   repository: andersenmartin-blip/setisearch
2026-09-23T15:10:33.9090316Z   token: ***
2026-09-23T15:10:33.9090661Z   ssh-strict: true
2026-09-23T15:10:33.9091014Z   ssh-user: git
2026-09-23T15:10:33.9091360Z   persist-credentials: true
2026-09-23T15:10:33.9091741Z   clean: true
2026-09-23T15:10:33.9092084Z   sparse-checkout-cone-mode: true
2026-09-23T15:10:33.9092487Z   fetch-tags: false
2026-09-23T15:10:33.9092835Z   show-progress: true
2026-09-23T15:10:33.9093185Z   lfs: false
2026-09-23T15:10:33.9093506Z   submodules: false
2026-09-23T15:10:33.9093854Z   set-safe-directory: true
2026-09-23T15:10:33.9094246Z   allow-unsafe-pr-checkout: false
2026-09-23T15:10:33.9094786Z env:
2026-09-23T15:10:33.9095099Z   PYTHONPATH: src
2026-09-23T15:10:33.9095438Z ##[endgroup]
2026-09-23T15:10:33.9894286Z Syncing repository: andersenmartin-blip/setisearch
2026-09-23T15:10:33.9895720Z ##[group]Getting Git version info
2026-09-23T15:10:33.9896306Z Working directory is '/home/runner/work/setisearch/setisearch'
2026-09-23T15:10:33.9897152Z [command]/usr/bin/git version
2026-09-23T15:10:33.9946151Z git version 2.55.0
2026-09-23T15:10:33.9961925Z ##[endgroup]
2026-09-23T15:10:33.9974934Z Temporarily overriding HOME='/home/runner/work/_temp/85a1c4c3-7595-44a1-adaf-04b239474560' before making global git config changes
2026-09-23T15:10:33.9977097Z Adding repository directory to the temporary git global config as a safe directory
2026-09-23T15:10:33.9979436Z [command]/usr/bin/git config --global --add safe.directory /home/runner/work/setisearch/setisearch
2026-09-23T15:10:34.0018059Z Deleting the contents of '/home/runner/work/setisearch/setisearch'
2026-09-23T15:10:34.0021782Z ##[group]Initializing the repository
2026-09-23T15:10:34.0025284Z [command]/usr/bin/git init /home/runner/work/setisearch/setisearch
2026-09-23T15:10:34.0094158Z hint: Using 'master' as the name for the initial branch. This default branch name
2026-09-23T15:10:34.0095429Z hint: will change to "main" in Git 3.0. To configure the initial branch name
2026-09-23T15:10:34.0096489Z hint: to use in all of your new repositories, which will suppress this warning,
2026-09-23T15:10:34.0097081Z hint: call:
2026-09-23T15:10:34.0097399Z hint:
2026-09-23T15:10:34.0097807Z hint: 	git config --global init.defaultBranch <name>
2026-09-23T15:10:34.0098288Z hint:
2026-09-23T15:10:34.0098743Z hint: Names commonly chosen instead of 'master' are 'main', 'trunk' and
2026-09-23T15:10:34.0099759Z hint: 'development'. The just-created branch can be renamed via this command:
2026-09-23T15:10:34.0100334Z hint:
2026-09-23T15:10:34.0100665Z hint: 	git branch -m <name>
2026-09-23T15:10:34.0101044Z hint:
2026-09-23T15:10:34.0101530Z hint: Disable this message with "git config set advice.defaultBranchName false"
2026-09-23T15:10:34.0106081Z Initialized empty Git repository in /home/runner/work/setisearch/setisearch/.git/
2026-09-23T15:10:34.0114350Z [command]/usr/bin/git remote add origin https://github.com/andersenmartin-blip/setisearch
2026-09-23T15:10:34.0152064Z ##[endgroup]
2026-09-23T15:10:34.0153071Z ##[group]Disabling automatic garbage collection
2026-09-23T15:10:34.0155673Z [command]/usr/bin/git config --local gc.auto 0
2026-09-23T15:10:34.0185738Z ##[endgroup]
2026-09-23T15:10:34.0186629Z ##[group]Setting up auth
2026-09-23T15:10:34.0187513Z [command]/usr/bin/git config --local --name-only --get-regexp core\.sshCommand
2026-09-23T15:10:34.0214142Z [command]/usr/bin/git submodule foreach --recursive sh -c "git config --local --name-only --get-regexp 'core\.sshCommand' && git config --local --unset-all 'core.sshCommand' || :"
2026-09-23T15:10:34.0514737Z [command]/usr/bin/git config --local --name-only --get-regexp http\.https\:\/\/github\.com\/\.extraheader
2026-09-23T15:10:34.0547663Z [command]/usr/bin/git submodule foreach --recursive sh -c "git config --local --name-only --get-regexp 'http\.https\:\/\/github\.com\/\.extraheader' && git config --local --unset-all 'http.https://github.com/.extraheader' || :"
2026-09-23T15:10:34.0750837Z [command]/usr/bin/git config --local --name-only --get-regexp ^includeIf\.gitdir:
2026-09-23T15:10:34.0780678Z [command]/usr/bin/git submodule foreach --recursive git config --local --show-origin --name-only --get-regexp remote.origin.url
2026-09-23T15:10:34.0968997Z [command]/usr/bin/git config --local http.https://github.com/.extraheader AUTHORIZATION: basic ***
2026-09-23T15:10:34.1003050Z ##[endgroup]
2026-09-23T15:10:34.1003952Z ##[group]Fetching the repository
2026-09-23T15:10:34.1010893Z [command]/usr/bin/git -c protocol.version=2 fetch --no-tags --prune --no-recurse-submodules --depth=1 origin +b28022d5ac230ce70906e651ea9d2df71f96df63:refs/remotes/origin/m43-support-qualification
2026-09-23T15:25:34.6776706Z ##[error]The operation was canceled.
2026-09-23T15:25:34.6848172Z ##[group]Run set -euo pipefail
2026-09-23T15:25:34.6848603Z [36;1mset -euo pipefail[0m
2026-09-23T15:25:34.6849117Z [36;1mmkdir -p results_ls8ax_l2_metadata[0m
2026-09-23T15:25:34.6849851Z [36;1mif test -f /tmp/ls8ax_metadata.log; then cp /tmp/ls8ax_metadata.log results_ls8ax_l2_metadata/RUN.log; fi[0m
2026-09-23T15:25:34.6850481Z [36;1mif test -f /tmp/ls8ax_transport_tests.log; then cp /tmp/ls8ax_transport_tests.log results_ls8ax_l2_metadata/transport_tests.log; fi[0m
2026-09-23T15:25:34.6851004Z [36;1mpython -m pip freeze | sort > results_ls8ax_l2_metadata/environment.txt[0m
2026-09-23T15:25:34.6851319Z [36;1mpython - <<'PY'[0m
2026-09-23T15:25:34.6851516Z [36;1mimport hashlib,json,os[0m
2026-09-23T15:25:34.6851724Z [36;1mfrom pathlib import Path[0m
2026-09-23T15:25:34.6851954Z [36;1mout=Path('results_ls8ax_l2_metadata')[0m
2026-09-23T15:25:34.6852183Z [36;1mresult=out/'summary.json'[0m
2026-09-23T15:25:34.6852539Z [36;1mstatus=json.loads(result.read_text())['status'] if result.exists() else 'INCOMPLETE'[0m
2026-09-23T15:25:34.6853203Z [36;1m(out/'RUN_STATUS.json').write_text(json.dumps({'execution_outcome':os.environ['RUN_OUTCOME'],'scientific_status':status,'freeze_commit':os.environ['GITHUB_SHA']},indent=2)+'\n')[0m
2026-09-23T15:25:34.6854307Z [36;1m(out/'SHA256SUMS').write_text(''.join(f'{hashlib.sha256(p.read_bytes()).hexdigest()}  {p.relative_to(out)}\n' for p in sorted(out.rglob('*')) if p.is_file() and p.name!='SHA256SUMS'))[0m
2026-09-23T15:25:34.6854858Z [36;1mPY[0m
2026-09-23T15:25:34.6855036Z [36;1mgit add results_ls8ax_l2_metadata[0m
2026-09-23T15:25:34.6855287Z [36;1mgit config user.name 'github-actions[bot]'[0m
2026-09-23T15:25:34.6855629Z [36;1mgit config user.email '41898282+github-actions[bot]@users.noreply.github.com'[0m
2026-09-23T15:25:34.6856029Z [36;1mgit commit -m 'Publish LS8AX exact GJ 536 header metadata'[0m
2026-09-23T15:25:34.6856339Z [36;1mgit push origin HEAD:m43-support-qualification[0m
2026-09-23T15:25:34.7054660Z shell: /usr/bin/bash --noprofile --norc -e -o pipefail {0}
2026-09-23T15:25:34.7054971Z env:
2026-09-23T15:25:34.7055143Z   PYTHONPATH: src
2026-09-23T15:25:34.7055320Z   RUN_OUTCOME: skipped
2026-09-23T15:25:34.7055504Z ##[endgroup]
2026-09-23T15:25:37.0470857Z [master (root-commit) 083f5b7] Publish LS8AX exact GJ 536 header metadata
2026-09-23T15:25:37.0471446Z  3 files changed, 91 insertions(+)
2026-09-23T15:25:37.0471869Z  create mode 100644 results_ls8ax_l2_metadata/RUN_STATUS.json
2026-09-23T15:25:37.0472418Z  create mode 100644 results_ls8ax_l2_metadata/SHA256SUMS
2026-09-23T15:25:37.0473073Z  create mode 100644 results_ls8ax_l2_metadata/environment.txt
2026-09-23T15:25:37.4452575Z To https://github.com/andersenmartin-blip/setisearch
2026-09-23T15:25:37.4453161Z  ! [rejected]        HEAD -> m43-support-qualification (fetch first)
2026-09-23T15:25:37.4467153Z ##[error]error: failed to push some refs to 'https://github.com/andersenmartin-blip/setisearch'
2026-09-23T15:25:37.4468398Z hint: Updates were rejected because the remote contains work that you do not
2026-09-23T15:25:37.4468821Z hint: have locally. This is usually caused by another repository pushing to
2026-09-23T15:25:37.4469379Z hint: the same ref. If you want to integrate the remote changes, use
2026-09-23T15:25:37.4469714Z hint: 'git pull' before pushing again.
2026-09-23T15:25:37.4470016Z hint: See the 'Note about fast-forwards' in 'git push --help' for details.
2026-09-23T15:25:37.4473044Z ##[error]Process completed with exit code 1.
2026-09-23T15:25:37.4505760Z ##[group]Run test "$RUN_OUTCOME" = success
2026-09-23T15:25:37.4506087Z [36;1mtest "$RUN_OUTCOME" = success[0m
2026-09-23T15:25:37.4563879Z shell: /usr/bin/bash -e {0}
2026-09-23T15:25:37.4564101Z env:
2026-09-23T15:25:37.4564274Z   PYTHONPATH: src
2026-09-23T15:25:37.4564448Z   RUN_OUTCOME: skipped
2026-09-23T15:25:37.4564622Z ##[endgroup]
2026-09-23T15:25:37.4635547Z ##[error]Process completed with exit code 1.
2026-09-23T15:25:37.4721653Z Post job cleanup.
2026-09-23T15:25:37.5406693Z [command]/usr/bin/git version
2026-09-23T15:25:37.5441246Z git version 2.55.0
2026-09-23T15:25:37.5479537Z Temporarily overriding HOME='/home/runner/work/_temp/65ca543e-acd7-4c56-9ef4-9e26791c8a2c' before making global git config changes
2026-09-23T15:25:37.5480686Z Adding repository directory to the temporary git global config as a safe directory
2026-09-23T15:25:37.5481714Z [command]/usr/bin/git config --global --add safe.directory /home/runner/work/setisearch/setisearch
2026-09-23T15:25:37.5509424Z [command]/usr/bin/git config --local --name-only --get-regexp core\.sshCommand
2026-09-23T15:25:37.5537965Z [command]/usr/bin/git submodule foreach --recursive sh -c "git config --local --name-only --get-regexp 'core\.sshCommand' && git config --local --unset-all 'core.sshCommand' || :"
2026-09-23T15:25:37.5747186Z [command]/usr/bin/git config --local --name-only --get-regexp http\.https\:\/\/github\.com\/\.extraheader
2026-09-23T15:25:37.5769582Z http.https://github.com/.extraheader
2026-09-23T15:25:37.5778141Z [command]/usr/bin/git config --local --unset-all http.https://github.com/.extraheader
2026-09-23T15:25:37.5811533Z [command]/usr/bin/git submodule foreach --recursive sh -c "git config --local --name-only --get-regexp 'http\.https\:\/\/github\.com\/\.extraheader' && git config --local --unset-all 'http.https://github.com/.extraheader' || :"
2026-09-23T15:25:37.6019844Z [command]/usr/bin/git config --local --name-only --get-regexp ^includeIf\.gitdir:
2026-09-23T15:25:37.6050288Z [command]/usr/bin/git submodule foreach --recursive git config --local --show-origin --name-only --get-regexp remote.origin.url
2026-09-23T15:25:37.6373603Z Cleaning up orphan processes
2026-09-23T15:25:37.6619440Z Terminate orphan process: pid (2022) (git)
2026-09-23T15:25:37.6681879Z Terminate orphan process: pid (2023) (git)
2026-09-23T15:25:37.6742280Z Terminate orphan process: pid (2024) (git-remote-https)
2026-09-23T15:25:37.6792472Z ##[warning]Node.js 20 is deprecated. The following actions target Node.js 20 but are being forced to run on Node.js 24: actions/checkout@v4. For more information see: https://github.blog/changelog/2025-09-19-deprecation-of-node-20-on-github-actions-runners/
