epoch1_on: eight native caches and all cropped baseline scores exact
epoch2_on: eight native caches and all cropped baseline scores exact
epoch3_on: eight native caches and all cropped baseline scores exact
All original arrays/gathers and 4,440 new OFF-window scalar anchors exact
Shared threshold sealed: 10.0
Heldout {"count": 128, "maximum": 8.33586311340332, "threshold": 10.0, "at_or_above_threshold": 0}
1/192 nearest S=12.0: {'neighbor9': (True, 1), 'off_window': (True, 1), 'epoch_confirmation': (True, 1), 'combined': (True, 1)}
2/192 combined S=12.0: {'neighbor9': (False, 0), 'off_window': (False, 0), 'epoch_confirmation': (False, 0), 'combined': (False, 0)}
3/192 mixed S=12.0: {'neighbor9': (False, 0), 'off_window': (False, 0), 'epoch_confirmation': (False, 0), 'combined': (False, 0)}
4/192 interferer-only S=12.0: {'neighbor9': (False, 0), 'off_window': (False, 0), 'epoch_confirmation': (False, 0), 'combined': (False, 0)}
5/192 supported-spike S=12.0: {'neighbor9': (False, 0), 'off_window': (False, 0), 'epoch_confirmation': (False, 0), 'combined': (False, 0)}
6/192 ON-OFF S=12.0: {'neighbor9': (False, 0), 'off_window': (False, 0), 'epoch_confirmation': (False, 0), 'combined': (False, 0)}
7/192 nearest S=32.0: {'neighbor9': (True, 27), 'off_window': (True, 27), 'epoch_confirmation': (True, 27), 'combined': (True, 27)}
8/192 combined S=32.0: {'neighbor9': (True, 25), 'off_window': (True, 25), 'epoch_confirmation': (True, 25), 'combined': (True, 25)}
9/192 mixed S=32.0: {'neighbor9': (True, 264), 'off_window': (True, 264), 'epoch_confirmation': (True, 34), 'combined': (True, 34)}
10/192 interferer-only S=32.0: {'neighbor9': (False, 104), 'off_window': (False, 104), 'epoch_confirmation': (False, 0), 'combined': (False, 0)}
11/192 supported-spike S=32.0: {'neighbor9': (False, 0), 'off_window': (False, 0), 'epoch_confirmation': (False, 0), 'combined': (False, 0)}
12/192 ON-OFF S=32.0: {'neighbor9': (False, 0), 'off_window': (False, 0), 'epoch_confirmation': (False, 0), 'combined': (False, 0)}
13/192 nearest S=12.0: {'neighbor9': (True, 2), 'off_window': (True, 2), 'epoch_confirmation': (True, 2), 'combined': (True, 2)}
14/192 combined S=12.0: {'neighbor9': (False, 0), 'off_window': (False, 0), 'epoch_confirmation': (False, 0), 'combined': (False, 0)}
15/192 mixed S=12.0: {'neighbor9': (False, 0), 'off_window': (False, 0), 'epoch_confirmation': (False, 0), 'combined': (False, 0)}
16/192 interferer-only S=12.0: {'neighbor9': (False, 0), 'off_window': (False, 0), 'epoch_confirmation': (False, 0), 'combined': (False, 0)}
17/192 supported-spike S=12.0: {'neighbor9': (False, 0), 'off_window': (False, 0), 'epoch_confirmation': (False, 0), 'combined': (False, 0)}
18/192 ON-OFF S=12.0: {'neighbor9': (False, 0), 'off_window': (False, 0), 'epoch_confirmation': (False, 0), 'combined': (False, 0)}
19/192 nearest S=32.0: {'neighbor9': (True, 35), 'off_window': (True, 35), 'epoch_confirmation': (True, 35), 'combined': (True, 35)}
20/192 combined S=32.0: {'neighbor9': (True, 37), 'off_window': (True, 37), 'epoch_confirmation': (True, 35), 'combined': (True, 35)}
21/192 mixed S=32.0: {'neighbor9': (True, 83), 'off_window': (True, 83), 'epoch_confirmation': (True, 56), 'combined': (True, 56)}
22/192 interferer-only S=32.0: {'neighbor9': (True, 1), 'off_window': (True, 1), 'epoch_confirmation': (False, 0), 'combined': (False, 0)}
23/192 supported-spike S=32.0: {'neighbor9': (False, 0), 'off_window': (False, 0), 'epoch_confirmation': (False, 0), 'combined': (False, 0)}
24/192 ON-OFF S=32.0: {'neighbor9': (False, 0), 'off_window': (False, 0), 'epoch_confirmation': (False, 0), 'combined': (False, 0)}
25/192 nearest S=12.0: {'neighbor9': (True, 2), 'off_window': (True, 2), 'epoch_confirmation': (True, 2), 'combined': (True, 2)}
26/192 combined S=12.0: {'neighbor9': (False, 0), 'off_window': (False, 0), 'epoch_confirmation': (False, 0), 'combined': (False, 0)}
27/192 mixed S=12.0: {'neighbor9': (False, 0), 'off_window': (False, 0), 'epoch_confirmation': (False, 0), 'combined': (False, 0)}
28/192 interferer-only S=12.0: {'neighbor9': (False, 0), 'off_window': (False, 0), 'epoch_confirmation': (False, 0), 'combined': (False, 0)}
29/192 supported-spike S=12.0: {'neighbor9': (False, 0), 'off_window': (False, 0), 'epoch_confirmation': (False, 0), 'combined': (False, 0)}
30/192 ON-OFF S=12.0: {'neighbor9': (False, 0), 'off_window': (False, 0), 'epoch_confirmation': (False, 0), 'combined': (False, 0)}
31/192 nearest S=32.0: {'neighbor9': (True, 35), 'off_window': (True, 35), 'epoch_confirmation': (True, 35), 'combined': (True, 35)}
32/192 combined S=32.0: {'neighbor9': (True, 33), 'off_window': (True, 33), 'epoch_confirmation': (True, 32), 'combined': (True, 32)}
33/192 mixed S=32.0: {'neighbor9': (True, 466), 'off_window': (True, 466), 'epoch_confirmation': (True, 54), 'combined': (True, 54)}
34/192 interferer-only S=32.0: {'neighbor9': (False, 104), 'off_window': (False, 104), 'epoch_confirmation': (False, 0), 'combined': (False, 0)}
35/192 supported-spike S=32.0: {'neighbor9': (False, 0), 'off_window': (False, 0), 'epoch_confirmation': (False, 0), 'combined': (False, 0)}
36/192 ON-OFF S=32.0: {'neighbor9': (False, 0), 'off_window': (False, 0), 'epoch_confirmation': (False, 0), 'combined': (False, 0)}
37/192 nearest S=12.0: {'neighbor9': (True, 2), 'off_window': (True, 2), 'epoch_confirmation': (True, 2), 'combined': (True, 2)}
38/192 combined S=12.0: {'neighbor9': (False, 0), 'off_window': (False, 0), 'epoch_confirmation': (False, 0), 'combined': (False, 0)}
39/192 mixed S=12.0: {'neighbor9': (False, 0), 'off_window': (False, 0), 'epoch_confirmation': (False, 0), 'combined': (False, 0)}
40/192 interferer-only S=12.0: {'neighbor9': (False, 0), 'off_window': (False, 0), 'epoch_confirmation': (False, 0), 'combined': (False, 0)}
41/192 supported-spike S=12.0: {'neighbor9': (False, 0), 'off_window': (False, 0), 'epoch_confirmation': (False, 0), 'combined': (False, 0)}
42/192 ON-OFF S=12.0: {'neighbor9': (False, 0), 'off_window': (False, 0), 'epoch_confirmation': (False, 0), 'combined': (False, 0)}
43/192 nearest S=32.0: {'neighbor9': (True, 35), 'off_window': (True, 35), 'epoch_confirmation': (True, 33), 'combined': (True, 33)}
44/192 combined S=32.0: {'neighbor9': (True, 34), 'off_window': (True, 34), 'epoch_confirmation': (True, 30), 'combined': (True, 30)}
45/192 mixed S=32.0: {'neighbor9': (True, 111), 'off_window': (True, 111), 'epoch_confirmation': (True, 32), 'combined': (True, 32)}
46/192 interferer-only S=32.0: {'neighbor9': (False, 1), 'off_window': (False, 1), 'epoch_confirmation': (False, 0), 'combined': (False, 0)}
47/192 supported-spike S=32.0: {'neighbor9': (False, 0), 'off_window': (False, 0), 'epoch_confirmation': (False, 0), 'combined': (False, 0)}
48/192 ON-OFF S=32.0: {'neighbor9': (False, 0), 'off_window': (False, 0), 'epoch_confirmation': (False, 0), 'combined': (False, 0)}
49/192 nearest S=12.0: {'neighbor9': (True, 2), 'off_window': (True, 2), 'epoch_confirmation': (True, 2), 'combined': (True, 2)}
50/192 combined S=12.0: {'neighbor9': (False, 0), 'off_window': (False, 0), 'epoch_confirmation': (False, 0), 'combined': (False, 0)}
51/192 mixed S=12.0: {'neighbor9': (False, 0), 'off_window': (False, 0), 'epoch_confirmation': (False, 0), 'combined': (False, 0)}
52/192 interferer-only S=12.0: {'neighbor9': (False, 0), 'off_window': (False, 0), 'epoch_confirmation': (False, 0), 'combined': (False, 0)}
53/192 supported-spike S=12.0: {'neighbor9': (False, 0), 'off_window': (False, 0), 'epoch_confirmation': (False, 0), 'combined': (False, 0)}
54/192 ON-OFF S=12.0: {'neighbor9': (False, 0), 'off_window': (False, 0), 'epoch_confirmation': (False, 0), 'combined': (False, 0)}
55/192 nearest S=32.0: {'neighbor9': (True, 35), 'off_window': (True, 35), 'epoch_confirmation': (True, 35), 'combined': (True, 35)}
56/192 combined S=32.0: {'neighbor9': (True, 32), 'off_window': (True, 32), 'epoch_confirmation': (True, 30), 'combined': (True, 30)}
57/192 mixed S=32.0: {'neighbor9': (True, 702), 'off_window': (True, 702), 'epoch_confirmation': (True, 36), 'combined': (True, 36)}
58/192 interferer-only S=32.0: {'neighbor9': (False, 323), 'off_window': (False, 323), 'epoch_confirmation': (False, 0), 'combined': (False, 0)}
59/192 supported-spike S=32.0: {'neighbor9': (False, 0), 'off_window': (False, 0), 'epoch_confirmation': (False, 0), 'combined': (False, 0)}
60/192 ON-OFF S=32.0: {'neighbor9': (False, 0), 'off_window': (False, 0), 'epoch_confirmation': (False, 0), 'combined': (False, 0)}
61/192 nearest S=12.0: {'neighbor9': (True, 3), 'off_window': (True, 3), 'epoch_confirmation': (True, 3), 'combined': (True, 3)}
62/192 combined S=12.0: {'neighbor9': (True, 1), 'off_window': (True, 1), 'epoch_confirmation': (True, 1), 'combined': (True, 1)}
63/192 mixed S=12.0: {'neighbor9': (True, 1), 'off_window': (True, 1), 'epoch_confirmation': (True, 1), 'combined': (True, 1)}
64/192 interferer-only S=12.0: {'neighbor9': (False, 0), 'off_window': (False, 0), 'epoch_confirmation': (False, 0), 'combined': (False, 0)}
65/192 supported-spike S=12.0: {'neighbor9': (False, 0), 'off_window': (False, 0), 'epoch_confirmation': (False, 0), 'combined': (False, 0)}
66/192 ON-OFF S=12.0: {'neighbor9': (False, 0), 'off_window': (False, 0), 'epoch_confirmation': (False, 0), 'combined': (False, 0)}
67/192 nearest S=32.0: {'neighbor9': (True, 41), 'off_window': (True, 41), 'epoch_confirmation': (True, 41), 'combined': (True, 41)}
68/192 combined S=32.0: {'neighbor9': (True, 44), 'off_window': (True, 44), 'epoch_confirmation': (True, 44), 'combined': (True, 44)}
69/192 mixed S=32.0: {'neighbor9': (True, 90), 'off_window': (True, 90), 'epoch_confirmation': (True, 44), 'combined': (True, 44)}
70/192 interferer-only S=32.0: {'neighbor9': (False, 0), 'off_window': (False, 0), 'epoch_confirmation': (False, 0), 'combined': (False, 0)}
71/192 supported-spike S=32.0: {'neighbor9': (False, 0), 'off_window': (False, 0), 'epoch_confirmation': (False, 0), 'combined': (False, 0)}
72/192 ON-OFF S=32.0: {'neighbor9': (False, 0), 'off_window': (False, 0), 'epoch_confirmation': (False, 0), 'combined': (False, 0)}
73/192 nearest S=12.0: {'neighbor9': (True, 9), 'off_window': (True, 9), 'epoch_confirmation': (True, 9), 'combined': (True, 9)}
74/192 combined S=12.0: {'neighbor9': (True, 2), 'off_window': (True, 2), 'epoch_confirmation': (False, 0), 'combined': (False, 0)}
75/192 mixed S=12.0: {'neighbor9': (True, 2), 'off_window': (True, 2), 'epoch_confirmation': (False, 0), 'combined': (False, 0)}
76/192 interferer-only S=12.0: {'neighbor9': (False, 0), 'off_window': (False, 0), 'epoch_confirmation': (False, 0), 'combined': (False, 0)}
77/192 supported-spike S=12.0: {'neighbor9': (False, 0), 'off_window': (False, 0), 'epoch_confirmation': (False, 0), 'combined': (False, 0)}
78/192 ON-OFF S=12.0: {'neighbor9': (False, 0), 'off_window': (False, 0), 'epoch_confirmation': (False, 0), 'combined': (False, 0)}
79/192 nearest S=32.0: {'neighbor9': (True, 157), 'off_window': (True, 157), 'epoch_confirmation': (True, 144), 'combined': (True, 144)}
80/192 combined S=32.0: {'neighbor9': (True, 150), 'off_window': (True, 150), 'epoch_confirmation': (True, 132), 'combined': (True, 132)}
81/192 mixed S=32.0: {'neighbor9': (True, 572), 'off_window': (True, 572), 'epoch_confirmation': (True, 135), 'combined': (True, 135)}
82/192 interferer-only S=32.0: {'neighbor9': (False, 104), 'off_window': (False, 104), 'epoch_confirmation': (False, 0), 'combined': (False, 0)}
83/192 supported-spike S=32.0: {'neighbor9': (False, 0), 'off_window': (False, 0), 'epoch_confirmation': (False, 0), 'combined': (False, 0)}
84/192 ON-OFF S=32.0: {'neighbor9': (False, 0), 'off_window': (False, 0), 'epoch_confirmation': (False, 0), 'combined': (False, 0)}
85/192 nearest S=12.0: {'neighbor9': (True, 13), 'off_window': (True, 13), 'epoch_confirmation': (True, 11), 'combined': (True, 11)}
86/192 combined S=12.0: {'neighbor9': (True, 3), 'off_window': (True, 3), 'epoch_confirmation': (True, 2), 'combined': (True, 2)}
87/192 mixed S=12.0: {'neighbor9': (True, 3), 'off_window': (True, 3), 'epoch_confirmation': (True, 2), 'combined': (True, 2)}
88/192 interferer-only S=12.0: {'neighbor9': (False, 0), 'off_window': (False, 0), 'epoch_confirmation': (False, 0), 'combined': (False, 0)}
89/192 supported-spike S=12.0: {'neighbor9': (False, 0), 'off_window': (False, 0), 'epoch_confirmation': (False, 0), 'combined': (False, 0)}
90/192 ON-OFF S=12.0: {'neighbor9': (False, 0), 'off_window': (False, 0), 'epoch_confirmation': (False, 0), 'combined': (False, 0)}
91/192 nearest S=32.0: {'neighbor9': (True, 169), 'off_window': (True, 169), 'epoch_confirmation': (True, 145), 'combined': (True, 145)}
92/192 combined S=32.0: {'neighbor9': (True, 140), 'off_window': (True, 140), 'epoch_confirmation': (True, 130), 'combined': (True, 130)}
93/192 mixed S=32.0: {'neighbor9': (True, 366), 'off_window': (True, 366), 'epoch_confirmation': (True, 167), 'combined': (True, 167)}
94/192 interferer-only S=32.0: {'neighbor9': (False, 1), 'off_window': (False, 1), 'epoch_confirmation': (False, 0), 'combined': (False, 0)}
95/192 supported-spike S=32.0: {'neighbor9': (False, 0), 'off_window': (False, 0), 'epoch_confirmation': (False, 0), 'combined': (False, 0)}
96/192 ON-OFF S=32.0: {'neighbor9': (False, 0), 'off_window': (False, 0), 'epoch_confirmation': (False, 0), 'combined': (False, 0)}
97/192 nearest S=12.0: {'neighbor9': (True, 4), 'off_window': (True, 4), 'epoch_confirmation': (True, 4), 'combined': (True, 4)}
98/192 combined S=12.0: {'neighbor9': (False, 0), 'off_window': (False, 0), 'epoch_confirmation': (False, 0), 'combined': (False, 0)}
99/192 mixed S=12.0: {'neighbor9': (False, 1), 'off_window': (False, 1), 'epoch_confirmation': (False, 0), 'combined': (False, 0)}
100/192 interferer-only S=12.0: {'neighbor9': (False, 0), 'off_window': (False, 0), 'epoch_confirmation': (False, 0), 'combined': (False, 0)}
101/192 supported-spike S=12.0: {'neighbor9': (False, 0), 'off_window': (False, 0), 'epoch_confirmation': (False, 0), 'combined': (False, 0)}
102/192 ON-OFF S=12.0: {'neighbor9': (False, 0), 'off_window': (False, 0), 'epoch_confirmation': (False, 0), 'combined': (False, 0)}
103/192 nearest S=32.0: {'neighbor9': (True, 38), 'off_window': (True, 38), 'epoch_confirmation': (True, 36), 'combined': (True, 36)}
104/192 combined S=32.0: {'neighbor9': (True, 36), 'off_window': (True, 36), 'epoch_confirmation': (True, 34), 'combined': (True, 34)}
105/192 mixed S=32.0: {'neighbor9': (True, 430), 'off_window': (True, 430), 'epoch_confirmation': (True, 28), 'combined': (True, 28)}
106/192 interferer-only S=32.0: {'neighbor9': (False, 152), 'off_window': (False, 152), 'epoch_confirmation': (False, 0), 'combined': (False, 0)}
107/192 supported-spike S=32.0: {'neighbor9': (False, 0), 'off_window': (False, 0), 'epoch_confirmation': (False, 0), 'combined': (False, 0)}
108/192 ON-OFF S=32.0: {'neighbor9': (False, 0), 'off_window': (False, 0), 'epoch_confirmation': (False, 0), 'combined': (False, 0)}
109/192 nearest S=12.0: {'neighbor9': (True, 4), 'off_window': (True, 4), 'epoch_confirmation': (True, 4), 'combined': (True, 4)}
110/192 combined S=12.0: {'neighbor9': (False, 0), 'off_window': (False, 0), 'epoch_confirmation': (False, 0), 'combined': (False, 0)}
111/192 mixed S=12.0: {'neighbor9': (False, 0), 'off_window': (False, 0), 'epoch_confirmation': (False, 0), 'combined': (False, 0)}
112/192 interferer-only S=12.0: {'neighbor9': (False, 0), 'off_window': (False, 0), 'epoch_confirmation': (False, 0), 'combined': (False, 0)}
113/192 supported-spike S=12.0: {'neighbor9': (False, 0), 'off_window': (False, 0), 'epoch_confirmation': (False, 0), 'combined': (False, 0)}
114/192 ON-OFF S=12.0: {'neighbor9': (False, 0), 'off_window': (False, 0), 'epoch_confirmation': (False, 0), 'combined': (False, 0)}
115/192 nearest S=32.0: {'neighbor9': (True, 35), 'off_window': (True, 35), 'epoch_confirmation': (True, 35), 'combined': (True, 35)}
116/192 combined S=32.0: {'neighbor9': (True, 37), 'off_window': (True, 37), 'epoch_confirmation': (True, 30), 'combined': (True, 30)}
117/192 mixed S=32.0: {'neighbor9': (True, 86), 'off_window': (True, 86), 'epoch_confirmation': (True, 30), 'combined': (True, 30)}
118/192 interferer-only S=32.0: {'neighbor9': (False, 30), 'off_window': (False, 30), 'epoch_confirmation': (False, 0), 'combined': (False, 0)}
119/192 supported-spike S=32.0: {'neighbor9': (False, 0), 'off_window': (False, 0), 'epoch_confirmation': (False, 0), 'combined': (False, 0)}
120/192 ON-OFF S=32.0: {'neighbor9': (False, 0), 'off_window': (False, 0), 'epoch_confirmation': (False, 0), 'combined': (False, 0)}
121/192 nearest S=12.0: {'neighbor9': (True, 5), 'off_window': (True, 5), 'epoch_confirmation': (True, 5), 'combined': (True, 5)}
122/192 combined S=12.0: {'neighbor9': (True, 2), 'off_window': (True, 2), 'epoch_confirmation': (True, 2), 'combined': (True, 2)}
123/192 mixed S=12.0: {'neighbor9': (True, 9), 'off_window': (True, 9), 'epoch_confirmation': (True, 2), 'combined': (True, 2)}
124/192 interferer-only S=12.0: {'neighbor9': (False, 0), 'off_window': (False, 0), 'epoch_confirmation': (False, 0), 'combined': (False, 0)}
125/192 supported-spike S=12.0: {'neighbor9': (False, 0), 'off_window': (False, 0), 'epoch_confirmation': (False, 0), 'combined': (False, 0)}
126/192 ON-OFF S=12.0: {'neighbor9': (False, 0), 'off_window': (False, 0), 'epoch_confirmation': (False, 0), 'combined': (False, 0)}
127/192 nearest S=32.0: {'neighbor9': (True, 59), 'off_window': (True, 59), 'epoch_confirmation': (True, 59), 'combined': (True, 59)}
128/192 combined S=32.0: {'neighbor9': (True, 60), 'off_window': (True, 60), 'epoch_confirmation': (True, 57), 'combined': (True, 57)}
129/192 mixed S=32.0: {'neighbor9': (True, 360), 'off_window': (True, 360), 'epoch_confirmation': (True, 84), 'combined': (True, 84)}
130/192 interferer-only S=32.0: {'neighbor9': (False, 152), 'off_window': (False, 152), 'epoch_confirmation': (False, 0), 'combined': (False, 0)}
131/192 supported-spike S=32.0: {'neighbor9': (False, 0), 'off_window': (False, 0), 'epoch_confirmation': (False, 0), 'combined': (False, 0)}
132/192 ON-OFF S=32.0: {'neighbor9': (False, 0), 'off_window': (False, 0), 'epoch_confirmation': (False, 0), 'combined': (False, 0)}
133/192 nearest S=12.0: {'neighbor9': (True, 4), 'off_window': (True, 4), 'epoch_confirmation': (True, 4), 'combined': (True, 4)}
134/192 combined S=12.0: {'neighbor9': (True, 2), 'off_window': (True, 2), 'epoch_confirmation': (True, 2), 'combined': (True, 2)}
135/192 mixed S=12.0: {'neighbor9': (True, 3), 'off_window': (True, 3), 'epoch_confirmation': (True, 2), 'combined': (True, 2)}
136/192 interferer-only S=12.0: {'neighbor9': (False, 0), 'off_window': (False, 0), 'epoch_confirmation': (False, 0), 'combined': (False, 0)}
137/192 supported-spike S=12.0: {'neighbor9': (False, 0), 'off_window': (False, 0), 'epoch_confirmation': (False, 0), 'combined': (False, 0)}
138/192 ON-OFF S=12.0: {'neighbor9': (False, 0), 'off_window': (False, 0), 'epoch_confirmation': (False, 0), 'combined': (False, 0)}
139/192 nearest S=32.0: {'neighbor9': (True, 51), 'off_window': (True, 51), 'epoch_confirmation': (True, 51), 'combined': (True, 51)}
140/192 combined S=32.0: {'neighbor9': (True, 35), 'off_window': (True, 35), 'epoch_confirmation': (True, 33), 'combined': (True, 33)}
141/192 mixed S=32.0: {'neighbor9': (True, 115), 'off_window': (True, 115), 'epoch_confirmation': (True, 95), 'combined': (True, 95)}
142/192 interferer-only S=32.0: {'neighbor9': (True, 30), 'off_window': (True, 30), 'epoch_confirmation': (False, 0), 'combined': (False, 0)}
143/192 supported-spike S=32.0: {'neighbor9': (True, 2), 'off_window': (True, 2), 'epoch_confirmation': (False, 0), 'combined': (False, 0)}
144/192 ON-OFF S=32.0: {'neighbor9': (False, 0), 'off_window': (False, 0), 'epoch_confirmation': (False, 0), 'combined': (False, 0)}
145/192 nearest S=12.0: {'neighbor9': (True, 4), 'off_window': (True, 4), 'epoch_confirmation': (True, 4), 'combined': (True, 4)}
146/192 combined S=12.0: {'neighbor9': (True, 2), 'off_window': (True, 2), 'epoch_confirmation': (True, 2), 'combined': (True, 2)}
147/192 mixed S=12.0: {'neighbor9': (True, 9), 'off_window': (True, 9), 'epoch_confirmation': (True, 2), 'combined': (True, 2)}
148/192 interferer-only S=12.0: {'neighbor9': (False, 0), 'off_window': (False, 0), 'epoch_confirmation': (False, 0), 'combined': (False, 0)}
149/192 supported-spike S=12.0: {'neighbor9': (False, 0), 'off_window': (False, 0), 'epoch_confirmation': (False, 0), 'combined': (False, 0)}
150/192 ON-OFF S=12.0: {'neighbor9': (False, 0), 'off_window': (False, 0), 'epoch_confirmation': (False, 0), 'combined': (False, 0)}
151/192 nearest S=32.0: {'neighbor9': (True, 50), 'off_window': (True, 50), 'epoch_confirmation': (True, 49), 'combined': (True, 49)}
152/192 combined S=32.0: {'neighbor9': (True, 51), 'off_window': (True, 51), 'epoch_confirmation': (True, 48), 'combined': (True, 48)}
153/192 mixed S=32.0: {'neighbor9': (True, 141), 'off_window': (True, 141), 'epoch_confirmation': (True, 27), 'combined': (True, 27)}
154/192 interferer-only S=32.0: {'neighbor9': (False, 34), 'off_window': (False, 34), 'epoch_confirmation': (False, 0), 'combined': (False, 0)}
155/192 supported-spike S=32.0: {'neighbor9': (False, 0), 'off_window': (False, 0), 'epoch_confirmation': (False, 0), 'combined': (False, 0)}
156/192 ON-OFF S=32.0: {'neighbor9': (False, 0), 'off_window': (False, 0), 'epoch_confirmation': (False, 0), 'combined': (False, 0)}
157/192 nearest S=12.0: {'neighbor9': (True, 4), 'off_window': (True, 4), 'epoch_confirmation': (True, 4), 'combined': (True, 4)}
158/192 combined S=12.0: {'neighbor9': (False, 0), 'off_window': (False, 0), 'epoch_confirmation': (False, 0), 'combined': (False, 0)}
159/192 mixed S=12.0: {'neighbor9': (False, 0), 'off_window': (False, 0), 'epoch_confirmation': (False, 0), 'combined': (False, 0)}
160/192 interferer-only S=12.0: {'neighbor9': (False, 0), 'off_window': (False, 0), 'epoch_confirmation': (False, 0), 'combined': (False, 0)}
161/192 supported-spike S=12.0: {'neighbor9': (False, 0), 'off_window': (False, 0), 'epoch_confirmation': (False, 0), 'combined': (False, 0)}
162/192 ON-OFF S=12.0: {'neighbor9': (False, 0), 'off_window': (False, 0), 'epoch_confirmation': (False, 0), 'combined': (False, 0)}
163/192 nearest S=32.0: {'neighbor9': (True, 41), 'off_window': (True, 41), 'epoch_confirmation': (True, 39), 'combined': (True, 39)}
164/192 combined S=32.0: {'neighbor9': (True, 34), 'off_window': (True, 34), 'epoch_confirmation': (True, 34), 'combined': (True, 34)}
165/192 mixed S=32.0: {'neighbor9': (True, 82), 'off_window': (True, 82), 'epoch_confirmation': (True, 69), 'combined': (True, 69)}
166/192 interferer-only S=32.0: {'neighbor9': (True, 26), 'off_window': (True, 26), 'epoch_confirmation': (False, 0), 'combined': (False, 0)}
167/192 supported-spike S=32.0: {'neighbor9': (False, 0), 'off_window': (False, 0), 'epoch_confirmation': (False, 0), 'combined': (False, 0)}
168/192 ON-OFF S=32.0: {'neighbor9': (False, 0), 'off_window': (False, 0), 'epoch_confirmation': (False, 0), 'combined': (False, 0)}
169/192 nearest S=12.0: {'neighbor9': (True, 22), 'off_window': (True, 22), 'epoch_confirmation': (True, 21), 'combined': (True, 21)}
170/192 combined S=12.0: {'neighbor9': (True, 11), 'off_window': (True, 11), 'epoch_confirmation': (True, 8), 'combined': (True, 8)}
171/192 mixed S=12.0: {'neighbor9': (True, 18), 'off_window': (True, 18), 'epoch_confirmation': (True, 8), 'combined': (True, 8)}
172/192 interferer-only S=12.0: {'neighbor9': (False, 0), 'off_window': (False, 0), 'epoch_confirmation': (False, 0), 'combined': (False, 0)}
173/192 supported-spike S=12.0: {'neighbor9': (False, 0), 'off_window': (False, 0), 'epoch_confirmation': (False, 0), 'combined': (False, 0)}
174/192 ON-OFF S=12.0: {'neighbor9': (False, 0), 'off_window': (False, 0), 'epoch_confirmation': (False, 0), 'combined': (False, 0)}
175/192 nearest S=32.0: {'neighbor9': (True, 229), 'off_window': (True, 229), 'epoch_confirmation': (True, 204), 'combined': (True, 204)}
176/192 combined S=32.0: {'neighbor9': (True, 231), 'off_window': (True, 231), 'epoch_confirmation': (True, 201), 'combined': (True, 201)}
177/192 mixed S=32.0: {'neighbor9': (True, 834), 'off_window': (True, 834), 'epoch_confirmation': (True, 202), 'combined': (True, 202)}
178/192 interferer-only S=32.0: {'neighbor9': (False, 152), 'off_window': (False, 152), 'epoch_confirmation': (False, 0), 'combined': (False, 0)}
179/192 supported-spike S=32.0: {'neighbor9': (False, 2), 'off_window': (False, 2), 'epoch_confirmation': (False, 0), 'combined': (False, 0)}
180/192 ON-OFF S=32.0: {'neighbor9': (False, 0), 'off_window': (False, 0), 'epoch_confirmation': (False, 0), 'combined': (False, 0)}
181/192 nearest S=12.0: {'neighbor9': (True, 20), 'off_window': (True, 20), 'epoch_confirmation': (True, 19), 'combined': (True, 19)}
182/192 combined S=12.0: {'neighbor9': (True, 9), 'off_window': (True, 9), 'epoch_confirmation': (True, 6), 'combined': (True, 6)}
183/192 mixed S=12.0: {'neighbor9': (True, 10), 'off_window': (True, 10), 'epoch_confirmation': (True, 6), 'combined': (True, 6)}
184/192 interferer-only S=12.0: {'neighbor9': (False, 0), 'off_window': (False, 0), 'epoch_confirmation': (False, 0), 'combined': (False, 0)}
185/192 supported-spike S=12.0: {'neighbor9': (False, 0), 'off_window': (False, 0), 'epoch_confirmation': (False, 0), 'combined': (False, 0)}
186/192 ON-OFF S=12.0: {'neighbor9': (False, 0), 'off_window': (False, 0), 'epoch_confirmation': (False, 0), 'combined': (False, 0)}
187/192 nearest S=32.0: {'neighbor9': (True, 197), 'off_window': (True, 197), 'epoch_confirmation': (True, 179), 'combined': (True, 179)}
188/192 combined S=32.0: {'neighbor9': (True, 161), 'off_window': (True, 161), 'epoch_confirmation': (True, 136), 'combined': (True, 136)}
189/192 mixed S=32.0: {'neighbor9': (True, 294), 'off_window': (True, 294), 'epoch_confirmation': (True, 193), 'combined': (True, 193)}
190/192 interferer-only S=32.0: {'neighbor9': (False, 30), 'off_window': (False, 30), 'epoch_confirmation': (False, 0), 'combined': (False, 0)}
191/192 supported-spike S=32.0: {'neighbor9': (False, 2), 'off_window': (False, 2), 'epoch_confirmation': (False, 0), 'combined': (False, 0)}
192/192 ON-OFF S=32.0: {'neighbor9': (False, 0), 'off_window': (False, 0), 'epoch_confirmation': (False, 0), 'combined': (False, 0)}
M43W COMPLETE
