{
  "stage": "LS8BC_GJ422_TWO_VISIT_L2_SCREEN",
  "status": "COMPLETE_UNAUDITED",
  "evaluation_freeze_commit": "9a38e512f5b08e4117068786dad4afb85508e9bf",
  "target": "GJ 422",
  "selected_keys": [
    "CH_PR100018_TG012201_V0300",
    "CH_PR100018_TG012202_V0300"
  ],
  "method": "unchanged pinned LS8K flux-centered DEFAULT-L2 scorer and signed clustering",
  "sideband_rows_each_side": 12,
  "guard_rows": 2,
  "durations_rows": [
    1,
    2,
    3
  ],
  "screen_threshold": 8.5,
  "visits": [
    {
      "file_key": "CH_PR100018_TG012201_V0300",
      "rows": 48,
      "status_zero_finite_rows": 47,
      "cadence_seconds": 60.0,
      "eligible_windows": 30,
      "duration_results": [
        {
          "duration_rows": 1,
          "duration_seconds": 60.0,
          "eligible_windows": 11,
          "positive_windows": 0,
          "negative_windows": 0,
          "maximum_score": 1.819395644215769,
          "minimum_score": 0.26963641090133667
        },
        {
          "duration_rows": 2,
          "duration_seconds": 120.0,
          "eligible_windows": 10,
          "positive_windows": 0,
          "negative_windows": 0,
          "maximum_score": 2.56553408463152,
          "minimum_score": 0.4960000485012197
        },
        {
          "duration_rows": 3,
          "duration_seconds": 180.0,
          "eligible_windows": 9,
          "positive_windows": 0,
          "negative_windows": 0,
          "maximum_score": 3.206119539247204,
          "minimum_score": 0.7690669781506714
        }
      ],
      "positive_windows": 0,
      "negative_windows": 0,
      "positive_clusters": 0,
      "negative_clusters": 0,
      "maximum_score": 3.206119539247204,
      "minimum_score": 0.26963641090133667,
      "unique_event_rows": 11,
      "eligible_event_row_union_seconds": 660.0
    },
    {
      "file_key": "CH_PR100018_TG012202_V0300",
      "rows": 49,
      "status_zero_finite_rows": 48,
      "cadence_seconds": 60.0,
      "eligible_windows": 45,
      "duration_results": [
        {
          "duration_rows": 1,
          "duration_seconds": 60.0,
          "eligible_windows": 16,
          "positive_windows": 0,
          "negative_windows": 0,
          "maximum_score": 3.0352892220787915,
          "minimum_score": 0.3419892694667864
        },
        {
          "duration_rows": 2,
          "duration_seconds": 120.0,
          "eligible_windows": 15,
          "positive_windows": 0,
          "negative_windows": 0,
          "maximum_score": 4.575309617276785,
          "minimum_score": 0.5959951575627525
        },
        {
          "duration_rows": 3,
          "duration_seconds": 180.0,
          "eligible_windows": 14,
          "positive_windows": 0,
          "negative_windows": 0,
          "maximum_score": 5.502935381577463,
          "minimum_score": 0.6059585735483112
        }
      ],
      "positive_windows": 0,
      "negative_windows": 0,
      "positive_clusters": 0,
      "negative_clusters": 0,
      "maximum_score": 5.502935381577463,
      "minimum_score": 0.3419892694667864,
      "unique_event_rows": 16,
      "eligible_event_row_union_seconds": 960.0
    }
  ],
  "totals": {
    "rows": 97,
    "eligible_windows": 75,
    "positive_windows": 0,
    "negative_windows": 0,
    "positive_clusters": 0,
    "negative_clusters": 0,
    "science_table_bytes": 13386
  },
  "other_apertures_opened": false,
  "image_bytes_acquired": 0,
  "raw_imagettes_opened": false,
  "detector_qualified": false,
  "candidate_claims": 0,
  "interpretation": "Independent rank-22 two-visit L2 screen; signed endpoints are not Gaussian significances."
}
