{
  "status": "PASS",
  "method": "independent big-endian struct decoder and flux-centered scalar normal equations",
  "frozen_tolerances": {
    "relative": 2e-08,
    "absolute": 2e-10
  },
  "numeric_disagreements": [],
  "visits": [
    {
      "file_key": "CH_PR100018_TG012201_V0300",
      "status": "PASS",
      "raw_rows": 48,
      "enumerated_windows": 141,
      "eligible_windows": 30,
      "numeric_and_discrete_comparisons": 360,
      "numeric_disagreements": 0,
      "maximum_absolute_differences": {
        "score": 3.9968028886505635e-15,
        "excess_electrons": 1.1641532182693481e-10,
        "sigma_electrons": 4.3655745685100555e-11,
        "denominator_electrons": 8.731149137020111e-11,
        "baseline_event_sum_electrons": 0.0,
        "leverage": 1.6653345369377348e-16
      },
      "signed_clusters_counts_and_summaries_verified": true
    },
    {
      "file_key": "CH_PR100018_TG012202_V0300",
      "status": "PASS",
      "raw_rows": 49,
      "enumerated_windows": 144,
      "eligible_windows": 45,
      "numeric_and_discrete_comparisons": 540,
      "numeric_disagreements": 0,
      "maximum_absolute_differences": {
        "score": 1.1546319456101628e-14,
        "excess_electrons": 1.1641532182693481e-10,
        "sigma_electrons": 2.1100277081131935e-10,
        "denominator_electrons": 2.1827872842550278e-10,
        "baseline_event_sum_electrons": 0.0,
        "leverage": 1.6653345369377348e-16
      },
      "signed_clusters_counts_and_summaries_verified": true
    }
  ],
  "numeric_and_discrete_comparisons": 900
}
