{
  "schema": "radio-whole-cadence-compact-engineering-result-v1",
  "status": "TWO_COMPACT_SCORE_RECEIPT_AUDITS_PASS",
  "cases": [
    {
      "case_index": 0,
      "bytes": 1903981,
      "cap_bytes": 4194304,
      "score_vectors": 1296,
      "score_values": 384912,
      "source_rows": 96,
      "original_maximum_receipt_sha256": "41a706f54f5cccd018b1a803e7cf9c07934e945c73482e0912eb5fa0e4f86de4"
    },
    {
      "case_index": 1,
      "bytes": 1948902,
      "cap_bytes": 18874368,
      "score_vectors": 1296,
      "score_values": 384912,
      "source_rows": 96,
      "original_maximum_receipt_sha256": "6ec6fca371630333e3d96e0f38f95f71e87d7e965727f5d7bbf16317344402eb"
    }
  ],
  "all_score_values_preserved": true,
  "omitted_source_arrays_restorable_from_this_format": false,
  "old_full_archives_preserved": true,
  "gaussian_compression_ratio_assumed": false,
  "phase_budget_sha256": "2d97f4f8f8e8b8d382b29dc3128cc438d8470a550f0f3775055cafdc3a1f2036",
  "prospective_seconds": 7200.0,
  "prospective_evidence_bytes": 1073741824,
  "new_allocations": 0,
  "new_source_values": 0,
  "new_score_values_computed": 0,
  "new_gaussian_values": 0,
  "active_seconds": 1.8236174860003302,
  "peak_process_rss_bytes": 46080000,
  "external_store_and_runtime_freeze_qualified": false,
  "proposal_status": "PROPOSED_NOT_ACTIVATED"
}
