test_artifact_pin_mismatch_before_numpy (test_radio_whole_cadence_compact.CompactTests.test_artifact_pin_mismatch_before_numpy) ... ok
test_case_cap_rejected_before_numpy (test_radio_whole_cadence_compact.CompactTests.test_case_cap_rejected_before_numpy) ... ok
test_changed_phase_cap_rejected (test_radio_whole_cadence_compact.CompactTests.test_changed_phase_cap_rejected) ... ok
test_changed_proposal_cannot_allocate (test_radio_whole_cadence_compact.CompactTests.test_changed_proposal_cannot_allocate) ... ok
test_changed_score_bytes_rejected (test_radio_whole_cadence_compact.CompactTests.test_changed_score_bytes_rejected) ... ok
test_changed_vector_identity_rejected (test_radio_whole_cadence_compact.CompactTests.test_changed_vector_identity_rejected) ... ok
test_duplicate_vector_is_not_complete (test_radio_whole_cadence_compact.CompactTests.test_duplicate_vector_is_not_complete) ... ok
test_fixed_phase_totals_do_not_extend_proposal (test_radio_whole_cadence_compact.CompactTests.test_fixed_phase_totals_do_not_extend_proposal) ... ok
test_missing_compact_artifact_rejected (test_radio_whole_cadence_compact.CompactTests.test_missing_compact_artifact_rejected) ... ok
test_missing_last_vector_is_not_empty (test_radio_whole_cadence_compact.CompactTests.test_missing_last_vector_is_not_empty) ... ok
test_missing_row_receipt_is_not_complete (test_radio_whole_cadence_compact.CompactTests.test_missing_row_receipt_is_not_complete) ... ok
test_rehashed_cache_ancestry_still_checked (test_radio_whole_cadence_compact.CompactTests.test_rehashed_cache_ancestry_still_checked) ... ok
test_rehashed_mask_receipt_is_recomputed_from_scores (test_radio_whole_cadence_compact.CompactTests.test_rehashed_mask_receipt_is_recomputed_from_scores) ... ok
test_rehashed_maximum_value_is_recomputed_from_scores (test_radio_whole_cadence_compact.CompactTests.test_rehashed_maximum_value_is_recomputed_from_scores) ... ok
test_rehashed_source_hash_cannot_impersonate_original_identity (test_radio_whole_cadence_compact.CompactTests.test_rehashed_source_hash_cannot_impersonate_original_identity) ... ok
test_reordered_scan_receipts_rejected (test_radio_whole_cadence_compact.CompactTests.test_reordered_scan_receipts_rejected) ... ok
test_unknown_case_has_no_budget (test_radio_whole_cadence_compact.CompactTests.test_unknown_case_has_no_budget) ... ok
test_wrong_context_rejected (test_radio_whole_cadence_compact.CompactTests.test_wrong_context_rejected) ... ok
test_wrong_noise_law_rejected (test_radio_whole_cadence_compact.CompactTests.test_wrong_noise_law_rejected) ... ok
test_wrong_plan_rejected (test_radio_whole_cadence_compact.CompactTests.test_wrong_plan_rejected) ... ok

----------------------------------------------------------------------
Ran 20 tests in 3.136s

OK
