TG000401_N0 independent three-sum/covariance/boundary reconstruction complete
TG000403_N0 independent three-sum/covariance/boundary reconstruction complete
TG000403_N1 independent three-sum/covariance/boundary reconstruction complete
TG000403_N2 independent three-sum/covariance/boundary reconstruction complete
TG000403_N3 independent three-sum/covariance/boundary reconstruction complete
{
  "status": "PASS",
  "comparisons": {
    "numeric": 1400704,
    "exact": 1529059
  },
  "maximum_fraction_of_numeric_tolerance": 4.138895008916519e-05,
  "failures": [],
  "known_answer_signed_template_cases": 120,
  "signed_compact_cases": 200,
  "all_additive_cases": 320,
  "new_native_source_bytes": 0,
  "reference_method": "struct decoding, long-double temporal normal equations and scalar covariance, independent weighted spatial normal equations and coordinate sets"
}
{
  "status": "COMPLETE_AUDITED_DESCRIPTIVE_ONLY",
  "contexts": 5,
  "actual_product_conventions": 20,
  "held_three_row_cases": 160,
  "signed_injection_cases": 320,
  "retained_cal_cor_bytes_read": 99200000,
  "new_native_source_bytes": 0,
  "new_classifier": false,
  "qualified_candidates_added": 0,
  "qualified_coverage_added": false,
  "original_ls8o_classifications_unchanged": true,
  "audit": "PASS",
  "audit_comparisons": {
    "numeric": 1400704,
    "exact": 1529059
  }
}
