{
  "stage": "LS8AK_PG1343102_TWO_VISIT_L2_SCREEN",
  "status": "COMPLETE_UNAUDITED",
  "evaluation_freeze_commit": "be392f4b2c81ab8536d0e76ae37db618601e0018",
  "target": "PG 1343-102",
  "selected_keys": [
    "CH_PR100002_TG008701_V0300",
    "CH_PR100002_TG008702_V0300"
  ],
  "method": "unchanged pinned LS8K flux-centered DEFAULT-L2 scorer and signed clustering",
  "sideband_rows_each_side": 12,
  "guard_rows": 2,
  "durations_rows": [
    1,
    2,
    3
  ],
  "screen_threshold": 8.5,
  "visits": [
    {
      "file_key": "CH_PR100002_TG008701_V0300",
      "rows": 86,
      "status_zero_finite_rows": 84,
      "cadence_seconds": 60.0,
      "eligible_windows": 99,
      "duration_results": [
        {
          "duration_rows": 1,
          "duration_seconds": 60.0,
          "eligible_windows": 34,
          "positive_windows": 0,
          "negative_windows": 0,
          "maximum_score": 2.2256955097979736,
          "minimum_score": -3.168156068606641
        },
        {
          "duration_rows": 2,
          "duration_seconds": 120.0,
          "eligible_windows": 33,
          "positive_windows": 0,
          "negative_windows": 0,
          "maximum_score": 3.1968837365197724,
          "minimum_score": -2.8656656505955613
        },
        {
          "duration_rows": 3,
          "duration_seconds": 180.0,
          "eligible_windows": 32,
          "positive_windows": 0,
          "negative_windows": 0,
          "maximum_score": 3.403110563990314,
          "minimum_score": -3.4082158983423696
        }
      ],
      "positive_windows": 0,
      "negative_windows": 0,
      "positive_clusters": 0,
      "negative_clusters": 0,
      "maximum_score": 3.403110563990314,
      "minimum_score": -3.4082158983423696,
      "unique_event_rows": 34,
      "eligible_event_row_union_seconds": 2040.0
    },
    {
      "file_key": "CH_PR100002_TG008702_V0300",
      "rows": 90,
      "status_zero_finite_rows": 89,
      "cadence_seconds": 60.0,
      "eligible_windows": 132,
      "duration_results": [
        {
          "duration_rows": 1,
          "duration_seconds": 60.0,
          "eligible_windows": 45,
          "positive_windows": 0,
          "negative_windows": 0,
          "maximum_score": 3.585150823810393,
          "minimum_score": -3.990887384178756
        },
        {
          "duration_rows": 2,
          "duration_seconds": 120.0,
          "eligible_windows": 44,
          "positive_windows": 0,
          "negative_windows": 0,
          "maximum_score": 3.4952880376466773,
          "minimum_score": -2.7983495516037618
        },
        {
          "duration_rows": 3,
          "duration_seconds": 180.0,
          "eligible_windows": 43,
          "positive_windows": 0,
          "negative_windows": 0,
          "maximum_score": 4.02528201472772,
          "minimum_score": -3.0795743835412286
        }
      ],
      "positive_windows": 0,
      "negative_windows": 0,
      "positive_clusters": 0,
      "negative_clusters": 0,
      "maximum_score": 4.02528201472772,
      "minimum_score": -3.990887384178756,
      "unique_event_rows": 45,
      "eligible_event_row_union_seconds": 2700.0
    }
  ],
  "totals": {
    "rows": 176,
    "eligible_windows": 231,
    "positive_windows": 0,
    "negative_windows": 0,
    "positive_clusters": 0,
    "negative_clusters": 0,
    "science_table_bytes": 24288
  },
  "other_apertures_opened": false,
  "image_bytes_acquired": 0,
  "raw_imagettes_opened": false,
  "detector_qualified": false,
  "candidate_claims": 0,
  "interpretation": "Independent rank-12 two-visit L2 screen; signed endpoints are not Gaussian significances."
}
