test_cadence_window_inventory_and_memory_stop_before_native_reads (test_radio_codec_publication.CodecDirectTests.test_cadence_window_inventory_and_memory_stop_before_native_reads) ... ok
test_change_between_rehydrate_and_read_is_rejected (test_radio_codec_publication.CodecDirectTests.test_change_between_rehydrate_and_read_is_rejected) ... ok
test_codec_receipts_reach_direct_score_store_bit_exact (test_radio_codec_publication.CodecDirectTests.test_codec_receipts_reach_direct_score_store_bit_exact) ... ok
test_coherent_new_bank_still_requires_matching_header_clock_and_contract (test_radio_codec_publication.CodecDirectTests.test_coherent_new_bank_still_requires_matching_header_clock_and_contract) ... ok
test_corrupt_native_row_is_rejected_without_silent_repair (test_radio_codec_publication.CodecDirectTests.test_corrupt_native_row_is_rejected_without_silent_repair) ... ok
test_generated_codec_receipts_replay_without_old_scratch_paths (test_radio_codec_publication.CodecDirectTests.test_generated_codec_receipts_replay_without_old_scratch_paths) ... ok
test_mixed_codec_cadence_does_not_reach_scoring (test_radio_codec_publication.CodecDirectTests.test_mixed_codec_cadence_does_not_reach_scoring) ... ok
test_normalization_origin_window_and_manifest_order_cannot_drift (test_radio_codec_publication.CodecDirectTests.test_normalization_origin_window_and_manifest_order_cannot_drift) ... ok
test_runtime_and_factor_bank_cannot_be_substituted (test_radio_codec_publication.CodecDirectTests.test_runtime_and_factor_bank_cannot_be_substituted) ... ok
test_swapped_scan_or_codec_receipt_rejected_before_arrays (test_radio_codec_publication.CodecDirectTests.test_swapped_scan_or_codec_receipt_rejected_before_arrays) ... ok
test_telescope_kind_and_real_url_rejected_before_arrays (test_radio_codec_publication.CodecDirectTests.test_telescope_kind_and_real_url_rejected_before_arrays) ... ok
test_transport_claim_cannot_be_promoted_by_resigning_receipt (test_radio_codec_publication.CodecDirectTests.test_transport_claim_cannot_be_promoted_by_resigning_receipt) ... ok
test_trusted_manifest_hash_is_not_self_selected (test_radio_codec_publication.CodecDirectTests.test_trusted_manifest_hash_is_not_self_selected) ... ok
test_concurrent_workers_same_parent_have_exactly_one_winner (test_radio_codec_publication.PublicationTests.test_concurrent_workers_same_parent_have_exactly_one_winner) ... ok
test_consistent_wrong_genesis_is_not_accepted (test_radio_codec_publication.PublicationTests.test_consistent_wrong_genesis_is_not_accepted) ... ok
test_guard_refuses_consistent_namespace_rebinding (test_radio_codec_publication.PublicationTests.test_guard_refuses_consistent_namespace_rebinding) ... ok
test_guard_refuses_replacing_existing_reservation (test_radio_codec_publication.PublicationTests.test_guard_refuses_replacing_existing_reservation) ... ok
test_guard_refuses_reset_and_preserves_committed_reservation (test_radio_codec_publication.PublicationTests.test_guard_refuses_reset_and_preserves_committed_reservation) ... ok
test_lost_reply_is_spent_and_stale_retry_is_refused_by_bound_store (test_radio_codec_publication.PublicationTests.test_lost_reply_is_spent_and_stale_retry_is_refused_by_bound_store) ... ok
test_ordered_three_roles_exhaust_once_with_no_network_budget (test_radio_codec_publication.PublicationTests.test_ordered_three_roles_exhaust_once_with_no_network_budget) ... ok
test_primitive_namespace_swap_is_detected_on_read (test_radio_codec_publication.PublicationTests.test_primitive_namespace_swap_is_detected_on_read) ... ok
test_unguarded_primitive_reset_reproduces_new_boundary_risk (test_radio_codec_publication.PublicationTests.test_unguarded_primitive_reset_reproduces_new_boundary_risk) ... ok
test_wrong_confirmation_is_refused_without_refund (test_radio_codec_publication.PublicationTests.test_wrong_confirmation_is_refused_without_refund) ... ok
test_wrong_store_location_rejected_before_publish (test_radio_codec_publication.PublicationTests.test_wrong_store_location_rejected_before_publish) ... ok

----------------------------------------------------------------------
Ran 24 tests in 2.640s

OK
