{
  "schema": "radio-receiver-null-support-diagnosis-result-v1",
  "status": "EMPTY_SUPPORT_EXPLAINED_BY_FIXED_ELIGIBILITY",
  "calibrations": [
    {
      "schema": "radio-receiver-retained-null-support-diagnosis-v1",
      "calibration_index": 0,
      "input_record_sha256": "1bdb73b1ea3fa673204e691c26be10978cfc1e5f3e45938c18169d3665611de6",
      "score_archive_sha256": "de2e1e471e64cde936e21923a354657e2b28c555d7af35498687fcec6aa480db",
      "masked_cells": 0,
      "eligible_observed_hypothesis_cells": 3,
      "empty_shift_indices": [
        3,
        7,
        13,
        19,
        23,
        25,
        33,
        34,
        39,
        42,
        43,
        48,
        50,
        62,
        66,
        71,
        82,
        101,
        102,
        114,
        118,
        119,
        121
      ],
      "all_retained_support_flags_reproduced": true
    },
    {
      "schema": "radio-receiver-retained-null-support-diagnosis-v1",
      "calibration_index": 1,
      "input_record_sha256": "ca8a1ed30b893edfc66d417a0fe11c151709a94d3ecfaaef976a4c29e4eef017",
      "score_archive_sha256": "d861bb0b24ec7aa72eacdd016596227ebd65a0754d77b10a0d0cb2c865efd66b",
      "masked_cells": 0,
      "eligible_observed_hypothesis_cells": 1,
      "empty_shift_indices": [
        0,
        4,
        13,
        18,
        23,
        28,
        30,
        33,
        34,
        36,
        42,
        43,
        45,
        50,
        51,
        58,
        59,
        60,
        63,
        65,
        71,
        72,
        73,
        76,
        77,
        80,
        82,
        85,
        86,
        87,
        90,
        92,
        97,
        98,
        104,
        107,
        108,
        112,
        116,
        118,
        120,
        125,
        126
      ],
      "all_retained_support_flags_reproduced": true
    },
    {
      "schema": "radio-receiver-retained-null-support-diagnosis-v1",
      "calibration_index": 2,
      "input_record_sha256": "769ea704dc4434745dd81aa9b0d1232eb668ef8b7a80ab552576fb8d9d8f1835",
      "score_archive_sha256": "2addaf6525471e7cf23fb966157d54e86a98329f32114175c0ebf4a21a6c448f",
      "masked_cells": 0,
      "eligible_observed_hypothesis_cells": 0,
      "empty_shift_indices": [
        0,
        1,
        2,
        3,
        4,
        5,
        6,
        7,
        8,
        9,
        10,
        11,
        12,
        13,
        14,
        15,
        16,
        17,
        18,
        19,
        20,
        21,
        22,
        23,
        24,
        25,
        27,
        28,
        29,
        30,
        31,
        32,
        33,
        34,
        35,
        36,
        37,
        38,
        39,
        40,
        41,
        42,
        44,
        45,
        46,
        49,
        50,
        51,
        52,
        53,
        54,
        55,
        56,
        57,
        58,
        59,
        60,
        61,
        62,
        63,
        64,
        65,
        66,
        67,
        68,
        69,
        70,
        71,
        72,
        73,
        74,
        75,
        76,
        77,
        78,
        79,
        80,
        82,
        84,
        85,
        86,
        87,
        88,
        89,
        91,
        92,
        93,
        94,
        95,
        98,
        99,
        100,
        103,
        104,
        105,
        106,
        107,
        108,
        109,
        110,
        111,
        112,
        113,
        114,
        115,
        116,
        117,
        118,
        119,
        121,
        122,
        123,
        125,
        126
      ],
      "all_retained_support_flags_reproduced": true
    }
  ],
  "score_vectors_verified": 3888,
  "null_support_flags_independently_compared": 381,
  "diagnosis_attempts_consumed": 1,
  "settings_changed": false,
  "threshold_computed": false,
  "new_calibrations": 0,
  "evaluation_values_opened": 0,
  "new_source_requests": 0,
  "active_seconds": 10.590544423999745,
  "peak_process_rss_bytes": 43212800,
  "missing_capability": "A prospectively justified calibration treatment of the no-eligible-hypothesis probability mass and a fresh authorized validation allocation; finite conditional-tail qualification is absent.",
  "repair_or_replacement_authorized": false,
  "scope_sha256": "d988e8ba1720630115dbcd2483ab7834c7b3e7b05a04f2baa813e3c5634398d8",
  "script_sha256": "5eeaf12c0321223cc3e5d056ba37df122a38651c4564a6935c27ef7fa466a1f5"
}
