begin calibration 0
complete calibration 0 FAILED_EMPTY_CONDITIONAL_NULL_SUPPORT 104
begin calibration 1
complete calibration 1 FAILED_EMPTY_CONDITIONAL_NULL_SUPPORT 84
begin calibration 2
complete calibration 2 FAILED_EMPTY_CONDITIONAL_NULL_SUPPORT 13
{
  "schema": "radio-receiver-panel-result-v1",
  "status": "CALIBRATION_FAILED_EVALUATIONS_UNOPENED",
  "freeze_commit": "eabb188778275016de59284ab89a835404777757",
  "calibrations": [
    {
      "index": 0,
      "identity": "edbc0d82dcc96ce0ca1d2e1364c003efb0a2793986f326d0acae71157e63e89d",
      "status": "FAILED_EMPTY_CONDITIONAL_NULL_SUPPORT",
      "finite_null_count": 104,
      "null_count": 127,
      "observed_maximum": 4.892199993133545
    },
    {
      "index": 1,
      "identity": "9e45be85f608ff53dd95b2a0caab2481f921cd7d716deabe1df2b16e771d00a1",
      "status": "FAILED_EMPTY_CONDITIONAL_NULL_SUPPORT",
      "finite_null_count": 84,
      "null_count": 127,
      "observed_maximum": 4.32271671295166
    },
    {
      "index": 2,
      "identity": "500860a7b11a337d2594344ab32e12d26f987aa4aafb090948fea1ecb6973743",
      "status": "FAILED_EMPTY_CONDITIONAL_NULL_SUPPORT",
      "finite_null_count": 13,
      "null_count": 127,
      "observed_maximum": null
    }
  ],
  "evaluation_outcomes": [],
  "calibration_realizations_spent": 3,
  "evaluation_cases_spent": 0,
  "evaluation_runs_executed": 0,
  "development_cases_spent_previously": 6,
  "calibration_attempt_budget_closed": true,
  "evaluation_attempt_allocation_may_be_reused": false,
  "remedy_attempts": 0,
  "pilot_runs": 0,
  "new_source_requests": 0,
  "telescope_values_opened": false,
  "external_messages_sent": 0,
  "synthetic_only": true,
  "real_noise_exchangeability_qualified": false,
  "source_codec_handoff_qualified": false,
  "telescope_spectral_access_authorized": false,
  "active_seconds": 55.1305257439999,
  "peak_process_rss_bytes": 94834688,
  "retained_bytes_before_summary": 7358346,
  "runtime": {
    "generator": "PCG64",
    "numpy": "2.3.5",
    "python": "3.12.14",
    "python_executable_sha256": "fa67443527ed9647f760d807e2a38f26340757123e643c4639cf273ed15d5ea7"
  }
}
