TG000801_P0 audited UNRESOLVED_WITHIN_FIXED_SCOPE
TG000801_P1 audited UNRESOLVED_WITHIN_FIXED_SCOPE
TG001401_P0 audited UNRESOLVED_WITHIN_FIXED_SCOPE
{
  "status": "PASS",
  "comparisons": {
    "numeric": 283611,
    "exact": 481739
  },
  "maximum_absolute_differences": {
    "summary": 2.0372681319713593e-10,
    "CAL": 7.275957614183426e-12,
    "COR": 3.637978807091713e-12,
    "SMEAR": 0.0,
    "DELTA": 7.275957614183426e-12
  },
  "disagreements": [],
  "method": "independent struct decoding, long-double temporal normal equations, scalar-sum spatial normal equations",
  "tolerances": {
    "relative": 2e-08,
    "native_absolute": 1e-06,
    "dimensionless_absolute": 1e-08
  },
  "input_l2_audit": "PASS"
}
