{
  "stage": "LS8V_EC125782107_TWO_VISIT_L2_SCREEN",
  "status": "COMPLETE_UNAUDITED",
  "evaluation_freeze_commit": "e3dfd9b6cc82134c770b89469f11e99b1a060f4f",
  "target": "EC 12578-2107",
  "selected_keys": [
    "CH_PR100002_TG008901_V0300",
    "CH_PR100002_TG008902_V0300"
  ],
  "method": "unchanged pinned LS8K flux-centered DEFAULT-L2 scorer and signed clustering",
  "sideband_rows_each_side": 12,
  "guard_rows": 2,
  "durations_rows": [
    1,
    2,
    3
  ],
  "screen_threshold": 8.5,
  "visits": [
    {
      "file_key": "CH_PR100002_TG008901_V0300",
      "rows": 87,
      "status_zero_finite_rows": 85,
      "cadence_seconds": 60.0,
      "eligible_windows": 36,
      "duration_results": [
        {
          "duration_rows": 1,
          "duration_seconds": 60.0,
          "eligible_windows": 13,
          "positive_windows": 0,
          "negative_windows": 0,
          "maximum_score": 1.4054395291546713,
          "minimum_score": -1.3606986955775653
        },
        {
          "duration_rows": 2,
          "duration_seconds": 120.0,
          "eligible_windows": 12,
          "positive_windows": 0,
          "negative_windows": 0,
          "maximum_score": 1.373600178889434,
          "minimum_score": -1.0869362350802176
        },
        {
          "duration_rows": 3,
          "duration_seconds": 180.0,
          "eligible_windows": 11,
          "positive_windows": 0,
          "negative_windows": 0,
          "maximum_score": 1.3451609855704925,
          "minimum_score": -1.6492021635175607
        }
      ],
      "positive_windows": 0,
      "negative_windows": 0,
      "positive_clusters": 0,
      "negative_clusters": 0,
      "maximum_score": 1.4054395291546713,
      "minimum_score": -1.6492021635175607,
      "unique_event_rows": 13,
      "eligible_event_row_union_seconds": 780.0
    },
    {
      "file_key": "CH_PR100002_TG008902_V0300",
      "rows": 87,
      "status_zero_finite_rows": 86,
      "cadence_seconds": 60.0,
      "eligible_windows": 165,
      "duration_results": [
        {
          "duration_rows": 1,
          "duration_seconds": 60.0,
          "eligible_windows": 56,
          "positive_windows": 0,
          "negative_windows": 0,
          "maximum_score": 4.378145537741057,
          "minimum_score": -3.961308507282001
        },
        {
          "duration_rows": 2,
          "duration_seconds": 120.0,
          "eligible_windows": 55,
          "positive_windows": 0,
          "negative_windows": 0,
          "maximum_score": 3.992514302276114,
          "minimum_score": -5.17084700526642
        },
        {
          "duration_rows": 3,
          "duration_seconds": 180.0,
          "eligible_windows": 54,
          "positive_windows": 0,
          "negative_windows": 0,
          "maximum_score": 4.891933926841797,
          "minimum_score": -5.420896570527029
        }
      ],
      "positive_windows": 0,
      "negative_windows": 0,
      "positive_clusters": 0,
      "negative_clusters": 0,
      "maximum_score": 4.891933926841797,
      "minimum_score": -5.420896570527029,
      "unique_event_rows": 56,
      "eligible_event_row_union_seconds": 3360.0
    }
  ],
  "totals": {
    "rows": 174,
    "eligible_windows": 201,
    "positive_windows": 0,
    "negative_windows": 0,
    "positive_clusters": 0,
    "negative_clusters": 0,
    "science_table_bytes": 24012
  },
  "other_apertures_opened": false,
  "image_bytes_acquired": 0,
  "raw_imagettes_opened": false,
  "detector_qualified": false,
  "candidate_claims": 0,
  "interpretation": "Independent rank-5 two-visit L2 screen; signed endpoints are not Gaussian significances."
}
{
  "status": "PASS",
  "method": "independent big-endian struct decoder and flux-centered scalar normal equations",
  "frozen_tolerances": {
    "relative": 2e-08,
    "absolute": 2e-10
  },
  "numeric_disagreements": [],
  "visits": [
    {
      "file_key": "CH_PR100002_TG008901_V0300",
      "status": "PASS",
      "raw_rows": 87,
      "enumerated_windows": 258,
      "eligible_windows": 36,
      "numeric_and_discrete_comparisons": 432,
      "numeric_disagreements": 0,
      "maximum_absolute_differences": {
        "score": 3.3306690738754696e-15,
        "excess_electrons": 9.094947017729282e-13,
        "sigma_electrons": 2.9558577807620168e-12,
        "denominator_electrons": 5.4569682106375694e-12,
        "baseline_event_sum_electrons": 0.0,
        "leverage": 1.6653345369377348e-16
      },
      "signed_clusters_counts_and_summaries_verified": true
    },
    {
      "file_key": "CH_PR100002_TG008902_V0300",
      "status": "PASS",
      "raw_rows": 87,
      "enumerated_windows": 258,
      "eligible_windows": 165,
      "numeric_and_discrete_comparisons": 1980,
      "numeric_disagreements": 0,
      "maximum_absolute_differences": {
        "score": 6.661338147750939e-15,
        "excess_electrons": 3.637978807091713e-12,
        "sigma_electrons": 6.139089236967266e-12,
        "denominator_electrons": 6.139089236967266e-12,
        "baseline_event_sum_electrons": 0.0,
        "leverage": 1.6653345369377348e-16
      },
      "signed_clusters_counts_and_summaries_verified": true
    }
  ],
  "numeric_and_discrete_comparisons": 2412
}
{
  "status": "COMPLETE_AUDITED",
  "report": "/home/runner/work/setisearch/setisearch/results_ls8v_l2_recovered/REPORT.md",
  "next_action": "Close this two-visit EC 12578-2107 screen as a descriptive null. The next independent cohort is rank 6 of the unchanged reconciled LS8J ledger, GJ 436. Freeze its exact pair and header preflight before accessing that cohort. Do not widen or retune the closed EC 12578-2107 pair."
}
