Independent cases verified: 36
Independent cases verified: 72
Independent cases verified: 108
Independent cases verified: 144
{
  "status": "PASS",
  "method": "original MATLAB + SciPy field/subpixel interpolation + per-pixel Simpson integration",
  "preserved_manifest_entries": {
    "results_ls7k_inputs": 61,
    "results_ls7l_engineering": 11,
    "results_ls7l_inputs": 41
  },
  "original_image_scalar_values": 1368900,
  "coordinate_and_annotation_metadata_verified": true,
  "nonzero_shift_nodes": [
    {
      "ccd": 3,
      "row": 513,
      "column": 45,
      "row_shift": -1,
      "column_shift": 0
    },
    {
      "ccd": 4,
      "row": 1,
      "column": 45,
      "row_shift": 1,
      "column_shift": 0
    },
    {
      "ccd": 4,
      "row": 1,
      "column": 557,
      "row_shift": 1,
      "column_shift": 0
    }
  ],
  "phase_images": 4050,
  "maximum_independent_phase_difference": 5.551115123125783e-17,
  "calibration_cases": 144,
  "coverage_boolean_checks": 17424,
  "finite_numeric_checks": 32604,
  "maximum_flux_difference": 1.3877787807814457e-16,
  "maximum_uncertainty_difference": 1.0408340855860843e-17,
  "absolute_tolerance": 2e-12
}
