{
  "study": "LS7M calibrated PRF and exposure operator",
  "source_commit": "b6fea2889d792d6c1980335f5e83b27c54ca22c7",
  "python": "3.12.14",
  "numpy": "2.3.5",
  "config_sha256": "c3d96fc070196d6cfddd4c0029d3279b4cacb51d1a8167d324839a4fb6b2c3f0",
  "calibration_cases": 144,
  "phase_images": 4050,
  "maximum_phase_flux_difference": 5.551115123125783e-17,
  "maximum_phase_uncertainty_difference": 1.0408340855860843e-17,
  "covered_pixels_range": [
    110,
    121
  ],
  "fully_covered_cases": 42,
  "maximum_coordinate_relative_l2_difference": 0.00794577197920836,
  "absolute_origin_established": false,
  "mission_readout_phase_established": false,
  "quaternion_to_detector_motion_established": false,
  "upstream_target_exclusion_established": false,
  "native_response_comparisons": 0,
  "new_detector_decisions": 0,
  "added_observing_days": 0
}
