epoch1_on: eight native caches and all cropped baseline scores exact
epoch2_on: eight native caches and all cropped baseline scores exact
epoch3_on: eight native caches and all cropped baseline scores exact
1/150 baseline {'neighbor9': 0, 'off_window': 0, 'remaining_aggregate': 0, 'combined': 0, 'centered_receiver': 0, 'centered_receiver_off_match': 0, 'centered_receiver_off_match_aggregate': 0, 'geometry_receiver': 0, 'geometry_receiver_off_aggregate': 0, 'geometry_receiver_aligned_off_aggregate': 0}
2/150 ab_z006 {'neighbor9': 111, 'off_window': 111, 'remaining_aggregate': 12, 'combined': 12, 'centered_receiver': 111, 'centered_receiver_off_match': 111, 'centered_receiver_off_match_aggregate': 12, 'geometry_receiver': 111, 'geometry_receiver_off_aggregate': 12, 'geometry_receiver_aligned_off_aggregate': 12}
3/150 ab_z016 {'neighbor9': 116, 'off_window': 116, 'remaining_aggregate': 3, 'combined': 3, 'centered_receiver': 116, 'centered_receiver_off_match': 116, 'centered_receiver_off_match_aggregate': 3, 'geometry_receiver': 116, 'geometry_receiver_off_aggregate': 3, 'geometry_receiver_aligned_off_aggregate': 3}
4/150 ab_z038 {'neighbor9': 6, 'off_window': 0, 'remaining_aggregate': 6, 'combined': 0, 'centered_receiver': 6, 'centered_receiver_off_match': 0, 'centered_receiver_off_match_aggregate': 0, 'geometry_receiver': 6, 'geometry_receiver_off_aggregate': 0, 'geometry_receiver_aligned_off_aggregate': 0}
5/150 ab_z042 {'neighbor9': 2, 'off_window': 2, 'remaining_aggregate': 2, 'combined': 2, 'centered_receiver': 2, 'centered_receiver_off_match': 2, 'centered_receiver_off_match_aggregate': 2, 'geometry_receiver': 2, 'geometry_receiver_off_aggregate': 2, 'geometry_receiver_aligned_off_aggregate': 2}
6/150 ab_z043 {'neighbor9': 0, 'off_window': 0, 'remaining_aggregate': 0, 'combined': 0, 'centered_receiver': 0, 'centered_receiver_off_match': 0, 'centered_receiver_off_match_aggregate': 0, 'geometry_receiver': 0, 'geometry_receiver_off_aggregate': 0, 'geometry_receiver_aligned_off_aggregate': 0}
7/150 ab_z044 {'neighbor9': 2, 'off_window': 2, 'remaining_aggregate': 2, 'combined': 2, 'centered_receiver': 2, 'centered_receiver_off_match': 2, 'centered_receiver_off_match_aggregate': 2, 'geometry_receiver': 2, 'geometry_receiver_off_aggregate': 2, 'geometry_receiver_aligned_off_aggregate': 2}
8/150 ab_z048 {'neighbor9': 0, 'off_window': 0, 'remaining_aggregate': 0, 'combined': 0, 'centered_receiver': 0, 'centered_receiver_off_match': 0, 'centered_receiver_off_match_aggregate': 0, 'geometry_receiver': 0, 'geometry_receiver_off_aggregate': 0, 'geometry_receiver_aligned_off_aggregate': 0}
9/150 ab_z078 {'neighbor9': 14, 'off_window': 0, 'remaining_aggregate': 14, 'combined': 0, 'centered_receiver': 14, 'centered_receiver_off_match': 0, 'centered_receiver_off_match_aggregate': 0, 'geometry_receiver': 14, 'geometry_receiver_off_aggregate': 0, 'geometry_receiver_aligned_off_aggregate': 0}
10/150 ab_z096 {'neighbor9': 192, 'off_window': 192, 'remaining_aggregate': 19, 'combined': 19, 'centered_receiver': 210, 'centered_receiver_off_match': 210, 'centered_receiver_off_match_aggregate': 30, 'geometry_receiver': 192, 'geometry_receiver_off_aggregate': 19, 'geometry_receiver_aligned_off_aggregate': 19}
11/150 ab_z138 {'neighbor9': 1, 'off_window': 0, 'remaining_aggregate': 1, 'combined': 0, 'centered_receiver': 1, 'centered_receiver_off_match': 1, 'centered_receiver_off_match_aggregate': 1, 'geometry_receiver': 1, 'geometry_receiver_off_aggregate': 0, 'geometry_receiver_aligned_off_aggregate': 0}
12/150 ab_z148 {'neighbor9': 1, 'off_window': 0, 'remaining_aggregate': 1, 'combined': 0, 'centered_receiver': 1, 'centered_receiver_off_match': 0, 'centered_receiver_off_match_aggregate': 0, 'geometry_receiver': 1, 'geometry_receiver_off_aggregate': 0, 'geometry_receiver_aligned_off_aggregate': 1}
13/150 ab_z158 {'neighbor9': 24, 'off_window': 0, 'remaining_aggregate': 24, 'combined': 0, 'centered_receiver': 24, 'centered_receiver_off_match': 0, 'centered_receiver_off_match_aggregate': 0, 'geometry_receiver': 24, 'geometry_receiver_off_aggregate': 0, 'geometry_receiver_aligned_off_aggregate': 24}
14/150 ab_z162 {'neighbor9': 1, 'off_window': 1, 'remaining_aggregate': 1, 'combined': 1, 'centered_receiver': 1, 'centered_receiver_off_match': 1, 'centered_receiver_off_match_aggregate': 1, 'geometry_receiver': 1, 'geometry_receiver_off_aggregate': 1, 'geometry_receiver_aligned_off_aggregate': 1}
15/150 ab_z163 {'neighbor9': 0, 'off_window': 0, 'remaining_aggregate': 0, 'combined': 0, 'centered_receiver': 0, 'centered_receiver_off_match': 0, 'centered_receiver_off_match_aggregate': 0, 'geometry_receiver': 0, 'geometry_receiver_off_aggregate': 0, 'geometry_receiver_aligned_off_aggregate': 0}
16/150 ab_z164 {'neighbor9': 1, 'off_window': 1, 'remaining_aggregate': 1, 'combined': 1, 'centered_receiver': 1, 'centered_receiver_off_match': 1, 'centered_receiver_off_match_aggregate': 1, 'geometry_receiver': 1, 'geometry_receiver_off_aggregate': 1, 'geometry_receiver_aligned_off_aggregate': 1}
17/150 ab_z168 {'neighbor9': 0, 'off_window': 0, 'remaining_aggregate': 0, 'combined': 0, 'centered_receiver': 0, 'centered_receiver_off_match': 0, 'centered_receiver_off_match_aggregate': 0, 'geometry_receiver': 0, 'geometry_receiver_off_aggregate': 0, 'geometry_receiver_aligned_off_aggregate': 0}
18/150 ab_z170 {'neighbor9': 55, 'off_window': 55, 'remaining_aggregate': 54, 'combined': 54, 'centered_receiver': 55, 'centered_receiver_off_match': 55, 'centered_receiver_off_match_aggregate': 54, 'geometry_receiver': 55, 'geometry_receiver_off_aggregate': 54, 'geometry_receiver_aligned_off_aggregate': 54}
19/150 ab_z171 {'neighbor9': 221, 'off_window': 221, 'remaining_aggregate': 0, 'combined': 0, 'centered_receiver': 308, 'centered_receiver_off_match': 308, 'centered_receiver_off_match_aggregate': 43, 'geometry_receiver': 226, 'geometry_receiver_off_aggregate': 5, 'geometry_receiver_aligned_off_aggregate': 5}
20/150 ab_z176 {'neighbor9': 26, 'off_window': 26, 'remaining_aggregate': 0, 'combined': 0, 'centered_receiver': 26, 'centered_receiver_off_match': 26, 'centered_receiver_off_match_aggregate': 0, 'geometry_receiver': 26, 'geometry_receiver_off_aggregate': 0, 'geometry_receiver_aligned_off_aggregate': 0}
21/150 ab_z198 {'neighbor9': 5, 'off_window': 0, 'remaining_aggregate': 5, 'combined': 0, 'centered_receiver': 5, 'centered_receiver_off_match': 0, 'centered_receiver_off_match_aggregate': 0, 'geometry_receiver': 5, 'geometry_receiver_off_aggregate': 0, 'geometry_receiver_aligned_off_aggregate': 5}
22/150 ab_z260 {'neighbor9': 3, 'off_window': 3, 'remaining_aggregate': 0, 'combined': 0, 'centered_receiver': 3, 'centered_receiver_off_match': 3, 'centered_receiver_off_match_aggregate': 0, 'geometry_receiver': 3, 'geometry_receiver_off_aggregate': 0, 'geometry_receiver_aligned_off_aggregate': 0}
23/150 ab_z261 {'neighbor9': 29, 'off_window': 29, 'remaining_aggregate': 0, 'combined': 0, 'centered_receiver': 29, 'centered_receiver_off_match': 29, 'centered_receiver_off_match_aggregate': 0, 'geometry_receiver': 29, 'geometry_receiver_off_aggregate': 0, 'geometry_receiver_aligned_off_aggregate': 0}
24/150 ab_z262 {'neighbor9': 1, 'off_window': 1, 'remaining_aggregate': 1, 'combined': 1, 'centered_receiver': 1, 'centered_receiver_off_match': 1, 'centered_receiver_off_match_aggregate': 1, 'geometry_receiver': 1, 'geometry_receiver_off_aggregate': 1, 'geometry_receiver_aligned_off_aggregate': 1}
25/150 ab_z263 {'neighbor9': 0, 'off_window': 0, 'remaining_aggregate': 0, 'combined': 0, 'centered_receiver': 0, 'centered_receiver_off_match': 0, 'centered_receiver_off_match_aggregate': 0, 'geometry_receiver': 0, 'geometry_receiver_off_aggregate': 0, 'geometry_receiver_aligned_off_aggregate': 0}
26/150 ab_z264 {'neighbor9': 1, 'off_window': 1, 'remaining_aggregate': 1, 'combined': 1, 'centered_receiver': 1, 'centered_receiver_off_match': 1, 'centered_receiver_off_match_aggregate': 1, 'geometry_receiver': 1, 'geometry_receiver_off_aggregate': 1, 'geometry_receiver_aligned_off_aggregate': 1}
27/150 ab_z265 {'neighbor9': 3, 'off_window': 3, 'remaining_aggregate': 0, 'combined': 0, 'centered_receiver': 3, 'centered_receiver_off_match': 3, 'centered_receiver_off_match_aggregate': 0, 'geometry_receiver': 3, 'geometry_receiver_off_aggregate': 0, 'geometry_receiver_aligned_off_aggregate': 0}
28/150 ab_z266 {'neighbor9': 5, 'off_window': 5, 'remaining_aggregate': 0, 'combined': 0, 'centered_receiver': 5, 'centered_receiver_off_match': 5, 'centered_receiver_off_match_aggregate': 0, 'geometry_receiver': 5, 'geometry_receiver_off_aggregate': 0, 'geometry_receiver_aligned_off_aggregate': 0}
29/150 ab_z268 {'neighbor9': 0, 'off_window': 0, 'remaining_aggregate': 0, 'combined': 0, 'centered_receiver': 0, 'centered_receiver_off_match': 0, 'centered_receiver_off_match_aggregate': 0, 'geometry_receiver': 0, 'geometry_receiver_off_aggregate': 0, 'geometry_receiver_aligned_off_aggregate': 0}
30/150 ab_z278 {'neighbor9': 9, 'off_window': 0, 'remaining_aggregate': 9, 'combined': 0, 'centered_receiver': 9, 'centered_receiver_off_match': 0, 'centered_receiver_off_match_aggregate': 0, 'geometry_receiver': 9, 'geometry_receiver_off_aggregate': 0, 'geometry_receiver_aligned_off_aggregate': 9}
31/150 ab_z280 {'neighbor9': 47, 'off_window': 47, 'remaining_aggregate': 40, 'combined': 40, 'centered_receiver': 47, 'centered_receiver_off_match': 47, 'centered_receiver_off_match_aggregate': 40, 'geometry_receiver': 47, 'geometry_receiver_off_aggregate': 40, 'geometry_receiver_aligned_off_aggregate': 40}
32/150 ab_z281 {'neighbor9': 411, 'off_window': 411, 'remaining_aggregate': 34, 'combined': 34, 'centered_receiver': 488, 'centered_receiver_off_match': 488, 'centered_receiver_off_match_aggregate': 74, 'geometry_receiver': 439, 'geometry_receiver_off_aggregate': 61, 'geometry_receiver_aligned_off_aggregate': 61}
33/150 ab_z286 {'neighbor9': 0, 'off_window': 0, 'remaining_aggregate': 0, 'combined': 0, 'centered_receiver': 0, 'centered_receiver_off_match': 0, 'centered_receiver_off_match_aggregate': 0, 'geometry_receiver': 0, 'geometry_receiver_off_aggregate': 0, 'geometry_receiver_aligned_off_aggregate': 0}
34/150 ab_z318 {'neighbor9': 13, 'off_window': 0, 'remaining_aggregate': 13, 'combined': 0, 'centered_receiver': 13, 'centered_receiver_off_match': 0, 'centered_receiver_off_match_aggregate': 0, 'geometry_receiver': 13, 'geometry_receiver_off_aggregate': 0, 'geometry_receiver_aligned_off_aggregate': 13}
35/150 ab_z324 {'neighbor9': 2, 'off_window': 0, 'remaining_aggregate': 2, 'combined': 0, 'centered_receiver': 2, 'centered_receiver_off_match': 2, 'centered_receiver_off_match_aggregate': 2, 'geometry_receiver': 2, 'geometry_receiver_off_aggregate': 0, 'geometry_receiver_aligned_off_aggregate': 2}
36/150 ab_z336 {'neighbor9': 1, 'off_window': 0, 'remaining_aggregate': 1, 'combined': 0, 'centered_receiver': 1, 'centered_receiver_off_match': 1, 'centered_receiver_off_match_aggregate': 1, 'geometry_receiver': 1, 'geometry_receiver_off_aggregate': 0, 'geometry_receiver_aligned_off_aggregate': 1}
37/150 ab_z346 {'neighbor9': 1, 'off_window': 0, 'remaining_aggregate': 1, 'combined': 0, 'centered_receiver': 1, 'centered_receiver_off_match': 1, 'centered_receiver_off_match_aggregate': 1, 'geometry_receiver': 1, 'geometry_receiver_off_aggregate': 0, 'geometry_receiver_aligned_off_aggregate': 1}
38/150 ab_fresh032 {'neighbor9': 310, 'off_window': 310, 'remaining_aggregate': 0, 'combined': 0, 'centered_receiver': 435, 'centered_receiver_off_match': 435, 'centered_receiver_off_match_aggregate': 1, 'geometry_receiver': 310, 'geometry_receiver_off_aggregate': 0, 'geometry_receiver_aligned_off_aggregate': 0}
39/150 new000 {'neighbor9': 17, 'off_window': 17, 'remaining_aggregate': 12, 'combined': 12, 'centered_receiver': 17, 'centered_receiver_off_match': 17, 'centered_receiver_off_match_aggregate': 12, 'geometry_receiver': 17, 'geometry_receiver_off_aggregate': 12, 'geometry_receiver_aligned_off_aggregate': 12}
40/150 new001 {'neighbor9': 588, 'off_window': 588, 'remaining_aggregate': 19, 'combined': 19, 'centered_receiver': 588, 'centered_receiver_off_match': 588, 'centered_receiver_off_match_aggregate': 19, 'geometry_receiver': 588, 'geometry_receiver_off_aggregate': 19, 'geometry_receiver_aligned_off_aggregate': 19}
41/150 new002 {'neighbor9': 3, 'off_window': 3, 'remaining_aggregate': 3, 'combined': 3, 'centered_receiver': 3, 'centered_receiver_off_match': 3, 'centered_receiver_off_match_aggregate': 3, 'geometry_receiver': 3, 'geometry_receiver_off_aggregate': 3, 'geometry_receiver_aligned_off_aggregate': 3}
42/150 new003 {'neighbor9': 3, 'off_window': 0, 'remaining_aggregate': 3, 'combined': 0, 'centered_receiver': 3, 'centered_receiver_off_match': 3, 'centered_receiver_off_match_aggregate': 3, 'geometry_receiver': 3, 'geometry_receiver_off_aggregate': 0, 'geometry_receiver_aligned_off_aggregate': 3}
43/150 new004 {'neighbor9': 249, 'off_window': 249, 'remaining_aggregate': 9, 'combined': 9, 'centered_receiver': 258, 'centered_receiver_off_match': 258, 'centered_receiver_off_match_aggregate': 12, 'geometry_receiver': 249, 'geometry_receiver_off_aggregate': 9, 'geometry_receiver_aligned_off_aggregate': 9}
44/150 new005 {'neighbor9': 1, 'off_window': 1, 'remaining_aggregate': 0, 'combined': 0, 'centered_receiver': 1, 'centered_receiver_off_match': 1, 'centered_receiver_off_match_aggregate': 0, 'geometry_receiver': 1, 'geometry_receiver_off_aggregate': 0, 'geometry_receiver_aligned_off_aggregate': 0}
45/150 new006 {'neighbor9': 0, 'off_window': 0, 'remaining_aggregate': 0, 'combined': 0, 'centered_receiver': 0, 'centered_receiver_off_match': 0, 'centered_receiver_off_match_aggregate': 0, 'geometry_receiver': 0, 'geometry_receiver_off_aggregate': 0, 'geometry_receiver_aligned_off_aggregate': 0}
46/150 new007 {'neighbor9': 15, 'off_window': 15, 'remaining_aggregate': 13, 'combined': 13, 'centered_receiver': 15, 'centered_receiver_off_match': 15, 'centered_receiver_off_match_aggregate': 13, 'geometry_receiver': 15, 'geometry_receiver_off_aggregate': 13, 'geometry_receiver_aligned_off_aggregate': 13}
47/150 new008 {'neighbor9': 10, 'off_window': 10, 'remaining_aggregate': 10, 'combined': 10, 'centered_receiver': 10, 'centered_receiver_off_match': 10, 'centered_receiver_off_match_aggregate': 10, 'geometry_receiver': 10, 'geometry_receiver_off_aggregate': 10, 'geometry_receiver_aligned_off_aggregate': 10}
48/150 new009 {'neighbor9': 2, 'off_window': 2, 'remaining_aggregate': 2, 'combined': 2, 'centered_receiver': 2, 'centered_receiver_off_match': 2, 'centered_receiver_off_match_aggregate': 2, 'geometry_receiver': 2, 'geometry_receiver_off_aggregate': 2, 'geometry_receiver_aligned_off_aggregate': 2}
49/150 new010 {'neighbor9': 2, 'off_window': 1, 'remaining_aggregate': 2, 'combined': 1, 'centered_receiver': 2, 'centered_receiver_off_match': 2, 'centered_receiver_off_match_aggregate': 2, 'geometry_receiver': 2, 'geometry_receiver_off_aggregate': 1, 'geometry_receiver_aligned_off_aggregate': 2}
50/150 new011 {'neighbor9': 0, 'off_window': 0, 'remaining_aggregate': 0, 'combined': 0, 'centered_receiver': 0, 'centered_receiver_off_match': 0, 'centered_receiver_off_match_aggregate': 0, 'geometry_receiver': 0, 'geometry_receiver_off_aggregate': 0, 'geometry_receiver_aligned_off_aggregate': 0}
51/150 new012 {'neighbor9': 0, 'off_window': 0, 'remaining_aggregate': 0, 'combined': 0, 'centered_receiver': 0, 'centered_receiver_off_match': 0, 'centered_receiver_off_match_aggregate': 0, 'geometry_receiver': 0, 'geometry_receiver_off_aggregate': 0, 'geometry_receiver_aligned_off_aggregate': 0}
52/150 new013 {'neighbor9': 0, 'off_window': 0, 'remaining_aggregate': 0, 'combined': 0, 'centered_receiver': 0, 'centered_receiver_off_match': 0, 'centered_receiver_off_match_aggregate': 0, 'geometry_receiver': 0, 'geometry_receiver_off_aggregate': 0, 'geometry_receiver_aligned_off_aggregate': 0}
53/150 new014 {'neighbor9': 17, 'off_window': 17, 'remaining_aggregate': 7, 'combined': 7, 'centered_receiver': 17, 'centered_receiver_off_match': 17, 'centered_receiver_off_match_aggregate': 7, 'geometry_receiver': 17, 'geometry_receiver_off_aggregate': 7, 'geometry_receiver_aligned_off_aggregate': 7}
54/150 new015 {'neighbor9': 430, 'off_window': 430, 'remaining_aggregate': 61, 'combined': 61, 'centered_receiver': 537, 'centered_receiver_off_match': 537, 'centered_receiver_off_match_aggregate': 111, 'geometry_receiver': 430, 'geometry_receiver_off_aggregate': 61, 'geometry_receiver_aligned_off_aggregate': 61}
55/150 new016 {'neighbor9': 5, 'off_window': 5, 'remaining_aggregate': 5, 'combined': 5, 'centered_receiver': 5, 'centered_receiver_off_match': 5, 'centered_receiver_off_match_aggregate': 5, 'geometry_receiver': 5, 'geometry_receiver_off_aggregate': 5, 'geometry_receiver_aligned_off_aggregate': 5}
56/150 new017 {'neighbor9': 2, 'off_window': 1, 'remaining_aggregate': 2, 'combined': 1, 'centered_receiver': 2, 'centered_receiver_off_match': 2, 'centered_receiver_off_match_aggregate': 2, 'geometry_receiver': 2, 'geometry_receiver_off_aggregate': 1, 'geometry_receiver_aligned_off_aggregate': 2}
57/150 new018 {'neighbor9': 249, 'off_window': 249, 'remaining_aggregate': 9, 'combined': 9, 'centered_receiver': 258, 'centered_receiver_off_match': 258, 'centered_receiver_off_match_aggregate': 12, 'geometry_receiver': 249, 'geometry_receiver_off_aggregate': 9, 'geometry_receiver_aligned_off_aggregate': 9}
58/150 new019 {'neighbor9': 0, 'off_window': 0, 'remaining_aggregate': 0, 'combined': 0, 'centered_receiver': 0, 'centered_receiver_off_match': 0, 'centered_receiver_off_match_aggregate': 0, 'geometry_receiver': 0, 'geometry_receiver_off_aggregate': 0, 'geometry_receiver_aligned_off_aggregate': 0}
59/150 new020 {'neighbor9': 0, 'off_window': 0, 'remaining_aggregate': 0, 'combined': 0, 'centered_receiver': 0, 'centered_receiver_off_match': 0, 'centered_receiver_off_match_aggregate': 0, 'geometry_receiver': 0, 'geometry_receiver_off_aggregate': 0, 'geometry_receiver_aligned_off_aggregate': 0}
60/150 new021 {'neighbor9': 7, 'off_window': 7, 'remaining_aggregate': 5, 'combined': 5, 'centered_receiver': 7, 'centered_receiver_off_match': 7, 'centered_receiver_off_match_aggregate': 5, 'geometry_receiver': 7, 'geometry_receiver_off_aggregate': 5, 'geometry_receiver_aligned_off_aggregate': 5}
61/150 new022 {'neighbor9': 0, 'off_window': 0, 'remaining_aggregate': 0, 'combined': 0, 'centered_receiver': 0, 'centered_receiver_off_match': 0, 'centered_receiver_off_match_aggregate': 0, 'geometry_receiver': 0, 'geometry_receiver_off_aggregate': 0, 'geometry_receiver_aligned_off_aggregate': 0}
62/150 new023 {'neighbor9': 0, 'off_window': 0, 'remaining_aggregate': 0, 'combined': 0, 'centered_receiver': 0, 'centered_receiver_off_match': 0, 'centered_receiver_off_match_aggregate': 0, 'geometry_receiver': 0, 'geometry_receiver_off_aggregate': 0, 'geometry_receiver_aligned_off_aggregate': 0}
63/150 new024 {'neighbor9': 0, 'off_window': 0, 'remaining_aggregate': 0, 'combined': 0, 'centered_receiver': 0, 'centered_receiver_off_match': 0, 'centered_receiver_off_match_aggregate': 0, 'geometry_receiver': 0, 'geometry_receiver_off_aggregate': 0, 'geometry_receiver_aligned_off_aggregate': 0}
64/150 new025 {'neighbor9': 0, 'off_window': 0, 'remaining_aggregate': 0, 'combined': 0, 'centered_receiver': 0, 'centered_receiver_off_match': 0, 'centered_receiver_off_match_aggregate': 0, 'geometry_receiver': 0, 'geometry_receiver_off_aggregate': 0, 'geometry_receiver_aligned_off_aggregate': 0}
65/150 new026 {'neighbor9': 0, 'off_window': 0, 'remaining_aggregate': 0, 'combined': 0, 'centered_receiver': 0, 'centered_receiver_off_match': 0, 'centered_receiver_off_match_aggregate': 0, 'geometry_receiver': 0, 'geometry_receiver_off_aggregate': 0, 'geometry_receiver_aligned_off_aggregate': 0}
66/150 new027 {'neighbor9': 0, 'off_window': 0, 'remaining_aggregate': 0, 'combined': 0, 'centered_receiver': 0, 'centered_receiver_off_match': 0, 'centered_receiver_off_match_aggregate': 0, 'geometry_receiver': 0, 'geometry_receiver_off_aggregate': 0, 'geometry_receiver_aligned_off_aggregate': 0}
67/150 new028 {'neighbor9': 17, 'off_window': 17, 'remaining_aggregate': 8, 'combined': 8, 'centered_receiver': 17, 'centered_receiver_off_match': 17, 'centered_receiver_off_match_aggregate': 8, 'geometry_receiver': 17, 'geometry_receiver_off_aggregate': 8, 'geometry_receiver_aligned_off_aggregate': 8}
68/150 new029 {'neighbor9': 148, 'off_window': 148, 'remaining_aggregate': 14, 'combined': 14, 'centered_receiver': 457, 'centered_receiver_off_match': 457, 'centered_receiver_off_match_aggregate': 202, 'geometry_receiver': 148, 'geometry_receiver_off_aggregate': 14, 'geometry_receiver_aligned_off_aggregate': 14}
69/150 new030 {'neighbor9': 5, 'off_window': 5, 'remaining_aggregate': 5, 'combined': 5, 'centered_receiver': 5, 'centered_receiver_off_match': 5, 'centered_receiver_off_match_aggregate': 5, 'geometry_receiver': 5, 'geometry_receiver_off_aggregate': 5, 'geometry_receiver_aligned_off_aggregate': 5}
70/150 new031 {'neighbor9': 3, 'off_window': 2, 'remaining_aggregate': 3, 'combined': 2, 'centered_receiver': 3, 'centered_receiver_off_match': 3, 'centered_receiver_off_match_aggregate': 3, 'geometry_receiver': 3, 'geometry_receiver_off_aggregate': 2, 'geometry_receiver_aligned_off_aggregate': 3}
71/150 new032 {'neighbor9': 155, 'off_window': 155, 'remaining_aggregate': 0, 'combined': 0, 'centered_receiver': 272, 'centered_receiver_off_match': 272, 'centered_receiver_off_match_aggregate': 17, 'geometry_receiver': 155, 'geometry_receiver_off_aggregate': 0, 'geometry_receiver_aligned_off_aggregate': 0}
72/150 new033 {'neighbor9': 0, 'off_window': 0, 'remaining_aggregate': 0, 'combined': 0, 'centered_receiver': 0, 'centered_receiver_off_match': 0, 'centered_receiver_off_match_aggregate': 0, 'geometry_receiver': 0, 'geometry_receiver_off_aggregate': 0, 'geometry_receiver_aligned_off_aggregate': 0}
73/150 new034 {'neighbor9': 0, 'off_window': 0, 'remaining_aggregate': 0, 'combined': 0, 'centered_receiver': 0, 'centered_receiver_off_match': 0, 'centered_receiver_off_match_aggregate': 0, 'geometry_receiver': 0, 'geometry_receiver_off_aggregate': 0, 'geometry_receiver_aligned_off_aggregate': 0}
74/150 new035 {'neighbor9': 8, 'off_window': 8, 'remaining_aggregate': 6, 'combined': 6, 'centered_receiver': 8, 'centered_receiver_off_match': 8, 'centered_receiver_off_match_aggregate': 6, 'geometry_receiver': 8, 'geometry_receiver_off_aggregate': 6, 'geometry_receiver_aligned_off_aggregate': 6}
75/150 new036 {'neighbor9': 10, 'off_window': 10, 'remaining_aggregate': 6, 'combined': 6, 'centered_receiver': 10, 'centered_receiver_off_match': 10, 'centered_receiver_off_match_aggregate': 6, 'geometry_receiver': 10, 'geometry_receiver_off_aggregate': 6, 'geometry_receiver_aligned_off_aggregate': 6}
76/150 new037 {'neighbor9': 1, 'off_window': 1, 'remaining_aggregate': 1, 'combined': 1, 'centered_receiver': 1, 'centered_receiver_off_match': 1, 'centered_receiver_off_match_aggregate': 1, 'geometry_receiver': 1, 'geometry_receiver_off_aggregate': 1, 'geometry_receiver_aligned_off_aggregate': 1}
77/150 new038 {'neighbor9': 1, 'off_window': 0, 'remaining_aggregate': 1, 'combined': 0, 'centered_receiver': 1, 'centered_receiver_off_match': 1, 'centered_receiver_off_match_aggregate': 1, 'geometry_receiver': 1, 'geometry_receiver_off_aggregate': 0, 'geometry_receiver_aligned_off_aggregate': 0}
78/150 new039 {'neighbor9': 0, 'off_window': 0, 'remaining_aggregate': 0, 'combined': 0, 'centered_receiver': 0, 'centered_receiver_off_match': 0, 'centered_receiver_off_match_aggregate': 0, 'geometry_receiver': 0, 'geometry_receiver_off_aggregate': 0, 'geometry_receiver_aligned_off_aggregate': 0}
79/150 new040 {'neighbor9': 0, 'off_window': 0, 'remaining_aggregate': 0, 'combined': 0, 'centered_receiver': 0, 'centered_receiver_off_match': 0, 'centered_receiver_off_match_aggregate': 0, 'geometry_receiver': 0, 'geometry_receiver_off_aggregate': 0, 'geometry_receiver_aligned_off_aggregate': 0}
80/150 new041 {'neighbor9': 0, 'off_window': 0, 'remaining_aggregate': 0, 'combined': 0, 'centered_receiver': 0, 'centered_receiver_off_match': 0, 'centered_receiver_off_match_aggregate': 0, 'geometry_receiver': 0, 'geometry_receiver_off_aggregate': 0, 'geometry_receiver_aligned_off_aggregate': 0}
81/150 new042 {'neighbor9': 79, 'off_window': 79, 'remaining_aggregate': 68, 'combined': 68, 'centered_receiver': 79, 'centered_receiver_off_match': 79, 'centered_receiver_off_match_aggregate': 68, 'geometry_receiver': 79, 'geometry_receiver_off_aggregate': 68, 'geometry_receiver_aligned_off_aggregate': 68}
82/150 new043 {'neighbor9': 641, 'off_window': 641, 'remaining_aggregate': 123, 'combined': 123, 'centered_receiver': 829, 'centered_receiver_off_match': 829, 'centered_receiver_off_match_aggregate': 236, 'geometry_receiver': 642, 'geometry_receiver_off_aggregate': 124, 'geometry_receiver_aligned_off_aggregate': 124}
83/150 new044 {'neighbor9': 47, 'off_window': 47, 'remaining_aggregate': 47, 'combined': 47, 'centered_receiver': 47, 'centered_receiver_off_match': 47, 'centered_receiver_off_match_aggregate': 47, 'geometry_receiver': 47, 'geometry_receiver_off_aggregate': 47, 'geometry_receiver_aligned_off_aggregate': 47}
84/150 new045 {'neighbor9': 19, 'off_window': 8, 'remaining_aggregate': 19, 'combined': 8, 'centered_receiver': 19, 'centered_receiver_off_match': 19, 'centered_receiver_off_match_aggregate': 19, 'geometry_receiver': 19, 'geometry_receiver_off_aggregate': 8, 'geometry_receiver_aligned_off_aggregate': 19}
85/150 new046 {'neighbor9': 249, 'off_window': 249, 'remaining_aggregate': 9, 'combined': 9, 'centered_receiver': 258, 'centered_receiver_off_match': 258, 'centered_receiver_off_match_aggregate': 12, 'geometry_receiver': 249, 'geometry_receiver_off_aggregate': 9, 'geometry_receiver_aligned_off_aggregate': 9}
86/150 new047 {'neighbor9': 1, 'off_window': 1, 'remaining_aggregate': 0, 'combined': 0, 'centered_receiver': 1, 'centered_receiver_off_match': 1, 'centered_receiver_off_match_aggregate': 0, 'geometry_receiver': 1, 'geometry_receiver_off_aggregate': 0, 'geometry_receiver_aligned_off_aggregate': 0}
87/150 new048 {'neighbor9': 0, 'off_window': 0, 'remaining_aggregate': 0, 'combined': 0, 'centered_receiver': 0, 'centered_receiver_off_match': 0, 'centered_receiver_off_match_aggregate': 0, 'geometry_receiver': 0, 'geometry_receiver_off_aggregate': 0, 'geometry_receiver_aligned_off_aggregate': 0}
88/150 new049 {'neighbor9': 45, 'off_window': 45, 'remaining_aggregate': 43, 'combined': 43, 'centered_receiver': 45, 'centered_receiver_off_match': 45, 'centered_receiver_off_match_aggregate': 43, 'geometry_receiver': 45, 'geometry_receiver_off_aggregate': 43, 'geometry_receiver_aligned_off_aggregate': 43}
89/150 new050 {'neighbor9': 14, 'off_window': 14, 'remaining_aggregate': 13, 'combined': 13, 'centered_receiver': 14, 'centered_receiver_off_match': 14, 'centered_receiver_off_match_aggregate': 13, 'geometry_receiver': 14, 'geometry_receiver_off_aggregate': 13, 'geometry_receiver_aligned_off_aggregate': 13}
90/150 new051 {'neighbor9': 9, 'off_window': 9, 'remaining_aggregate': 9, 'combined': 9, 'centered_receiver': 9, 'centered_receiver_off_match': 9, 'centered_receiver_off_match_aggregate': 9, 'geometry_receiver': 9, 'geometry_receiver_off_aggregate': 9, 'geometry_receiver_aligned_off_aggregate': 9}
91/150 new052 {'neighbor9': 0, 'off_window': 0, 'remaining_aggregate': 0, 'combined': 0, 'centered_receiver': 0, 'centered_receiver_off_match': 0, 'centered_receiver_off_match_aggregate': 0, 'geometry_receiver': 0, 'geometry_receiver_off_aggregate': 0, 'geometry_receiver_aligned_off_aggregate': 0}
92/150 new053 {'neighbor9': 0, 'off_window': 0, 'remaining_aggregate': 0, 'combined': 0, 'centered_receiver': 0, 'centered_receiver_off_match': 0, 'centered_receiver_off_match_aggregate': 0, 'geometry_receiver': 0, 'geometry_receiver_off_aggregate': 0, 'geometry_receiver_aligned_off_aggregate': 0}
93/150 new054 {'neighbor9': 0, 'off_window': 0, 'remaining_aggregate': 0, 'combined': 0, 'centered_receiver': 0, 'centered_receiver_off_match': 0, 'centered_receiver_off_match_aggregate': 0, 'geometry_receiver': 0, 'geometry_receiver_off_aggregate': 0, 'geometry_receiver_aligned_off_aggregate': 0}
94/150 new055 {'neighbor9': 0, 'off_window': 0, 'remaining_aggregate': 0, 'combined': 0, 'centered_receiver': 0, 'centered_receiver_off_match': 0, 'centered_receiver_off_match_aggregate': 0, 'geometry_receiver': 0, 'geometry_receiver_off_aggregate': 0, 'geometry_receiver_aligned_off_aggregate': 0}
95/150 new056 {'neighbor9': 17, 'off_window': 17, 'remaining_aggregate': 14, 'combined': 14, 'centered_receiver': 17, 'centered_receiver_off_match': 17, 'centered_receiver_off_match_aggregate': 14, 'geometry_receiver': 17, 'geometry_receiver_off_aggregate': 14, 'geometry_receiver_aligned_off_aggregate': 14}
96/150 new057 {'neighbor9': 177, 'off_window': 177, 'remaining_aggregate': 20, 'combined': 20, 'centered_receiver': 334, 'centered_receiver_off_match': 334, 'centered_receiver_off_match_aggregate': 48, 'geometry_receiver': 177, 'geometry_receiver_off_aggregate': 20, 'geometry_receiver_aligned_off_aggregate': 20}
97/150 new058 {'neighbor9': 7, 'off_window': 7, 'remaining_aggregate': 7, 'combined': 7, 'centered_receiver': 7, 'centered_receiver_off_match': 7, 'centered_receiver_off_match_aggregate': 7, 'geometry_receiver': 7, 'geometry_receiver_off_aggregate': 7, 'geometry_receiver_aligned_off_aggregate': 7}
98/150 new059 {'neighbor9': 3, 'off_window': 2, 'remaining_aggregate': 3, 'combined': 2, 'centered_receiver': 3, 'centered_receiver_off_match': 3, 'centered_receiver_off_match_aggregate': 3, 'geometry_receiver': 3, 'geometry_receiver_off_aggregate': 2, 'geometry_receiver_aligned_off_aggregate': 3}
99/150 new060 {'neighbor9': 174, 'off_window': 174, 'remaining_aggregate': 0, 'combined': 0, 'centered_receiver': 174, 'centered_receiver_off_match': 174, 'centered_receiver_off_match_aggregate': 0, 'geometry_receiver': 174, 'geometry_receiver_off_aggregate': 0, 'geometry_receiver_aligned_off_aggregate': 0}
100/150 new061 {'neighbor9': 0, 'off_window': 0, 'remaining_aggregate': 0, 'combined': 0, 'centered_receiver': 0, 'centered_receiver_off_match': 0, 'centered_receiver_off_match_aggregate': 0, 'geometry_receiver': 0, 'geometry_receiver_off_aggregate': 0, 'geometry_receiver_aligned_off_aggregate': 0}
101/150 new062 {'neighbor9': 0, 'off_window': 0, 'remaining_aggregate': 0, 'combined': 0, 'centered_receiver': 0, 'centered_receiver_off_match': 0, 'centered_receiver_off_match_aggregate': 0, 'geometry_receiver': 0, 'geometry_receiver_off_aggregate': 0, 'geometry_receiver_aligned_off_aggregate': 0}
102/150 new063 {'neighbor9': 13, 'off_window': 13, 'remaining_aggregate': 13, 'combined': 13, 'centered_receiver': 13, 'centered_receiver_off_match': 13, 'centered_receiver_off_match_aggregate': 13, 'geometry_receiver': 13, 'geometry_receiver_off_aggregate': 13, 'geometry_receiver_aligned_off_aggregate': 13}
103/150 new064 {'neighbor9': 47, 'off_window': 47, 'remaining_aggregate': 13, 'combined': 13, 'centered_receiver': 47, 'centered_receiver_off_match': 47, 'centered_receiver_off_match_aggregate': 13, 'geometry_receiver': 47, 'geometry_receiver_off_aggregate': 13, 'geometry_receiver_aligned_off_aggregate': 13}
104/150 new065 {'neighbor9': 5, 'off_window': 5, 'remaining_aggregate': 5, 'combined': 5, 'centered_receiver': 5, 'centered_receiver_off_match': 5, 'centered_receiver_off_match_aggregate': 5, 'geometry_receiver': 5, 'geometry_receiver_off_aggregate': 5, 'geometry_receiver_aligned_off_aggregate': 5}
105/150 new066 {'neighbor9': 3, 'off_window': 2, 'remaining_aggregate': 3, 'combined': 2, 'centered_receiver': 3, 'centered_receiver_off_match': 3, 'centered_receiver_off_match_aggregate': 3, 'geometry_receiver': 3, 'geometry_receiver_off_aggregate': 2, 'geometry_receiver_aligned_off_aggregate': 3}
106/150 new067 {'neighbor9': 11, 'off_window': 11, 'remaining_aggregate': 0, 'combined': 0, 'centered_receiver': 11, 'centered_receiver_off_match': 11, 'centered_receiver_off_match_aggregate': 0, 'geometry_receiver': 11, 'geometry_receiver_off_aggregate': 0, 'geometry_receiver_aligned_off_aggregate': 0}
107/150 new068 {'neighbor9': 0, 'off_window': 0, 'remaining_aggregate': 0, 'combined': 0, 'centered_receiver': 0, 'centered_receiver_off_match': 0, 'centered_receiver_off_match_aggregate': 0, 'geometry_receiver': 0, 'geometry_receiver_off_aggregate': 0, 'geometry_receiver_aligned_off_aggregate': 0}
108/150 new069 {'neighbor9': 0, 'off_window': 0, 'remaining_aggregate': 0, 'combined': 0, 'centered_receiver': 0, 'centered_receiver_off_match': 0, 'centered_receiver_off_match_aggregate': 0, 'geometry_receiver': 0, 'geometry_receiver_off_aggregate': 0, 'geometry_receiver_aligned_off_aggregate': 0}
109/150 new070 {'neighbor9': 13, 'off_window': 13, 'remaining_aggregate': 9, 'combined': 9, 'centered_receiver': 13, 'centered_receiver_off_match': 13, 'centered_receiver_off_match_aggregate': 9, 'geometry_receiver': 13, 'geometry_receiver_off_aggregate': 9, 'geometry_receiver_aligned_off_aggregate': 9}
110/150 new071 {'neighbor9': 465, 'off_window': 465, 'remaining_aggregate': 36, 'combined': 36, 'centered_receiver': 465, 'centered_receiver_off_match': 465, 'centered_receiver_off_match_aggregate': 36, 'geometry_receiver': 465, 'geometry_receiver_off_aggregate': 36, 'geometry_receiver_aligned_off_aggregate': 36}
111/150 new072 {'neighbor9': 3, 'off_window': 3, 'remaining_aggregate': 3, 'combined': 3, 'centered_receiver': 3, 'centered_receiver_off_match': 3, 'centered_receiver_off_match_aggregate': 3, 'geometry_receiver': 3, 'geometry_receiver_off_aggregate': 3, 'geometry_receiver_aligned_off_aggregate': 3}
112/150 new073 {'neighbor9': 2, 'off_window': 1, 'remaining_aggregate': 2, 'combined': 1, 'centered_receiver': 2, 'centered_receiver_off_match': 2, 'centered_receiver_off_match_aggregate': 2, 'geometry_receiver': 2, 'geometry_receiver_off_aggregate': 1, 'geometry_receiver_aligned_off_aggregate': 2}
113/150 new074 {'neighbor9': 174, 'off_window': 174, 'remaining_aggregate': 0, 'combined': 0, 'centered_receiver': 174, 'centered_receiver_off_match': 174, 'centered_receiver_off_match_aggregate': 0, 'geometry_receiver': 174, 'geometry_receiver_off_aggregate': 0, 'geometry_receiver_aligned_off_aggregate': 0}
114/150 new075 {'neighbor9': 0, 'off_window': 0, 'remaining_aggregate': 0, 'combined': 0, 'centered_receiver': 0, 'centered_receiver_off_match': 0, 'centered_receiver_off_match_aggregate': 0, 'geometry_receiver': 0, 'geometry_receiver_off_aggregate': 0, 'geometry_receiver_aligned_off_aggregate': 0}
115/150 new076 {'neighbor9': 2, 'off_window': 0, 'remaining_aggregate': 2, 'combined': 0, 'centered_receiver': 2, 'centered_receiver_off_match': 0, 'centered_receiver_off_match_aggregate': 0, 'geometry_receiver': 2, 'geometry_receiver_off_aggregate': 0, 'geometry_receiver_aligned_off_aggregate': 2}
116/150 new077 {'neighbor9': 8, 'off_window': 8, 'remaining_aggregate': 3, 'combined': 3, 'centered_receiver': 8, 'centered_receiver_off_match': 8, 'centered_receiver_off_match_aggregate': 3, 'geometry_receiver': 8, 'geometry_receiver_off_aggregate': 3, 'geometry_receiver_aligned_off_aggregate': 3}
117/150 new078 {'neighbor9': 54, 'off_window': 54, 'remaining_aggregate': 3, 'combined': 3, 'centered_receiver': 54, 'centered_receiver_off_match': 54, 'centered_receiver_off_match_aggregate': 3, 'geometry_receiver': 54, 'geometry_receiver_off_aggregate': 3, 'geometry_receiver_aligned_off_aggregate': 3}
118/150 new079 {'neighbor9': 8, 'off_window': 8, 'remaining_aggregate': 8, 'combined': 8, 'centered_receiver': 8, 'centered_receiver_off_match': 8, 'centered_receiver_off_match_aggregate': 8, 'geometry_receiver': 8, 'geometry_receiver_off_aggregate': 8, 'geometry_receiver_aligned_off_aggregate': 8}
119/150 new080 {'neighbor9': 6, 'off_window': 3, 'remaining_aggregate': 6, 'combined': 3, 'centered_receiver': 6, 'centered_receiver_off_match': 6, 'centered_receiver_off_match_aggregate': 6, 'geometry_receiver': 6, 'geometry_receiver_off_aggregate': 3, 'geometry_receiver_aligned_off_aggregate': 6}
120/150 new081 {'neighbor9': 0, 'off_window': 0, 'remaining_aggregate': 0, 'combined': 0, 'centered_receiver': 0, 'centered_receiver_off_match': 0, 'centered_receiver_off_match_aggregate': 0, 'geometry_receiver': 0, 'geometry_receiver_off_aggregate': 0, 'geometry_receiver_aligned_off_aggregate': 0}
121/150 new082 {'neighbor9': 0, 'off_window': 0, 'remaining_aggregate': 0, 'combined': 0, 'centered_receiver': 0, 'centered_receiver_off_match': 0, 'centered_receiver_off_match_aggregate': 0, 'geometry_receiver': 0, 'geometry_receiver_off_aggregate': 0, 'geometry_receiver_aligned_off_aggregate': 0}
122/150 new083 {'neighbor9': 0, 'off_window': 0, 'remaining_aggregate': 0, 'combined': 0, 'centered_receiver': 0, 'centered_receiver_off_match': 0, 'centered_receiver_off_match_aggregate': 0, 'geometry_receiver': 0, 'geometry_receiver_off_aggregate': 0, 'geometry_receiver_aligned_off_aggregate': 0}
123/150 new084 {'neighbor9': 17, 'off_window': 17, 'remaining_aggregate': 11, 'combined': 11, 'centered_receiver': 17, 'centered_receiver_off_match': 17, 'centered_receiver_off_match_aggregate': 11, 'geometry_receiver': 17, 'geometry_receiver_off_aggregate': 11, 'geometry_receiver_aligned_off_aggregate': 11}
124/150 new085 {'neighbor9': 227, 'off_window': 221, 'remaining_aggregate': 9, 'combined': 9, 'centered_receiver': 227, 'centered_receiver_off_match': 227, 'centered_receiver_off_match_aggregate': 9, 'geometry_receiver': 227, 'geometry_receiver_off_aggregate': 9, 'geometry_receiver_aligned_off_aggregate': 9}
125/150 new086 {'neighbor9': 11, 'off_window': 11, 'remaining_aggregate': 11, 'combined': 11, 'centered_receiver': 11, 'centered_receiver_off_match': 11, 'centered_receiver_off_match_aggregate': 11, 'geometry_receiver': 11, 'geometry_receiver_off_aggregate': 11, 'geometry_receiver_aligned_off_aggregate': 11}
126/150 new087 {'neighbor9': 3, 'off_window': 2, 'remaining_aggregate': 3, 'combined': 2, 'centered_receiver': 3, 'centered_receiver_off_match': 3, 'centered_receiver_off_match_aggregate': 3, 'geometry_receiver': 3, 'geometry_receiver_off_aggregate': 2, 'geometry_receiver_aligned_off_aggregate': 3}
127/150 new088 {'neighbor9': 23, 'off_window': 23, 'remaining_aggregate': 0, 'combined': 0, 'centered_receiver': 23, 'centered_receiver_off_match': 23, 'centered_receiver_off_match_aggregate': 0, 'geometry_receiver': 23, 'geometry_receiver_off_aggregate': 0, 'geometry_receiver_aligned_off_aggregate': 0}
128/150 new089 {'neighbor9': 0, 'off_window': 0, 'remaining_aggregate': 0, 'combined': 0, 'centered_receiver': 0, 'centered_receiver_off_match': 0, 'centered_receiver_off_match_aggregate': 0, 'geometry_receiver': 0, 'geometry_receiver_off_aggregate': 0, 'geometry_receiver_aligned_off_aggregate': 0}
129/150 new090 {'neighbor9': 2, 'off_window': 0, 'remaining_aggregate': 2, 'combined': 0, 'centered_receiver': 2, 'centered_receiver_off_match': 2, 'centered_receiver_off_match_aggregate': 2, 'geometry_receiver': 2, 'geometry_receiver_off_aggregate': 0, 'geometry_receiver_aligned_off_aggregate': 2}
130/150 new091 {'neighbor9': 16, 'off_window': 16, 'remaining_aggregate': 8, 'combined': 8, 'centered_receiver': 16, 'centered_receiver_off_match': 16, 'centered_receiver_off_match_aggregate': 8, 'geometry_receiver': 16, 'geometry_receiver_off_aggregate': 8, 'geometry_receiver_aligned_off_aggregate': 8}
131/150 new092 {'neighbor9': 14, 'off_window': 14, 'remaining_aggregate': 8, 'combined': 8, 'centered_receiver': 14, 'centered_receiver_off_match': 14, 'centered_receiver_off_match_aggregate': 8, 'geometry_receiver': 14, 'geometry_receiver_off_aggregate': 8, 'geometry_receiver_aligned_off_aggregate': 8}
132/150 new093 {'neighbor9': 4, 'off_window': 4, 'remaining_aggregate': 4, 'combined': 4, 'centered_receiver': 4, 'centered_receiver_off_match': 4, 'centered_receiver_off_match_aggregate': 4, 'geometry_receiver': 4, 'geometry_receiver_off_aggregate': 4, 'geometry_receiver_aligned_off_aggregate': 4}
133/150 new094 {'neighbor9': 2, 'off_window': 1, 'remaining_aggregate': 2, 'combined': 1, 'centered_receiver': 2, 'centered_receiver_off_match': 2, 'centered_receiver_off_match_aggregate': 2, 'geometry_receiver': 2, 'geometry_receiver_off_aggregate': 1, 'geometry_receiver_aligned_off_aggregate': 2}
134/150 new095 {'neighbor9': 0, 'off_window': 0, 'remaining_aggregate': 0, 'combined': 0, 'centered_receiver': 0, 'centered_receiver_off_match': 0, 'centered_receiver_off_match_aggregate': 0, 'geometry_receiver': 0, 'geometry_receiver_off_aggregate': 0, 'geometry_receiver_aligned_off_aggregate': 0}
135/150 new096 {'neighbor9': 0, 'off_window': 0, 'remaining_aggregate': 0, 'combined': 0, 'centered_receiver': 0, 'centered_receiver_off_match': 0, 'centered_receiver_off_match_aggregate': 0, 'geometry_receiver': 0, 'geometry_receiver_off_aggregate': 0, 'geometry_receiver_aligned_off_aggregate': 0}
136/150 new097 {'neighbor9': 0, 'off_window': 0, 'remaining_aggregate': 0, 'combined': 0, 'centered_receiver': 0, 'centered_receiver_off_match': 0, 'centered_receiver_off_match_aggregate': 0, 'geometry_receiver': 0, 'geometry_receiver_off_aggregate': 0, 'geometry_receiver_aligned_off_aggregate': 0}
137/150 new098 {'neighbor9': 88, 'off_window': 88, 'remaining_aggregate': 80, 'combined': 80, 'centered_receiver': 88, 'centered_receiver_off_match': 88, 'centered_receiver_off_match_aggregate': 80, 'geometry_receiver': 88, 'geometry_receiver_off_aggregate': 80, 'geometry_receiver_aligned_off_aggregate': 80}
138/150 new099 {'neighbor9': 343, 'off_window': 343, 'remaining_aggregate': 97, 'combined': 97, 'centered_receiver': 714, 'centered_receiver_off_match': 714, 'centered_receiver_off_match_aggregate': 287, 'geometry_receiver': 343, 'geometry_receiver_off_aggregate': 97, 'geometry_receiver_aligned_off_aggregate': 97}
139/150 new100 {'neighbor9': 87, 'off_window': 87, 'remaining_aggregate': 87, 'combined': 87, 'centered_receiver': 87, 'centered_receiver_off_match': 87, 'centered_receiver_off_match_aggregate': 87, 'geometry_receiver': 87, 'geometry_receiver_off_aggregate': 87, 'geometry_receiver_aligned_off_aggregate': 87}
140/150 new101 {'neighbor9': 0, 'off_window': 0, 'remaining_aggregate': 0, 'combined': 0, 'centered_receiver': 0, 'centered_receiver_off_match': 0, 'centered_receiver_off_match_aggregate': 0, 'geometry_receiver': 0, 'geometry_receiver_off_aggregate': 0, 'geometry_receiver_aligned_off_aggregate': 0}
141/150 new102 {'neighbor9': 174, 'off_window': 174, 'remaining_aggregate': 0, 'combined': 0, 'centered_receiver': 174, 'centered_receiver_off_match': 174, 'centered_receiver_off_match_aggregate': 0, 'geometry_receiver': 174, 'geometry_receiver_off_aggregate': 0, 'geometry_receiver_aligned_off_aggregate': 0}
142/150 new103 {'neighbor9': 0, 'off_window': 0, 'remaining_aggregate': 0, 'combined': 0, 'centered_receiver': 0, 'centered_receiver_off_match': 0, 'centered_receiver_off_match_aggregate': 0, 'geometry_receiver': 0, 'geometry_receiver_off_aggregate': 0, 'geometry_receiver_aligned_off_aggregate': 0}
143/150 new104 {'neighbor9': 2, 'off_window': 0, 'remaining_aggregate': 2, 'combined': 0, 'centered_receiver': 2, 'centered_receiver_off_match': 0, 'centered_receiver_off_match_aggregate': 0, 'geometry_receiver': 2, 'geometry_receiver_off_aggregate': 0, 'geometry_receiver_aligned_off_aggregate': 2}
144/150 new105 {'neighbor9': 57, 'off_window': 57, 'remaining_aggregate': 53, 'combined': 53, 'centered_receiver': 57, 'centered_receiver_off_match': 57, 'centered_receiver_off_match_aggregate': 53, 'geometry_receiver': 57, 'geometry_receiver_off_aggregate': 53, 'geometry_receiver_aligned_off_aggregate': 53}
145/150 new106 {'neighbor9': 206, 'off_window': 206, 'remaining_aggregate': 100, 'combined': 100, 'centered_receiver': 206, 'centered_receiver_off_match': 206, 'centered_receiver_off_match_aggregate': 100, 'geometry_receiver': 206, 'geometry_receiver_off_aggregate': 100, 'geometry_receiver_aligned_off_aggregate': 100}
146/150 new107 {'neighbor9': 50, 'off_window': 50, 'remaining_aggregate': 50, 'combined': 50, 'centered_receiver': 50, 'centered_receiver_off_match': 50, 'centered_receiver_off_match_aggregate': 50, 'geometry_receiver': 50, 'geometry_receiver_off_aggregate': 50, 'geometry_receiver_aligned_off_aggregate': 50}
147/150 new108 {'neighbor9': 3, 'off_window': 0, 'remaining_aggregate': 3, 'combined': 0, 'centered_receiver': 3, 'centered_receiver_off_match': 3, 'centered_receiver_off_match_aggregate': 3, 'geometry_receiver': 3, 'geometry_receiver_off_aggregate': 0, 'geometry_receiver_aligned_off_aggregate': 3}
148/150 new109 {'neighbor9': 11, 'off_window': 11, 'remaining_aggregate': 0, 'combined': 0, 'centered_receiver': 11, 'centered_receiver_off_match': 11, 'centered_receiver_off_match_aggregate': 0, 'geometry_receiver': 11, 'geometry_receiver_off_aggregate': 0, 'geometry_receiver_aligned_off_aggregate': 0}
149/150 new110 {'neighbor9': 0, 'off_window': 0, 'remaining_aggregate': 0, 'combined': 0, 'centered_receiver': 0, 'centered_receiver_off_match': 0, 'centered_receiver_off_match_aggregate': 0, 'geometry_receiver': 0, 'geometry_receiver_off_aggregate': 0, 'geometry_receiver_aligned_off_aggregate': 0}
150/150 new111 {'neighbor9': 0, 'off_window': 0, 'remaining_aggregate': 0, 'combined': 0, 'centered_receiver': 0, 'centered_receiver_off_match': 0, 'centered_receiver_off_match_aggregate': 0, 'geometry_receiver': 0, 'geometry_receiver_off_aggregate': 0, 'geometry_receiver_aligned_off_aggregate': 0}
M43AD COMPLETE
