{
  "schema": "radio-empty-null-exact-method-result-v1",
  "status": "EXACT_METHOD_CHECKS_COMPLETE",
  "histograms": 1281,
  "distinguished_position_ranks": 8575,
  "exact_rank_bound_inequalities": 9856,
  "rank_bound_violations": 0,
  "restricted_transform_rejection": {
    "numerator": 4,
    "denominator": 5
  },
  "boxcar_covariance_counterexample": true,
  "new_native_or_noise_realizations": 0,
  "calibration_attempts": 0,
  "evaluation_attempts": 0,
  "closed_score_archives_read": false,
  "settings_changed": false,
  "telescope_requests": 0,
  "detector_ready_claimed": false,
  "runtime_seconds": 0.09912431499992636,
  "peak_process_rss_bytes": 13500416,
  "scope_sha256": "d0918ae30094d4e6ef2950d2347fa97b70e81d772f34f776711565996d72b7c1",
  "script_sha256": "085a4a2ab877d47c07f61b3d689e050631f51b35685bc5e6f19e413c1065544e",
  "module_sha256": "8c5c29efbd851a5504389d0adfcb244dbf3489a611785b7206ac552f13fdff6f"
}
