{
  "schema": "radio-empty-null-method-postflight-v1",
  "status": "METHOD_AND_REFERENCE_ENGINEERING_COMPLETE_PROPOSAL_INACTIVE",
  "checkpoint": "e5841013b40b069eceb5fb7d5d64fd31a01b8764",
  "distinct_new_tests_passed": 35,
  "test_suites": {
    "tests_attempt01.log": 17,
    "reference_engineering/tests_attempt01.log": 18
  },
  "exact_histograms": 1281,
  "exact_rank_bound_checks": 9856,
  "exact_rank_bound_violations": 0,
  "proposal_config_sha256": "45d8309c8b23eea56ddee15e829b96a3936dba98141f124bf97c4057f35993e2",
  "proposal_input_pins_verified": 35,
  "new_reference_module_sha256": "2f734687b850becf3eb568c817d7319be8cab6fc044ec0f8673cef0d9ce6a410",
  "new_reference_tests_sha256": "1ed4d3b5f68096f1cbea13db4aefde5119ea8bda51d37b18a8e87a37ac46ebd2",
  "new_reference_scope_sha256": "a5679a3a25e9656b71e31756e3f09ee53eabc680f841e657f93f5c320832dc52",
  "proposed_identity_collisions": 0,
  "source_preparation_sha256_unchanged": "98f6ced7e10cabaac139e027e8449e34ddf49024254761217a288ca6dc439cf1",
  "recipes_and_gates_unchanged": true,
  "proposed_reference_cadences": 127,
  "proposed_evaluations": 24,
  "new_random_or_native_realizations": 0,
  "new_calibration_attempts": 0,
  "new_evaluation_attempt_allocations": 0,
  "old_closed_score_archives_read": false,
  "new_source_requests": 0,
  "pilots": 0,
  "remedies": 0,
  "external_messages": 0,
  "detector_certificate_issued": false,
  "native_success_path_qualified": false,
  "telescope_spectra_opened": false,
  "plan_extended": false,
  "source_inspection_errors_retained": [
    {
      "requested": "src/seti_repeater/panel_receiver_radio.py",
      "outcome": "path absent; corrected to receiver_panel_radio.py; no execution"
    },
    {
      "requested": "src/seti_repeater/threshold*",
      "outcome": "glob matched no files; threshold code located in search_v0p6.py; no execution"
    }
  ]
}
