All 96 M43P arrays and central baseline identity verified
legacy training calibration template 1/37
legacy training calibration template 2/37
legacy training calibration template 3/37
legacy training calibration template 4/37
legacy training calibration template 5/37
legacy training calibration template 6/37
legacy training calibration template 7/37
legacy training calibration template 8/37
legacy training calibration template 9/37
legacy training calibration template 10/37
legacy training calibration template 11/37
legacy training calibration template 12/37
legacy training calibration template 13/37
legacy training calibration template 14/37
legacy training calibration template 15/37
legacy training calibration template 16/37
legacy training calibration template 17/37
legacy training calibration template 18/37
legacy training calibration template 19/37
legacy training calibration template 20/37
legacy training calibration template 21/37
legacy training calibration template 22/37
legacy training calibration template 23/37
legacy training calibration template 24/37
legacy training calibration template 25/37
legacy training calibration template 26/37
legacy training calibration template 27/37
legacy training calibration template 28/37
legacy training calibration template 29/37
legacy training calibration template 30/37
legacy training calibration template 31/37
legacy training calibration template 32/37
legacy training calibration template 33/37
legacy training calibration template 34/37
legacy training calibration template 35/37
legacy training calibration template 36/37
legacy training calibration template 37/37
legacy frozen threshold 10.0
neighbor9 training calibration template 1/37
neighbor9 training calibration template 2/37
neighbor9 training calibration template 3/37
neighbor9 training calibration template 4/37
neighbor9 training calibration template 5/37
neighbor9 training calibration template 6/37
neighbor9 training calibration template 7/37
neighbor9 training calibration template 8/37
neighbor9 training calibration template 9/37
neighbor9 training calibration template 10/37
neighbor9 training calibration template 11/37
neighbor9 training calibration template 12/37
neighbor9 training calibration template 13/37
neighbor9 training calibration template 14/37
neighbor9 training calibration template 15/37
neighbor9 training calibration template 16/37
neighbor9 training calibration template 17/37
neighbor9 training calibration template 18/37
neighbor9 training calibration template 19/37
neighbor9 training calibration template 20/37
neighbor9 training calibration template 21/37
neighbor9 training calibration template 22/37
neighbor9 training calibration template 23/37
neighbor9 training calibration template 24/37
neighbor9 training calibration template 25/37
neighbor9 training calibration template 26/37
neighbor9 training calibration template 27/37
neighbor9 training calibration template 28/37
neighbor9 training calibration template 29/37
neighbor9 training calibration template 30/37
neighbor9 training calibration template 31/37
neighbor9 training calibration template 32/37
neighbor9 training calibration template 33/37
neighbor9 training calibration template 34/37
neighbor9 training calibration template 35/37
neighbor9 training calibration template 36/37
neighbor9 training calibration template 37/37
neighbor9 frozen threshold 10.0
legacy heldout calibration template 1/37
legacy heldout calibration template 2/37
legacy heldout calibration template 3/37
legacy heldout calibration template 4/37
legacy heldout calibration template 5/37
legacy heldout calibration template 6/37
legacy heldout calibration template 7/37
legacy heldout calibration template 8/37
legacy heldout calibration template 9/37
legacy heldout calibration template 10/37
legacy heldout calibration template 11/37
legacy heldout calibration template 12/37
legacy heldout calibration template 13/37
legacy heldout calibration template 14/37
legacy heldout calibration template 15/37
legacy heldout calibration template 16/37
legacy heldout calibration template 17/37
legacy heldout calibration template 18/37
legacy heldout calibration template 19/37
legacy heldout calibration template 20/37
legacy heldout calibration template 21/37
legacy heldout calibration template 22/37
legacy heldout calibration template 23/37
legacy heldout calibration template 24/37
legacy heldout calibration template 25/37
legacy heldout calibration template 26/37
legacy heldout calibration template 27/37
legacy heldout calibration template 28/37
legacy heldout calibration template 29/37
legacy heldout calibration template 30/37
legacy heldout calibration template 31/37
legacy heldout calibration template 32/37
legacy heldout calibration template 33/37
legacy heldout calibration template 34/37
legacy heldout calibration template 35/37
legacy heldout calibration template 36/37
legacy heldout calibration template 37/37
legacy heldout {"count": 128, "at_or_above_threshold": 0, "maximum": 8.352145195007324, "threshold": 10.0, "scope": "paired correlated within-sequence pre-veto maxima; baseline masks co-rolled, not re-estimated; not physical FAP"}
neighbor9 heldout calibration template 1/37
neighbor9 heldout calibration template 2/37
neighbor9 heldout calibration template 3/37
neighbor9 heldout calibration template 4/37
neighbor9 heldout calibration template 5/37
neighbor9 heldout calibration template 6/37
neighbor9 heldout calibration template 7/37
neighbor9 heldout calibration template 8/37
neighbor9 heldout calibration template 9/37
neighbor9 heldout calibration template 10/37
neighbor9 heldout calibration template 11/37
neighbor9 heldout calibration template 12/37
neighbor9 heldout calibration template 13/37
neighbor9 heldout calibration template 14/37
neighbor9 heldout calibration template 15/37
neighbor9 heldout calibration template 16/37
neighbor9 heldout calibration template 17/37
neighbor9 heldout calibration template 18/37
neighbor9 heldout calibration template 19/37
neighbor9 heldout calibration template 20/37
neighbor9 heldout calibration template 21/37
neighbor9 heldout calibration template 22/37
neighbor9 heldout calibration template 23/37
neighbor9 heldout calibration template 24/37
neighbor9 heldout calibration template 25/37
neighbor9 heldout calibration template 26/37
neighbor9 heldout calibration template 27/37
neighbor9 heldout calibration template 28/37
neighbor9 heldout calibration template 29/37
neighbor9 heldout calibration template 30/37
neighbor9 heldout calibration template 31/37
neighbor9 heldout calibration template 32/37
neighbor9 heldout calibration template 33/37
neighbor9 heldout calibration template 34/37
neighbor9 heldout calibration template 35/37
neighbor9 heldout calibration template 36/37
neighbor9 heldout calibration template 37/37
neighbor9 heldout {"count": 128, "at_or_above_threshold": 0, "maximum": 8.352145195007324, "threshold": 10.0, "scope": "paired correlated within-sequence pre-veto maxima; baseline masks co-rolled, not re-estimated; not physical FAP"}
epoch1_on: eight native caches and all cropped baseline scores exact
epoch2_on: eight native caches and all cropped baseline scores exact
epoch3_on: eight native caches and all cropped baseline scores exact
Paired truth 0 strength 6: {'legacy': False, 'neighbor9': False}
Paired truth 0 strength 8: {'legacy': True, 'neighbor9': True}
Paired truth 0 strength 12: {'legacy': True, 'neighbor9': True}
Paired truth 0 strength 32: {'legacy': True, 'neighbor9': True}
Paired truth 1 strength 6: {'legacy': False, 'neighbor9': False}
Paired truth 1 strength 8: {'legacy': False, 'neighbor9': False}
Paired truth 1 strength 12: {'legacy': False, 'neighbor9': False}
Paired truth 1 strength 32: {'legacy': False, 'neighbor9': True}
Paired truth 2 strength 6: {'legacy': False, 'neighbor9': False}
Paired truth 2 strength 8: {'legacy': True, 'neighbor9': True}
Paired truth 2 strength 12: {'legacy': True, 'neighbor9': True}
Paired truth 2 strength 32: {'legacy': True, 'neighbor9': True}
Paired truth 3 strength 6: {'legacy': False, 'neighbor9': False}
Paired truth 3 strength 8: {'legacy': False, 'neighbor9': False}
Paired truth 3 strength 12: {'legacy': False, 'neighbor9': False}
Paired truth 3 strength 32: {'legacy': True, 'neighbor9': True}
Paired truth 4 strength 6: {'legacy': False, 'neighbor9': False}
Paired truth 4 strength 8: {'legacy': True, 'neighbor9': True}
Paired truth 4 strength 12: {'legacy': True, 'neighbor9': True}
Paired truth 4 strength 32: {'legacy': True, 'neighbor9': True}
Paired truth 5 strength 6: {'legacy': False, 'neighbor9': False}
Paired truth 5 strength 8: {'legacy': False, 'neighbor9': False}
Paired truth 5 strength 12: {'legacy': False, 'neighbor9': False}
Paired truth 5 strength 32: {'legacy': False, 'neighbor9': True}
Paired truth 6 strength 6: {'legacy': True, 'neighbor9': True}
Paired truth 6 strength 8: {'legacy': True, 'neighbor9': True}
Paired truth 6 strength 12: {'legacy': True, 'neighbor9': True}
Paired truth 6 strength 32: {'legacy': True, 'neighbor9': True}
Paired truth 7 strength 6: {'legacy': False, 'neighbor9': False}
Paired truth 7 strength 8: {'legacy': False, 'neighbor9': False}
Paired truth 7 strength 12: {'legacy': True, 'neighbor9': True}
Paired truth 7 strength 32: {'legacy': True, 'neighbor9': True}
Paired truth 8 strength 6: {'legacy': False, 'neighbor9': False}
Paired truth 8 strength 8: {'legacy': True, 'neighbor9': True}
Paired truth 8 strength 12: {'legacy': True, 'neighbor9': True}
Paired truth 8 strength 32: {'legacy': True, 'neighbor9': True}
Paired truth 9 strength 6: {'legacy': False, 'neighbor9': False}
Paired truth 9 strength 8: {'legacy': False, 'neighbor9': False}
Paired truth 9 strength 12: {'legacy': True, 'neighbor9': True}
Paired truth 9 strength 32: {'legacy': False, 'neighbor9': True}
Paired truth 10 strength 6: {'legacy': False, 'neighbor9': False}
Paired truth 10 strength 8: {'legacy': True, 'neighbor9': True}
Paired truth 10 strength 12: {'legacy': True, 'neighbor9': True}
Paired truth 10 strength 32: {'legacy': True, 'neighbor9': True}
Paired truth 11 strength 6: {'legacy': False, 'neighbor9': False}
Paired truth 11 strength 8: {'legacy': False, 'neighbor9': False}
Paired truth 11 strength 12: {'legacy': False, 'neighbor9': False}
Paired truth 11 strength 32: {'legacy': True, 'neighbor9': True}
Paired truth 12 strength 6: {'legacy': False, 'neighbor9': False}
Paired truth 12 strength 8: {'legacy': True, 'neighbor9': True}
Paired truth 12 strength 12: {'legacy': True, 'neighbor9': True}
Paired truth 12 strength 32: {'legacy': True, 'neighbor9': True}
Paired truth 13 strength 6: {'legacy': False, 'neighbor9': False}
Paired truth 13 strength 8: {'legacy': False, 'neighbor9': False}
Paired truth 13 strength 12: {'legacy': True, 'neighbor9': True}
Paired truth 13 strength 32: {'legacy': False, 'neighbor9': True}
Paired truth 14 strength 6: {'legacy': False, 'neighbor9': False}
Paired truth 14 strength 8: {'legacy': True, 'neighbor9': True}
Paired truth 14 strength 12: {'legacy': True, 'neighbor9': True}
Paired truth 14 strength 32: {'legacy': True, 'neighbor9': True}
Paired truth 15 strength 6: {'legacy': False, 'neighbor9': False}
Paired truth 15 strength 8: {'legacy': False, 'neighbor9': False}
Paired truth 15 strength 12: {'legacy': True, 'neighbor9': True}
Paired truth 15 strength 32: {'legacy': True, 'neighbor9': True}
[
  {
    "mask_policy": "legacy",
    "profile": "ideal-native-bin",
    "strength": 0,
    "denominator": 8,
    "retained": 0,
    "passes_physical_vetoes": 0,
    "recovered": 0
  },
  {
    "mask_policy": "legacy",
    "profile": "ideal-native-bin",
    "strength": 6,
    "denominator": 8,
    "retained": 1,
    "passes_physical_vetoes": 1,
    "recovered": 1
  },
  {
    "mask_policy": "legacy",
    "profile": "ideal-native-bin",
    "strength": 8,
    "denominator": 8,
    "retained": 8,
    "passes_physical_vetoes": 8,
    "recovered": 8
  },
  {
    "mask_policy": "legacy",
    "profile": "ideal-native-bin",
    "strength": 12,
    "denominator": 8,
    "retained": 8,
    "passes_physical_vetoes": 8,
    "recovered": 8
  },
  {
    "mask_policy": "legacy",
    "profile": "ideal-native-bin",
    "strength": 32,
    "denominator": 8,
    "retained": 8,
    "passes_physical_vetoes": 8,
    "recovered": 8
  },
  {
    "mask_policy": "legacy",
    "profile": "fractional-off-template-smear",
    "strength": 0,
    "denominator": 8,
    "retained": 0,
    "passes_physical_vetoes": 0,
    "recovered": 0
  },
  {
    "mask_policy": "legacy",
    "profile": "fractional-off-template-smear",
    "strength": 6,
    "denominator": 8,
    "retained": 0,
    "passes_physical_vetoes": 0,
    "recovered": 0
  },
  {
    "mask_policy": "legacy",
    "profile": "fractional-off-template-smear",
    "strength": 8,
    "denominator": 8,
    "retained": 0,
    "passes_physical_vetoes": 0,
    "recovered": 0
  },
  {
    "mask_policy": "legacy",
    "profile": "fractional-off-template-smear",
    "strength": 12,
    "denominator": 8,
    "retained": 4,
    "passes_physical_vetoes": 4,
    "recovered": 4
  },
  {
    "mask_policy": "legacy",
    "profile": "fractional-off-template-smear",
    "strength": 32,
    "denominator": 8,
    "retained": 4,
    "passes_physical_vetoes": 4,
    "recovered": 4
  },
  {
    "mask_policy": "neighbor9",
    "profile": "ideal-native-bin",
    "strength": 0,
    "denominator": 8,
    "retained": 0,
    "passes_physical_vetoes": 0,
    "recovered": 0
  },
  {
    "mask_policy": "neighbor9",
    "profile": "ideal-native-bin",
    "strength": 6,
    "denominator": 8,
    "retained": 1,
    "passes_physical_vetoes": 1,
    "recovered": 1
  },
  {
    "mask_policy": "neighbor9",
    "profile": "ideal-native-bin",
    "strength": 8,
    "denominator": 8,
    "retained": 8,
    "passes_physical_vetoes": 8,
    "recovered": 8
  },
  {
    "mask_policy": "neighbor9",
    "profile": "ideal-native-bin",
    "strength": 12,
    "denominator": 8,
    "retained": 8,
    "passes_physical_vetoes": 8,
    "recovered": 8
  },
  {
    "mask_policy": "neighbor9",
    "profile": "ideal-native-bin",
    "strength": 32,
    "denominator": 8,
    "retained": 8,
    "passes_physical_vetoes": 8,
    "recovered": 8
  },
  {
    "mask_policy": "neighbor9",
    "profile": "fractional-off-template-smear",
    "strength": 0,
    "denominator": 8,
    "retained": 0,
    "passes_physical_vetoes": 0,
    "recovered": 0
  },
  {
    "mask_policy": "neighbor9",
    "profile": "fractional-off-template-smear",
    "strength": 6,
    "denominator": 8,
    "retained": 0,
    "passes_physical_vetoes": 0,
    "recovered": 0
  },
  {
    "mask_policy": "neighbor9",
    "profile": "fractional-off-template-smear",
    "strength": 8,
    "denominator": 8,
    "retained": 0,
    "passes_physical_vetoes": 0,
    "recovered": 0
  },
  {
    "mask_policy": "neighbor9",
    "profile": "fractional-off-template-smear",
    "strength": 12,
    "denominator": 8,
    "retained": 4,
    "passes_physical_vetoes": 4,
    "recovered": 4
  },
  {
    "mask_policy": "neighbor9",
    "profile": "fractional-off-template-smear",
    "strength": 32,
    "denominator": 8,
    "retained": 8,
    "passes_physical_vetoes": 8,
    "recovered": 8
  }
]
