{
  "stage": "LS8AV_GJ9404_TWO_VISIT_L2_SCREEN",
  "status": "COMPLETE_UNAUDITED",
  "evaluation_freeze_commit": "7d72620d9e17aa4617214c8cf0d589c37374dfb0",
  "target": "GJ 9404",
  "selected_keys": [
    "CH_PR100018_TG007301_V0300",
    "CH_PR100018_TG007302_V0300"
  ],
  "method": "unchanged pinned LS8K flux-centered DEFAULT-L2 scorer and signed clustering",
  "sideband_rows_each_side": 12,
  "guard_rows": 2,
  "durations_rows": [
    1,
    2,
    3
  ],
  "screen_threshold": 8.5,
  "visits": [
    {
      "file_key": "CH_PR100018_TG007301_V0300",
      "rows": 59,
      "status_zero_finite_rows": 59,
      "cadence_seconds": 60.0,
      "eligible_windows": 90,
      "duration_results": [
        {
          "duration_rows": 1,
          "duration_seconds": 60.0,
          "eligible_windows": 31,
          "positive_windows": 0,
          "negative_windows": 0,
          "maximum_score": 1.0641933873527807,
          "minimum_score": -3.20474743514021
        },
        {
          "duration_rows": 2,
          "duration_seconds": 120.0,
          "eligible_windows": 30,
          "positive_windows": 0,
          "negative_windows": 0,
          "maximum_score": 1.0608046477266964,
          "minimum_score": -1.9320582649834126
        },
        {
          "duration_rows": 3,
          "duration_seconds": 180.0,
          "eligible_windows": 29,
          "positive_windows": 0,
          "negative_windows": 0,
          "maximum_score": 1.2838018210270905,
          "minimum_score": -3.268263025664246
        }
      ],
      "positive_windows": 0,
      "negative_windows": 0,
      "positive_clusters": 0,
      "negative_clusters": 0,
      "maximum_score": 1.2838018210270905,
      "minimum_score": -3.268263025664246,
      "unique_event_rows": 31,
      "eligible_event_row_union_seconds": 1860.0
    },
    {
      "file_key": "CH_PR100018_TG007302_V0300",
      "rows": 86,
      "status_zero_finite_rows": 84,
      "cadence_seconds": 60.0,
      "eligible_windows": 60,
      "duration_results": [
        {
          "duration_rows": 1,
          "duration_seconds": 60.0,
          "eligible_windows": 22,
          "positive_windows": 0,
          "negative_windows": 0,
          "maximum_score": 1.9710440361985457,
          "minimum_score": -2.3913102782747573
        },
        {
          "duration_rows": 2,
          "duration_seconds": 120.0,
          "eligible_windows": 20,
          "positive_windows": 0,
          "negative_windows": 0,
          "maximum_score": 1.9133659050391756,
          "minimum_score": -1.6304529737066245
        },
        {
          "duration_rows": 3,
          "duration_seconds": 180.0,
          "eligible_windows": 18,
          "positive_windows": 0,
          "negative_windows": 0,
          "maximum_score": 1.9270081825570333,
          "minimum_score": -1.1939294625007713
        }
      ],
      "positive_windows": 0,
      "negative_windows": 0,
      "positive_clusters": 0,
      "negative_clusters": 0,
      "maximum_score": 1.9710440361985457,
      "minimum_score": -2.3913102782747573,
      "unique_event_rows": 22,
      "eligible_event_row_union_seconds": 1320.0
    }
  ],
  "totals": {
    "rows": 145,
    "eligible_windows": 150,
    "positive_windows": 0,
    "negative_windows": 0,
    "positive_clusters": 0,
    "negative_clusters": 0,
    "science_table_bytes": 20010
  },
  "other_apertures_opened": false,
  "image_bytes_acquired": 0,
  "raw_imagettes_opened": false,
  "detector_qualified": false,
  "candidate_claims": 0,
  "interpretation": "Independent rank-18 two-visit L2 screen; signed endpoints are not Gaussian significances."
}
