epoch1_on: eight native caches and all cropped baseline scores exact
epoch2_on: eight native caches and all cropped baseline scores exact
epoch3_on: eight native caches and all cropped baseline scores exact
M43R threshold 10 and native anchors restored exactly; no repeated null calculation
truth 0 ideal-native-bin strength 2: retained=False physical=False recovered=False; 5.6s
truth 0 ideal-native-bin strength 4: retained=False physical=False recovered=False; 5.6s
truth 0 ideal-native-bin strength 6: retained=False physical=False recovered=False; 5.3s
truth 0 ideal-native-bin strength 8: retained=True physical=True recovered=True; 5.4s
truth 0 ideal-native-bin strength 12: retained=True physical=True recovered=True; 5.6s
truth 0 ideal-native-bin strength 32: retained=True physical=True recovered=True; 5.7s
truth 1 fractional-off-template-smear strength 2: retained=False physical=False recovered=False; 5.2s
truth 1 fractional-off-template-smear strength 4: retained=False physical=False recovered=False; 5.4s
truth 1 fractional-off-template-smear strength 6: retained=False physical=False recovered=False; 5.2s
truth 1 fractional-off-template-smear strength 8: retained=False physical=False recovered=False; 5.8s
truth 1 fractional-off-template-smear strength 12: retained=False physical=False recovered=False; 5.2s
truth 1 fractional-off-template-smear strength 32: retained=False physical=False recovered=False; 5.2s
truth 2 ideal-native-bin strength 2: retained=False physical=False recovered=False; 5.3s
truth 2 ideal-native-bin strength 4: retained=False physical=False recovered=False; 5.3s
truth 2 ideal-native-bin strength 6: retained=False physical=False recovered=False; 5.2s
truth 2 ideal-native-bin strength 8: retained=True physical=True recovered=True; 5.1s
truth 2 ideal-native-bin strength 12: retained=True physical=True recovered=True; 5.3s
truth 2 ideal-native-bin strength 32: retained=True physical=True recovered=True; 5.6s
truth 3 fractional-off-template-smear strength 2: retained=False physical=False recovered=False; 5.0s
truth 3 fractional-off-template-smear strength 4: retained=False physical=False recovered=False; 5.0s
truth 3 fractional-off-template-smear strength 6: retained=False physical=False recovered=False; 5.0s
truth 3 fractional-off-template-smear strength 8: retained=False physical=False recovered=False; 5.6s
truth 3 fractional-off-template-smear strength 12: retained=False physical=False recovered=False; 5.9s
truth 3 fractional-off-template-smear strength 32: retained=True physical=True recovered=True; 5.7s
truth 4 ideal-native-bin strength 2: retained=False physical=False recovered=False; 5.9s
truth 4 ideal-native-bin strength 4: retained=False physical=False recovered=False; 5.4s
truth 4 ideal-native-bin strength 6: retained=False physical=False recovered=False; 6.1s
truth 4 ideal-native-bin strength 8: retained=True physical=True recovered=True; 5.4s
truth 4 ideal-native-bin strength 12: retained=True physical=True recovered=True; 4.9s
truth 4 ideal-native-bin strength 32: retained=True physical=True recovered=True; 5.6s
truth 5 fractional-off-template-smear strength 2: retained=False physical=False recovered=False; 5.0s
truth 5 fractional-off-template-smear strength 4: retained=False physical=False recovered=False; 5.4s
truth 5 fractional-off-template-smear strength 6: retained=False physical=False recovered=False; 5.2s
truth 5 fractional-off-template-smear strength 8: retained=False physical=False recovered=False; 4.7s
truth 5 fractional-off-template-smear strength 12: retained=False physical=False recovered=False; 4.9s
truth 5 fractional-off-template-smear strength 32: retained=False physical=False recovered=False; 4.9s
truth 6 ideal-native-bin strength 2: retained=False physical=False recovered=False; 5.2s
truth 6 ideal-native-bin strength 4: retained=False physical=False recovered=False; 5.5s
truth 6 ideal-native-bin strength 6: retained=True physical=True recovered=True; 5.9s
truth 6 ideal-native-bin strength 8: retained=True physical=True recovered=True; 6.1s
truth 6 ideal-native-bin strength 12: retained=True physical=True recovered=True; 5.7s
truth 6 ideal-native-bin strength 32: retained=True physical=True recovered=True; 5.7s
truth 7 fractional-off-template-smear strength 2: retained=False physical=False recovered=False; 5.3s
truth 7 fractional-off-template-smear strength 4: retained=False physical=False recovered=False; 5.5s
truth 7 fractional-off-template-smear strength 6: retained=False physical=False recovered=False; 5.1s
truth 7 fractional-off-template-smear strength 8: retained=False physical=False recovered=False; 5.4s
truth 7 fractional-off-template-smear strength 12: retained=True physical=True recovered=True; 5.3s
truth 7 fractional-off-template-smear strength 32: retained=True physical=True recovered=True; 6.1s
truth 8 ideal-native-bin strength 2: retained=False physical=False recovered=False; 4.8s
truth 8 ideal-native-bin strength 4: retained=False physical=False recovered=False; 5.6s
truth 8 ideal-native-bin strength 6: retained=False physical=False recovered=False; 5.5s
truth 8 ideal-native-bin strength 8: retained=True physical=True recovered=True; 5.7s
truth 8 ideal-native-bin strength 12: retained=True physical=True recovered=True; 5.3s
truth 8 ideal-native-bin strength 32: retained=True physical=True recovered=True; 5.3s
truth 9 fractional-off-template-smear strength 2: retained=False physical=False recovered=False; 5.0s
truth 9 fractional-off-template-smear strength 4: retained=False physical=False recovered=False; 4.9s
truth 9 fractional-off-template-smear strength 6: retained=False physical=False recovered=False; 5.0s
truth 9 fractional-off-template-smear strength 8: retained=False physical=False recovered=False; 5.2s
truth 9 fractional-off-template-smear strength 12: retained=True physical=True recovered=True; 5.6s
truth 9 fractional-off-template-smear strength 32: retained=False physical=False recovered=False; 5.2s
truth 10 ideal-native-bin strength 2: retained=False physical=False recovered=False; 5.4s
truth 10 ideal-native-bin strength 4: retained=False physical=False recovered=False; 5.1s
truth 10 ideal-native-bin strength 6: retained=False physical=False recovered=False; 5.3s
truth 10 ideal-native-bin strength 8: retained=True physical=True recovered=True; 5.3s
truth 10 ideal-native-bin strength 12: retained=True physical=True recovered=True; 5.1s
truth 10 ideal-native-bin strength 32: retained=True physical=True recovered=True; 5.3s
truth 11 fractional-off-template-smear strength 2: retained=False physical=False recovered=False; 5.2s
truth 11 fractional-off-template-smear strength 4: retained=False physical=False recovered=False; 5.0s
truth 11 fractional-off-template-smear strength 6: retained=False physical=False recovered=False; 5.2s
truth 11 fractional-off-template-smear strength 8: retained=False physical=False recovered=False; 5.1s
truth 11 fractional-off-template-smear strength 12: retained=False physical=False recovered=False; 5.1s
truth 11 fractional-off-template-smear strength 32: retained=True physical=True recovered=True; 5.3s
truth 12 ideal-native-bin strength 2: retained=False physical=False recovered=False; 5.0s
truth 12 ideal-native-bin strength 4: retained=False physical=False recovered=False; 5.6s
truth 12 ideal-native-bin strength 6: retained=False physical=False recovered=False; 5.2s
truth 12 ideal-native-bin strength 8: retained=True physical=True recovered=True; 4.9s
truth 12 ideal-native-bin strength 12: retained=True physical=True recovered=True; 5.0s
truth 12 ideal-native-bin strength 32: retained=True physical=True recovered=True; 5.1s
truth 13 fractional-off-template-smear strength 2: retained=False physical=False recovered=False; 4.8s
truth 13 fractional-off-template-smear strength 4: retained=False physical=False recovered=False; 4.7s
truth 13 fractional-off-template-smear strength 6: retained=False physical=False recovered=False; 5.5s
truth 13 fractional-off-template-smear strength 8: retained=False physical=False recovered=False; 5.5s
truth 13 fractional-off-template-smear strength 12: retained=True physical=True recovered=True; 5.3s
truth 13 fractional-off-template-smear strength 32: retained=False physical=False recovered=False; 5.6s
truth 14 ideal-native-bin strength 2: retained=False physical=False recovered=False; 5.4s
truth 14 ideal-native-bin strength 4: retained=False physical=False recovered=False; 6.0s
truth 14 ideal-native-bin strength 6: retained=False physical=False recovered=False; 5.6s
truth 14 ideal-native-bin strength 8: retained=True physical=True recovered=True; 5.9s
truth 14 ideal-native-bin strength 12: retained=True physical=True recovered=True; 5.2s
truth 14 ideal-native-bin strength 32: retained=True physical=True recovered=True; 5.5s
truth 15 fractional-off-template-smear strength 2: retained=False physical=False recovered=False; 5.0s
truth 15 fractional-off-template-smear strength 4: retained=False physical=False recovered=False; 4.9s
truth 15 fractional-off-template-smear strength 6: retained=False physical=False recovered=False; 5.5s
truth 15 fractional-off-template-smear strength 8: retained=False physical=False recovered=False; 5.6s
truth 15 fractional-off-template-smear strength 12: retained=True physical=True recovered=True; 5.3s
truth 15 fractional-off-template-smear strength 32: retained=True physical=True recovered=True; 5.5s
[
  {
    "profile": "ideal-native-bin",
    "nominal_total_epoch_strength": 0,
    "denominator": 8,
    "retained": 0,
    "passes_physical_vetoes": 0,
    "recovered": 0
  },
  {
    "profile": "ideal-native-bin",
    "nominal_total_epoch_strength": 2,
    "denominator": 8,
    "retained": 0,
    "passes_physical_vetoes": 0,
    "recovered": 0
  },
  {
    "profile": "ideal-native-bin",
    "nominal_total_epoch_strength": 4,
    "denominator": 8,
    "retained": 0,
    "passes_physical_vetoes": 0,
    "recovered": 0
  },
  {
    "profile": "ideal-native-bin",
    "nominal_total_epoch_strength": 6,
    "denominator": 8,
    "retained": 1,
    "passes_physical_vetoes": 1,
    "recovered": 1
  },
  {
    "profile": "ideal-native-bin",
    "nominal_total_epoch_strength": 8,
    "denominator": 8,
    "retained": 8,
    "passes_physical_vetoes": 8,
    "recovered": 8
  },
  {
    "profile": "ideal-native-bin",
    "nominal_total_epoch_strength": 12,
    "denominator": 8,
    "retained": 8,
    "passes_physical_vetoes": 8,
    "recovered": 8
  },
  {
    "profile": "ideal-native-bin",
    "nominal_total_epoch_strength": 32,
    "denominator": 8,
    "retained": 8,
    "passes_physical_vetoes": 8,
    "recovered": 8
  },
  {
    "profile": "fractional-off-template-smear",
    "nominal_total_epoch_strength": 0,
    "denominator": 8,
    "retained": 0,
    "passes_physical_vetoes": 0,
    "recovered": 0
  },
  {
    "profile": "fractional-off-template-smear",
    "nominal_total_epoch_strength": 2,
    "denominator": 8,
    "retained": 0,
    "passes_physical_vetoes": 0,
    "recovered": 0
  },
  {
    "profile": "fractional-off-template-smear",
    "nominal_total_epoch_strength": 4,
    "denominator": 8,
    "retained": 0,
    "passes_physical_vetoes": 0,
    "recovered": 0
  },
  {
    "profile": "fractional-off-template-smear",
    "nominal_total_epoch_strength": 6,
    "denominator": 8,
    "retained": 0,
    "passes_physical_vetoes": 0,
    "recovered": 0
  },
  {
    "profile": "fractional-off-template-smear",
    "nominal_total_epoch_strength": 8,
    "denominator": 8,
    "retained": 0,
    "passes_physical_vetoes": 0,
    "recovered": 0
  },
  {
    "profile": "fractional-off-template-smear",
    "nominal_total_epoch_strength": 12,
    "denominator": 8,
    "retained": 4,
    "passes_physical_vetoes": 4,
    "recovered": 4
  },
  {
    "profile": "fractional-off-template-smear",
    "nominal_total_epoch_strength": 32,
    "denominator": 8,
    "retained": 4,
    "passes_physical_vetoes": 4,
    "recovered": 4
  }
]
