{"name": "representation01", "storage_status": "PASS_ALL_22_VIEWS_EXACT", "source_physical_status_still_failed": true, "checkpoints": 22, "stored_bytes": 15387081, "charged_case_bytes": 17391433, "orphan_paths": [], "status": "failed", "latest_checkpoint_sha256": "6e78d96f308cb349a790cd4e45587570ed589fa71b6726bb2bbd1758c83252e2", "execution_restart_authorized": false, "scientific_admission_authorized": false, "footer_bytes": 644, "virtual_snapshot_bytes": 260277157, "storage_seconds": 12.502814968996972, "restore_audit_seconds": 20.019321466999827, "total_seconds": 32.522139600994706, "reservation_sha256": "1921b318fb61100168df7f4c9d20dc81f5df4d01afada37f94a2e7e6564c2588"}
{"name": "capacity01", "storage_status": "PASS_EXPECTED_CAPACITY_REFUSAL", "checkpoints": 1, "stored_bytes": 8958817, "charged_case_bytes": 10963169, "orphan_paths": [], "status": "failed", "latest_checkpoint_sha256": "2ba0d27c8bb75799d9b175d328acca3b7b511d9c797dde0d3322c1d31ab9efce", "execution_restart_authorized": false, "scientific_admission_authorized": false, "footer_bytes": 838, "full_snapshot_archived_in_this_store": false, "refused_snapshot_available_in_original_public_archive": true, "total_seconds": 1.7476179160003085, "reservation_sha256": "1fac1b52f594c4c235891d84b5c40454c7eee9fc0d29ec498ab4f9ad943e8786"}
{
  "schema": "radio-physical-evidence-qualification-result-v1",
  "status": "CLOSED_STORAGE_QUALIFICATION_PASS",
  "fixtures": [
    {
      "name": "representation01",
      "storage_status": "PASS_ALL_22_VIEWS_EXACT",
      "source_physical_status_still_failed": true,
      "checkpoints": 22,
      "stored_bytes": 15387081,
      "charged_case_bytes": 17391433,
      "orphan_paths": [],
      "status": "failed",
      "latest_checkpoint_sha256": "6e78d96f308cb349a790cd4e45587570ed589fa71b6726bb2bbd1758c83252e2",
      "execution_restart_authorized": false,
      "scientific_admission_authorized": false,
      "footer_bytes": 644,
      "virtual_snapshot_bytes": 260277157,
      "storage_seconds": 12.502814968996972,
      "restore_audit_seconds": 20.019321466999827,
      "total_seconds": 32.522139600994706,
      "reservation_sha256": "1921b318fb61100168df7f4c9d20dc81f5df4d01afada37f94a2e7e6564c2588"
    },
    {
      "name": "capacity01",
      "storage_status": "PASS_EXPECTED_CAPACITY_REFUSAL",
      "checkpoints": 1,
      "stored_bytes": 8958817,
      "charged_case_bytes": 10963169,
      "orphan_paths": [],
      "status": "failed",
      "latest_checkpoint_sha256": "2ba0d27c8bb75799d9b175d328acca3b7b511d9c797dde0d3322c1d31ab9efce",
      "execution_restart_authorized": false,
      "scientific_admission_authorized": false,
      "footer_bytes": 838,
      "full_snapshot_archived_in_this_store": false,
      "refused_snapshot_available_in_original_public_archive": true,
      "total_seconds": 1.7476179160003085,
      "reservation_sha256": "1fac1b52f594c4c235891d84b5c40454c7eee9fc0d29ec498ab4f9ad943e8786"
    }
  ],
  "elapsed_seconds": 38.41950541299593,
  "peak_rss_bytes": 247115776,
  "new_output_bytes_before_summary": 24362765,
  "new_random_values": 0,
  "new_native_scores": 0,
  "new_physical_decisions": 0,
  "local_git_batch_invocations": 1,
  "old_experiment_disposition_changed": false,
  "scientific_127_24_activated": false,
  "remote_scientific_adapter_qualified": false,
  "complete_native_physical_run_qualified": false,
  "original_input_bytes_unchanged": true
}
