{
  "schema": "radio-physical-evidence-reader-audit-v1",
  "status": "PASS",
  "elapsed_seconds": 2.387792426998203,
  "peak_rss_bytes": 146915328,
  "fixtures": [
    {
      "name": "representation01",
      "inspect_seconds": 1.0550004999968223,
      "inspect_and_restore_seconds": 2.101765081999474,
      "restored": [
        {
          "index": 0,
          "bytes": 8953575,
          "sha256": "6ed11ea752a55311ca507394b8875e4a0b0bf6a2f2957140d25e9f0222c4f7b3"
        },
        {
          "index": 1,
          "bytes": 9193190,
          "sha256": "f5120bc78f51e879893b69b5f983085771d105fb43ae2463a8f0da3b86e40895"
        },
        {
          "index": 2,
          "bytes": 9432806,
          "sha256": "ab3cc303133acfa88e9fa76c2cc29daa06a69408dd09178ef825550ebab22306"
        },
        {
          "index": 3,
          "bytes": 9672422,
          "sha256": "6836d18ee4f4ac0e9f545993c3a2371b9b4b25ac5a1f2b160938e60eab3acf88"
        },
        {
          "index": 4,
          "bytes": 9912038,
          "sha256": "33a2695a319a1010a8be67b19fdd5cda5bb591ccd11be1b8177b3c7bba85e293"
        },
        {
          "index": 5,
          "bytes": 10151654,
          "sha256": "a8a9c7caf47d8414cd2b04f4997c0eb1d2d2578309139e2743d8b31df6ac5b71"
        },
        {
          "index": 6,
          "bytes": 10391270,
          "sha256": "e7647e5985f8a7b0680e659761630eaab761ef7c9e6ca4b0660753257595bc70"
        },
        {
          "index": 7,
          "bytes": 10630886,
          "sha256": "f5390e0a22dae241d4e989ecfd0ad9243d9966d591eae47b9e4db88c48771d6c"
        },
        {
          "index": 8,
          "bytes": 10870502,
          "sha256": "8a2e32687817b6200c61f9951a63886e942c0a689da3cda291dae5ed8f116157"
        },
        {
          "index": 9,
          "bytes": 11110118,
          "sha256": "4dc6239e11a708d2302531644079a45ce43ed6a0397cb271a3057736022b0eb9"
        },
        {
          "index": 10,
          "bytes": 11244902,
          "sha256": "746a08c3d6779923bd5497567b229763ef25ba7cd48507ffaf6c653f44b8d72e"
        },
        {
          "index": 11,
          "bytes": 11627482,
          "sha256": "4d7059e4b21644038670f8b80e61c9096856fe1b928e145550505223a8281d99"
        },
        {
          "index": 12,
          "bytes": 12017579,
          "sha256": "97cbb2600356e28a2f53cc05705df689245f18720f1f2f2093277fbb0d7192bd"
        },
        {
          "index": 13,
          "bytes": 12409781,
          "sha256": "9136c7f77bf32a167dab0ebe477d8bbf6fb49c83656679f77cb79d525dac4dc9"
        },
        {
          "index": 14,
          "bytes": 12801815,
          "sha256": "09aa2a981d1c1c277ec300ade22c10694edacccdf1753ec6127925b900f19db6"
        },
        {
          "index": 15,
          "bytes": 13193765,
          "sha256": "505e2d292eee0b3876df92f2fc9165c7df2d99d4232c16da926d4eae63d3c191"
        },
        {
          "index": 16,
          "bytes": 13589121,
          "sha256": "1bbe21352d7afd1854a4414aae5596e717d0c1de9e3512013e52b7deae6d88fe"
        },
        {
          "index": 17,
          "bytes": 13979469,
          "sha256": "04d9da52839a9f032764f09e53dac493009e4a5dfaeef54a19ee41718f274996"
        },
        {
          "index": 18,
          "bytes": 14373850,
          "sha256": "2a6317f78f155f1f92dbb4be5f472a217017f6376350198edb8ef9dc2a6cc160"
        },
        {
          "index": 19,
          "bytes": 14762312,
          "sha256": "2955d73635474f60c9b3741cdf8c585b0090d6d3baa9e0cfd4ca6c107ad9ada3"
        },
        {
          "index": 20,
          "bytes": 14979266,
          "sha256": "6a29f6abece766693f7f898538d52195f86f0d67f98b1440a8cc010fbbc1193f"
        },
        {
          "index": 21,
          "bytes": 14979354,
          "sha256": "6a205b43d53f0a582d73d6d88c1501a0d4d8cd992a974dc8ff6328d300296dfd"
        }
      ],
      "checkpoints": 22,
      "stored_bytes": 15387081,
      "charged_case_bytes": 17391433,
      "orphan_paths": [],
      "status": "failed",
      "latest_checkpoint_sha256": "6e78d96f308cb349a790cd4e45587570ed589fa71b6726bb2bbd1758c83252e2",
      "execution_restart_authorized": false,
      "scientific_admission_authorized": false
    },
    {
      "name": "capacity01",
      "inspect_seconds": 0.19949629899929278,
      "inspect_and_restore_seconds": 0.22906270399835194,
      "restored": [
        {
          "index": 0,
          "bytes": 8953575,
          "sha256": "6ed11ea752a55311ca507394b8875e4a0b0bf6a2f2957140d25e9f0222c4f7b3"
        }
      ],
      "checkpoints": 1,
      "stored_bytes": 8958817,
      "charged_case_bytes": 10963169,
      "orphan_paths": [],
      "status": "failed",
      "latest_checkpoint_sha256": "2ba0d27c8bb75799d9b175d328acca3b7b511d9c797dde0d3322c1d31ab9efce",
      "execution_restart_authorized": false,
      "scientific_admission_authorized": false
    }
  ],
  "closed_qualification_files_unchanged": true,
  "new_random_values": 0,
  "new_native_scores": 0,
  "new_physical_decisions": 0,
  "new_storage_fixture_executions": 0,
  "timing_is_descriptive_not_a_controlled_benchmark": true
}
