Waiting for six verified historical source restorations
All six source receipts and 96 anchor arrays verified; starting public freeze ac2337057670b40438bcbc3ff4c59ec2ed47626b
epoch1_on: eight native caches and all cropped baseline scores exact
epoch2_on: eight native caches and all cropped baseline scores exact
epoch3_on: eight native caches and all cropped baseline scores exact
Original arrays and native gathers exact; unchanged W/X arithmetic anchors reused
Shared threshold sealed: 10.0
Heldout {"count": 128, "maximum": 8.331631660461426, "threshold": 10.0, "at_or_above_threshold": 0}
1/352 combined-unequal S=24.0: {'neighbor9': (True, 7), 'off_window': (True, 7), 'remaining_aggregate': (True, 2), 'combined': (True, 2)}
2/352 mixed-unequal S=24.0: {'neighbor9': (False, 270), 'off_window': (False, 270), 'remaining_aggregate': (False, 14), 'combined': (False, 14)}
3/352 distributed17 S=24.0: {'neighbor9': (False, 0), 'off_window': (False, 0), 'remaining_aggregate': (False, 0), 'combined': (False, 0)}
4/352 distributed17-near-OFF S=24.0: {'neighbor9': (False, 0), 'off_window': (False, 0), 'remaining_aggregate': (False, 0), 'combined': (False, 0)}
5/352 distributed17-far-OFF S=24.0: {'neighbor9': (False, 0), 'off_window': (False, 0), 'remaining_aggregate': (False, 0), 'combined': (False, 0)}
6/352 combined-near-OFF S=24.0: {'neighbor9': (False, 0), 'off_window': (False, 0), 'remaining_aggregate': (False, 0), 'combined': (False, 0)}
7/352 interferer-only S=24.0: {'neighbor9': (False, 111), 'off_window': (False, 111), 'remaining_aggregate': (False, 12), 'combined': (False, 12)}
8/352 supported-spike S=24.0: {'neighbor9': (False, 0), 'off_window': (False, 0), 'remaining_aggregate': (False, 0), 'combined': (False, 0)}
9/352 ON-OFF S=24.0: {'neighbor9': (False, 0), 'off_window': (False, 0), 'remaining_aggregate': (False, 0), 'combined': (False, 0)}
10/352 OFF-only S=24.0: {'neighbor9': (False, 0), 'off_window': (False, 0), 'remaining_aggregate': (False, 0), 'combined': (False, 0)}
11/352 combined-unequal S=48.0: {'neighbor9': (True, 63), 'off_window': (True, 63), 'remaining_aggregate': (True, 19), 'combined': (True, 19)}
12/352 mixed-unequal S=48.0: {'neighbor9': (True, 393), 'off_window': (True, 393), 'remaining_aggregate': (True, 22), 'combined': (True, 22)}
13/352 distributed17 S=48.0: {'neighbor9': (True, 4), 'off_window': (True, 4), 'remaining_aggregate': (True, 4), 'combined': (True, 4)}
14/352 distributed17-near-OFF S=48.0: {'neighbor9': (False, 0), 'off_window': (False, 0), 'remaining_aggregate': (False, 0), 'combined': (False, 0)}
15/352 distributed17-far-OFF S=48.0: {'neighbor9': (True, 4), 'off_window': (True, 4), 'remaining_aggregate': (True, 4), 'combined': (True, 4)}
16/352 combined-near-OFF S=48.0: {'neighbor9': (False, 0), 'off_window': (False, 0), 'remaining_aggregate': (False, 0), 'combined': (False, 0)}
17/352 interferer-only S=48.0: {'neighbor9': (False, 116), 'off_window': (False, 116), 'remaining_aggregate': (False, 3), 'combined': (False, 3)}
18/352 supported-spike S=48.0: {'neighbor9': (False, 0), 'off_window': (False, 0), 'remaining_aggregate': (False, 0), 'combined': (False, 0)}
19/352 ON-OFF S=48.0: {'neighbor9': (False, 0), 'off_window': (False, 0), 'remaining_aggregate': (False, 0), 'combined': (False, 0)}
20/352 OFF-only S=48.0: {'neighbor9': (False, 0), 'off_window': (False, 0), 'remaining_aggregate': (False, 0), 'combined': (False, 0)}
21/352 combined-unequal S=24.0: {'neighbor9': (True, 11), 'off_window': (True, 11), 'remaining_aggregate': (True, 7), 'combined': (True, 7)}
22/352 mixed-unequal S=24.0: {'neighbor9': (True, 30), 'off_window': (True, 30), 'remaining_aggregate': (True, 7), 'combined': (True, 7)}
23/352 distributed17 S=24.0: {'neighbor9': (False, 0), 'off_window': (False, 0), 'remaining_aggregate': (False, 0), 'combined': (False, 0)}
24/352 distributed17-near-OFF S=24.0: {'neighbor9': (False, 0), 'off_window': (False, 0), 'remaining_aggregate': (False, 0), 'combined': (False, 0)}
25/352 distributed17-far-OFF S=24.0: {'neighbor9': (False, 0), 'off_window': (False, 0), 'remaining_aggregate': (False, 0), 'combined': (False, 0)}
26/352 combined-near-OFF S=24.0: {'neighbor9': (True, 11), 'off_window': (True, 11), 'remaining_aggregate': (True, 7), 'combined': (True, 7)}
27/352 interferer-only S=24.0: {'neighbor9': (False, 0), 'off_window': (False, 0), 'remaining_aggregate': (False, 0), 'combined': (False, 0)}
28/352 supported-spike S=24.0: {'neighbor9': (False, 0), 'off_window': (False, 0), 'remaining_aggregate': (False, 0), 'combined': (False, 0)}
29/352 ON-OFF S=24.0: {'neighbor9': (False, 0), 'off_window': (False, 0), 'remaining_aggregate': (False, 0), 'combined': (False, 0)}
30/352 OFF-only S=24.0: {'neighbor9': (False, 0), 'off_window': (False, 0), 'remaining_aggregate': (False, 0), 'combined': (False, 0)}
31/352 combined-unequal S=48.0: {'neighbor9': (True, 54), 'off_window': (True, 54), 'remaining_aggregate': (True, 33), 'combined': (True, 33)}
32/352 mixed-unequal S=48.0: {'neighbor9': (True, 77), 'off_window': (True, 77), 'remaining_aggregate': (True, 33), 'combined': (True, 33)}
33/352 distributed17 S=48.0: {'neighbor9': (True, 170), 'off_window': (True, 170), 'remaining_aggregate': (True, 170), 'combined': (True, 170)}
34/352 distributed17-near-OFF S=48.0: {'neighbor9': (False, 0), 'off_window': (False, 0), 'remaining_aggregate': (False, 0), 'combined': (False, 0)}
35/352 distributed17-far-OFF S=48.0: {'neighbor9': (True, 160), 'off_window': (True, 131), 'remaining_aggregate': (True, 160), 'combined': (True, 131)}
36/352 combined-near-OFF S=48.0: {'neighbor9': (True, 45), 'off_window': (True, 45), 'remaining_aggregate': (True, 32), 'combined': (True, 32)}
37/352 interferer-only S=48.0: {'neighbor9': (False, 0), 'off_window': (False, 0), 'remaining_aggregate': (False, 0), 'combined': (False, 0)}
38/352 supported-spike S=48.0: {'neighbor9': (False, 0), 'off_window': (False, 0), 'remaining_aggregate': (False, 0), 'combined': (False, 0)}
39/352 ON-OFF S=48.0: {'neighbor9': (False, 6), 'off_window': (False, 0), 'remaining_aggregate': (False, 6), 'combined': (False, 0)}
40/352 OFF-only S=48.0: {'neighbor9': (False, 0), 'off_window': (False, 0), 'remaining_aggregate': (False, 0), 'combined': (False, 0)}
41/352 combined-unequal S=24.0: {'neighbor9': (True, 11), 'off_window': (True, 11), 'remaining_aggregate': (True, 9), 'combined': (True, 9)}
42/352 mixed-unequal S=24.0: {'neighbor9': (False, 230), 'off_window': (False, 230), 'remaining_aggregate': (False, 14), 'combined': (False, 14)}
43/352 distributed17 S=24.0: {'neighbor9': (True, 2), 'off_window': (True, 2), 'remaining_aggregate': (True, 2), 'combined': (True, 2)}
44/352 distributed17-near-OFF S=24.0: {'neighbor9': (False, 0), 'off_window': (False, 0), 'remaining_aggregate': (False, 0), 'combined': (False, 0)}
45/352 distributed17-far-OFF S=24.0: {'neighbor9': (True, 2), 'off_window': (True, 2), 'remaining_aggregate': (True, 2), 'combined': (True, 2)}
46/352 combined-near-OFF S=24.0: {'neighbor9': (False, 0), 'off_window': (False, 0), 'remaining_aggregate': (False, 0), 'combined': (False, 0)}
47/352 interferer-only S=24.0: {'neighbor9': (False, 111), 'off_window': (False, 111), 'remaining_aggregate': (False, 12), 'combined': (False, 12)}
48/352 supported-spike S=24.0: {'neighbor9': (False, 0), 'off_window': (False, 0), 'remaining_aggregate': (False, 0), 'combined': (False, 0)}
49/352 ON-OFF S=24.0: {'neighbor9': (False, 0), 'off_window': (False, 0), 'remaining_aggregate': (False, 0), 'combined': (False, 0)}
50/352 OFF-only S=24.0: {'neighbor9': (False, 0), 'off_window': (False, 0), 'remaining_aggregate': (False, 0), 'combined': (False, 0)}
51/352 combined-unequal S=48.0: {'neighbor9': (True, 64), 'off_window': (True, 64), 'remaining_aggregate': (True, 28), 'combined': (True, 28)}
52/352 mixed-unequal S=48.0: {'neighbor9': (True, 212), 'off_window': (True, 212), 'remaining_aggregate': (True, 9), 'combined': (True, 9)}
53/352 distributed17 S=48.0: {'neighbor9': (True, 104), 'off_window': (True, 104), 'remaining_aggregate': (True, 94), 'combined': (True, 94)}
54/352 distributed17-near-OFF S=48.0: {'neighbor9': (False, 0), 'off_window': (False, 0), 'remaining_aggregate': (False, 0), 'combined': (False, 0)}
55/352 distributed17-far-OFF S=48.0: {'neighbor9': (True, 103), 'off_window': (True, 103), 'remaining_aggregate': (True, 93), 'combined': (True, 93)}
56/352 combined-near-OFF S=48.0: {'neighbor9': (False, 0), 'off_window': (False, 0), 'remaining_aggregate': (False, 0), 'combined': (False, 0)}
57/352 interferer-only S=48.0: {'neighbor9': (False, 116), 'off_window': (False, 116), 'remaining_aggregate': (False, 3), 'combined': (False, 3)}
58/352 supported-spike S=48.0: {'neighbor9': (False, 0), 'off_window': (False, 0), 'remaining_aggregate': (False, 0), 'combined': (False, 0)}
59/352 ON-OFF S=48.0: {'neighbor9': (False, 0), 'off_window': (False, 0), 'remaining_aggregate': (False, 0), 'combined': (False, 0)}
60/352 OFF-only S=48.0: {'neighbor9': (False, 0), 'off_window': (False, 0), 'remaining_aggregate': (False, 0), 'combined': (False, 0)}
61/352 combined-unequal S=24.0: {'neighbor9': (True, 11), 'off_window': (True, 11), 'remaining_aggregate': (True, 6), 'combined': (True, 6)}
62/352 mixed-unequal S=24.0: {'neighbor9': (True, 149), 'off_window': (True, 149), 'remaining_aggregate': (True, 6), 'combined': (True, 6)}
63/352 distributed17 S=24.0: {'neighbor9': (False, 0), 'off_window': (False, 0), 'remaining_aggregate': (False, 0), 'combined': (False, 0)}
64/352 distributed17-near-OFF S=24.0: {'neighbor9': (False, 0), 'off_window': (False, 0), 'remaining_aggregate': (False, 0), 'combined': (False, 0)}
65/352 distributed17-far-OFF S=24.0: {'neighbor9': (False, 0), 'off_window': (False, 0), 'remaining_aggregate': (False, 0), 'combined': (False, 0)}
66/352 combined-near-OFF S=24.0: {'neighbor9': (False, 0), 'off_window': (False, 0), 'remaining_aggregate': (False, 0), 'combined': (False, 0)}
67/352 interferer-only S=24.0: {'neighbor9': (False, 56), 'off_window': (False, 56), 'remaining_aggregate': (False, 0), 'combined': (False, 0)}
68/352 supported-spike S=24.0: {'neighbor9': (False, 0), 'off_window': (False, 0), 'remaining_aggregate': (False, 0), 'combined': (False, 0)}
69/352 ON-OFF S=24.0: {'neighbor9': (False, 0), 'off_window': (False, 0), 'remaining_aggregate': (False, 0), 'combined': (False, 0)}
70/352 OFF-only S=24.0: {'neighbor9': (False, 0), 'off_window': (False, 0), 'remaining_aggregate': (False, 0), 'combined': (False, 0)}
71/352 combined-unequal S=48.0: {'neighbor9': (True, 65), 'off_window': (True, 65), 'remaining_aggregate': (True, 46), 'combined': (True, 46)}
72/352 mixed-unequal S=48.0: {'neighbor9': (True, 240), 'off_window': (True, 240), 'remaining_aggregate': (True, 77), 'combined': (True, 77)}
