Waiting for six verified historical source restorations
All six source receipts and 96 anchor arrays verified; starting public freeze ac2337057670b40438bcbc3ff4c59ec2ed47626b
epoch1_on: eight native caches and all cropped baseline scores exact
epoch2_on: eight native caches and all cropped baseline scores exact
epoch3_on: eight native caches and all cropped baseline scores exact
Original arrays and native gathers exact; unchanged W/X arithmetic anchors reused
Shared threshold sealed: 10.0
Heldout {"count": 128, "maximum": 8.331631660461426, "threshold": 10.0, "at_or_above_threshold": 0}
1/352 combined-unequal S=24.0: {'neighbor9': (True, 7), 'off_window': (True, 7), 'remaining_aggregate': (True, 2), 'combined': (True, 2)}
2/352 mixed-unequal S=24.0: {'neighbor9': (False, 270), 'off_window': (False, 270), 'remaining_aggregate': (False, 14), 'combined': (False, 14)}
3/352 distributed17 S=24.0: {'neighbor9': (False, 0), 'off_window': (False, 0), 'remaining_aggregate': (False, 0), 'combined': (False, 0)}
4/352 distributed17-near-OFF S=24.0: {'neighbor9': (False, 0), 'off_window': (False, 0), 'remaining_aggregate': (False, 0), 'combined': (False, 0)}
5/352 distributed17-far-OFF S=24.0: {'neighbor9': (False, 0), 'off_window': (False, 0), 'remaining_aggregate': (False, 0), 'combined': (False, 0)}
6/352 combined-near-OFF S=24.0: {'neighbor9': (False, 0), 'off_window': (False, 0), 'remaining_aggregate': (False, 0), 'combined': (False, 0)}
7/352 interferer-only S=24.0: {'neighbor9': (False, 111), 'off_window': (False, 111), 'remaining_aggregate': (False, 12), 'combined': (False, 12)}
8/352 supported-spike S=24.0: {'neighbor9': (False, 0), 'off_window': (False, 0), 'remaining_aggregate': (False, 0), 'combined': (False, 0)}
9/352 ON-OFF S=24.0: {'neighbor9': (False, 0), 'off_window': (False, 0), 'remaining_aggregate': (False, 0), 'combined': (False, 0)}
10/352 OFF-only S=24.0: {'neighbor9': (False, 0), 'off_window': (False, 0), 'remaining_aggregate': (False, 0), 'combined': (False, 0)}
11/352 combined-unequal S=48.0: {'neighbor9': (True, 63), 'off_window': (True, 63), 'remaining_aggregate': (True, 19), 'combined': (True, 19)}
12/352 mixed-unequal S=48.0: {'neighbor9': (True, 393), 'off_window': (True, 393), 'remaining_aggregate': (True, 22), 'combined': (True, 22)}
13/352 distributed17 S=48.0: {'neighbor9': (True, 4), 'off_window': (True, 4), 'remaining_aggregate': (True, 4), 'combined': (True, 4)}
14/352 distributed17-near-OFF S=48.0: {'neighbor9': (False, 0), 'off_window': (False, 0), 'remaining_aggregate': (False, 0), 'combined': (False, 0)}
15/352 distributed17-far-OFF S=48.0: {'neighbor9': (True, 4), 'off_window': (True, 4), 'remaining_aggregate': (True, 4), 'combined': (True, 4)}
16/352 combined-near-OFF S=48.0: {'neighbor9': (False, 0), 'off_window': (False, 0), 'remaining_aggregate': (False, 0), 'combined': (False, 0)}
17/352 interferer-only S=48.0: {'neighbor9': (False, 116), 'off_window': (False, 116), 'remaining_aggregate': (False, 3), 'combined': (False, 3)}
18/352 supported-spike S=48.0: {'neighbor9': (False, 0), 'off_window': (False, 0), 'remaining_aggregate': (False, 0), 'combined': (False, 0)}
19/352 ON-OFF S=48.0: {'neighbor9': (False, 0), 'off_window': (False, 0), 'remaining_aggregate': (False, 0), 'combined': (False, 0)}
20/352 OFF-only S=48.0: {'neighbor9': (False, 0), 'off_window': (False, 0), 'remaining_aggregate': (False, 0), 'combined': (False, 0)}
21/352 combined-unequal S=24.0: {'neighbor9': (True, 11), 'off_window': (True, 11), 'remaining_aggregate': (True, 7), 'combined': (True, 7)}
22/352 mixed-unequal S=24.0: {'neighbor9': (True, 30), 'off_window': (True, 30), 'remaining_aggregate': (True, 7), 'combined': (True, 7)}
23/352 distributed17 S=24.0: {'neighbor9': (False, 0), 'off_window': (False, 0), 'remaining_aggregate': (False, 0), 'combined': (False, 0)}
24/352 distributed17-near-OFF S=24.0: {'neighbor9': (False, 0), 'off_window': (False, 0), 'remaining_aggregate': (False, 0), 'combined': (False, 0)}
25/352 distributed17-far-OFF S=24.0: {'neighbor9': (False, 0), 'off_window': (False, 0), 'remaining_aggregate': (False, 0), 'combined': (False, 0)}
26/352 combined-near-OFF S=24.0: {'neighbor9': (True, 11), 'off_window': (True, 11), 'remaining_aggregate': (True, 7), 'combined': (True, 7)}
27/352 interferer-only S=24.0: {'neighbor9': (False, 0), 'off_window': (False, 0), 'remaining_aggregate': (False, 0), 'combined': (False, 0)}
28/352 supported-spike S=24.0: {'neighbor9': (False, 0), 'off_window': (False, 0), 'remaining_aggregate': (False, 0), 'combined': (False, 0)}
29/352 ON-OFF S=24.0: {'neighbor9': (False, 0), 'off_window': (False, 0), 'remaining_aggregate': (False, 0), 'combined': (False, 0)}
30/352 OFF-only S=24.0: {'neighbor9': (False, 0), 'off_window': (False, 0), 'remaining_aggregate': (False, 0), 'combined': (False, 0)}
31/352 combined-unequal S=48.0: {'neighbor9': (True, 54), 'off_window': (True, 54), 'remaining_aggregate': (True, 33), 'combined': (True, 33)}
32/352 mixed-unequal S=48.0: {'neighbor9': (True, 77), 'off_window': (True, 77), 'remaining_aggregate': (True, 33), 'combined': (True, 33)}
33/352 distributed17 S=48.0: {'neighbor9': (True, 170), 'off_window': (True, 170), 'remaining_aggregate': (True, 170), 'combined': (True, 170)}
34/352 distributed17-near-OFF S=48.0: {'neighbor9': (False, 0), 'off_window': (False, 0), 'remaining_aggregate': (False, 0), 'combined': (False, 0)}
35/352 distributed17-far-OFF S=48.0: {'neighbor9': (True, 160), 'off_window': (True, 131), 'remaining_aggregate': (True, 160), 'combined': (True, 131)}
36/352 combined-near-OFF S=48.0: {'neighbor9': (True, 45), 'off_window': (True, 45), 'remaining_aggregate': (True, 32), 'combined': (True, 32)}
37/352 interferer-only S=48.0: {'neighbor9': (False, 0), 'off_window': (False, 0), 'remaining_aggregate': (False, 0), 'combined': (False, 0)}
38/352 supported-spike S=48.0: {'neighbor9': (False, 0), 'off_window': (False, 0), 'remaining_aggregate': (False, 0), 'combined': (False, 0)}
39/352 ON-OFF S=48.0: {'neighbor9': (False, 6), 'off_window': (False, 0), 'remaining_aggregate': (False, 6), 'combined': (False, 0)}
40/352 OFF-only S=48.0: {'neighbor9': (False, 0), 'off_window': (False, 0), 'remaining_aggregate': (False, 0), 'combined': (False, 0)}
41/352 combined-unequal S=24.0: {'neighbor9': (True, 11), 'off_window': (True, 11), 'remaining_aggregate': (True, 9), 'combined': (True, 9)}
42/352 mixed-unequal S=24.0: {'neighbor9': (False, 230), 'off_window': (False, 230), 'remaining_aggregate': (False, 14), 'combined': (False, 14)}
43/352 distributed17 S=24.0: {'neighbor9': (True, 2), 'off_window': (True, 2), 'remaining_aggregate': (True, 2), 'combined': (True, 2)}
44/352 distributed17-near-OFF S=24.0: {'neighbor9': (False, 0), 'off_window': (False, 0), 'remaining_aggregate': (False, 0), 'combined': (False, 0)}
45/352 distributed17-far-OFF S=24.0: {'neighbor9': (True, 2), 'off_window': (True, 2), 'remaining_aggregate': (True, 2), 'combined': (True, 2)}
46/352 combined-near-OFF S=24.0: {'neighbor9': (False, 0), 'off_window': (False, 0), 'remaining_aggregate': (False, 0), 'combined': (False, 0)}
47/352 interferer-only S=24.0: {'neighbor9': (False, 111), 'off_window': (False, 111), 'remaining_aggregate': (False, 12), 'combined': (False, 12)}
48/352 supported-spike S=24.0: {'neighbor9': (False, 0), 'off_window': (False, 0), 'remaining_aggregate': (False, 0), 'combined': (False, 0)}
49/352 ON-OFF S=24.0: {'neighbor9': (False, 0), 'off_window': (False, 0), 'remaining_aggregate': (False, 0), 'combined': (False, 0)}
50/352 OFF-only S=24.0: {'neighbor9': (False, 0), 'off_window': (False, 0), 'remaining_aggregate': (False, 0), 'combined': (False, 0)}
51/352 combined-unequal S=48.0: {'neighbor9': (True, 64), 'off_window': (True, 64), 'remaining_aggregate': (True, 28), 'combined': (True, 28)}
52/352 mixed-unequal S=48.0: {'neighbor9': (True, 212), 'off_window': (True, 212), 'remaining_aggregate': (True, 9), 'combined': (True, 9)}
53/352 distributed17 S=48.0: {'neighbor9': (True, 104), 'off_window': (True, 104), 'remaining_aggregate': (True, 94), 'combined': (True, 94)}
54/352 distributed17-near-OFF S=48.0: {'neighbor9': (False, 0), 'off_window': (False, 0), 'remaining_aggregate': (False, 0), 'combined': (False, 0)}
55/352 distributed17-far-OFF S=48.0: {'neighbor9': (True, 103), 'off_window': (True, 103), 'remaining_aggregate': (True, 93), 'combined': (True, 93)}
56/352 combined-near-OFF S=48.0: {'neighbor9': (False, 0), 'off_window': (False, 0), 'remaining_aggregate': (False, 0), 'combined': (False, 0)}
57/352 interferer-only S=48.0: {'neighbor9': (False, 116), 'off_window': (False, 116), 'remaining_aggregate': (False, 3), 'combined': (False, 3)}
58/352 supported-spike S=48.0: {'neighbor9': (False, 0), 'off_window': (False, 0), 'remaining_aggregate': (False, 0), 'combined': (False, 0)}
59/352 ON-OFF S=48.0: {'neighbor9': (False, 0), 'off_window': (False, 0), 'remaining_aggregate': (False, 0), 'combined': (False, 0)}
60/352 OFF-only S=48.0: {'neighbor9': (False, 0), 'off_window': (False, 0), 'remaining_aggregate': (False, 0), 'combined': (False, 0)}
61/352 combined-unequal S=24.0: {'neighbor9': (True, 11), 'off_window': (True, 11), 'remaining_aggregate': (True, 6), 'combined': (True, 6)}
62/352 mixed-unequal S=24.0: {'neighbor9': (True, 149), 'off_window': (True, 149), 'remaining_aggregate': (True, 6), 'combined': (True, 6)}
63/352 distributed17 S=24.0: {'neighbor9': (False, 0), 'off_window': (False, 0), 'remaining_aggregate': (False, 0), 'combined': (False, 0)}
64/352 distributed17-near-OFF S=24.0: {'neighbor9': (False, 0), 'off_window': (False, 0), 'remaining_aggregate': (False, 0), 'combined': (False, 0)}
65/352 distributed17-far-OFF S=24.0: {'neighbor9': (False, 0), 'off_window': (False, 0), 'remaining_aggregate': (False, 0), 'combined': (False, 0)}
66/352 combined-near-OFF S=24.0: {'neighbor9': (False, 0), 'off_window': (False, 0), 'remaining_aggregate': (False, 0), 'combined': (False, 0)}
67/352 interferer-only S=24.0: {'neighbor9': (False, 56), 'off_window': (False, 56), 'remaining_aggregate': (False, 0), 'combined': (False, 0)}
68/352 supported-spike S=24.0: {'neighbor9': (False, 0), 'off_window': (False, 0), 'remaining_aggregate': (False, 0), 'combined': (False, 0)}
69/352 ON-OFF S=24.0: {'neighbor9': (False, 0), 'off_window': (False, 0), 'remaining_aggregate': (False, 0), 'combined': (False, 0)}
70/352 OFF-only S=24.0: {'neighbor9': (False, 0), 'off_window': (False, 0), 'remaining_aggregate': (False, 0), 'combined': (False, 0)}
71/352 combined-unequal S=48.0: {'neighbor9': (True, 65), 'off_window': (True, 65), 'remaining_aggregate': (True, 46), 'combined': (True, 46)}
72/352 mixed-unequal S=48.0: {'neighbor9': (True, 240), 'off_window': (True, 240), 'remaining_aggregate': (True, 77), 'combined': (True, 77)}
73/352 distributed17 S=48.0: {'neighbor9': (True, 156), 'off_window': (True, 156), 'remaining_aggregate': (True, 156), 'combined': (True, 156)}
74/352 distributed17-near-OFF S=48.0: {'neighbor9': (False, 0), 'off_window': (False, 0), 'remaining_aggregate': (False, 0), 'combined': (False, 0)}
75/352 distributed17-far-OFF S=48.0: {'neighbor9': (True, 155), 'off_window': (True, 146), 'remaining_aggregate': (True, 155), 'combined': (True, 146)}
76/352 combined-near-OFF S=48.0: {'neighbor9': (False, 0), 'off_window': (False, 0), 'remaining_aggregate': (False, 0), 'combined': (False, 0)}
77/352 interferer-only S=48.0: {'neighbor9': (False, 57), 'off_window': (False, 57), 'remaining_aggregate': (False, 0), 'combined': (False, 0)}
78/352 supported-spike S=48.0: {'neighbor9': (False, 0), 'off_window': (False, 0), 'remaining_aggregate': (False, 0), 'combined': (False, 0)}
79/352 ON-OFF S=48.0: {'neighbor9': (False, 14), 'off_window': (False, 0), 'remaining_aggregate': (False, 14), 'combined': (False, 0)}
80/352 OFF-only S=48.0: {'neighbor9': (False, 0), 'off_window': (False, 0), 'remaining_aggregate': (False, 0), 'combined': (False, 0)}
81/352 combined-unequal S=24.0: {'neighbor9': (True, 7), 'off_window': (True, 7), 'remaining_aggregate': (True, 6), 'combined': (True, 6)}
82/352 mixed-unequal S=24.0: {'neighbor9': (False, 132), 'off_window': (False, 132), 'remaining_aggregate': (False, 42), 'combined': (False, 42)}
83/352 distributed17 S=24.0: {'neighbor9': (False, 0), 'off_window': (False, 0), 'remaining_aggregate': (False, 0), 'combined': (False, 0)}
84/352 distributed17-near-OFF S=24.0: {'neighbor9': (False, 0), 'off_window': (False, 0), 'remaining_aggregate': (False, 0), 'combined': (False, 0)}
85/352 distributed17-far-OFF S=24.0: {'neighbor9': (False, 0), 'off_window': (False, 0), 'remaining_aggregate': (False, 0), 'combined': (False, 0)}
86/352 combined-near-OFF S=24.0: {'neighbor9': (False, 0), 'off_window': (False, 0), 'remaining_aggregate': (False, 0), 'combined': (False, 0)}
87/352 interferer-only S=24.0: {'neighbor9': (False, 0), 'off_window': (False, 0), 'remaining_aggregate': (False, 0), 'combined': (False, 0)}
88/352 supported-spike S=24.0: {'neighbor9': (False, 0), 'off_window': (False, 0), 'remaining_aggregate': (False, 0), 'combined': (False, 0)}
89/352 ON-OFF S=24.0: {'neighbor9': (False, 0), 'off_window': (False, 0), 'remaining_aggregate': (False, 0), 'combined': (False, 0)}
90/352 OFF-only S=24.0: {'neighbor9': (False, 0), 'off_window': (False, 0), 'remaining_aggregate': (False, 0), 'combined': (False, 0)}
91/352 combined-unequal S=48.0: {'neighbor9': (True, 35), 'off_window': (True, 35), 'remaining_aggregate': (True, 29), 'combined': (True, 29)}
92/352 mixed-unequal S=48.0: {'neighbor9': (True, 275), 'off_window': (True, 275), 'remaining_aggregate': (True, 33), 'combined': (True, 33)}
93/352 distributed17 S=48.0: {'neighbor9': (True, 59), 'off_window': (True, 59), 'remaining_aggregate': (True, 58), 'combined': (True, 58)}
94/352 distributed17-near-OFF S=48.0: {'neighbor9': (False, 0), 'off_window': (False, 0), 'remaining_aggregate': (False, 0), 'combined': (False, 0)}
95/352 distributed17-far-OFF S=48.0: {'neighbor9': (True, 59), 'off_window': (True, 59), 'remaining_aggregate': (True, 58), 'combined': (True, 58)}
96/352 combined-near-OFF S=48.0: {'neighbor9': (False, 0), 'off_window': (False, 0), 'remaining_aggregate': (False, 0), 'combined': (False, 0)}
97/352 interferer-only S=48.0: {'neighbor9': (False, 192), 'off_window': (False, 192), 'remaining_aggregate': (False, 19), 'combined': (False, 19)}
98/352 supported-spike S=48.0: {'neighbor9': (False, 0), 'off_window': (False, 0), 'remaining_aggregate': (False, 0), 'combined': (False, 0)}
99/352 ON-OFF S=48.0: {'neighbor9': (False, 0), 'off_window': (False, 0), 'remaining_aggregate': (False, 0), 'combined': (False, 0)}
100/352 OFF-only S=48.0: {'neighbor9': (False, 0), 'off_window': (False, 0), 'remaining_aggregate': (False, 0), 'combined': (False, 0)}
101/352 combined-unequal S=24.0: {'neighbor9': (True, 9), 'off_window': (True, 9), 'remaining_aggregate': (True, 8), 'combined': (True, 8)}
102/352 mixed-unequal S=24.0: {'neighbor9': (True, 65), 'off_window': (True, 65), 'remaining_aggregate': (True, 8), 'combined': (True, 8)}
103/352 distributed17 S=24.0: {'neighbor9': (False, 0), 'off_window': (False, 0), 'remaining_aggregate': (False, 0), 'combined': (False, 0)}
104/352 distributed17-near-OFF S=24.0: {'neighbor9': (False, 0), 'off_window': (False, 0), 'remaining_aggregate': (False, 0), 'combined': (False, 0)}
105/352 distributed17-far-OFF S=24.0: {'neighbor9': (False, 0), 'off_window': (False, 0), 'remaining_aggregate': (False, 0), 'combined': (False, 0)}
106/352 combined-near-OFF S=24.0: {'neighbor9': (True, 9), 'off_window': (True, 9), 'remaining_aggregate': (True, 8), 'combined': (True, 8)}
107/352 interferer-only S=24.0: {'neighbor9': (False, 56), 'off_window': (False, 56), 'remaining_aggregate': (False, 0), 'combined': (False, 0)}
108/352 supported-spike S=24.0: {'neighbor9': (False, 0), 'off_window': (False, 0), 'remaining_aggregate': (False, 0), 'combined': (False, 0)}
109/352 ON-OFF S=24.0: {'neighbor9': (False, 0), 'off_window': (False, 0), 'remaining_aggregate': (False, 0), 'combined': (False, 0)}
110/352 OFF-only S=24.0: {'neighbor9': (False, 0), 'off_window': (False, 0), 'remaining_aggregate': (False, 0), 'combined': (False, 0)}
111/352 combined-unequal S=48.0: {'neighbor9': (True, 66), 'off_window': (True, 66), 'remaining_aggregate': (True, 54), 'combined': (True, 54)}
112/352 mixed-unequal S=48.0: {'neighbor9': (True, 123), 'off_window': (True, 123), 'remaining_aggregate': (True, 97), 'combined': (True, 97)}
113/352 distributed17 S=48.0: {'neighbor9': (True, 188), 'off_window': (True, 188), 'remaining_aggregate': (True, 188), 'combined': (True, 188)}
114/352 distributed17-near-OFF S=48.0: {'neighbor9': (False, 0), 'off_window': (False, 0), 'remaining_aggregate': (False, 0), 'combined': (False, 0)}
115/352 distributed17-far-OFF S=48.0: {'neighbor9': (True, 181), 'off_window': (True, 130), 'remaining_aggregate': (True, 181), 'combined': (True, 130)}
116/352 combined-near-OFF S=48.0: {'neighbor9': (True, 57), 'off_window': (True, 57), 'remaining_aggregate': (True, 46), 'combined': (True, 46)}
117/352 interferer-only S=48.0: {'neighbor9': (False, 57), 'off_window': (False, 57), 'remaining_aggregate': (False, 0), 'combined': (False, 0)}
118/352 supported-spike S=48.0: {'neighbor9': (True, 6), 'off_window': (True, 6), 'remaining_aggregate': (False, 0), 'combined': (False, 0)}
119/352 ON-OFF S=48.0: {'neighbor9': (False, 0), 'off_window': (False, 0), 'remaining_aggregate': (False, 0), 'combined': (False, 0)}
120/352 OFF-only S=48.0: {'neighbor9': (False, 0), 'off_window': (False, 0), 'remaining_aggregate': (False, 0), 'combined': (False, 0)}
121/352 combined-unequal S=24.0: {'neighbor9': (True, 41), 'off_window': (True, 41), 'remaining_aggregate': (True, 36), 'combined': (True, 36)}
122/352 mixed-unequal S=24.0: {'neighbor9': (False, 285), 'off_window': (False, 285), 'remaining_aggregate': (False, 18), 'combined': (False, 18)}
123/352 distributed17 S=24.0: {'neighbor9': (True, 6), 'off_window': (True, 6), 'remaining_aggregate': (True, 6), 'combined': (True, 6)}
124/352 distributed17-near-OFF S=24.0: {'neighbor9': (False, 0), 'off_window': (False, 0), 'remaining_aggregate': (False, 0), 'combined': (False, 0)}
125/352 distributed17-far-OFF S=24.0: {'neighbor9': (True, 6), 'off_window': (True, 6), 'remaining_aggregate': (True, 6), 'combined': (True, 6)}
126/352 combined-near-OFF S=24.0: {'neighbor9': (False, 0), 'off_window': (False, 0), 'remaining_aggregate': (False, 0), 'combined': (False, 0)}
127/352 interferer-only S=24.0: {'neighbor9': (False, 111), 'off_window': (False, 111), 'remaining_aggregate': (False, 12), 'combined': (False, 12)}
128/352 supported-spike S=24.0: {'neighbor9': (False, 0), 'off_window': (False, 0), 'remaining_aggregate': (False, 0), 'combined': (False, 0)}
129/352 ON-OFF S=24.0: {'neighbor9': (False, 0), 'off_window': (False, 0), 'remaining_aggregate': (False, 0), 'combined': (False, 0)}
130/352 OFF-only S=24.0: {'neighbor9': (False, 0), 'off_window': (False, 0), 'remaining_aggregate': (False, 0), 'combined': (False, 0)}
131/352 combined-unequal S=48.0: {'neighbor9': (True, 226), 'off_window': (True, 226), 'remaining_aggregate': (True, 184), 'combined': (True, 184)}
132/352 mixed-unequal S=48.0: {'neighbor9': (True, 520), 'off_window': (True, 520), 'remaining_aggregate': (True, 148), 'combined': (True, 148)}
133/352 distributed17 S=48.0: {'neighbor9': (True, 190), 'off_window': (True, 190), 'remaining_aggregate': (True, 179), 'combined': (True, 179)}
134/352 distributed17-near-OFF S=48.0: {'neighbor9': (False, 0), 'off_window': (False, 0), 'remaining_aggregate': (False, 0), 'combined': (False, 0)}
135/352 distributed17-far-OFF S=48.0: {'neighbor9': (True, 186), 'off_window': (True, 171), 'remaining_aggregate': (True, 175), 'combined': (True, 160)}
136/352 combined-near-OFF S=48.0: {'neighbor9': (False, 0), 'off_window': (False, 0), 'remaining_aggregate': (False, 0), 'combined': (False, 0)}
137/352 interferer-only S=48.0: {'neighbor9': (False, 116), 'off_window': (False, 116), 'remaining_aggregate': (False, 3), 'combined': (False, 3)}
138/352 supported-spike S=48.0: {'neighbor9': (False, 0), 'off_window': (False, 0), 'remaining_aggregate': (False, 0), 'combined': (False, 0)}
139/352 ON-OFF S=48.0: {'neighbor9': (False, 1), 'off_window': (False, 0), 'remaining_aggregate': (False, 1), 'combined': (False, 0)}
140/352 OFF-only S=48.0: {'neighbor9': (False, 0), 'off_window': (False, 0), 'remaining_aggregate': (False, 0), 'combined': (False, 0)}
141/352 combined-unequal S=24.0: {'neighbor9': (True, 46), 'off_window': (True, 46), 'remaining_aggregate': (True, 40), 'combined': (True, 40)}
142/352 mixed-unequal S=24.0: {'neighbor9': (True, 184), 'off_window': (True, 184), 'remaining_aggregate': (True, 82), 'combined': (True, 82)}
143/352 distributed17 S=24.0: {'neighbor9': (True, 7), 'off_window': (True, 7), 'remaining_aggregate': (True, 7), 'combined': (True, 7)}
144/352 distributed17-near-OFF S=24.0: {'neighbor9': (False, 0), 'off_window': (False, 0), 'remaining_aggregate': (False, 0), 'combined': (False, 0)}
145/352 distributed17-far-OFF S=24.0: {'neighbor9': (True, 7), 'off_window': (True, 7), 'remaining_aggregate': (True, 7), 'combined': (True, 7)}
146/352 combined-near-OFF S=24.0: {'neighbor9': (False, 0), 'off_window': (False, 0), 'remaining_aggregate': (False, 0), 'combined': (False, 0)}
147/352 interferer-only S=24.0: {'neighbor9': (False, 0), 'off_window': (False, 0), 'remaining_aggregate': (False, 0), 'combined': (False, 0)}
148/352 supported-spike S=24.0: {'neighbor9': (False, 0), 'off_window': (False, 0), 'remaining_aggregate': (False, 0), 'combined': (False, 0)}
149/352 ON-OFF S=24.0: {'neighbor9': (False, 1), 'off_window': (False, 0), 'remaining_aggregate': (False, 1), 'combined': (False, 0)}
150/352 OFF-only S=24.0: {'neighbor9': (False, 0), 'off_window': (False, 0), 'remaining_aggregate': (False, 0), 'combined': (False, 0)}
151/352 combined-unequal S=48.0: {'neighbor9': (True, 408), 'off_window': (True, 408), 'remaining_aggregate': (True, 392), 'combined': (True, 392)}
152/352 mixed-unequal S=48.0: {'neighbor9': (True, 455), 'off_window': (True, 455), 'remaining_aggregate': (True, 404), 'combined': (True, 404)}
153/352 distributed17 S=48.0: {'neighbor9': (True, 719), 'off_window': (True, 719), 'remaining_aggregate': (True, 719), 'combined': (True, 719)}
154/352 distributed17-near-OFF S=48.0: {'neighbor9': (False, 5), 'off_window': (False, 0), 'remaining_aggregate': (False, 5), 'combined': (False, 0)}
155/352 distributed17-far-OFF S=48.0: {'neighbor9': (True, 663), 'off_window': (True, 526), 'remaining_aggregate': (True, 663), 'combined': (True, 526)}
156/352 combined-near-OFF S=48.0: {'neighbor9': (False, 15), 'off_window': (False, 8), 'remaining_aggregate': (False, 15), 'combined': (False, 8)}
157/352 interferer-only S=48.0: {'neighbor9': (False, 0), 'off_window': (False, 0), 'remaining_aggregate': (False, 0), 'combined': (False, 0)}
158/352 supported-spike S=48.0: {'neighbor9': (False, 0), 'off_window': (False, 0), 'remaining_aggregate': (False, 0), 'combined': (False, 0)}
159/352 ON-OFF S=48.0: {'neighbor9': (False, 24), 'off_window': (False, 0), 'remaining_aggregate': (False, 24), 'combined': (False, 0)}
160/352 OFF-only S=48.0: {'neighbor9': (False, 0), 'off_window': (False, 0), 'remaining_aggregate': (False, 0), 'combined': (False, 0)}
