epoch1_on: 16/96 segment hashes exact
epoch1_on: 32/96 segment hashes exact
epoch1_on: 48/96 segment hashes exact
epoch1_on: 64/96 segment hashes exact
epoch1_on: 80/96 segment hashes exact
epoch1_on: 96/96 segment hashes exact
epoch1_on: mirror restored in 91.2s
epoch1_on: complete original source receipt reproduced
epoch1_on: width 1, 2/16 original arrays exact
epoch1_on: width 3, 4/16 original arrays exact
epoch1_on: width 5, 6/16 original arrays exact
epoch1_on: width 9, 8/16 original arrays exact
epoch1_on: width 17, 10/16 original arrays exact
epoch1_on: width 33, 12/16 original arrays exact
epoch1_on: width 65, 14/16 original arrays exact
epoch1_on: width 129, 16/16 original arrays exact
epoch1_off: 16/96 segment hashes exact
epoch1_off: 32/96 segment hashes exact
epoch1_off: 48/96 segment hashes exact
epoch1_off: 64/96 segment hashes exact
epoch1_off: 80/96 segment hashes exact
epoch1_off: 96/96 segment hashes exact
epoch1_off: mirror restored in 97.0s
epoch1_off: complete original source receipt reproduced
epoch1_off: width 1, 2/16 original arrays exact
epoch1_off: width 3, 4/16 original arrays exact
epoch1_off: width 5, 6/16 original arrays exact
epoch1_off: width 9, 8/16 original arrays exact
epoch1_off: width 17, 10/16 original arrays exact
epoch1_off: width 33, 12/16 original arrays exact
epoch1_off: width 65, 14/16 original arrays exact
epoch1_off: width 129, 16/16 original arrays exact
