{
  "status": "PASS_FIXED_SOFTWARE_EQUIVALENCE_PROFILE",
  "measurements": [
    {
      "width": 1,
      "queries": 1024,
      "unique_queries": 256,
      "original_scalar_seconds": 12.06584768799803,
      "batch_seconds": 0.04609376600274118,
      "observed_ratio": 261.7674521817219,
      "canonical_output_bytes": 625618,
      "scalar_sha256": "5a31126fe31bc897338f6ce56fbc8f31ddec7067d0e2669b8f0b1b27e3038844",
      "batch_sha256": "5a31126fe31bc897338f6ce56fbc8f31ddec7067d0e2669b8f0b1b27e3038844",
      "cache_identity": "f67ff62d8de8bfc320e3e315b77c5bbea5d0a10121b6169fab7512a1f6426e74",
      "payload_sha256": "c43aa263190dd80b7cd339e7f9dfd9e871893faf8dfef89648dece507e553ba2",
      "encoded_bytes": 35480,
      "encoded_sha256": "31f630c99938434a0fa4c13ffa1093dd4903e03d37a3ee56c63aca6f0ee82034"
    },
    {
      "width": 129,
      "queries": 1024,
      "unique_queries": 256,
      "original_scalar_seconds": 11.79329802999564,
      "batch_seconds": 0.03763296300166985,
      "observed_ratio": 313.37681355231973,
      "canonical_output_bytes": 625158,
      "scalar_sha256": "b5da8a64a1afcb67395546a06f4b91af434406fc828ca591b7242626284d6004",
      "batch_sha256": "b5da8a64a1afcb67395546a06f4b91af434406fc828ca591b7242626284d6004",
      "cache_identity": "d74de61bc876120d3caa715b6b6ee410de735b402e12257d3ce0a996b07b19c2",
      "payload_sha256": "698a18d17dc22455d37060637208bc7be79b0d0011de844d42c521aa319d27f1",
      "encoded_bytes": 35076,
      "encoded_sha256": "be28d4f4c99823aba74679928aa1abf0e05b54c49cc293875b408ea432802c28"
    }
  ],
  "whole_seconds": 24.178080648001924,
  "peak_rss_bytes": 58425344,
  "new_random_values": 0,
  "new_telescope_reads": 0,
  "historical_experiments_reexecuted": false,
  "scientific_or_complete_native_chain_qualification": false,
  "limitation": "One scalar-first run per width; no confidence interval or whole-chain timing inference."
}
