Collecting blimpy==2.1.4 (from -r requirements_radio_reference_20261007.txt (line 1))
  Downloading blimpy-2.1.4-py3-none-any.whl.metadata (6.8 kB)
Collecting turbo_seti==2.3.2 (from -r requirements_radio_reference_20261007.txt (line 2))
  Downloading turbo_seti-2.3.2-py2.py3-none-any.whl.metadata (9.0 kB)
Collecting numpy==1.23.5 (from -r requirements_radio_reference_20261007.txt (line 3))
  Downloading numpy-1.23.5-cp310-cp310-manylinux_2_17_x86_64.manylinux2014_x86_64.whl.metadata (2.3 kB)
Collecting numba==0.57.1 (from -r requirements_radio_reference_20261007.txt (line 4))
  Downloading numba-0.57.1-cp310-cp310-manylinux2014_x86_64.manylinux_2_17_x86_64.whl.metadata (2.7 kB)
Collecting llvmlite==0.40.1 (from -r requirements_radio_reference_20261007.txt (line 5))
  Downloading llvmlite-0.40.1-cp310-cp310-manylinux_2_17_x86_64.manylinux2014_x86_64.whl.metadata (4.7 kB)
Collecting astropy==5.2.2 (from -r requirements_radio_reference_20261007.txt (line 6))
  Downloading astropy-5.2.2-cp310-cp310-manylinux_2_12_x86_64.manylinux2010_x86_64.whl.metadata (8.2 kB)
Collecting h5py==3.8.0 (from -r requirements_radio_reference_20261007.txt (line 7))
  Downloading h5py-3.8.0-cp310-cp310-manylinux_2_17_x86_64.manylinux2014_x86_64.whl.metadata (2.5 kB)
Collecting hdf5plugin==4.1.3 (from -r requirements_radio_reference_20261007.txt (line 8))
  Downloading hdf5plugin-4.1.3-py3-none-manylinux_2_17_x86_64.manylinux2014_x86_64.whl.metadata (2.8 kB)
Collecting scipy==1.10.1 (from -r requirements_radio_reference_20261007.txt (line 9))
  Downloading scipy-1.10.1-cp310-cp310-manylinux_2_17_x86_64.manylinux2014_x86_64.whl.metadata (58 kB)
Collecting matplotlib==3.7.5 (from -r requirements_radio_reference_20261007.txt (line 10))
  Downloading matplotlib-3.7.5-cp310-cp310-manylinux_2_17_x86_64.manylinux2014_x86_64.whl.metadata (5.7 kB)
Collecting pandas==1.5.3 (from -r requirements_radio_reference_20261007.txt (line 11))
  Downloading pandas-1.5.3-cp310-cp310-manylinux_2_17_x86_64.manylinux2014_x86_64.whl.metadata (11 kB)
Collecting dask==2023.5.0 (from -r requirements_radio_reference_20261007.txt (line 12))
  Downloading dask-2023.5.0-py3-none-any.whl.metadata (3.6 kB)
Collecting fsspec==2023.5.0 (from -r requirements_radio_reference_20261007.txt (line 13))
  Downloading fsspec-2023.5.0-py3-none-any.whl.metadata (6.7 kB)
Collecting cloudpickle==2.2.1 (from -r requirements_radio_reference_20261007.txt (line 14))
  Downloading cloudpickle-2.2.1-py3-none-any.whl.metadata (6.9 kB)
Collecting toolz==0.12.0 (from -r requirements_radio_reference_20261007.txt (line 15))
  Downloading toolz-0.12.0-py3-none-any.whl.metadata (5.1 kB)
Collecting six==1.16.0 (from -r requirements_radio_reference_20261007.txt (line 16))
  Downloading six-1.16.0-py2.py3-none-any.whl.metadata (1.8 kB)
Collecting Pillow==10.4.0 (from -r requirements_radio_reference_20261007.txt (line 17))
  Downloading pillow-10.4.0-cp310-cp310-manylinux_2_28_x86_64.whl.metadata (9.2 kB)
Collecting psutil==5.9.8 (from -r requirements_radio_reference_20261007.txt (line 18))
  Downloading psutil-5.9.8-cp36-abi3-manylinux_2_12_x86_64.manylinux2010_x86_64.manylinux_2_17_x86_64.manylinux2014_x86_64.whl.metadata (21 kB)
Collecting pyparsing==2.4.7 (from -r requirements_radio_reference_20261007.txt (line 19))
  Downloading pyparsing-2.4.7-py2.py3-none-any.whl.metadata (3.6 kB)
Requirement already satisfied: setuptools in /opt/hostedtoolcache/Python/3.10.15/x64/lib/python3.10/site-packages (from blimpy==2.1.4->-r requirements_radio_reference_20261007.txt (line 1)) (65.5.0)
Collecting pyerfa>=2.0 (from astropy==5.2.2->-r requirements_radio_reference_20261007.txt (line 6))
  Downloading pyerfa-2.0.1.5-cp39-abi3-manylinux_2_17_x86_64.manylinux2014_x86_64.whl.metadata (5.7 kB)
Collecting PyYAML>=3.13 (from astropy==5.2.2->-r requirements_radio_reference_20261007.txt (line 6))
  Downloading pyyaml-6.0.3-cp310-cp310-manylinux2014_x86_64.manylinux_2_17_x86_64.manylinux_2_28_x86_64.whl.metadata (2.4 kB)
Collecting packaging>=19.0 (from astropy==5.2.2->-r requirements_radio_reference_20261007.txt (line 6))
  Downloading packaging-26.3-py3-none-any.whl.metadata (3.5 kB)
Collecting contourpy>=1.0.1 (from matplotlib==3.7.5->-r requirements_radio_reference_20261007.txt (line 10))
  Downloading contourpy-1.3.2-cp310-cp310-manylinux_2_17_x86_64.manylinux2014_x86_64.whl.metadata (5.5 kB)
Collecting cycler>=0.10 (from matplotlib==3.7.5->-r requirements_radio_reference_20261007.txt (line 10))
  Downloading cycler-0.12.1-py3-none-any.whl.metadata (3.8 kB)
Collecting fonttools>=4.22.0 (from matplotlib==3.7.5->-r requirements_radio_reference_20261007.txt (line 10))
  Downloading fonttools-4.65.0-cp310-cp310-manylinux2014_x86_64.manylinux_2_17_x86_64.whl.metadata (125 kB)
Collecting kiwisolver>=1.0.1 (from matplotlib==3.7.5->-r requirements_radio_reference_20261007.txt (line 10))
  Downloading kiwisolver-1.5.1-cp310-cp310-manylinux_2_12_x86_64.manylinux2010_x86_64.whl.metadata (5.2 kB)
Collecting python-dateutil>=2.7 (from matplotlib==3.7.5->-r requirements_radio_reference_20261007.txt (line 10))
  Downloading python_dateutil-2.9.0.post0-py2.py3-none-any.whl.metadata (8.4 kB)
Collecting pytz>=2020.1 (from pandas==1.5.3->-r requirements_radio_reference_20261007.txt (line 11))
  Downloading pytz-2026.5-py2.py3-none-any.whl.metadata (22 kB)
Collecting click>=8.0 (from dask==2023.5.0->-r requirements_radio_reference_20261007.txt (line 12))
  Downloading click-8.5.0-py3-none-any.whl.metadata (2.6 kB)
Collecting partd>=1.2.0 (from dask==2023.5.0->-r requirements_radio_reference_20261007.txt (line 12))
  Downloading partd-1.4.2-py3-none-any.whl.metadata (4.6 kB)
Collecting importlib-metadata>=4.13.0 (from dask==2023.5.0->-r requirements_radio_reference_20261007.txt (line 12))
  Downloading importlib_metadata-9.0.1-py3-none-any.whl.metadata (4.5 kB)
Collecting zipp>=3.20 (from importlib-metadata>=4.13.0->dask==2023.5.0->-r requirements_radio_reference_20261007.txt (line 12))
  Downloading zipp-4.1.1-py3-none-any.whl.metadata (3.6 kB)
Collecting locket (from partd>=1.2.0->dask==2023.5.0->-r requirements_radio_reference_20261007.txt (line 12))
  Downloading locket-1.0.0-py2.py3-none-any.whl.metadata (2.8 kB)
Downloading blimpy-2.1.4-py3-none-any.whl (104 kB)
Downloading turbo_seti-2.3.2-py2.py3-none-any.whl (175 kB)
Downloading numpy-1.23.5-cp310-cp310-manylinux_2_17_x86_64.manylinux2014_x86_64.whl (17.1 MB)
   ━━━━━━━━━━━━━━━━━━━━━━━━━━━━━━━━━━━━━━━━ 17.1/17.1 MB 63.4 MB/s  0:00:00
Downloading numba-0.57.1-cp310-cp310-manylinux2014_x86_64.manylinux_2_17_x86_64.whl (3.6 MB)
   ━━━━━━━━━━━━━━━━━━━━━━━━━━━━━━━━━━━━━━━━ 3.6/3.6 MB 65.2 MB/s  0:00:00
Downloading llvmlite-0.40.1-cp310-cp310-manylinux_2_17_x86_64.manylinux2014_x86_64.whl (42.1 MB)
   ━━━━━━━━━━━━━━━━━━━━━━━━━━━━━━━━━━━━━━━━ 42.1/42.1 MB 68.8 MB/s  0:00:00
Downloading astropy-5.2.2-cp310-cp310-manylinux_2_12_x86_64.manylinux2010_x86_64.whl (11.2 MB)
   ━━━━━━━━━━━━━━━━━━━━━━━━━━━━━━━━━━━━━━━━ 11.2/11.2 MB 78.6 MB/s  0:00:00
Downloading h5py-3.8.0-cp310-cp310-manylinux_2_17_x86_64.manylinux2014_x86_64.whl (4.6 MB)
   ━━━━━━━━━━━━━━━━━━━━━━━━━━━━━━━━━━━━━━━━ 4.6/4.6 MB 103.5 MB/s  0:00:00
Downloading hdf5plugin-4.1.3-py3-none-manylinux_2_17_x86_64.manylinux2014_x86_64.whl (40.9 MB)
   ━━━━━━━━━━━━━━━━━━━━━━━━━━━━━━━━━━━━━━━━ 40.9/40.9 MB 64.4 MB/s  0:00:00
Downloading scipy-1.10.1-cp310-cp310-manylinux_2_17_x86_64.manylinux2014_x86_64.whl (34.4 MB)
   ━━━━━━━━━━━━━━━━━━━━━━━━━━━━━━━━━━━━━━━━ 34.4/34.4 MB 89.9 MB/s  0:00:00
Downloading matplotlib-3.7.5-cp310-cp310-manylinux_2_17_x86_64.manylinux2014_x86_64.whl (11.6 MB)
   ━━━━━━━━━━━━━━━━━━━━━━━━━━━━━━━━━━━━━━━━ 11.6/11.6 MB 113.0 MB/s  0:00:00
Downloading pandas-1.5.3-cp310-cp310-manylinux_2_17_x86_64.manylinux2014_x86_64.whl (12.1 MB)
   ━━━━━━━━━━━━━━━━━━━━━━━━━━━━━━━━━━━━━━━━ 12.1/12.1 MB 85.3 MB/s  0:00:00
Downloading dask-2023.5.0-py3-none-any.whl (1.2 MB)
   ━━━━━━━━━━━━━━━━━━━━━━━━━━━━━━━━━━━━━━━━ 1.2/1.2 MB 74.6 MB/s  0:00:00
Downloading fsspec-2023.5.0-py3-none-any.whl (160 kB)
Downloading cloudpickle-2.2.1-py3-none-any.whl (25 kB)
Downloading toolz-0.12.0-py3-none-any.whl (55 kB)
Downloading six-1.16.0-py2.py3-none-any.whl (11 kB)
Downloading pillow-10.4.0-cp310-cp310-manylinux_2_28_x86_64.whl (4.5 MB)
   ━━━━━━━━━━━━━━━━━━━━━━━━━━━━━━━━━━━━━━━━ 4.5/4.5 MB 96.1 MB/s  0:00:00
Downloading psutil-5.9.8-cp36-abi3-manylinux_2_12_x86_64.manylinux2010_x86_64.manylinux_2_17_x86_64.manylinux2014_x86_64.whl (288 kB)
Downloading pyparsing-2.4.7-py2.py3-none-any.whl (67 kB)
Downloading click-8.5.0-py3-none-any.whl (125 kB)
Downloading contourpy-1.3.2-cp310-cp310-manylinux_2_17_x86_64.manylinux2014_x86_64.whl (325 kB)
Downloading cycler-0.12.1-py3-none-any.whl (8.3 kB)
Downloading fonttools-4.65.0-cp310-cp310-manylinux2014_x86_64.manylinux_2_17_x86_64.whl (5.3 MB)
   ━━━━━━━━━━━━━━━━━━━━━━━━━━━━━━━━━━━━━━━━ 5.3/5.3 MB 95.0 MB/s  0:00:00
Downloading importlib_metadata-9.0.1-py3-none-any.whl (27 kB)
Downloading kiwisolver-1.5.1-cp310-cp310-manylinux_2_12_x86_64.manylinux2010_x86_64.whl (1.6 MB)
   ━━━━━━━━━━━━━━━━━━━━━━━━━━━━━━━━━━━━━━━━ 1.6/1.6 MB 109.8 MB/s  0:00:00
Downloading packaging-26.3-py3-none-any.whl (129 kB)
Downloading partd-1.4.2-py3-none-any.whl (18 kB)
Downloading pyerfa-2.0.1.5-cp39-abi3-manylinux_2_17_x86_64.manylinux2014_x86_64.whl (738 kB)
   ━━━━━━━━━━━━━━━━━━━━━━━━━━━━━━━━━━━━━━━━ 738.7/738.7 kB 76.1 MB/s  0:00:00
Downloading python_dateutil-2.9.0.post0-py2.py3-none-any.whl (229 kB)
Downloading pytz-2026.5-py2.py3-none-any.whl (506 kB)
Downloading pyyaml-6.0.3-cp310-cp310-manylinux2014_x86_64.manylinux_2_17_x86_64.manylinux_2_28_x86_64.whl (770 kB)
   ━━━━━━━━━━━━━━━━━━━━━━━━━━━━━━━━━━━━━━━━ 770.3/770.3 kB 65.2 MB/s  0:00:00
Downloading zipp-4.1.1-py3-none-any.whl (10 kB)
Downloading locket-1.0.0-py2.py3-none-any.whl (4.4 kB)
Installing collected packages: pytz, zipp, toolz, six, PyYAML, pyparsing, psutil, Pillow, packaging, numpy, locket, llvmlite, kiwisolver, fsspec, fonttools, cycler, cloudpickle, click, scipy, python-dateutil, pyerfa, partd, numba, importlib-metadata, h5py, contourpy, pandas, matplotlib, hdf5plugin, dask, astropy, blimpy, turbo_seti

Successfully installed Pillow-10.4.0 PyYAML-6.0.3 astropy-5.2.2 blimpy-2.1.4 click-8.5.0 cloudpickle-2.2.1 contourpy-1.3.2 cycler-0.12.1 dask-2023.5.0 fonttools-4.65.0 fsspec-2023.5.0 h5py-3.8.0 hdf5plugin-4.1.3 importlib-metadata-9.0.1 kiwisolver-1.5.1 llvmlite-0.40.1 locket-1.0.0 matplotlib-3.7.5 numba-0.57.1 numpy-1.23.5 packaging-26.3 pandas-1.5.3 partd-1.4.2 psutil-5.9.8 pyerfa-2.0.1.5 pyparsing-2.4.7 python-dateutil-2.9.0.post0 pytz-2026.5 scipy-1.10.1 six-1.16.0 toolz-0.12.0 turbo_seti-2.3.2 zipp-4.1.1
