
turbo_seti version 2.3.2
blimpy version 2.1.4
h5py version 3.8.0
hdf5plugin version 4.1.3
HDF5 library version 1.12.2


data_handler    INFO     From user, n_coarse_chan=1
HDF5 header info: {'DIMENSION_LABELS': array(['frequency', 'feed_id', 'time'], dtype=object), 'az_start': 0.0, 'data_type': 1, 'fch1': 8421.386717353016, 'foff': -2.7939677238464355e-06, 'ibeam': 1, 'machine_id': 20, 'nbeams': 1, 'nbits': 32, 'nchans': 1048576, 'nifs': 1, 'rawdatafile': 'guppi_57650_67573_Voyager1_0002.0000.raw', 'source_name': 'Voyager1', 'src_dej': <Angle 12.183 deg>, 'src_raj': <Angle 17.16777333 hourangle>, 'telescope_id': 6, 'tsamp': 18.253611008, 'tstart': 57650.78209490741, 'za_start': 0.0}

Starting ET search with parameters: datafile=results_radio_reference_voyager_20261007/Voyager1.single_coarse.fine_res.h5, max_drift=4.0, min_drift=1e-05, snr=25.0, out_dir=results_radio_reference_voyager_20261007, coarse_chans=None, flagging=False, n_coarse_chan=1, kernels=None, gpu_id=0, gpu_backend=False, blank_dc=True, precision=1, append_output=False, log_level_int=20, obs_info={'pulsar': 0, 'pulsar_found': 0, 'pulsar_dm': 0.0, 'pulsar_snr': 0.0, 'pulsar_stats': array([0., 0., 0., 0., 0., 0.]), 'RFI_level': 0.0, 'Mean_SEFD': 0.0, 'psrflux_Sens': 0.0, 'SEFDs_val': [0.0], 'SEFDs_freq': [0.0], 'SEFDs_freq_up': [0.0]}

Computed drift rate resolution: 0.010204255741040042

find_doppler.0  INFO     Spectra 0 1st 3 values: [4.7153664e+09 5.0594243e+09 5.2598994e+09]
find_doppler.0  INFO     Spectra 1 1st 3 values: [4.0829606e+09 5.7968077e+09 6.0981827e+09]
find_doppler.0  INFO     Top hit found! SNR 30.612333, Drift Rate -0.397966, index 739933
find_doppler.0  INFO     Top hit found! SNR 245.709610, Drift Rate -0.377557, index 747929
find_doppler.0  INFO     Top hit found! SNR 31.220858, Drift Rate -0.397966, index 756037
Traceback (most recent call last):
  File "/home/runner/work/setisearch/setisearch/scripts/radio_reference_voyager_20261007.py", line 221, in <module>
    raise SystemExit(main())
  File "/home/runner/work/setisearch/setisearch/scripts/radio_reference_voyager_20261007.py", line 203, in main
    result = run(args.config, args.output)
  File "/home/runner/work/setisearch/setisearch/scripts/radio_reference_voyager_20261007.py", line 164, in run
    matched = validate_hits(rows, search["expected_reference_hits"],
  File "/home/runner/work/setisearch/setisearch/scripts/radio_reference_voyager_20261007.py", line 109, in validate_hits
    raise ValueError("reference hit SNR mismatch")
ValueError: reference hit SNR mismatch
