{
  "stage": "LS8AI_EC130801508_TWO_VISIT_L2_SCREEN",
  "status": "COMPLETE_UNAUDITED",
  "evaluation_freeze_commit": "822a2ebf88603fcaf57a3ef649ad46c3e3c7a787",
  "target": "EC13080-1508",
  "selected_keys": [
    "CH_PR100002_TG005201_V0300",
    "CH_PR100002_TG005202_V0300"
  ],
  "method": "unchanged pinned LS8K flux-centered DEFAULT-L2 scorer and signed clustering",
  "sideband_rows_each_side": 12,
  "guard_rows": 2,
  "durations_rows": [
    1,
    2,
    3
  ],
  "screen_threshold": 8.5,
  "visits": [
    {
      "file_key": "CH_PR100002_TG005201_V0300",
      "rows": 93,
      "status_zero_finite_rows": 93,
      "cadence_seconds": 60.0,
      "eligible_windows": 192,
      "duration_results": [
        {
          "duration_rows": 1,
          "duration_seconds": 60.0,
          "eligible_windows": 65,
          "positive_windows": 0,
          "negative_windows": 1,
          "maximum_score": 2.8132847834282253,
          "minimum_score": -13.17039181262956
        },
        {
          "duration_rows": 2,
          "duration_seconds": 120.0,
          "eligible_windows": 64,
          "positive_windows": 0,
          "negative_windows": 2,
          "maximum_score": 2.7294882742218576,
          "minimum_score": -9.383333076344098
        },
        {
          "duration_rows": 3,
          "duration_seconds": 180.0,
          "eligible_windows": 63,
          "positive_windows": 0,
          "negative_windows": 1,
          "maximum_score": 3.6598507236742908,
          "minimum_score": -8.72722369947881
        }
      ],
      "positive_windows": 0,
      "negative_windows": 4,
      "positive_clusters": 0,
      "negative_clusters": 1,
      "maximum_score": 3.6598507236742908,
      "minimum_score": -13.17039181262956,
      "unique_event_rows": 65,
      "eligible_event_row_union_seconds": 3900.0
    },
    {
      "file_key": "CH_PR100002_TG005202_V0300",
      "rows": 86,
      "status_zero_finite_rows": 85,
      "cadence_seconds": 60.0,
      "eligible_windows": 96,
      "duration_results": [
        {
          "duration_rows": 1,
          "duration_seconds": 60.0,
          "eligible_windows": 33,
          "positive_windows": 0,
          "negative_windows": 0,
          "maximum_score": 3.7472254830700513,
          "minimum_score": -4.6789625717041226
        },
        {
          "duration_rows": 2,
          "duration_seconds": 120.0,
          "eligible_windows": 32,
          "positive_windows": 0,
          "negative_windows": 0,
          "maximum_score": 2.3334736689756146,
          "minimum_score": -5.9027676941245515
        },
        {
          "duration_rows": 3,
          "duration_seconds": 180.0,
          "eligible_windows": 31,
          "positive_windows": 0,
          "negative_windows": 0,
          "maximum_score": 2.5003991959873164,
          "minimum_score": -7.29418148477819
        }
      ],
      "positive_windows": 0,
      "negative_windows": 0,
      "positive_clusters": 0,
      "negative_clusters": 0,
      "maximum_score": 3.7472254830700513,
      "minimum_score": -7.29418148477819,
      "unique_event_rows": 33,
      "eligible_event_row_union_seconds": 1980.0
    }
  ],
  "totals": {
    "rows": 179,
    "eligible_windows": 288,
    "positive_windows": 0,
    "negative_windows": 4,
    "positive_clusters": 0,
    "negative_clusters": 1,
    "science_table_bytes": 24702
  },
  "other_apertures_opened": false,
  "image_bytes_acquired": 0,
  "raw_imagettes_opened": false,
  "detector_qualified": false,
  "candidate_claims": 0,
  "interpretation": "Independent rank-11 two-visit L2 screen; signed endpoints are not Gaussian significances."
}
