Independent mask anchors exact: 937950 bits per policy
legacy: training maximum 8.262487; fixed threshold 10.0
legacy: held-out maximum 8.284749; exceedances 0/128
neighbor2: training maximum 8.262487; fixed threshold 10.0
neighbor2: held-out maximum 8.284749; exceedances 0/128
epoch1_on: eight native caches and all cropped baseline scores exact
epoch2_on: eight native caches and all cropped baseline scores exact
epoch3_on: eight native caches and all cropped baseline scores exact
Neighbor2 baseline: ON 0, OFF 0
truth 0 strength 12: legacy=True neighbor2=True; 5.0s
truth 0 strength 32: legacy=True neighbor2=True; 5.3s
truth 1 strength 12: legacy=False neighbor2=False; 5.1s
truth 1 strength 32: legacy=False neighbor2=True; 5.6s
truth 2 strength 12: legacy=True neighbor2=True; 6.0s
truth 2 strength 32: legacy=True neighbor2=True; 6.1s
truth 3 strength 12: legacy=False neighbor2=False; 5.1s
truth 3 strength 32: legacy=True neighbor2=True; 5.6s
truth 4 strength 12: legacy=True neighbor2=True; 5.1s
truth 4 strength 32: legacy=True neighbor2=True; 5.6s
truth 5 strength 12: legacy=False neighbor2=False; 5.4s
truth 5 strength 32: legacy=False neighbor2=True; 5.3s
truth 6 strength 12: legacy=True neighbor2=True; 5.7s
truth 6 strength 32: legacy=True neighbor2=True; 5.7s
truth 7 strength 12: legacy=True neighbor2=True; 5.9s
truth 7 strength 32: legacy=True neighbor2=True; 5.5s
truth 8 strength 12: legacy=True neighbor2=True; 5.6s
truth 8 strength 32: legacy=True neighbor2=True; 6.1s
truth 9 strength 12: legacy=True neighbor2=True; 5.2s
truth 9 strength 32: legacy=False neighbor2=True; 4.6s
truth 10 strength 12: legacy=True neighbor2=True; 4.6s
truth 10 strength 32: legacy=True neighbor2=True; 4.4s
truth 11 strength 12: legacy=False neighbor2=False; 4.8s
truth 11 strength 32: legacy=True neighbor2=True; 5.2s
truth 12 strength 12: legacy=True neighbor2=True; 5.4s
truth 12 strength 32: legacy=True neighbor2=True; 5.7s
truth 13 strength 12: legacy=True neighbor2=True; 5.4s
truth 13 strength 32: legacy=False neighbor2=True; 5.5s
truth 14 strength 12: legacy=True neighbor2=True; 5.1s
truth 14 strength 32: legacy=True neighbor2=True; 5.4s
truth 15 strength 12: legacy=True neighbor2=True; 5.8s
truth 15 strength 32: legacy=True neighbor2=True; 5.7s
[
  {
    "profile": "ideal-native-bin",
    "strength": 12,
    "denominator": 8,
    "historical_legacy": 8,
    "neighbor2": 8,
    "gained": 0,
    "lost": 0
  },
  {
    "profile": "ideal-native-bin",
    "strength": 32,
    "denominator": 8,
    "historical_legacy": 8,
    "neighbor2": 8,
    "gained": 0,
    "lost": 0
  },
  {
    "profile": "fractional-off-template-smear",
    "strength": 12,
    "denominator": 8,
    "historical_legacy": 4,
    "neighbor2": 4,
    "gained": 0,
    "lost": 0
  },
  {
    "profile": "fractional-off-template-smear",
    "strength": 32,
    "denominator": 8,
    "historical_legacy": 4,
    "neighbor2": 8,
    "gained": 4,
    "lost": 0
  }
]
