TG023501_P0 SCI_CAL_SubArray verified bytes 9280000
TG023501_P0 SCI_COR_SubArray verified bytes 9280000
TG023501_P0 SMEAR verified bytes 46400
TG023501_P0 SPATIALLY_STRUCTURED
TG023501_P1 SCI_CAL_SubArray verified bytes 9280000
TG023501_P1 SCI_COR_SubArray verified bytes 9280000
TG023501_P1 SMEAR verified bytes 46400
TG023501_P1 UNRESOLVED_WITHIN_FIXED_SCOPE
TG023501_P2 SCI_CAL_SubArray verified bytes 9280000
TG023501_P2 SCI_COR_SubArray verified bytes 9280000
TG023501_P2 SMEAR verified bytes 46400
TG023501_P2 SPATIALLY_STRUCTURED
TG023501_P3 SCI_CAL_SubArray verified bytes 9280000
TG023501_P3 SCI_COR_SubArray verified bytes 9280000
TG023501_P3 SMEAR verified bytes 46400
TG023501_P3 CORRECTION_LINKED
TG023501_P4 SCI_CAL_SubArray verified bytes 9280000
TG023501_P4 SCI_COR_SubArray verified bytes 9280000
TG023501_P4 SMEAR verified bytes 46400
TG023501_P4 SPATIALLY_STRUCTURED
TG023501_P5 SCI_CAL_SubArray verified bytes 9280000
TG023501_P5 SCI_COR_SubArray verified bytes 9280000
TG023501_P5 SMEAR verified bytes 46400
TG023501_P5 SPATIALLY_STRUCTURED
TG023501_P6 SCI_CAL_SubArray verified bytes 9280000
TG023501_P6 SCI_COR_SubArray verified bytes 9280000
TG023501_P6 SMEAR verified bytes 46400
TG023501_P6 UNRESOLVED_WITHIN_FIXED_SCOPE
TG023501_N0 SCI_CAL_SubArray verified bytes 9280000
TG023501_N0 SCI_COR_SubArray verified bytes 9280000
TG023501_N0 SMEAR verified bytes 46400
TG023501_N0 CORRECTION_LINKED
TG007801_P0 SCI_CAL_SubArray verified bytes 9280000
TG007801_P0 SCI_COR_SubArray verified bytes 9280000
TG007801_P0 SMEAR verified bytes 46400
TG007801_P0 CORRECTION_LINKED
