TG023501_P0 audited SPATIALLY_STRUCTURED
TG023501_P1 audited UNRESOLVED_WITHIN_FIXED_SCOPE
TG023501_P2 audited SPATIALLY_STRUCTURED
TG023501_P3 audited CORRECTION_LINKED
TG023501_P4 audited SPATIALLY_STRUCTURED
TG023501_P5 audited SPATIALLY_STRUCTURED
TG023501_P6 audited UNRESOLVED_WITHIN_FIXED_SCOPE
TG023501_N0 audited CORRECTION_LINKED
TG007801_P0 audited CORRECTION_LINKED
{
  "status": "PASS",
  "comparisons": {
    "numeric": 850833,
    "exact": 1445201
  },
  "maximum_absolute_differences": {
    "summary": 1.862645149230957e-09,
    "CAL": 3.637978807091713e-12,
    "COR": 7.275957614183426e-12,
    "SMEAR": 0.0,
    "DELTA": 7.275957614183426e-12
  },
  "disagreements": [],
  "method": "independent struct decoding, long-double temporal normal equations, scalar-sum spatial normal equations",
  "tolerances": {
    "relative": 2e-08,
    "native_absolute": 1e-06,
    "dimensionless_absolute": 1e-08
  },
  "input_l2_audit": "PASS"
}
