All 96 original arrays and baseline identity exact
legacy sealed threshold 10.0
neighbor2 sealed threshold 10.0
neighbor9 sealed threshold 10.0
legacy heldout {"count": 128, "maximum": 8.102346420288086, "threshold": 10.0, "at_or_above_threshold": 0}
neighbor2 heldout {"count": 128, "maximum": 8.102346420288086, "threshold": 10.0, "at_or_above_threshold": 0}
neighbor9 heldout {"count": 128, "maximum": 8.102346420288086, "threshold": 10.0, "at_or_above_threshold": 0}
epoch1_on: eight native caches and all cropped baseline scores exact
epoch2_on: eight native caches and all cropped baseline scores exact
epoch3_on: eight native caches and all cropped baseline scores exact
All 48 ON/OFF native cache/gathers exact
Case 0 nearest: {'legacy': (True, 42), 'neighbor2': (True, 42), 'neighbor9': (True, 42)}
Case 1 fractional-only: {'legacy': (True, 43), 'neighbor2': (True, 43), 'neighbor9': (True, 43)}
Case 2 template-offset-only: {'legacy': (False, 0), 'neighbor2': (True, 40), 'neighbor9': (True, 40)}
Case 3 smear-only: {'legacy': (True, 42), 'neighbor2': (True, 42), 'neighbor9': (True, 42)}
Case 4 combined: {'legacy': (False, 0), 'neighbor2': (True, 41), 'neighbor9': (True, 41)}
Case 5 single-epoch: {'legacy': (None, 0), 'neighbor2': (None, 0), 'neighbor9': (None, 0)}
Case 6 supported-spike: {'legacy': (None, 0), 'neighbor2': (None, 0), 'neighbor9': (None, 0)}
Case 7 ON-OFF: {'legacy': (None, 0), 'neighbor2': (None, 0), 'neighbor9': (None, 0)}
Case 8 mixed: {'legacy': (False, 531), 'neighbor2': (True, 709), 'neighbor9': (True, 791)}
Case 9 nearest: {'legacy': (True, 35), 'neighbor2': (True, 35), 'neighbor9': (True, 35)}
Case 10 fractional-only: {'legacy': (True, 36), 'neighbor2': (True, 36), 'neighbor9': (True, 36)}
Case 11 template-offset-only: {'legacy': (False, 0), 'neighbor2': (True, 33), 'neighbor9': (True, 33)}
Case 12 smear-only: {'legacy': (True, 34), 'neighbor2': (True, 34), 'neighbor9': (True, 34)}
Case 13 combined: {'legacy': (False, 0), 'neighbor2': (True, 33), 'neighbor9': (True, 33)}
Case 14 single-epoch: {'legacy': (None, 0), 'neighbor2': (None, 0), 'neighbor9': (None, 0)}
Case 15 supported-spike: {'legacy': (None, 0), 'neighbor2': (None, 0), 'neighbor9': (None, 0)}
Case 16 ON-OFF: {'legacy': (None, 0), 'neighbor2': (None, 0), 'neighbor9': (None, 0)}
Case 17 mixed: {'legacy': (False, 22), 'neighbor2': (True, 79), 'neighbor9': (True, 79)}
Case 18 nearest: {'legacy': (True, 39), 'neighbor2': (True, 39), 'neighbor9': (True, 39)}
Case 19 fractional-only: {'legacy': (True, 37), 'neighbor2': (True, 37), 'neighbor9': (True, 37)}
Case 20 template-offset-only: {'legacy': (False, 1), 'neighbor2': (True, 4), 'neighbor9': (True, 4)}
Case 21 smear-only: {'legacy': (True, 37), 'neighbor2': (True, 37), 'neighbor9': (True, 37)}
Case 22 combined: {'legacy': (False, 0), 'neighbor2': (True, 36), 'neighbor9': (True, 36)}
Case 23 single-epoch: {'legacy': (None, 0), 'neighbor2': (None, 0), 'neighbor9': (None, 0)}
Case 24 supported-spike: {'legacy': (None, 0), 'neighbor2': (None, 0), 'neighbor9': (None, 0)}
Case 25 ON-OFF: {'legacy': (None, 0), 'neighbor2': (None, 0), 'neighbor9': (None, 0)}
Case 26 mixed: {'legacy': (False, 343), 'neighbor2': (True, 401), 'neighbor9': (True, 533)}
Case 27 nearest: {'legacy': (True, 35), 'neighbor2': (True, 35), 'neighbor9': (True, 35)}
Case 28 fractional-only: {'legacy': (True, 34), 'neighbor2': (True, 34), 'neighbor9': (True, 34)}
Case 29 template-offset-only: {'legacy': (False, 9), 'neighbor2': (True, 61), 'neighbor9': (True, 61)}
Case 30 smear-only: {'legacy': (True, 34), 'neighbor2': (True, 34), 'neighbor9': (True, 34)}
Case 31 combined: {'legacy': (False, 9), 'neighbor2': (True, 60), 'neighbor9': (True, 60)}
Case 32 single-epoch: {'legacy': (None, 0), 'neighbor2': (None, 0), 'neighbor9': (None, 0)}
Case 33 supported-spike: {'legacy': (None, 0), 'neighbor2': (None, 0), 'neighbor9': (None, 0)}
Case 34 ON-OFF: {'legacy': (None, 0), 'neighbor2': (None, 0), 'neighbor9': (None, 0)}
Case 35 mixed: {'legacy': (False, 51), 'neighbor2': (True, 102), 'neighbor9': (True, 137)}
Case 36 nearest: {'legacy': (True, 43), 'neighbor2': (True, 43), 'neighbor9': (True, 43)}
Case 37 fractional-only: {'legacy': (True, 44), 'neighbor2': (True, 44), 'neighbor9': (True, 44)}
Case 38 template-offset-only: {'legacy': (False, 0), 'neighbor2': (True, 42), 'neighbor9': (True, 42)}
Case 39 smear-only: {'legacy': (True, 43), 'neighbor2': (True, 43), 'neighbor9': (True, 43)}
Case 40 combined: {'legacy': (True, 44), 'neighbor2': (True, 44), 'neighbor9': (True, 44)}
Case 41 single-epoch: {'legacy': (None, 0), 'neighbor2': (None, 0), 'neighbor9': (None, 0)}
Case 42 supported-spike: {'legacy': (None, 0), 'neighbor2': (None, 0), 'neighbor9': (None, 0)}
Case 43 ON-OFF: {'legacy': (None, 0), 'neighbor2': (None, 0), 'neighbor9': (None, 0)}
Case 44 mixed: {'legacy': (False, 59), 'neighbor2': (False, 89), 'neighbor9': (True, 175)}
Case 45 nearest: {'legacy': (True, 35), 'neighbor2': (True, 35), 'neighbor9': (True, 35)}
Case 46 fractional-only: {'legacy': (True, 34), 'neighbor2': (True, 34), 'neighbor9': (True, 34)}
Case 47 template-offset-only: {'legacy': (False, 0), 'neighbor2': (True, 31), 'neighbor9': (True, 31)}
Case 48 smear-only: {'legacy': (True, 35), 'neighbor2': (True, 35), 'neighbor9': (True, 35)}
Case 49 combined: {'legacy': (False, 0), 'neighbor2': (True, 34), 'neighbor9': (True, 34)}
Case 50 single-epoch: {'legacy': (None, 0), 'neighbor2': (None, 0), 'neighbor9': (None, 0)}
Case 51 supported-spike: {'legacy': (None, 0), 'neighbor2': (None, 0), 'neighbor9': (None, 0)}
Case 52 ON-OFF: {'legacy': (None, 0), 'neighbor2': (None, 0), 'neighbor9': (None, 0)}
Case 53 mixed: {'legacy': (False, 23), 'neighbor2': (True, 80), 'neighbor9': (True, 80)}
Case 54 nearest: {'legacy': (True, 155), 'neighbor2': (True, 155), 'neighbor9': (True, 155)}
Case 55 fractional-only: {'legacy': (True, 161), 'neighbor2': (True, 161), 'neighbor9': (True, 161)}
Case 56 template-offset-only: {'legacy': (False, 4), 'neighbor2': (True, 152), 'neighbor9': (True, 152)}
Case 57 smear-only: {'legacy': (True, 152), 'neighbor2': (True, 152), 'neighbor9': (True, 152)}
Case 58 combined: {'legacy': (True, 157), 'neighbor2': (True, 157), 'neighbor9': (True, 157)}
Case 59 single-epoch: {'legacy': (None, 0), 'neighbor2': (None, 0), 'neighbor9': (None, 0)}
Case 60 supported-spike: {'legacy': (None, 0), 'neighbor2': (None, 0), 'neighbor9': (None, 0)}
Case 61 ON-OFF: {'legacy': (None, 3), 'neighbor2': (None, 3), 'neighbor9': (None, 3)}
Case 62 mixed: {'legacy': (True, 405), 'neighbor2': (True, 417), 'neighbor9': (True, 527)}
Case 63 nearest: {'legacy': (True, 195), 'neighbor2': (True, 195), 'neighbor9': (True, 195)}
Case 64 fractional-only: {'legacy': (True, 195), 'neighbor2': (True, 195), 'neighbor9': (True, 195)}
Case 65 template-offset-only: {'legacy': (False, 54), 'neighbor2': (True, 177), 'neighbor9': (True, 177)}
Case 66 smear-only: {'legacy': (True, 191), 'neighbor2': (True, 191), 'neighbor9': (True, 191)}
Case 67 combined: {'legacy': (True, 179), 'neighbor2': (True, 179), 'neighbor9': (True, 179)}
Case 68 single-epoch: {'legacy': (None, 0), 'neighbor2': (None, 0), 'neighbor9': (None, 0)}
Case 69 supported-spike: {'legacy': (None, 0), 'neighbor2': (None, 0), 'neighbor9': (None, 1)}
Case 70 ON-OFF: {'legacy': (None, 0), 'neighbor2': (None, 0), 'neighbor9': (None, 0)}
Case 71 mixed: {'legacy': (True, 325), 'neighbor2': (True, 325), 'neighbor9': (True, 388)}
{
  "summary": [
    {
      "policy": "legacy",
      "case_type": "nearest",
      "denominator": 8,
      "signal_present": true,
      "recovered": 8,
      "control_leakage_cases": 0,
      "final_diagnostic_survivors": 579,
      "retained_truths": 8,
      "physical_truths": 8
    },
    {
      "policy": "legacy",
      "case_type": "fractional-only",
      "denominator": 8,
      "signal_present": true,
      "recovered": 8,
      "control_leakage_cases": 0,
      "final_diagnostic_survivors": 584,
      "retained_truths": 8,
      "physical_truths": 8
    },
    {
      "policy": "legacy",
      "case_type": "template-offset-only",
      "denominator": 8,
      "signal_present": true,
      "recovered": 0,
      "control_leakage_cases": 0,
      "final_diagnostic_survivors": 68,
      "retained_truths": 0,
      "physical_truths": 0
    },
    {
      "policy": "legacy",
      "case_type": "smear-only",
      "denominator": 8,
      "signal_present": true,
      "recovered": 8,
      "control_leakage_cases": 0,
      "final_diagnostic_survivors": 568,
      "retained_truths": 8,
      "physical_truths": 8
    },
    {
      "policy": "legacy",
      "case_type": "combined",
      "denominator": 8,
      "signal_present": true,
      "recovered": 3,
      "control_leakage_cases": 0,
      "final_diagnostic_survivors": 389,
      "retained_truths": 3,
      "physical_truths": 3
    },
    {
      "policy": "legacy",
      "case_type": "single-epoch",
      "denominator": 8,
      "signal_present": false,
      "recovered": 0,
      "control_leakage_cases": 0,
      "final_diagnostic_survivors": 0,
      "retained_truths": 0,
      "physical_truths": 0
    },
    {
      "policy": "legacy",
      "case_type": "supported-spike",
      "denominator": 8,
      "signal_present": false,
      "recovered": 0,
      "control_leakage_cases": 0,
      "final_diagnostic_survivors": 0,
      "retained_truths": 0,
      "physical_truths": 0
    },
    {
      "policy": "legacy",
      "case_type": "ON-OFF",
      "denominator": 8,
      "signal_present": false,
      "recovered": 0,
      "control_leakage_cases": 1,
      "final_diagnostic_survivors": 3,
      "retained_truths": 0,
      "physical_truths": 0
    },
    {
      "policy": "legacy",
      "case_type": "mixed",
      "denominator": 8,
      "signal_present": true,
      "recovered": 2,
      "control_leakage_cases": 0,
      "final_diagnostic_survivors": 1759,
      "retained_truths": 2,
      "physical_truths": 2
    },
    {
      "policy": "neighbor2",
      "case_type": "nearest",
      "denominator": 8,
      "signal_present": true,
      "recovered": 8,
      "control_leakage_cases": 0,
      "final_diagnostic_survivors": 579,
      "retained_truths": 8,
      "physical_truths": 8
    },
    {
      "policy": "neighbor2",
      "case_type": "fractional-only",
      "denominator": 8,
      "signal_present": true,
      "recovered": 8,
      "control_leakage_cases": 0,
      "final_diagnostic_survivors": 584,
      "retained_truths": 8,
      "physical_truths": 8
    },
    {
      "policy": "neighbor2",
      "case_type": "template-offset-only",
      "denominator": 8,
      "signal_present": true,
      "recovered": 8,
      "control_leakage_cases": 0,
      "final_diagnostic_survivors": 540,
      "retained_truths": 8,
      "physical_truths": 8
    },
    {
      "policy": "neighbor2",
      "case_type": "smear-only",
      "denominator": 8,
      "signal_present": true,
      "recovered": 8,
      "control_leakage_cases": 0,
      "final_diagnostic_survivors": 568,
      "retained_truths": 8,
      "physical_truths": 8
    },
    {
      "policy": "neighbor2",
      "case_type": "combined",
      "denominator": 8,
      "signal_present": true,
      "recovered": 8,
      "control_leakage_cases": 0,
      "final_diagnostic_survivors": 584,
      "retained_truths": 8,
      "physical_truths": 8
    },
    {
      "policy": "neighbor2",
      "case_type": "single-epoch",
      "denominator": 8,
      "signal_present": false,
      "recovered": 0,
      "control_leakage_cases": 0,
      "final_diagnostic_survivors": 0,
      "retained_truths": 0,
      "physical_truths": 0
    },
    {
      "policy": "neighbor2",
      "case_type": "supported-spike",
      "denominator": 8,
      "signal_present": false,
      "recovered": 0,
      "control_leakage_cases": 0,
      "final_diagnostic_survivors": 0,
      "retained_truths": 0,
      "physical_truths": 0
    },
    {
      "policy": "neighbor2",
      "case_type": "ON-OFF",
      "denominator": 8,
      "signal_present": false,
      "recovered": 0,
      "control_leakage_cases": 1,
      "final_diagnostic_survivors": 3,
      "retained_truths": 0,
      "physical_truths": 0
    },
    {
      "policy": "neighbor2",
      "case_type": "mixed",
      "denominator": 8,
      "signal_present": true,
      "recovered": 7,
      "control_leakage_cases": 0,
      "final_diagnostic_survivors": 2202,
      "retained_truths": 7,
      "physical_truths": 7
    },
    {
      "policy": "neighbor9",
      "case_type": "nearest",
      "denominator": 8,
      "signal_present": true,
      "recovered": 8,
      "control_leakage_cases": 0,
      "final_diagnostic_survivors": 579,
      "retained_truths": 8,
      "physical_truths": 8
    },
    {
      "policy": "neighbor9",
      "case_type": "fractional-only",
      "denominator": 8,
      "signal_present": true,
      "recovered": 8,
      "control_leakage_cases": 0,
      "final_diagnostic_survivors": 584,
      "retained_truths": 8,
      "physical_truths": 8
    },
    {
      "policy": "neighbor9",
      "case_type": "template-offset-only",
      "denominator": 8,
      "signal_present": true,
      "recovered": 8,
      "control_leakage_cases": 0,
      "final_diagnostic_survivors": 540,
      "retained_truths": 8,
      "physical_truths": 8
    },
    {
      "policy": "neighbor9",
      "case_type": "smear-only",
      "denominator": 8,
      "signal_present": true,
      "recovered": 8,
      "control_leakage_cases": 0,
      "final_diagnostic_survivors": 568,
      "retained_truths": 8,
      "physical_truths": 8
    },
    {
      "policy": "neighbor9",
      "case_type": "combined",
      "denominator": 8,
      "signal_present": true,
      "recovered": 8,
      "control_leakage_cases": 0,
      "final_diagnostic_survivors": 584,
      "retained_truths": 8,
      "physical_truths": 8
    },
    {
      "policy": "neighbor9",
      "case_type": "single-epoch",
      "denominator": 8,
      "signal_present": false,
      "recovered": 0,
      "control_leakage_cases": 0,
      "final_diagnostic_survivors": 0,
      "retained_truths": 0,
      "physical_truths": 0
    },
    {
      "policy": "neighbor9",
      "case_type": "supported-spike",
      "denominator": 8,
      "signal_present": false,
      "recovered": 0,
      "control_leakage_cases": 1,
      "final_diagnostic_survivors": 1,
      "retained_truths": 0,
      "physical_truths": 0
    },
    {
      "policy": "neighbor9",
      "case_type": "ON-OFF",
      "denominator": 8,
      "signal_present": false,
      "recovered": 0,
      "control_leakage_cases": 1,
      "final_diagnostic_survivors": 3,
      "retained_truths": 0,
      "physical_truths": 0
    },
    {
      "policy": "neighbor9",
      "case_type": "mixed",
      "denominator": 8,
      "signal_present": true,
      "recovered": 8,
      "control_leakage_cases": 0,
      "final_diagnostic_survivors": 2710,
      "retained_truths": 8,
      "physical_truths": 8
    }
  ],
  "comparisons": {
    "neighbor2": {
      "signal_gain_cases": [
        2,
        4,
        8,
        11,
        13,
        17,
        20,
        22,
        26,
        29,
        31,
        35,
        38,
        47,
        49,
        53,
        56,
        65
      ],
      "signal_loss_cases": [],
      "additional_control_leakage_cases": [],
      "removed_control_leakage_cases": [],
      "development_conditions": {
        "no_signal_recovery_loss": true,
        "no_increase_in_control_leakage_cases": true,
        "no_ON_OFF_survivors": false,
        "no_additional_heldout_exceedances": true
      },
      "development_gate_passed": false
    },
    "neighbor9": {
      "signal_gain_cases": [
        2,
        4,
        8,
        11,
        13,
        17,
        20,
        22,
        26,
        29,
        31,
        35,
        38,
        44,
        47,
        49,
        53,
        56,
        65
      ],
      "signal_loss_cases": [],
      "additional_control_leakage_cases": [
        69
      ],
      "removed_control_leakage_cases": [],
      "development_conditions": {
        "no_signal_recovery_loss": true,
        "no_increase_in_control_leakage_cases": false,
        "no_ON_OFF_survivors": false,
        "no_additional_heldout_exceedances": true
      },
      "development_gate_passed": false
    }
  }
}
