off width 33: all-bank sparse oracle and 37 full-support anchors exact
off width 65: all-bank sparse oracle and 37 full-support anchors exact
on width 17: all-bank sparse oracle and 37 full-support anchors exact
on width 65: all-bank sparse oracle and 37 full-support anchors exact
off width 129: all-bank sparse oracle and 37 full-support anchors exact
on width 129: all-bank sparse oracle and 37 full-support anchors exact
on width 33: all-bank sparse oracle and 37 full-support anchors exact
off width 17: all-bank sparse oracle and 37 full-support anchors exact
on width 9: all-bank sparse oracle and 37 full-support anchors exact
off width 5: all-bank sparse oracle and 37 full-support anchors exact
off width 9: all-bank sparse oracle and 37 full-support anchors exact
on width 3: all-bank sparse oracle and 37 full-support anchors exact
off width 3: all-bank sparse oracle and 37 full-support anchors exact
on width 5: all-bank sparse oracle and 37 full-support anchors exact
on width 1: all-bank sparse oracle and 37 full-support anchors exact
off width 1: all-bank sparse oracle and 37 full-support anchors exact
off template 0: masks, masked stacks and four scrambles exact (1/37)
on template 0: masks, masked stacks and four scrambles exact (1/37)
off template 1: masks, masked stacks and four scrambles exact (2/37)
on template 1: masks, masked stacks and four scrambles exact (2/37)
off template 2: masks, masked stacks and four scrambles exact (3/37)
on template 2: masks, masked stacks and four scrambles exact (3/37)
on template 3: masks, masked stacks and four scrambles exact (4/37)
off template 3: masks, masked stacks and four scrambles exact (4/37)
on template 4: masks, masked stacks and four scrambles exact (5/37)
off template 4: masks, masked stacks and four scrambles exact (5/37)
on template 5: masks, masked stacks and four scrambles exact (6/37)
off template 5: masks, masked stacks and four scrambles exact (6/37)
on template 6: masks, masked stacks and four scrambles exact (7/37)
off template 6: masks, masked stacks and four scrambles exact (7/37)
on template 7: masks, masked stacks and four scrambles exact (8/37)
off template 7: masks, masked stacks and four scrambles exact (8/37)
on template 8: masks, masked stacks and four scrambles exact (9/37)
off template 8: masks, masked stacks and four scrambles exact (9/37)
on template 9: masks, masked stacks and four scrambles exact (10/37)
off template 9: masks, masked stacks and four scrambles exact (10/37)
on template 10: masks, masked stacks and four scrambles exact (11/37)
off template 10: masks, masked stacks and four scrambles exact (11/37)
on template 11: masks, masked stacks and four scrambles exact (12/37)
off template 11: masks, masked stacks and four scrambles exact (12/37)
on template 12: masks, masked stacks and four scrambles exact (13/37)
off template 12: masks, masked stacks and four scrambles exact (13/37)
on template 13: masks, masked stacks and four scrambles exact (14/37)
off template 13: masks, masked stacks and four scrambles exact (14/37)
on template 14: masks, masked stacks and four scrambles exact (15/37)
off template 14: masks, masked stacks and four scrambles exact (15/37)
on template 15: masks, masked stacks and four scrambles exact (16/37)
off template 15: masks, masked stacks and four scrambles exact (16/37)
on template 16: masks, masked stacks and four scrambles exact (17/37)
off template 16: masks, masked stacks and four scrambles exact (17/37)
on template 17: masks, masked stacks and four scrambles exact (18/37)
off template 17: masks, masked stacks and four scrambles exact (18/37)
on template 18: masks, masked stacks and four scrambles exact (19/37)
off template 18: masks, masked stacks and four scrambles exact (19/37)
on template 19: masks, masked stacks and four scrambles exact (20/37)
off template 19: masks, masked stacks and four scrambles exact (20/37)
on template 20: masks, masked stacks and four scrambles exact (21/37)
off template 20: masks, masked stacks and four scrambles exact (21/37)
on template 21: masks, masked stacks and four scrambles exact (22/37)
off template 21: masks, masked stacks and four scrambles exact (22/37)
on template 22: masks, masked stacks and four scrambles exact (23/37)
off template 22: masks, masked stacks and four scrambles exact (23/37)
on template 23: masks, masked stacks and four scrambles exact (24/37)
off template 23: masks, masked stacks and four scrambles exact (24/37)
on template 24: masks, masked stacks and four scrambles exact (25/37)
off template 24: masks, masked stacks and four scrambles exact (25/37)
on template 25: masks, masked stacks and four scrambles exact (26/37)
off template 25: masks, masked stacks and four scrambles exact (26/37)
on template 26: masks, masked stacks and four scrambles exact (27/37)
off template 26: masks, masked stacks and four scrambles exact (27/37)
on template 27: masks, masked stacks and four scrambles exact (28/37)
on template 28: masks, masked stacks and four scrambles exact (29/37)
off template 27: masks, masked stacks and four scrambles exact (28/37)
on template 29: masks, masked stacks and four scrambles exact (30/37)
off template 28: masks, masked stacks and four scrambles exact (29/37)
on template 30: masks, masked stacks and four scrambles exact (31/37)
off template 29: masks, masked stacks and four scrambles exact (30/37)
on template 31: masks, masked stacks and four scrambles exact (32/37)
off template 30: masks, masked stacks and four scrambles exact (31/37)
off template 31: masks, masked stacks and four scrambles exact (32/37)
on template 1696: masks, masked stacks and four scrambles exact (33/37)
on template 1697: masks, masked stacks and four scrambles exact (34/37)
off template 1696: masks, masked stacks and four scrambles exact (33/37)
on template 1698: masks, masked stacks and four scrambles exact (35/37)
off template 1697: masks, masked stacks and four scrambles exact (34/37)
on template 1699: masks, masked stacks and four scrambles exact (36/37)
off template 1698: masks, masked stacks and four scrambles exact (35/37)
on template 1700: masks, masked stacks and four scrambles exact (37/37)
off template 1699: masks, masked stacks and four scrambles exact (36/37)
off template 1700: masks, masked stacks and four scrambles exact (37/37)
{
  "source_width_products": 48,
  "anchor_templates_per_kind": 37,
  "full_support_epoch_cells_replayed": 1328080368,
  "all_bank_sparse_cells": 734832,
  "mask_bits_compared": 166010046,
  "masked_stack_cells_compared": 1770470720,
  "scrambled_stack_cells_compared_through_maxima": 7081882880,
  "paired_off_decisions_compared": 381024
}
