test_activation_environment_loader_ignores_unchecked_cached_bytecode (test_radio_native_v2_compact_eight_case_resource_fixture.CompactEightPreparationTests.test_activation_environment_loader_ignores_unchecked_cached_bytecode) ... ok
test_admitted_derived_helper_legacy_modes_cannot_write_without_guard (test_radio_native_v2_compact_eight_case_resource_fixture.CompactEightPreparationTests.test_admitted_derived_helper_legacy_modes_cannot_write_without_guard) ... ok
test_admitted_recipe_contract_requires_seven_args_for_tiny_library_reconstruction (test_radio_native_v2_compact_eight_case_resource_fixture.CompactEightPreparationTests.test_admitted_recipe_contract_requires_seven_args_for_tiny_library_reconstruction) ... ok
test_big_entrypoints_refuse_before_touching_any_scope (test_radio_native_v2_compact_eight_case_resource_fixture.CompactEightPreparationTests.test_big_entrypoints_refuse_before_touching_any_scope) ... ok
test_component_bootstrap_refuses_fifo_alias_and_oversize_before_compilation (test_radio_native_v2_compact_eight_case_resource_fixture.CompactEightPreparationTests.test_component_bootstrap_refuses_fifo_alias_and_oversize_before_compilation) ... ok
test_derived_node_workers_refuse_at_closed_gate_before_identity_or_outputs (test_radio_native_v2_compact_eight_case_resource_fixture.CompactEightPreparationTests.test_derived_node_workers_refuse_at_closed_gate_before_identity_or_outputs) ... ERROR
test_derived_source_worker_refuses_missing_admission_and_false_isolation_before_writes (test_radio_native_v2_compact_eight_case_resource_fixture.CompactEightPreparationTests.test_derived_source_worker_refuses_missing_admission_and_false_isolation_before_writes) ... ok
test_eight_domains_are_distinct_fixed_and_reject_nonordinals (test_radio_native_v2_compact_eight_case_resource_fixture.CompactEightPreparationTests.test_eight_domains_are_distinct_fixed_and_reject_nonordinals) ... ok
test_exact39_command_observation_count_cannot_hide_wrong_name (test_radio_native_v2_compact_eight_case_resource_fixture.CompactEightPreparationTests.test_exact39_command_observation_count_cannot_hide_wrong_name) ... ok
test_fresh_code_derivations_are_syntax_valid_without_executing_preparation (test_radio_native_v2_compact_eight_case_resource_fixture.CompactEightPreparationTests.test_fresh_code_derivations_are_syntax_valid_without_executing_preparation) ... ok
test_inherited_pipe_after_root_exit_is_bounded_by_original_deadline (test_radio_native_v2_compact_eight_case_resource_fixture.CompactEightPreparationTests.test_inherited_pipe_after_root_exit_is_bounded_by_original_deadline) ... ok
test_locally_valid_supplied_claim_cannot_generate_or_execute_cached_admission_code (test_radio_native_v2_compact_eight_case_resource_fixture.CompactEightPreparationTests.test_locally_valid_supplied_claim_cannot_generate_or_execute_cached_admission_code) ... ERROR
test_missing_child_identity_closes_with_direct_reap_without_tree_claim (test_radio_native_v2_compact_eight_case_resource_fixture.CompactEightPreparationTests.test_missing_child_identity_closes_with_direct_reap_without_tree_claim) ... ok
test_no_follow_json_and_pin_refuse_fifo_and_symlink_without_blocking (test_radio_native_v2_compact_eight_case_resource_fixture.CompactEightPreparationTests.test_no_follow_json_and_pin_refuse_fifo_and_symlink_without_blocking) ... ok
test_observer_registration_and_setup_failures_reap_child_and_close_every_pipe (test_radio_native_v2_compact_eight_case_resource_fixture.CompactEightPreparationTests.test_observer_registration_and_setup_failures_reap_child_and_close_every_pipe) ... ok
test_oversized_output_is_not_retained_beyond_fixed_buffer_cap (test_radio_native_v2_compact_eight_case_resource_fixture.CompactEightPreparationTests.test_oversized_output_is_not_retained_beyond_fixed_buffer_cap) ... ok
test_plan_only_cli_pins_fresh_derivations_and_creates_no_source_scope (test_radio_native_v2_compact_eight_case_resource_fixture.CompactEightPreparationTests.test_plan_only_cli_pins_fresh_derivations_and_creates_no_source_scope) ... ok
test_plan_selected_activation_source_cannot_execute_before_receipt_check (test_radio_native_v2_compact_eight_case_resource_fixture.CompactEightPreparationTests.test_plan_selected_activation_source_cannot_execute_before_receipt_check) ... ok
test_plan_selected_admission_source_cannot_replace_independent_entry_implementation (test_radio_native_v2_compact_eight_case_resource_fixture.CompactEightPreparationTests.test_plan_selected_admission_source_cannot_replace_independent_entry_implementation) ... ERROR
test_prepared_and_terminal_identity_cannot_relabel_a_frozen_outer_case (test_radio_native_v2_compact_eight_case_resource_fixture.CompactEightPreparationTests.test_prepared_and_terminal_identity_cannot_relabel_a_frozen_outer_case) ... ok
test_sample_retention_stays_bounded_without_discarding_kernel_peak (test_radio_native_v2_compact_eight_case_resource_fixture.CompactEightPreparationTests.test_sample_retention_stays_bounded_without_discarding_kernel_peak) ... ok
test_sibling_procfs_pid_cannot_substitute_for_launched_child (test_radio_native_v2_compact_eight_case_resource_fixture.CompactEightPreparationTests.test_sibling_procfs_pid_cannot_substitute_for_launched_child) ... ok
test_storage_inventory_includes_directories_and_rejects_symlink (test_radio_native_v2_compact_eight_case_resource_fixture.CompactEightPreparationTests.test_storage_inventory_includes_directories_and_rejects_symlink) ... ok
test_tiny_source_domain_reader_rejects_other_ordinals_corruption_and_aliases (test_radio_native_v2_compact_eight_case_resource_fixture.CompactEightPreparationTests.test_tiny_source_domain_reader_rejects_other_ordinals_corruption_and_aliases) ... ok
test_wait4_nested_small_child_peak_is_maximum_process_not_concurrent_sum (test_radio_native_v2_compact_eight_case_resource_fixture.CompactEightPreparationTests.test_wait4_nested_small_child_peak_is_maximum_process_not_concurrent_sum) ... ok
test_tiny_resource_helper_roundtrip (test_radio_native_v2_compact_eight_case_resource_fixture.SmallLosslessProjectorRoundtrip.test_tiny_resource_helper_roundtrip) ... ok
test_activation_receipt_false_readback_authority_and_stale_pins_are_refused (test_radio_native_v2_worker_admission.WorkerAdmissionTests.test_activation_receipt_false_readback_authority_and_stale_pins_are_refused) ... ok
test_builder_creates_no_execution_scope_and_copies_input_metadata (test_radio_native_v2_worker_admission.WorkerAdmissionTests.test_builder_creates_no_execution_scope_and_copies_input_metadata) ... ok
test_bundle_fifo_is_rejected_without_blocking (test_radio_native_v2_worker_admission.WorkerAdmissionTests.test_bundle_fifo_is_rejected_without_blocking) ... ok
test_cached_parent_bundle_digest_refuses_replacement_even_if_internal_pins_match (test_radio_native_v2_worker_admission.WorkerAdmissionTests.test_cached_parent_bundle_digest_refuses_replacement_even_if_internal_pins_match) ... ok
test_candidate_custody_source_pin_cannot_replace_independent_bootstrap (test_radio_native_v2_worker_admission.WorkerAdmissionTests.test_candidate_custody_source_pin_cannot_replace_independent_bootstrap) ... ok
test_canonical_json_duplicates_and_nonfinite_are_refused_even_with_matching_digest (test_radio_native_v2_worker_admission.WorkerAdmissionTests.test_canonical_json_duplicates_and_nonfinite_are_refused_even_with_matching_digest) ... ok
test_canonical_path_aliases_are_refused_before_material_reads (test_radio_native_v2_worker_admission.WorkerAdmissionTests.test_canonical_path_aliases_are_refused_before_material_reads) ... ok
test_case_shape_and_original_limits_require_exact_integer_types (test_radio_native_v2_worker_admission.WorkerAdmissionTests.test_case_shape_and_original_limits_require_exact_integer_types) ... ok
test_check_only_cli_runs_under_isolated_python_and_creates_nothing (test_radio_native_v2_worker_admission.WorkerAdmissionTests.test_check_only_cli_runs_under_isolated_python_and_creates_nothing) ... ok
test_crosscase_source_domain_is_refused_despite_consistent_digest_refresh (test_radio_native_v2_worker_admission.WorkerAdmissionTests.test_crosscase_source_domain_is_refused_despite_consistent_digest_refresh) ... ok
test_eight_case_ordinals_bind_exact_domains_and_case_layouts (test_radio_native_v2_worker_admission.WorkerAdmissionTests.test_eight_case_ordinals_bind_exact_domains_and_case_layouts) ... ok
test_exact_argv_refuses_extra_argument_flags_crosscase_or_wrong_domain (test_radio_native_v2_worker_admission.WorkerAdmissionTests.test_exact_argv_refuses_extra_argument_flags_crosscase_or_wrong_domain) ... ok
test_existing_generator_outputs_refuse_scope_reuse_before_any_mutation (test_radio_native_v2_worker_admission.WorkerAdmissionTests.test_existing_generator_outputs_refuse_scope_reuse_before_any_mutation) ... ok
test_material_runtime_same_bytes_replacement_or_hardlink_is_refused (test_radio_native_v2_worker_admission.WorkerAdmissionTests.test_material_runtime_same_bytes_replacement_or_hardlink_is_refused) ... ok
test_materialized_generator_or_code_tampering_is_detected (test_radio_native_v2_worker_admission.WorkerAdmissionTests.test_materialized_generator_or_code_tampering_is_detected) ... ERROR
test_minimal_complete_child_environment_refuses_injection_missing_or_numeric_values (test_radio_native_v2_worker_admission.WorkerAdmissionTests.test_minimal_complete_child_environment_refuses_injection_missing_or_numeric_values) ... ok
test_missing_extra_cache_or_fifo_material_entries_are_refused (test_radio_native_v2_worker_admission.WorkerAdmissionTests.test_missing_extra_cache_or_fifo_material_entries_are_refused) ... ok
test_ordinals_refuse_boolean_float_string_or_crosscase (test_radio_native_v2_worker_admission.WorkerAdmissionTests.test_ordinals_refuse_boolean_float_string_or_crosscase) ... ok
test_original_freeze_omission_and_runtime_version_type_are_refused (test_radio_native_v2_worker_admission.WorkerAdmissionTests.test_original_freeze_omission_and_runtime_version_type_are_refused) ... ok
test_postactivation_worker_does_not_reopen_git_or_scan_git_aliases (test_radio_native_v2_worker_admission.WorkerAdmissionTests.test_postactivation_worker_does_not_reopen_git_or_scan_git_aliases) ... ok
test_recomputed_metadata_hashes_do_not_hide_authority_claims (test_radio_native_v2_worker_admission.WorkerAdmissionTests.test_recomputed_metadata_hashes_do_not_hide_authority_claims) ... ok
test_rehashed_receipt_custody_scope_ceased_bit_and_spent_identity_refuse (test_radio_native_v2_worker_admission.WorkerAdmissionTests.test_rehashed_receipt_custody_scope_ceased_bit_and_spent_identity_refuse) ... ok
test_retained_digest_is_mandatory_and_covers_the_terminal_newline (test_radio_native_v2_worker_admission.WorkerAdmissionTests.test_retained_digest_is_mandatory_and_covers_the_terminal_newline) ... ok
test_selfconsistent_manifest_cannot_replace_root_or_lifecycle_policy (test_radio_native_v2_worker_admission.WorkerAdmissionTests.test_selfconsistent_manifest_cannot_replace_root_or_lifecycle_policy) ... ok
test_symlink_hardlink_and_ancestor_aliases_are_refused (test_radio_native_v2_worker_admission.WorkerAdmissionTests.test_symlink_hardlink_and_ancestor_aliases_are_refused) ... ok
test_unknown_proof_fields_or_nonimmutable_commit_ids_are_refused (test_radio_native_v2_worker_admission.WorkerAdmissionTests.test_unknown_proof_fields_or_nonimmutable_commit_ids_are_refused) ... ok
test_unpinned_empty_material_directory_is_refused (test_radio_native_v2_worker_admission.WorkerAdmissionTests.test_unpinned_empty_material_directory_is_refused) ... ok
test_valid_local_supplied_claim_has_no_publication_or_execution_authority (test_radio_native_v2_worker_admission.WorkerAdmissionTests.test_valid_local_supplied_claim_has_no_publication_or_execution_authority) ... ok
test_all_caller_terminal_and_rss_names_refuse_reuse (test_radio_native_v2_worker_admission.WorkerRoleAdmissionTests.test_all_caller_terminal_and_rss_names_refuse_reuse) ... ok
test_archive_prefix_and_unexpected_authorization_prepared_fields_refused (test_radio_native_v2_worker_admission.WorkerRoleAdmissionTests.test_archive_prefix_and_unexpected_authorization_prepared_fields_refused) ... ok
test_caller_checks_tiny_current_prepared_snapshot_and_keeps_all_closure_false (test_radio_native_v2_worker_admission.WorkerRoleAdmissionTests.test_caller_checks_tiny_current_prepared_snapshot_and_keeps_all_closure_false) ... ok
test_caller_preexisting_outputs_rejected_and_running_snapshot_is_explicit (test_radio_native_v2_worker_admission.WorkerRoleAdmissionTests.test_caller_preexisting_outputs_rejected_and_running_snapshot_is_explicit) ... ok
test_command_identity_output_reuse_refused (test_radio_native_v2_worker_admission.WorkerRoleAdmissionTests.test_command_identity_output_reuse_refused) ... ok
test_command_label_and_literal_must_select_frozen_prepared_command (test_radio_native_v2_worker_admission.WorkerRoleAdmissionTests.test_command_label_and_literal_must_select_frozen_prepared_command) ... ok
test_exact_node_flags_role_and_bundle_digest_cannot_be_relabelled (test_radio_native_v2_worker_admission.WorkerRoleAdmissionTests.test_exact_node_flags_role_and_bundle_digest_cannot_be_relabelled) ... ok
test_phase_descriptor_bounds_and_boolean_bytes_rejected_in_builder (test_radio_native_v2_worker_admission.WorkerRoleAdmissionTests.test_phase_descriptor_bounds_and_boolean_bytes_rejected_in_builder) ... ok
test_project_exact_options_recipe_digest_and_trace_identity_checked (test_radio_native_v2_worker_admission.WorkerRoleAdmissionTests.test_project_exact_options_recipe_digest_and_trace_identity_checked) ... ok
test_project_noncanonical_preparation_recipe_cannot_be_admitted (test_radio_native_v2_worker_admission.WorkerRoleAdmissionTests.test_project_noncanonical_preparation_recipe_cannot_be_admitted) ... ok
test_project_rehashed_trace_crosscase_identity_refused_without_full_parse (test_radio_native_v2_worker_admission.WorkerRoleAdmissionTests.test_project_rehashed_trace_crosscase_identity_refused_without_full_parse) ... ok
test_reader_exact_current_byte_range_and_wrapper_argv_binding (test_radio_native_v2_worker_admission.WorkerRoleAdmissionTests.test_reader_exact_current_byte_range_and_wrapper_argv_binding) ... ok
test_reader_rehashed_wire_tampering_still_refuses_prepared_pin_and_output_sha (test_radio_native_v2_worker_admission.WorkerRoleAdmissionTests.test_reader_rehashed_wire_tampering_still_refuses_prepared_pin_and_output_sha) ... ok
test_rehashed_crosscase_domain_and_false_numeric_fields_refused (test_radio_native_v2_worker_admission.WorkerRoleAdmissionTests.test_rehashed_crosscase_domain_and_false_numeric_fields_refused) ... ok
test_rehashed_prepared_reader_arbitrary_script_or_boolean_reservation_refused (test_radio_native_v2_worker_admission.WorkerRoleAdmissionTests.test_rehashed_prepared_reader_arbitrary_script_or_boolean_reservation_refused) ... ok
test_retained_verifier_refuses_truncated_actual_payload_despite_matching_file_descriptor (test_radio_native_v2_worker_admission.WorkerRoleAdmissionTests.test_retained_verifier_refuses_truncated_actual_payload_despite_matching_file_descriptor) ... ok
test_role_input_symlink_hardlink_and_extra_phase_key_are_refused (test_radio_native_v2_worker_admission.WorkerRoleAdmissionTests.test_role_input_symlink_hardlink_and_extra_phase_key_are_refused) ... ok
test_role_layout_binds_node_bundle_and_receipt_paths (test_radio_native_v2_worker_admission.WorkerRoleAdmissionTests.test_role_layout_binds_node_bundle_and_receipt_paths) ... ok
test_stale_prepared_file_pin_refused_before_material_scope_mutation (test_radio_native_v2_worker_admission.WorkerRoleAdmissionTests.test_stale_prepared_file_pin_refused_before_material_scope_mutation) ... ok
test_tail_matching_payload_hash_cannot_hide_wrong_terminal_case_identity (test_radio_native_v2_worker_admission.WorkerRoleAdmissionTests.test_tail_matching_payload_hash_cannot_hide_wrong_terminal_case_identity) ... ok
test_tail_pinned_bootstrap_payload_and_explicit_terminal_identity_checked (test_radio_native_v2_worker_admission.WorkerRoleAdmissionTests.test_tail_pinned_bootstrap_payload_and_explicit_terminal_identity_checked) ... ok
test_verifier_exact_integer_resource_fields_and_replay_are_refused (test_radio_native_v2_worker_admission.WorkerRoleAdmissionTests.test_verifier_exact_integer_resource_fields_and_replay_are_refused) ... ok
test_verifier_rehashed_current_prepared_identity_still_must_match_retained_trace (test_radio_native_v2_worker_admission.WorkerRoleAdmissionTests.test_verifier_rehashed_current_prepared_identity_still_must_match_retained_trace) ... ok
test_whole_control_current_embedded_plan_snapshot_must_match (test_radio_native_v2_worker_admission.WorkerRoleAdmissionTests.test_whole_control_current_embedded_plan_snapshot_must_match) ... ok
test_whole_control_exact_roots_none_ordinal_and_no_case_scope_reuse (test_radio_native_v2_worker_admission.WorkerRoleAdmissionTests.test_whole_control_exact_roots_none_ordinal_and_no_case_scope_reuse) ... ok
test_whole_verifier_joins_eight_current_prepared_and_trace_identities (test_radio_native_v2_worker_admission.WorkerRoleAdmissionTests.test_whole_verifier_joins_eight_current_prepared_and_trace_identities) ... ok
test_actual_supervisor_interpreter_flags_are_checked_before_mutation (test_radio_native_v2_process_tree_supervisor.DedicatedSubreaperTests.test_actual_supervisor_interpreter_flags_are_checked_before_mutation) ... ok
test_admission_check_only_rejects_scope_and_checks_without_subprocess (test_radio_native_v2_process_tree_supervisor.DedicatedSubreaperTests.test_admission_check_only_rejects_scope_and_checks_without_subprocess) ... ok
test_admitted_cli_requires_independently_retained_bundle_hash (test_radio_native_v2_process_tree_supervisor.DedicatedSubreaperTests.test_admitted_cli_requires_independently_retained_bundle_hash) ... ok
test_admitted_dispatch_checks_before_creating_scope_or_spawning (test_radio_native_v2_process_tree_supervisor.DedicatedSubreaperTests.test_admitted_dispatch_checks_before_creating_scope_or_spawning) ... ok
test_all_role_controls_preserve_case_run_command_and_tiny_limits (test_radio_native_v2_process_tree_supervisor.DedicatedSubreaperTests.test_all_role_controls_preserve_case_run_command_and_tiny_limits) ... ok
test_bootstrap_pins_bind_current_reviewed_dependency_sources (test_radio_native_v2_process_tree_supervisor.DedicatedSubreaperTests.test_bootstrap_pins_bind_current_reviewed_dependency_sources) ... ok
test_bundle_hash_and_special_files_refuse_before_loading_worker (test_radio_native_v2_process_tree_supervisor.DedicatedSubreaperTests.test_bundle_hash_and_special_files_refuse_before_loading_worker) ... ok
test_caller_observation_json_refuses_duplicate_and_nonfinite_metadata (test_radio_native_v2_process_tree_supervisor.DedicatedSubreaperTests.test_caller_observation_json_refuses_duplicate_and_nonfinite_metadata) ... ok
test_caller_rss_accessor_is_bound_to_live_root_and_keeps_final_join_false (test_radio_native_v2_process_tree_supervisor.DedicatedSubreaperTests.test_caller_rss_accessor_is_bound_to_live_root_and_keeps_final_join_false) ... ok
test_caller_rss_handshake_rejects_forged_pid_without_writing_response (test_radio_native_v2_process_tree_supervisor.DedicatedSubreaperTests.test_caller_rss_handshake_rejects_forged_pid_without_writing_response) ... ok
test_cli_does_not_accept_generic_argv_or_existing_worker_routes (test_radio_native_v2_process_tree_supervisor.DedicatedSubreaperTests.test_cli_does_not_accept_generic_argv_or_existing_worker_routes) ... ok
test_control_limits_reject_boolean_nonfinite_and_oversized_values (test_radio_native_v2_process_tree_supervisor.DedicatedSubreaperTests.test_control_limits_reject_boolean_nonfinite_and_oversized_values) ... ok
test_deadline_kills_root_then_adopted_children_by_pidfd_and_reaps (test_radio_native_v2_process_tree_supervisor.DedicatedSubreaperTests.test_deadline_kills_root_then_adopted_children_by_pidfd_and_reaps) ... ok
test_double_fork_has_no_unreaped_daemon_in_subreaper_scope (test_radio_native_v2_process_tree_supervisor.DedicatedSubreaperTests.test_double_fork_has_no_unreaped_daemon_in_subreaper_scope) ... ok
test_engineering_pin_reader_refuses_oversized_input_before_read (test_radio_native_v2_process_tree_supervisor.DedicatedSubreaperTests.test_engineering_pin_reader_refuses_oversized_input_before_read) ... ok
test_escape_guard_is_inherited_and_refuses_namespace_tracing_and_clone3 (test_radio_native_v2_process_tree_supervisor.DedicatedSubreaperTests.test_escape_guard_is_inherited_and_refuses_namespace_tracing_and_clone3) ... ok
test_exact_raw_output_passthrough_has_no_json_summary_or_raw_file (test_radio_native_v2_process_tree_supervisor.DedicatedSubreaperTests.test_exact_raw_output_passthrough_has_no_json_summary_or_raw_file) ... ok
test_exact_supervisor_orig_argv_refuses_extra_flags_and_interpreter_alias (test_radio_native_v2_process_tree_supervisor.DedicatedSubreaperTests.test_exact_supervisor_orig_argv_refuses_extra_flags_and_interpreter_alias) ... ok
test_generic_function_refuses_shared_process_before_mutation (test_radio_native_v2_process_tree_supervisor.DedicatedSubreaperTests.test_generic_function_refuses_shared_process_before_mutation) ... ok
test_generic_role_dispatch_checks_before_scope_creation_or_launch (test_radio_native_v2_process_tree_supervisor.DedicatedSubreaperTests.test_generic_role_dispatch_checks_before_scope_creation_or_launch) ... ok
test_incomplete_live_rss_publication_retries_without_sampling_or_response (test_radio_native_v2_process_tree_supervisor.DedicatedSubreaperTests.test_incomplete_live_rss_publication_retries_without_sampling_or_response) ... ok
test_materialized_fixture_gate_refuses_before_scope_and_launch (test_radio_native_v2_process_tree_supervisor.DedicatedSubreaperTests.test_materialized_fixture_gate_refuses_before_scope_and_launch) ... ok
test_nonzero_adopted_exit_closes_even_when_root_exit_is_zero (test_radio_native_v2_process_tree_supervisor.DedicatedSubreaperTests.test_nonzero_adopted_exit_closes_even_when_root_exit_is_zero) ... ok
test_orphan_is_adopted_reaped_and_required_before_echild (test_radio_native_v2_process_tree_supervisor.DedicatedSubreaperTests.test_orphan_is_adopted_reaped_and_required_before_echild) ... ok
test_output_overflow_remains_bounded_and_is_never_written_as_raw_file (test_radio_native_v2_process_tree_supervisor.DedicatedSubreaperTests.test_output_overflow_remains_bounded_and_is_never_written_as_raw_file) ... ok
test_pipeline_controls_are_separate_and_keep_original_case_caps (test_radio_native_v2_process_tree_supervisor.DedicatedSubreaperTests.test_pipeline_controls_are_separate_and_keep_original_case_caps) ... ok
test_proper_nested_wait_is_covered_by_root_kernel_receipt (test_radio_native_v2_process_tree_supervisor.DedicatedSubreaperTests.test_proper_nested_wait_is_covered_by_root_kernel_receipt) ... ok
test_raw_output_backpressure_is_bounded_by_deadline (test_radio_native_v2_process_tree_supervisor.DedicatedSubreaperTests.test_raw_output_backpressure_is_bounded_by_deadline) ... ok
test_real_admission_check_cli_has_no_scope_or_generator_side_effects (test_radio_native_v2_process_tree_supervisor.DedicatedSubreaperTests.test_real_admission_check_cli_has_no_scope_or_generator_side_effects) ... ok
test_real_role_checks_bind_case_and_whole_layouts_without_dispatch (test_radio_native_v2_process_tree_supervisor.DedicatedSubreaperTests.test_real_role_checks_bind_case_and_whole_layouts_without_dispatch) ... ok
test_real_structural_check_is_read_only_and_large_dispatch_stays_closed (test_radio_native_v2_process_tree_supervisor.DedicatedSubreaperTests.test_real_structural_check_is_read_only_and_large_dispatch_stays_closed) ... ok
test_reaped_receipt_count_is_bounded_and_overflow_closes (test_radio_native_v2_process_tree_supervisor.DedicatedSubreaperTests.test_reaped_receipt_count_is_bounded_and_overflow_closes) ... ok
test_source_module_ignores_bytecode_and_rejects_changed_source_pins (test_radio_native_v2_process_tree_supervisor.DedicatedSubreaperTests.test_source_module_ignores_bytecode_and_rejects_changed_source_pins) ... ok
test_storage_scan_is_bounded_and_rejects_nonregular_aliases (test_radio_native_v2_process_tree_supervisor.DedicatedSubreaperTests.test_storage_scan_is_bounded_and_rejects_nonregular_aliases) ... ok
test_unverified_bundle_cannot_select_executable_admission_implementation (test_radio_native_v2_process_tree_supervisor.DedicatedSubreaperTests.test_unverified_bundle_cannot_select_executable_admission_implementation) ... ok
test_actual_isolated_final_report_writer_fsyncs_and_exits (test_radio_native_v2_resource_finalization.ResourceFinalizationTests.test_actual_isolated_final_report_writer_fsyncs_and_exits) ... ok
test_actual_tiny_fixture_observation_has_the_exact_join_fields (test_radio_native_v2_resource_finalization.ResourceFinalizationTests.test_actual_tiny_fixture_observation_has_the_exact_join_fields) ... ok
test_bool_ordinal_and_scientific_authority_are_rejected (test_radio_native_v2_resource_finalization.ResourceFinalizationTests.test_bool_ordinal_and_scientific_authority_are_rejected) ... ok
test_changed_admission_stamp_is_not_taken_from_pending_json (test_radio_native_v2_resource_finalization.ResourceFinalizationTests.test_changed_admission_stamp_is_not_taken_from_pending_json) ... ok
test_closed_driver_guard_precedes_identity_write_and_child_launch (test_radio_native_v2_resource_finalization.ResourceFinalizationTests.test_closed_driver_guard_precedes_identity_write_and_child_launch) ... ok
test_completion_rejects_extra_output_and_enlarged_remaining_deadline (test_radio_native_v2_resource_finalization.ResourceFinalizationTests.test_completion_rejects_extra_output_and_enlarged_remaining_deadline) ... ok
test_copied_material_failure_precedes_fixture_compile_and_writer_identity (test_radio_native_v2_resource_finalization.ResourceFinalizationTests.test_copied_material_failure_precedes_fixture_compile_and_writer_identity) ... ok
test_copied_source_inventory_rejects_extra_file_and_empty_directory (test_radio_native_v2_resource_finalization.ResourceFinalizationTests.test_copied_source_inventory_rejects_extra_file_and_empty_directory) ... ok
test_copied_source_inventory_rejects_missing_source (test_radio_native_v2_resource_finalization.ResourceFinalizationTests.test_copied_source_inventory_rejects_missing_source) ... ok
test_copied_source_inventory_rejects_same_byte_hardlink (test_radio_native_v2_resource_finalization.ResourceFinalizationTests.test_copied_source_inventory_rejects_same_byte_hardlink) ... ok
test_copied_source_inventory_rejects_source_and_ancestor_symlinks (test_radio_native_v2_resource_finalization.ResourceFinalizationTests.test_copied_source_inventory_rejects_source_and_ancestor_symlinks) ... ok
test_copied_source_pin_map_has_explicit_count_path_and_byte_bounds (test_radio_native_v2_resource_finalization.ResourceFinalizationTests.test_copied_source_pin_map_has_explicit_count_path_and_byte_bounds) ... ok
test_delayed_outer_finalization_is_charged_before_disposition (test_radio_native_v2_resource_finalization.ResourceFinalizationTests.test_delayed_outer_finalization_is_charged_before_disposition) ... ok
test_descendant_completion_label_requires_exact_escape_guard_contract (test_radio_native_v2_resource_finalization.ResourceFinalizationTests.test_descendant_completion_label_requires_exact_escape_guard_contract) ... ok
test_driver_receipt_must_cover_snapshot_fsync_and_termination (test_radio_native_v2_resource_finalization.ResourceFinalizationTests.test_driver_receipt_must_cover_snapshot_fsync_and_termination) ... ok
test_duplicate_json_properties_rejected_before_join (test_radio_native_v2_resource_finalization.ResourceFinalizationTests.test_duplicate_json_properties_rejected_before_join) ... ok
test_exact_copied_source_inventory_checks_every_pin (test_radio_native_v2_resource_finalization.ResourceFinalizationTests.test_exact_copied_source_inventory_checks_every_pin) ... ok
test_extra_file_after_driver_snapshot_cannot_hide_as_shared_overhead (test_radio_native_v2_resource_finalization.ResourceFinalizationTests.test_extra_file_after_driver_snapshot_cannot_hide_as_shared_overhead) ... ok
test_filesystem_failure_does_not_leave_or_write_pass (test_radio_native_v2_resource_finalization.ResourceFinalizationTests.test_filesystem_failure_does_not_leave_or_write_pass) ... ok
test_fixed_cli_never_accepts_arbitrary_launch_argv (test_radio_native_v2_resource_finalization.ResourceFinalizationTests.test_fixed_cli_never_accepts_arbitrary_launch_argv) ... ok
test_forged_driver_receipt_bytes_fail_expected_pin (test_radio_native_v2_resource_finalization.ResourceFinalizationTests.test_forged_driver_receipt_bytes_fail_expected_pin) ... ok
test_growing_source_read_is_bounded_before_drift_rejection (test_radio_native_v2_resource_finalization.ResourceFinalizationTests.test_growing_source_read_is_bounded_before_drift_rejection) ... ok
test_identity_swap_rejected_after_rehash (test_radio_native_v2_resource_finalization.ResourceFinalizationTests.test_identity_swap_rejected_after_rehash) ... ok
test_independently_captured_completion_binds_pending_pin_and_dynamic_deadline (test_radio_native_v2_resource_finalization.ResourceFinalizationTests.test_independently_captured_completion_binds_pending_pin_and_dynamic_deadline) ... ok
test_interpreter_executable_hash_cannot_be_self_selected (test_radio_native_v2_resource_finalization.ResourceFinalizationTests.test_interpreter_executable_hash_cannot_be_self_selected) ... ok
test_legacy_missing_material_rss_fields_remain_unqualified (test_radio_native_v2_resource_finalization.ResourceFinalizationTests.test_legacy_missing_material_rss_fields_remain_unqualified) ... ok
test_metadata_reservation_replaces_materialized_bytes_instead_of_double_count (test_radio_native_v2_resource_finalization.ResourceFinalizationTests.test_metadata_reservation_replaces_materialized_bytes_instead_of_double_count) ... ok
test_missing_driver_receipt_preserves_pending (test_radio_native_v2_resource_finalization.ResourceFinalizationTests.test_missing_driver_receipt_preserves_pending) ... ok
test_optional_material_worker_rss_fields_have_an_exact_inclusive_cap (test_radio_native_v2_resource_finalization.ResourceFinalizationTests.test_optional_material_worker_rss_fields_have_an_exact_inclusive_cap) ... ok
test_original_calls_and_time_boundaries_are_inclusive (test_radio_native_v2_resource_finalization.ResourceFinalizationTests.test_original_calls_and_time_boundaries_are_inclusive) ... ok
test_original_driver_interpreter_alias_rejected_before_identity_or_launch (test_radio_native_v2_resource_finalization.ResourceFinalizationTests.test_original_driver_interpreter_alias_rejected_before_identity_or_launch) ... ok
test_original_storage_boundary_and_extra_allocated_block (test_radio_native_v2_resource_finalization.ResourceFinalizationTests.test_original_storage_boundary_and_extra_allocated_block) ... ok
test_persisted_final_report_requires_and_joins_distinct_writer_observation (test_radio_native_v2_resource_finalization.ResourceFinalizationTests.test_persisted_final_report_requires_and_joins_distinct_writer_observation) ... ok
test_production_writer_cli_refuses_missing_activation_before_identity (test_radio_native_v2_resource_finalization.ResourceFinalizationTests.test_production_writer_cli_refuses_missing_activation_before_identity) ... ok
test_production_writer_material_custody_gate_precedes_identity_or_output (test_radio_native_v2_resource_finalization.ResourceFinalizationTests.test_production_writer_material_custody_gate_precedes_identity_or_output) ... ok
test_rehashed_driver_with_unexpected_interpreter_argv_still_fails (test_radio_native_v2_resource_finalization.ResourceFinalizationTests.test_rehashed_driver_with_unexpected_interpreter_argv_still_fails) ... ok
test_report_scope_cannot_select_unverified_executable_fixture (test_radio_native_v2_resource_finalization.ResourceFinalizationTests.test_report_scope_cannot_select_unverified_executable_fixture) ... ok
test_report_scope_gate_passes_exact_material_evidence_and_scope_without_launch (test_radio_native_v2_resource_finalization.ResourceFinalizationTests.test_report_scope_gate_passes_exact_material_evidence_and_scope_without_launch) ... ok
test_subreaper_direct_receipt_does_not_imply_full_descendant_wait_chain (test_radio_native_v2_resource_finalization.ResourceFinalizationTests.test_subreaper_direct_receipt_does_not_imply_full_descendant_wait_chain) ... ok
test_symlink_hardlink_and_fifo_storage_entries_rejected (test_radio_native_v2_resource_finalization.ResourceFinalizationTests.test_symlink_hardlink_and_fifo_storage_entries_rejected) ... ok
test_synthetic_writer_observation_cannot_certify_material_report (test_radio_native_v2_resource_finalization.ResourceFinalizationTests.test_synthetic_writer_observation_cannot_certify_material_report) ... ok
test_terminal_metadata_overallocation_is_rejected (test_radio_native_v2_resource_finalization.ResourceFinalizationTests.test_terminal_metadata_overallocation_is_rejected) ... ok
test_tiny_synthetic_join_counts_shared_directories_and_reserved_final_metadata (test_radio_native_v2_resource_finalization.ResourceFinalizationTests.test_tiny_synthetic_join_counts_shared_directories_and_reserved_final_metadata) ... ok
test_tiny_writer_lifetime_join_rechecks_report_bytes_and_observed_deadline (test_radio_native_v2_resource_finalization.ResourceFinalizationTests.test_tiny_writer_lifetime_join_rechecks_report_bytes_and_observed_deadline) ... ok
test_tiny_writer_lifetime_join_rechecks_storage_after_parent_metadata (test_radio_native_v2_resource_finalization.ResourceFinalizationTests.test_tiny_writer_lifetime_join_rechecks_storage_after_parent_metadata) ... ok
test_tiny_writer_refuses_real_qualification_extra_fields_or_full_input (test_radio_native_v2_resource_finalization.ResourceFinalizationTests.test_tiny_writer_refuses_real_qualification_extra_fields_or_full_input) ... ok
test_tiny_writer_storage_bound_precedes_identity (test_radio_native_v2_resource_finalization.ResourceFinalizationTests.test_tiny_writer_storage_bound_precedes_identity) ... ok
test_exact_secret_free_environment_passes_and_stays_blocked (test_radio_native_v2_activation_environment.ActivationEnvironmentTests.test_exact_secret_free_environment_passes_and_stays_blocked) ... ok
test_missing_extra_or_changed_environment_is_refused (test_radio_native_v2_activation_environment.ActivationEnvironmentTests.test_missing_extra_or_changed_environment_is_refused) ... ok
test_noncanonical_or_unpinned_executable_is_refused (test_radio_native_v2_activation_environment.ActivationEnvironmentTests.test_noncanonical_or_unpinned_executable_is_refused) ... ok
test_platform_contract_is_secret_free_exact_and_drift_closes (test_radio_native_v2_activation_environment.ActivationEnvironmentTests.test_platform_contract_is_secret_free_exact_and_drift_closes) ... ok
test_runtime_path_drift_and_authority_are_refused (test_radio_native_v2_activation_environment.ActivationEnvironmentTests.test_runtime_path_drift_and_authority_are_refused) ... ok
test_authorizing_freeze_claim_and_numeric_false_impostor_are_refused (test_radio_native_v2_compact_preparation_audit.CompactPreparationAuditTests.test_authorizing_freeze_claim_and_numeric_false_impostor_are_refused) ... 
  test_authorizing_freeze_claim_and_numeric_false_impostor_are_refused (test_radio_native_v2_compact_preparation_audit.CompactPreparationAuditTests.test_authorizing_freeze_claim_and_numeric_false_impostor_are_refused) (value=True) ... FAIL
  test_authorizing_freeze_claim_and_numeric_false_impostor_are_refused (test_radio_native_v2_compact_preparation_audit.CompactPreparationAuditTests.test_authorizing_freeze_claim_and_numeric_false_impostor_are_refused) (value=0) ... FAIL
  test_authorizing_freeze_claim_and_numeric_false_impostor_are_refused (test_radio_native_v2_compact_preparation_audit.CompactPreparationAuditTests.test_authorizing_freeze_claim_and_numeric_false_impostor_are_refused) (value=None) ... FAIL
  test_authorizing_freeze_claim_and_numeric_false_impostor_are_refused (test_radio_native_v2_compact_preparation_audit.CompactPreparationAuditTests.test_authorizing_freeze_claim_and_numeric_false_impostor_are_refused) (value='false') ... FAIL
test_authorizing_freeze_claim_and_numeric_false_impostor_are_refused (test_radio_native_v2_compact_preparation_audit.CompactPreparationAuditTests.test_authorizing_freeze_claim_and_numeric_false_impostor_are_refused) ... FAIL
test_changed_runtime_and_missing_runtime_bytes_are_refused (test_radio_native_v2_compact_preparation_audit.CompactPreparationAuditTests.test_changed_runtime_and_missing_runtime_bytes_are_refused) ... FAIL
test_child_environment_or_python_flags_drift_is_refused (test_radio_native_v2_compact_preparation_audit.CompactPreparationAuditTests.test_child_environment_or_python_flags_drift_is_refused) ... ok
test_consistent_code_subset_is_refused_by_actual_checkout_enumeration (test_radio_native_v2_compact_preparation_audit.CompactPreparationAuditTests.test_consistent_code_subset_is_refused_by_actual_checkout_enumeration) ... FAIL
test_consistent_runtime_subset_is_refused_by_independent_expected_closure (test_radio_native_v2_compact_preparation_audit.CompactPreparationAuditTests.test_consistent_runtime_subset_is_refused_by_independent_expected_closure) ... FAIL
test_current_runtime_versions_and_executable_invocations_are_refused (test_radio_native_v2_compact_preparation_audit.CompactPreparationAuditTests.test_current_runtime_versions_and_executable_invocations_are_refused) ... 
  test_current_runtime_versions_and_executable_invocations_are_refused (test_radio_native_v2_compact_preparation_audit.CompactPreparationAuditTests.test_current_runtime_versions_and_executable_invocations_are_refused) (field='version') ... FAIL
  test_current_runtime_versions_and_executable_invocations_are_refused (test_radio_native_v2_compact_preparation_audit.CompactPreparationAuditTests.test_current_runtime_versions_and_executable_invocations_are_refused) (field='invocation') ... FAIL
test_exact_parent_allowlist_is_required_and_current_values_rechecked (test_radio_native_v2_compact_preparation_audit.CompactPreparationAuditTests.test_exact_parent_allowlist_is_required_and_current_values_rechecked) ... FAIL
test_external_runtime_path_alias_and_fifo_are_refused (test_radio_native_v2_compact_preparation_audit.CompactPreparationAuditTests.test_external_runtime_path_alias_and_fifo_are_refused) ... FAIL
test_extra_untracked_source_and_missing_tracked_source_fail (test_radio_native_v2_compact_preparation_audit.CompactPreparationAuditTests.test_extra_untracked_source_and_missing_tracked_source_fail) ... FAIL
test_fresh_runtime_custody_is_independently_rechecked (test_radio_native_v2_compact_preparation_audit.CompactPreparationAuditTests.test_fresh_runtime_custody_is_independently_rechecked) ... ERROR
test_full_named_scope_verifies_without_authorization_or_completion_claim (test_radio_native_v2_compact_preparation_audit.CompactPreparationAuditTests.test_full_named_scope_verifies_without_authorization_or_completion_claim) ... ERROR
test_json_duplicate_keys_and_nonfinite_claims_are_refused (test_radio_native_v2_compact_preparation_audit.CompactPreparationAuditTests.test_json_duplicate_keys_and_nonfinite_claims_are_refused) ... ok
test_materialized_pins_are_optional_but_missing_or_modified_files_fail (test_radio_native_v2_compact_preparation_audit.CompactPreparationAuditTests.test_materialized_pins_are_optional_but_missing_or_modified_files_fail) ... ERROR
test_missing_original_freezer_fields_and_claimed_coverage_are_refused (test_radio_native_v2_compact_preparation_audit.CompactPreparationAuditTests.test_missing_original_freezer_fields_and_claimed_coverage_are_refused) ... FAIL
test_missing_test_input_pin_is_refused (test_radio_native_v2_compact_preparation_audit.CompactPreparationAuditTests.test_missing_test_input_pin_is_refused) ... FAIL
test_new_hidden_git_alias_fails_custody_audit (test_radio_native_v2_compact_preparation_audit.CompactPreparationAuditTests.test_new_hidden_git_alias_fails_custody_audit) ... ok
test_partial_runtime_custody_fields_are_refused (test_radio_native_v2_compact_preparation_audit.CompactPreparationAuditTests.test_partial_runtime_custody_fields_are_refused) ... ok
test_plan_only_is_honestly_incomplete_and_creates_nothing (test_radio_native_v2_compact_preparation_audit.CompactPreparationAuditTests.test_plan_only_is_honestly_incomplete_and_creates_nothing) ... ERROR
test_prospective_and_derived_pin_changes_fail_before_workers (test_radio_native_v2_compact_preparation_audit.CompactPreparationAuditTests.test_prospective_and_derived_pin_changes_fail_before_workers) ... FAIL
test_repository_symlink_hardlink_and_parent_aliases_are_refused (test_radio_native_v2_compact_preparation_audit.CompactPreparationAuditTests.test_repository_symlink_hardlink_and_parent_aliases_are_refused) ... ERROR
test_same_bytes_runtime_replacement_fails_custody_audit (test_radio_native_v2_compact_preparation_audit.CompactPreparationAuditTests.test_same_bytes_runtime_replacement_fails_custody_audit) ... ok
test_stale_auditor_implementation_identity_is_refused (test_radio_native_v2_compact_preparation_audit.CompactPreparationAuditTests.test_stale_auditor_implementation_identity_is_refused) ... ok
test_stale_supplement_inventory_is_refused_despite_current_named_bytes (test_radio_native_v2_compact_preparation_audit.CompactPreparationAuditTests.test_stale_supplement_inventory_is_refused_despite_current_named_bytes) ... FAIL
test_supplement_and_base_overlap_must_join_one_identical_pin (test_radio_native_v2_compact_preparation_audit.CompactPreparationAuditTests.test_supplement_and_base_overlap_must_join_one_identical_pin) ... ERROR
test_git_node_elf_closure_recursively_discovers_unlisted_libraries (test_radio_native_v2_compact_preparation_audit.IndependentRuntimeEnumerationTests.test_git_node_elf_closure_recursively_discovers_unlisted_libraries) ... ok
test_missing_loaded_optional_extension_cannot_be_treated_as_unused (test_radio_native_v2_compact_preparation_audit.IndependentRuntimeEnumerationTests.test_missing_loaded_optional_extension_cannot_be_treated_as_unused) ... ok
test_python_inventory_finds_new_sources_and_transitive_dependencies (test_radio_native_v2_compact_preparation_audit.IndependentRuntimeEnumerationTests.test_python_inventory_finds_new_sources_and_transitive_dependencies) ... ok
test_complete_semantic_validators_reject_corrupt_retained_envelope (test_radio_native_v2_compact_run_verifier.CompactRunVerifierTests.test_complete_semantic_validators_reject_corrupt_retained_envelope) ... ok
test_directory_replacement_cannot_redirect_custody (test_radio_native_v2_compact_run_verifier.CompactRunVerifierTests.test_directory_replacement_cannot_redirect_custody) ... ok
test_duplicate_cases_and_original_storage_or_rss_caps_are_refused (test_radio_native_v2_compact_run_verifier.CompactRunVerifierTests.test_duplicate_cases_and_original_storage_or_rss_caps_are_refused) ... ok
test_eight_small_cases_match_unchanged_contract_accounting (test_radio_native_v2_compact_run_verifier.CompactRunVerifierTests.test_eight_small_cases_match_unchanged_contract_accounting) ... ok
test_failed_tail_and_combined_elapsed_match_original_failures (test_radio_native_v2_compact_run_verifier.CompactRunVerifierTests.test_failed_tail_and_combined_elapsed_match_original_failures) ... ok
test_fifo_replacement_of_raw_or_metadata_is_rejected_without_a_writer (test_radio_native_v2_compact_run_verifier.CompactRunVerifierTests.test_fifo_replacement_of_raw_or_metadata_is_rejected_without_a_writer) ... ok
test_hardlinked_raw_receipt_is_refused (test_radio_native_v2_compact_run_verifier.CompactRunVerifierTests.test_hardlinked_raw_receipt_is_refused) ... ok
test_mutated_prospective_plan_closes_verifier (test_radio_native_v2_compact_run_verifier.CompactRunVerifierTests.test_mutated_prospective_plan_closes_verifier) ... ok
test_original_hash_is_checked_before_semantic_acceptance (test_radio_native_v2_compact_run_verifier.CompactRunVerifierTests.test_original_hash_is_checked_before_semantic_acceptance) ... ok
test_partial_replay_never_claims_eight_cases_or_resource_qualification (test_radio_native_v2_compact_run_verifier.CompactRunVerifierTests.test_partial_replay_never_claims_eight_cases_or_resource_qualification) ... ok
test_raw_hash_or_file_identity_change_closes_final_readback (test_radio_native_v2_compact_run_verifier.CompactRunVerifierTests.test_raw_hash_or_file_identity_change_closes_final_readback) ... ok
test_same_bytes_replaced_inode_is_refused (test_radio_native_v2_compact_run_verifier.CompactRunVerifierTests.test_same_bytes_replaced_inode_is_refused) ... ok
test_symlink_raw_receipt_is_refused (test_radio_native_v2_compact_run_verifier.CompactRunVerifierTests.test_symlink_raw_receipt_is_refused) ... ok
test_tampered_compact_metadata_cannot_self_certify (test_radio_native_v2_compact_run_verifier.CompactRunVerifierTests.test_tampered_compact_metadata_cannot_self_certify) ... ok
test_unknown_local_storage_closes_verifier (test_radio_native_v2_compact_run_verifier.CompactRunVerifierTests.test_unknown_local_storage_closes_verifier) ... ok
test_activation_wrapper_rechecks_runtime_metadata_not_just_bytes (test_radio_native_v2_runner_freeze.PublishedRunnerFreezeTests.test_activation_wrapper_rechecks_runtime_metadata_not_just_bytes) ... ok
test_added_runtime_dependency_refused_by_reenumeration (test_radio_native_v2_runner_freeze.PublishedRunnerFreezeTests.test_added_runtime_dependency_refused_by_reenumeration) ... ok
test_any_enabled_authority_flag_refused (test_radio_native_v2_runner_freeze.PublishedRunnerFreezeTests.test_any_enabled_authority_flag_refused) ... ok
test_capture_and_readback_pin_python_javascript_inputs_and_runtime (test_radio_native_v2_runner_freeze.PublishedRunnerFreezeTests.test_capture_and_readback_pin_python_javascript_inputs_and_runtime) ... ok
test_changed_and_missing_inputs_refused (test_radio_native_v2_runner_freeze.PublishedRunnerFreezeTests.test_changed_and_missing_inputs_refused) ... ok
test_changed_and_missing_runtime_bytes_refused (test_radio_native_v2_runner_freeze.PublishedRunnerFreezeTests.test_changed_and_missing_runtime_bytes_refused) ... ok
test_changed_local_javascript_refused (test_radio_native_v2_runner_freeze.PublishedRunnerFreezeTests.test_changed_local_javascript_refused) ... ok
test_changed_published_javascript_is_detected_before_local_check (test_radio_native_v2_runner_freeze.PublishedRunnerFreezeTests.test_changed_published_javascript_is_detected_before_local_check) ... ok
test_custody_field_omission_tampering_reclassification_and_unknown_fields_refused (test_radio_native_v2_runner_freeze.PublishedRunnerFreezeTests.test_custody_field_omission_tampering_reclassification_and_unknown_fields_refused) ... ok
test_executable_resolution_and_versions_are_rechecked (test_radio_native_v2_runner_freeze.PublishedRunnerFreezeTests.test_executable_resolution_and_versions_are_rechecked) ... ok
test_execution_stays_disabled_after_successful_verification (test_radio_native_v2_runner_freeze.PublishedRunnerFreezeTests.test_execution_stays_disabled_after_successful_verification) ... ok
test_fresh_capture_pins_canonical_custody_and_historical_metadata_requires_explicit_current_gate (test_radio_native_v2_runner_freeze.PublishedRunnerFreezeTests.test_fresh_capture_pins_canonical_custody_and_historical_metadata_requires_explicit_current_gate) ... ok
test_git_replace_refs_cannot_substitute_immutable_commit (test_radio_native_v2_runner_freeze.PublishedRunnerFreezeTests.test_git_replace_refs_cannot_substitute_immutable_commit) ... ok
test_inventory_hash_omission_and_conflicting_input_pin_refused (test_radio_native_v2_runner_freeze.PublishedRunnerFreezeTests.test_inventory_hash_omission_and_conflicting_input_pin_refused) ... ok
test_loaded_optional_unavailable_extension_refused (test_radio_native_v2_runner_freeze.PublishedRunnerFreezeTests.test_loaded_optional_unavailable_extension_refused) ... ok
test_material_wrapper_never_runs_git_or_discovers_runtime_after_receipt (test_radio_native_v2_runner_freeze.PublishedRunnerFreezeTests.test_material_wrapper_never_runs_git_or_discovers_runtime_after_receipt) ... ok
test_missing_published_input_blob_refused (test_radio_native_v2_runner_freeze.PublishedRunnerFreezeTests.test_missing_published_input_blob_refused) ... ok
test_missing_tracked_code_refused_in_capture_and_verify (test_radio_native_v2_runner_freeze.PublishedRunnerFreezeTests.test_missing_tracked_code_refused_in_capture_and_verify) ... ok
test_mutable_git_ref_or_abbreviated_commit_refused (test_radio_native_v2_runner_freeze.PublishedRunnerFreezeTests.test_mutable_git_ref_or_abbreviated_commit_refused) ... ok
test_new_javascript_module_invalidates_inventory (test_radio_native_v2_runner_freeze.PublishedRunnerFreezeTests.test_new_javascript_module_invalidates_inventory) ... ok
test_noncanonical_or_escaping_input_path_refused (test_radio_native_v2_runner_freeze.PublishedRunnerFreezeTests.test_noncanonical_or_escaping_input_path_refused) ... ok
test_noncanonical_published_json_refused_despite_matching_hash (test_radio_native_v2_runner_freeze.PublishedRunnerFreezeTests.test_noncanonical_published_json_refused_despite_matching_hash) ... ok
test_old_preparation_freeze_refused_even_with_enabled_claims (test_radio_native_v2_runner_freeze.PublishedRunnerFreezeTests.test_old_preparation_freeze_refused_even_with_enabled_claims) ... ok
test_runtime_environment_drift_refused (test_radio_native_v2_runner_freeze.PublishedRunnerFreezeTests.test_runtime_environment_drift_refused) ... ok
test_science_mode_wrong_namespace_or_manifest_binding_refused (test_radio_native_v2_runner_freeze.PublishedRunnerFreezeTests.test_science_mode_wrong_namespace_or_manifest_binding_refused) ... ok
test_shared_git_discovered_library_and_node_executable_cannot_be_activation_only (test_radio_native_v2_runner_freeze.PublishedRunnerFreezeTests.test_shared_git_discovered_library_and_node_executable_cannot_be_activation_only) ... ok
test_source_input_and_repository_ancestor_aliases_are_refused (test_radio_native_v2_runner_freeze.PublishedRunnerFreezeTests.test_source_input_and_repository_ancestor_aliases_are_refused) ... ok
test_supplied_transport_receipt_cannot_grant_authority (test_radio_native_v2_runner_freeze.PublishedRunnerFreezeTests.test_supplied_transport_receipt_cannot_grant_authority) ... ok
test_verified_state_and_metadata_copy_are_immutable (test_radio_native_v2_runner_freeze.PublishedRunnerFreezeTests.test_verified_state_and_metadata_copy_are_immutable) ... ok
test_wrong_published_freeze_hash_refused (test_radio_native_v2_runner_freeze.PublishedRunnerFreezeTests.test_wrong_published_freeze_hash_refused) ... ok
test_elf_resolution_recurses_and_refuses_missing_transitive_library (test_radio_native_v2_runner_freeze.RuntimeClosureTests.test_elf_resolution_recurses_and_refuses_missing_transitive_library) ... ok
test_runtime_inventory_merges_python_numpy_git_node_and_elf_closure (test_radio_native_v2_runner_freeze.RuntimeClosureTests.test_runtime_inventory_merges_python_numpy_git_node_and_elf_closure) ... ok
test_candidate_selected_git_custody_source_or_policy_cannot_run_before_check (test_radio_native_v2_control_activation.ControlActivationTests.test_candidate_selected_git_custody_source_or_policy_cannot_run_before_check) ... ok
test_changed_public_readback_closes (test_radio_native_v2_control_activation.ControlActivationTests.test_changed_public_readback_closes) ... ok
test_changed_receipt_pins_and_authority_close (test_radio_native_v2_control_activation.ControlActivationTests.test_changed_receipt_pins_and_authority_close) ... ok
test_exact_marker_only_checkout_and_worker_receipt_pass (test_radio_native_v2_control_activation.ControlActivationTests.test_exact_marker_only_checkout_and_worker_receipt_pass) ... ok
test_full_custody_rejects_same_byte_material_replacement_before_git (test_radio_native_v2_control_activation.ControlActivationTests.test_full_custody_rejects_same_byte_material_replacement_before_git) ... ok
test_git_phase_closes_and_material_custody_is_rechecked_before_return (test_radio_native_v2_control_activation.ControlActivationTests.test_git_phase_closes_and_material_custody_is_rechecked_before_return) ... ok
test_material_mutation_during_git_cannot_return_complete_receipt (test_radio_native_v2_control_activation.ControlActivationTests.test_material_mutation_during_git_cannot_return_complete_receipt) ... ok
test_missing_or_dirty_marker_closes (test_radio_native_v2_control_activation.ControlActivationTests.test_missing_or_dirty_marker_closes) ... ok
test_non_marker_only_commit_closes (test_radio_native_v2_control_activation.ControlActivationTests.test_non_marker_only_commit_closes) ... ok
test_receipt_custody_scope_completion_and_spent_identity_are_strict (test_radio_native_v2_control_activation.ControlActivationTests.test_receipt_custody_scope_completion_and_spent_identity_are_strict) ... ok
test_reused_marker_path_closes_even_when_all_current_bytes_are_read_back (test_radio_native_v2_control_activation.ControlActivationTests.test_reused_marker_path_closes_even_when_all_current_bytes_are_read_back) ... ok
test_wrong_parent_or_tree_claim_closes_even_with_refreshed_commit_readback (test_radio_native_v2_control_activation.ControlActivationTests.test_wrong_parent_or_tree_claim_closes_even_with_refreshed_commit_readback) ... ok
test_added_alias_changes_frozen_manifest (test_radio_native_v2_runtime_custody.RuntimeCustodyTests.test_added_alias_changes_frozen_manifest) ... ok
test_alias_substitution_between_lstat_and_open_is_refused (test_radio_native_v2_runtime_custody.RuntimeCustodyTests.test_alias_substitution_between_lstat_and_open_is_refused) ... ok
test_bounded_inventory_rejects_alias_fifo_hardlink_and_cardinality (test_radio_native_v2_runtime_custody.RuntimeCustodyTests.test_bounded_inventory_rejects_alias_fifo_hardlink_and_cardinality) ... ok
test_current_freeze_matches_bounded_protocol_audit (test_radio_native_v2_runtime_custody.RuntimeCustodyTests.test_current_freeze_matches_bounded_protocol_audit) ... ok
test_duplicate_spellings_and_symlink_ancestors_cannot_close_hidden_alias (test_radio_native_v2_runtime_custody.RuntimeCustodyTests.test_duplicate_spellings_and_symlink_ancestors_cannot_close_hidden_alias) ... ok
test_exact_closed_group_and_sole_link_material_pass (test_radio_native_v2_runtime_custody.RuntimeCustodyTests.test_exact_closed_group_and_sole_link_material_pass) ... ok
test_hash_drift_is_refused (test_radio_native_v2_runtime_custody.RuntimeCustodyTests.test_hash_drift_is_refused) ... ok
test_hash_mutation_alias_stat_race_and_stale_manifest_sha_refused (test_radio_native_v2_runtime_custody.RuntimeCustodyTests.test_hash_mutation_alias_stat_race_and_stale_manifest_sha_refused) ... ok
test_held_hardlink_inode_is_hashed_once_not_once_per_alias (test_radio_native_v2_runtime_custody.RuntimeCustodyTests.test_held_hardlink_inode_is_hashed_once_not_once_per_alias) ... ok
test_hidden_alias_outside_roots_is_refused (test_radio_native_v2_runtime_custody.RuntimeCustodyTests.test_hidden_alias_outside_roots_is_refused) ... ok
test_last_material_recheck_cannot_leave_earlier_git_group_stale (test_radio_native_v2_runtime_custody.RuntimeCustodyTests.test_last_material_recheck_cannot_leave_earlier_git_group_stale) ... ok
test_material_only_check_never_opens_git_or_enumerates_roots (test_radio_native_v2_runtime_custody.RuntimeCustodyTests.test_material_only_check_never_opens_git_or_enumerates_roots) ... ok
test_relinked_same_bytes_changes_frozen_manifest (test_radio_native_v2_runtime_custody.RuntimeCustodyTests.test_relinked_same_bytes_changes_frozen_manifest) ... ok
test_same_byte_sole_link_replacement_is_refused_with_preserved_mtime_and_mode (test_radio_native_v2_runtime_custody.RuntimeCustodyTests.test_same_byte_sole_link_replacement_is_refused_with_preserved_mtime_and_mode) ... ok
test_strict_metadata_types_group_membership_and_authority_are_not_self_attested (test_radio_native_v2_runtime_custody.RuntimeCustodyTests.test_strict_metadata_types_group_membership_and_authority_are_not_self_attested) ... ok
test_symlink_runtime_is_refused (test_radio_native_v2_runtime_custody.RuntimeCustodyTests.test_symlink_runtime_is_refused) ... ok
test_unexpected_material_hardlink_is_refused (test_radio_native_v2_runtime_custody.RuntimeCustodyTests.test_unexpected_material_hardlink_is_refused) ... ok
test_whole_git_group_recreated_same_bytes_and_topology_is_refused (test_radio_native_v2_runtime_custody.RuntimeCustodyTests.test_whole_git_group_recreated_same_bytes_and_topology_is_refused) ... ok

======================================================================
ERROR: test_derived_node_workers_refuse_at_closed_gate_before_identity_or_outputs (test_radio_native_v2_compact_eight_case_resource_fixture.CompactEightPreparationTests.test_derived_node_workers_refuse_at_closed_gate_before_identity_or_outputs)
----------------------------------------------------------------------
Traceback (most recent call last):
  File "/workspace/scratch/97e21f28a7b4/setisearch-repo-20261002/tests/test_radio_native_v2_compact_eight_case_resource_fixture.py", line 234, in test_derived_node_workers_refuse_at_closed_gate_before_identity_or_outputs
    from tests.test_radio_native_v2_worker_admission import synthetic_worker_materials, tiny_prepared, phase_descriptor, retain_role
ModuleNotFoundError: No module named 'tests'

======================================================================
ERROR: test_locally_valid_supplied_claim_cannot_generate_or_execute_cached_admission_code (test_radio_native_v2_compact_eight_case_resource_fixture.CompactEightPreparationTests.test_locally_valid_supplied_claim_cannot_generate_or_execute_cached_admission_code)
----------------------------------------------------------------------
Traceback (most recent call last):
  File "/workspace/scratch/97e21f28a7b4/setisearch-repo-20261002/tests/test_radio_native_v2_compact_eight_case_resource_fixture.py", line 144, in test_locally_valid_supplied_claim_cannot_generate_or_execute_cached_admission_code
    from tests.test_radio_native_v2_worker_admission import synthetic_worker_materials
ModuleNotFoundError: No module named 'tests'

======================================================================
ERROR: test_plan_selected_admission_source_cannot_replace_independent_entry_implementation (test_radio_native_v2_compact_eight_case_resource_fixture.CompactEightPreparationTests.test_plan_selected_admission_source_cannot_replace_independent_entry_implementation)
----------------------------------------------------------------------
Traceback (most recent call last):
  File "/workspace/scratch/97e21f28a7b4/setisearch-repo-20261002/tests/test_radio_native_v2_compact_eight_case_resource_fixture.py", line 195, in test_plan_selected_admission_source_cannot_replace_independent_entry_implementation
    from tests.test_radio_native_v2_worker_admission import synthetic_worker_materials
ModuleNotFoundError: No module named 'tests'

======================================================================
ERROR: test_materialized_generator_or_code_tampering_is_detected (test_radio_native_v2_worker_admission.WorkerAdmissionTests.test_materialized_generator_or_code_tampering_is_detected)
----------------------------------------------------------------------
Traceback (most recent call last):
  File "/workspace/scratch/97e21f28a7b4/setisearch-repo-20261002/tests/test_radio_native_v2_worker_admission.py", line 254, in setUp
    self.materials = synthetic_worker_materials(self.root)
                     ^^^^^^^^^^^^^^^^^^^^^^^^^^^^^^^^^^^^^
  File "/workspace/scratch/97e21f28a7b4/setisearch-repo-20261002/tests/test_radio_native_v2_worker_admission.py", line 74, in synthetic_worker_materials
    raise ValueError('Synthetic materials must match supplied prospective source pins')
ValueError: Synthetic materials must match supplied prospective source pins

======================================================================
ERROR: test_fresh_runtime_custody_is_independently_rechecked (test_radio_native_v2_compact_preparation_audit.CompactPreparationAuditTests.test_fresh_runtime_custody_is_independently_rechecked)
----------------------------------------------------------------------
Traceback (most recent call last):
  File "/workspace/scratch/97e21f28a7b4/setisearch-repo-20261002/tests/test_radio_native_v2_compact_preparation_audit.py", line 162, in test_fresh_runtime_custody_is_independently_rechecked
    result = self.audit()
             ^^^^^^^^^^^^
  File "/workspace/scratch/97e21f28a7b4/setisearch-repo-20261002/tests/test_radio_native_v2_compact_preparation_audit.py", line 113, in audit
    return audit.audit(self.plan, self.freeze if freeze else None, repo=self.root, **kwargs)
           ^^^^^^^^^^^^^^^^^^^^^^^^^^^^^^^^^^^^^^^^^^^^^^^^^^^^^^^^^^^^^^^^^^^^^^^^^^^^^^^^^
  File "/workspace/scratch/97e21f28a7b4/setisearch-repo-20261002/scripts/radio_native_v2_compact_preparation_audit.py", line 386, in audit
    _exact(implementation_pins, AUDIT_IMPLEMENTATION_PINS, 'audit implementation bytes after import')
  File "/workspace/scratch/97e21f28a7b4/setisearch-repo-20261002/scripts/radio_native_v2_compact_preparation_audit.py", line 343, in _exact
    raise ValueError('Exact independent preparation comparison differs: ' + label)
ValueError: Exact independent preparation comparison differs: audit implementation bytes after import

======================================================================
ERROR: test_full_named_scope_verifies_without_authorization_or_completion_claim (test_radio_native_v2_compact_preparation_audit.CompactPreparationAuditTests.test_full_named_scope_verifies_without_authorization_or_completion_claim)
----------------------------------------------------------------------
Traceback (most recent call last):
  File "/workspace/scratch/97e21f28a7b4/setisearch-repo-20261002/tests/test_radio_native_v2_compact_preparation_audit.py", line 130, in test_full_named_scope_verifies_without_authorization_or_completion_claim
    result = self.audit()
             ^^^^^^^^^^^^
  File "/workspace/scratch/97e21f28a7b4/setisearch-repo-20261002/tests/test_radio_native_v2_compact_preparation_audit.py", line 113, in audit
    return audit.audit(self.plan, self.freeze if freeze else None, repo=self.root, **kwargs)
           ^^^^^^^^^^^^^^^^^^^^^^^^^^^^^^^^^^^^^^^^^^^^^^^^^^^^^^^^^^^^^^^^^^^^^^^^^^^^^^^^^
  File "/workspace/scratch/97e21f28a7b4/setisearch-repo-20261002/scripts/radio_native_v2_compact_preparation_audit.py", line 386, in audit
    _exact(implementation_pins, AUDIT_IMPLEMENTATION_PINS, 'audit implementation bytes after import')
  File "/workspace/scratch/97e21f28a7b4/setisearch-repo-20261002/scripts/radio_native_v2_compact_preparation_audit.py", line 343, in _exact
    raise ValueError('Exact independent preparation comparison differs: ' + label)
ValueError: Exact independent preparation comparison differs: audit implementation bytes after import

======================================================================
ERROR: test_materialized_pins_are_optional_but_missing_or_modified_files_fail (test_radio_native_v2_compact_preparation_audit.CompactPreparationAuditTests.test_materialized_pins_are_optional_but_missing_or_modified_files_fail)
----------------------------------------------------------------------
Traceback (most recent call last):
  File "/workspace/scratch/97e21f28a7b4/setisearch-repo-20261002/tests/test_radio_native_v2_compact_preparation_audit.py", line 330, in test_materialized_pins_are_optional_but_missing_or_modified_files_fail
    result = self.audit(materialized_code_root=code, derived_root=sources)
             ^^^^^^^^^^^^^^^^^^^^^^^^^^^^^^^^^^^^^^^^^^^^^^^^^^^^^^^^^^^^^
  File "/workspace/scratch/97e21f28a7b4/setisearch-repo-20261002/tests/test_radio_native_v2_compact_preparation_audit.py", line 113, in audit
    return audit.audit(self.plan, self.freeze if freeze else None, repo=self.root, **kwargs)
           ^^^^^^^^^^^^^^^^^^^^^^^^^^^^^^^^^^^^^^^^^^^^^^^^^^^^^^^^^^^^^^^^^^^^^^^^^^^^^^^^^
  File "/workspace/scratch/97e21f28a7b4/setisearch-repo-20261002/scripts/radio_native_v2_compact_preparation_audit.py", line 386, in audit
    _exact(implementation_pins, AUDIT_IMPLEMENTATION_PINS, 'audit implementation bytes after import')
  File "/workspace/scratch/97e21f28a7b4/setisearch-repo-20261002/scripts/radio_native_v2_compact_preparation_audit.py", line 343, in _exact
    raise ValueError('Exact independent preparation comparison differs: ' + label)
ValueError: Exact independent preparation comparison differs: audit implementation bytes after import

======================================================================
ERROR: test_plan_only_is_honestly_incomplete_and_creates_nothing (test_radio_native_v2_compact_preparation_audit.CompactPreparationAuditTests.test_plan_only_is_honestly_incomplete_and_creates_nothing)
----------------------------------------------------------------------
Traceback (most recent call last):
  File "/workspace/scratch/97e21f28a7b4/setisearch-repo-20261002/tests/test_radio_native_v2_compact_preparation_audit.py", line 117, in test_plan_only_is_honestly_incomplete_and_creates_nothing
    result = self.audit(freeze=False)
             ^^^^^^^^^^^^^^^^^^^^^^^^
  File "/workspace/scratch/97e21f28a7b4/setisearch-repo-20261002/tests/test_radio_native_v2_compact_preparation_audit.py", line 113, in audit
    return audit.audit(self.plan, self.freeze if freeze else None, repo=self.root, **kwargs)
           ^^^^^^^^^^^^^^^^^^^^^^^^^^^^^^^^^^^^^^^^^^^^^^^^^^^^^^^^^^^^^^^^^^^^^^^^^^^^^^^^^
  File "/workspace/scratch/97e21f28a7b4/setisearch-repo-20261002/scripts/radio_native_v2_compact_preparation_audit.py", line 386, in audit
    _exact(implementation_pins, AUDIT_IMPLEMENTATION_PINS, 'audit implementation bytes after import')
  File "/workspace/scratch/97e21f28a7b4/setisearch-repo-20261002/scripts/radio_native_v2_compact_preparation_audit.py", line 343, in _exact
    raise ValueError('Exact independent preparation comparison differs: ' + label)
ValueError: Exact independent preparation comparison differs: audit implementation bytes after import

======================================================================
ERROR: test_repository_symlink_hardlink_and_parent_aliases_are_refused (test_radio_native_v2_compact_preparation_audit.CompactPreparationAuditTests.test_repository_symlink_hardlink_and_parent_aliases_are_refused)
----------------------------------------------------------------------
Traceback (most recent call last):
  File "/workspace/scratch/97e21f28a7b4/setisearch-repo-20261002/tests/test_radio_native_v2_compact_preparation_audit.py", line 347, in test_repository_symlink_hardlink_and_parent_aliases_are_refused
    self.audit()
  File "/workspace/scratch/97e21f28a7b4/setisearch-repo-20261002/tests/test_radio_native_v2_compact_preparation_audit.py", line 113, in audit
    return audit.audit(self.plan, self.freeze if freeze else None, repo=self.root, **kwargs)
           ^^^^^^^^^^^^^^^^^^^^^^^^^^^^^^^^^^^^^^^^^^^^^^^^^^^^^^^^^^^^^^^^^^^^^^^^^^^^^^^^^
  File "/workspace/scratch/97e21f28a7b4/setisearch-repo-20261002/scripts/radio_native_v2_compact_preparation_audit.py", line 386, in audit
    _exact(implementation_pins, AUDIT_IMPLEMENTATION_PINS, 'audit implementation bytes after import')
  File "/workspace/scratch/97e21f28a7b4/setisearch-repo-20261002/scripts/radio_native_v2_compact_preparation_audit.py", line 343, in _exact
    raise ValueError('Exact independent preparation comparison differs: ' + label)
ValueError: Exact independent preparation comparison differs: audit implementation bytes after import

======================================================================
ERROR: test_supplement_and_base_overlap_must_join_one_identical_pin (test_radio_native_v2_compact_preparation_audit.CompactPreparationAuditTests.test_supplement_and_base_overlap_must_join_one_identical_pin)
----------------------------------------------------------------------
Traceback (most recent call last):
  File "/workspace/scratch/97e21f28a7b4/setisearch-repo-20261002/tests/test_radio_native_v2_compact_preparation_audit.py", line 298, in test_supplement_and_base_overlap_must_join_one_identical_pin
    result = self.audit()
             ^^^^^^^^^^^^
  File "/workspace/scratch/97e21f28a7b4/setisearch-repo-20261002/tests/test_radio_native_v2_compact_preparation_audit.py", line 113, in audit
    return audit.audit(self.plan, self.freeze if freeze else None, repo=self.root, **kwargs)
           ^^^^^^^^^^^^^^^^^^^^^^^^^^^^^^^^^^^^^^^^^^^^^^^^^^^^^^^^^^^^^^^^^^^^^^^^^^^^^^^^^
  File "/workspace/scratch/97e21f28a7b4/setisearch-repo-20261002/scripts/radio_native_v2_compact_preparation_audit.py", line 386, in audit
    _exact(implementation_pins, AUDIT_IMPLEMENTATION_PINS, 'audit implementation bytes after import')
  File "/workspace/scratch/97e21f28a7b4/setisearch-repo-20261002/scripts/radio_native_v2_compact_preparation_audit.py", line 343, in _exact
    raise ValueError('Exact independent preparation comparison differs: ' + label)
ValueError: Exact independent preparation comparison differs: audit implementation bytes after import

======================================================================
FAIL: test_authorizing_freeze_claim_and_numeric_false_impostor_are_refused (test_radio_native_v2_compact_preparation_audit.CompactPreparationAuditTests.test_authorizing_freeze_claim_and_numeric_false_impostor_are_refused) (value=True)
----------------------------------------------------------------------
ValueError: Exact independent preparation comparison differs: audit implementation bytes after import

During handling of the above exception, another exception occurred:

Traceback (most recent call last):
  File "/workspace/scratch/97e21f28a7b4/setisearch-repo-20261002/tests/test_radio_native_v2_compact_preparation_audit.py", line 243, in test_authorizing_freeze_claim_and_numeric_false_impostor_are_refused
    with self.assertRaisesRegex(ValueError, 'cannot grant execution'):
         ^^^^^^^^^^^^^^^^^^^^^^^^^^^^^^^^^^^^^^^^^^^^^^^^^^^^^^^^^^^^
AssertionError: "cannot grant execution" does not match "Exact independent preparation comparison differs: audit implementation bytes after import"

======================================================================
FAIL: test_authorizing_freeze_claim_and_numeric_false_impostor_are_refused (test_radio_native_v2_compact_preparation_audit.CompactPreparationAuditTests.test_authorizing_freeze_claim_and_numeric_false_impostor_are_refused) (value=0)
----------------------------------------------------------------------
ValueError: Exact independent preparation comparison differs: audit implementation bytes after import

During handling of the above exception, another exception occurred:

Traceback (most recent call last):
  File "/workspace/scratch/97e21f28a7b4/setisearch-repo-20261002/tests/test_radio_native_v2_compact_preparation_audit.py", line 243, in test_authorizing_freeze_claim_and_numeric_false_impostor_are_refused
    with self.assertRaisesRegex(ValueError, 'cannot grant execution'):
         ^^^^^^^^^^^^^^^^^^^^^^^^^^^^^^^^^^^^^^^^^^^^^^^^^^^^^^^^^^^^
AssertionError: "cannot grant execution" does not match "Exact independent preparation comparison differs: audit implementation bytes after import"

======================================================================
FAIL: test_authorizing_freeze_claim_and_numeric_false_impostor_are_refused (test_radio_native_v2_compact_preparation_audit.CompactPreparationAuditTests.test_authorizing_freeze_claim_and_numeric_false_impostor_are_refused) (value=None)
----------------------------------------------------------------------
ValueError: Exact independent preparation comparison differs: audit implementation bytes after import

During handling of the above exception, another exception occurred:

Traceback (most recent call last):
  File "/workspace/scratch/97e21f28a7b4/setisearch-repo-20261002/tests/test_radio_native_v2_compact_preparation_audit.py", line 243, in test_authorizing_freeze_claim_and_numeric_false_impostor_are_refused
    with self.assertRaisesRegex(ValueError, 'cannot grant execution'):
         ^^^^^^^^^^^^^^^^^^^^^^^^^^^^^^^^^^^^^^^^^^^^^^^^^^^^^^^^^^^^
AssertionError: "cannot grant execution" does not match "Exact independent preparation comparison differs: audit implementation bytes after import"

======================================================================
FAIL: test_authorizing_freeze_claim_and_numeric_false_impostor_are_refused (test_radio_native_v2_compact_preparation_audit.CompactPreparationAuditTests.test_authorizing_freeze_claim_and_numeric_false_impostor_are_refused) (value='false')
----------------------------------------------------------------------
ValueError: Exact independent preparation comparison differs: audit implementation bytes after import

During handling of the above exception, another exception occurred:

Traceback (most recent call last):
  File "/workspace/scratch/97e21f28a7b4/setisearch-repo-20261002/tests/test_radio_native_v2_compact_preparation_audit.py", line 243, in test_authorizing_freeze_claim_and_numeric_false_impostor_are_refused
    with self.assertRaisesRegex(ValueError, 'cannot grant execution'):
         ^^^^^^^^^^^^^^^^^^^^^^^^^^^^^^^^^^^^^^^^^^^^^^^^^^^^^^^^^^^^
AssertionError: "cannot grant execution" does not match "Exact independent preparation comparison differs: audit implementation bytes after import"

======================================================================
FAIL: test_authorizing_freeze_claim_and_numeric_false_impostor_are_refused (test_radio_native_v2_compact_preparation_audit.CompactPreparationAuditTests.test_authorizing_freeze_claim_and_numeric_false_impostor_are_refused)
----------------------------------------------------------------------
ValueError: Exact independent preparation comparison differs: audit implementation bytes after import

During handling of the above exception, another exception occurred:

Traceback (most recent call last):
  File "/workspace/scratch/97e21f28a7b4/setisearch-repo-20261002/tests/test_radio_native_v2_compact_preparation_audit.py", line 246, in test_authorizing_freeze_claim_and_numeric_false_impostor_are_refused
    with self.assertRaisesRegex(ValueError, 'entire current prospective plan'):
         ^^^^^^^^^^^^^^^^^^^^^^^^^^^^^^^^^^^^^^^^^^^^^^^^^^^^^^^^^^^^^^^^^^^^^
AssertionError: "entire current prospective plan" does not match "Exact independent preparation comparison differs: audit implementation bytes after import"

======================================================================
FAIL: test_changed_runtime_and_missing_runtime_bytes_are_refused (test_radio_native_v2_compact_preparation_audit.CompactPreparationAuditTests.test_changed_runtime_and_missing_runtime_bytes_are_refused)
----------------------------------------------------------------------
ValueError: Exact independent preparation comparison differs: audit implementation bytes after import

During handling of the above exception, another exception occurred:

Traceback (most recent call last):
  File "/workspace/scratch/97e21f28a7b4/setisearch-repo-20261002/tests/test_radio_native_v2_compact_preparation_audit.py", line 251, in test_changed_runtime_and_missing_runtime_bytes_are_refused
    with self.assertRaisesRegex(ValueError, 'external runtime bytes changed'):
         ^^^^^^^^^^^^^^^^^^^^^^^^^^^^^^^^^^^^^^^^^^^^^^^^^^^^^^^^^^^^^^^^^^^^
AssertionError: "external runtime bytes changed" does not match "Exact independent preparation comparison differs: audit implementation bytes after import"

======================================================================
FAIL: test_consistent_code_subset_is_refused_by_actual_checkout_enumeration (test_radio_native_v2_compact_preparation_audit.CompactPreparationAuditTests.test_consistent_code_subset_is_refused_by_actual_checkout_enumeration)
----------------------------------------------------------------------
ValueError: Exact independent preparation comparison differs: audit implementation bytes after import

During handling of the above exception, another exception occurred:

Traceback (most recent call last):
  File "/workspace/scratch/97e21f28a7b4/setisearch-repo-20261002/tests/test_radio_native_v2_compact_preparation_audit.py", line 213, in test_consistent_code_subset_is_refused_by_actual_checkout_enumeration
    with self.assertRaisesRegex(ValueError, 'repository code inventory'):
         ^^^^^^^^^^^^^^^^^^^^^^^^^^^^^^^^^^^^^^^^^^^^^^^^^^^^^^^^^^^^^^^
AssertionError: "repository code inventory" does not match "Exact independent preparation comparison differs: audit implementation bytes after import"

======================================================================
FAIL: test_consistent_runtime_subset_is_refused_by_independent_expected_closure (test_radio_native_v2_compact_preparation_audit.CompactPreparationAuditTests.test_consistent_runtime_subset_is_refused_by_independent_expected_closure)
----------------------------------------------------------------------
ValueError: Exact independent preparation comparison differs: audit implementation bytes after import

During handling of the above exception, another exception occurred:

Traceback (most recent call last):
  File "/workspace/scratch/97e21f28a7b4/setisearch-repo-20261002/tests/test_radio_native_v2_compact_preparation_audit.py", line 205, in test_consistent_runtime_subset_is_refused_by_independent_expected_closure
    with self.assertRaisesRegex(ValueError, 'runtime closure field runtime_file_inventory'):
         ^^^^^^^^^^^^^^^^^^^^^^^^^^^^^^^^^^^^^^^^^^^^^^^^^^^^^^^^^^^^^^^^^^^^^^^^^^^^^^^^^^
AssertionError: "runtime closure field runtime_file_inventory" does not match "Exact independent preparation comparison differs: audit implementation bytes after import"

======================================================================
FAIL: test_current_runtime_versions_and_executable_invocations_are_refused (test_radio_native_v2_compact_preparation_audit.CompactPreparationAuditTests.test_current_runtime_versions_and_executable_invocations_are_refused) (field='version')
----------------------------------------------------------------------
ValueError: Exact independent preparation comparison differs: audit implementation bytes after import

During handling of the above exception, another exception occurred:

Traceback (most recent call last):
  File "/workspace/scratch/97e21f28a7b4/setisearch-repo-20261002/tests/test_radio_native_v2_compact_preparation_audit.py", line 264, in test_current_runtime_versions_and_executable_invocations_are_refused
    with self.assertRaisesRegex(ValueError, 'runtime closure field executables'):
         ^^^^^^^^^^^^^^^^^^^^^^^^^^^^^^^^^^^^^^^^^^^^^^^^^^^^^^^^^^^^^^^^^^^^^^^
AssertionError: "runtime closure field executables" does not match "Exact independent preparation comparison differs: audit implementation bytes after import"

======================================================================
FAIL: test_current_runtime_versions_and_executable_invocations_are_refused (test_radio_native_v2_compact_preparation_audit.CompactPreparationAuditTests.test_current_runtime_versions_and_executable_invocations_are_refused) (field='invocation')
----------------------------------------------------------------------
ValueError: Exact independent preparation comparison differs: audit implementation bytes after import

During handling of the above exception, another exception occurred:

Traceback (most recent call last):
  File "/workspace/scratch/97e21f28a7b4/setisearch-repo-20261002/tests/test_radio_native_v2_compact_preparation_audit.py", line 264, in test_current_runtime_versions_and_executable_invocations_are_refused
    with self.assertRaisesRegex(ValueError, 'runtime closure field executables'):
         ^^^^^^^^^^^^^^^^^^^^^^^^^^^^^^^^^^^^^^^^^^^^^^^^^^^^^^^^^^^^^^^^^^^^^^^
AssertionError: "runtime closure field executables" does not match "Exact independent preparation comparison differs: audit implementation bytes after import"

======================================================================
FAIL: test_exact_parent_allowlist_is_required_and_current_values_rechecked (test_radio_native_v2_compact_preparation_audit.CompactPreparationAuditTests.test_exact_parent_allowlist_is_required_and_current_values_rechecked)
----------------------------------------------------------------------
ValueError: Exact independent preparation comparison differs: audit implementation bytes after import

During handling of the above exception, another exception occurred:

Traceback (most recent call last):
  File "/workspace/scratch/97e21f28a7b4/setisearch-repo-20261002/tests/test_radio_native_v2_compact_preparation_audit.py", line 269, in test_exact_parent_allowlist_is_required_and_current_values_rechecked
    with self.assertRaisesRegex(ValueError, 'Exact runtime environment fingerprint inventory'):
         ^^^^^^^^^^^^^^^^^^^^^^^^^^^^^^^^^^^^^^^^^^^^^^^^^^^^^^^^^^^^^^^^^^^^^^^^^^^^^^^^^^^^^
AssertionError: "Exact runtime environment fingerprint inventory" does not match "Exact independent preparation comparison differs: audit implementation bytes after import"

======================================================================
FAIL: test_external_runtime_path_alias_and_fifo_are_refused (test_radio_native_v2_compact_preparation_audit.CompactPreparationAuditTests.test_external_runtime_path_alias_and_fifo_are_refused)
----------------------------------------------------------------------
ValueError: Exact independent preparation comparison differs: audit implementation bytes after import

During handling of the above exception, another exception occurred:

Traceback (most recent call last):
  File "/workspace/scratch/97e21f28a7b4/setisearch-repo-20261002/tests/test_radio_native_v2_compact_preparation_audit.py", line 362, in test_external_runtime_path_alias_and_fifo_are_refused
    with self.assertRaisesRegex(ValueError, 'Runtime inventory path alias'):
         ^^^^^^^^^^^^^^^^^^^^^^^^^^^^^^^^^^^^^^^^^^^^^^^^^^^^^^^^^^^^^^^^^^
AssertionError: "Runtime inventory path alias" does not match "Exact independent preparation comparison differs: audit implementation bytes after import"

======================================================================
FAIL: test_extra_untracked_source_and_missing_tracked_source_fail (test_radio_native_v2_compact_preparation_audit.CompactPreparationAuditTests.test_extra_untracked_source_and_missing_tracked_source_fail)
----------------------------------------------------------------------
ValueError: Exact independent preparation comparison differs: audit implementation bytes after import

During handling of the above exception, another exception occurred:

Traceback (most recent call last):
  File "/workspace/scratch/97e21f28a7b4/setisearch-repo-20261002/tests/test_radio_native_v2_compact_preparation_audit.py", line 219, in test_extra_untracked_source_and_missing_tracked_source_fail
    with self.assertRaisesRegex(ValueError, 'repository code inventory'):
         ^^^^^^^^^^^^^^^^^^^^^^^^^^^^^^^^^^^^^^^^^^^^^^^^^^^^^^^^^^^^^^^
AssertionError: "repository code inventory" does not match "Exact independent preparation comparison differs: audit implementation bytes after import"

======================================================================
FAIL: test_missing_original_freezer_fields_and_claimed_coverage_are_refused (test_radio_native_v2_compact_preparation_audit.CompactPreparationAuditTests.test_missing_original_freezer_fields_and_claimed_coverage_are_refused)
----------------------------------------------------------------------
ValueError: Exact independent preparation comparison differs: audit implementation bytes after import

During handling of the above exception, another exception occurred:

Traceback (most recent call last):
  File "/workspace/scratch/97e21f28a7b4/setisearch-repo-20261002/tests/test_radio_native_v2_compact_preparation_audit.py", line 236, in test_missing_original_freezer_fields_and_claimed_coverage_are_refused
    with self.assertRaisesRegex(ValueError, 'original freezer coverage'):
         ^^^^^^^^^^^^^^^^^^^^^^^^^^^^^^^^^^^^^^^^^^^^^^^^^^^^^^^^^^^^^^^
AssertionError: "original freezer coverage" does not match "Exact independent preparation comparison differs: audit implementation bytes after import"

======================================================================
FAIL: test_missing_test_input_pin_is_refused (test_radio_native_v2_compact_preparation_audit.CompactPreparationAuditTests.test_missing_test_input_pin_is_refused)
----------------------------------------------------------------------
ValueError: Exact independent preparation comparison differs: audit implementation bytes after import

During handling of the above exception, another exception occurred:

Traceback (most recent call last):
  File "/workspace/scratch/97e21f28a7b4/setisearch-repo-20261002/tests/test_radio_native_v2_compact_preparation_audit.py", line 309, in test_missing_test_input_pin_is_refused
    with self.assertRaisesRegex(ValueError, 'omitted prospective material/test pin'):
         ^^^^^^^^^^^^^^^^^^^^^^^^^^^^^^^^^^^^^^^^^^^^^^^^^^^^^^^^^^^^^^^^^^^^^^^^^^^
AssertionError: "omitted prospective material/test pin" does not match "Exact independent preparation comparison differs: audit implementation bytes after import"

======================================================================
FAIL: test_prospective_and_derived_pin_changes_fail_before_workers (test_radio_native_v2_compact_preparation_audit.CompactPreparationAuditTests.test_prospective_and_derived_pin_changes_fail_before_workers)
----------------------------------------------------------------------
ValueError: Exact independent preparation comparison differs: audit implementation bytes after import

During handling of the above exception, another exception occurred:

Traceback (most recent call last):
  File "/workspace/scratch/97e21f28a7b4/setisearch-repo-20261002/tests/test_radio_native_v2_compact_preparation_audit.py", line 319, in test_prospective_and_derived_pin_changes_fail_before_workers
    with self.assertRaisesRegex(ValueError, 'prospective code pins'):
         ^^^^^^^^^^^^^^^^^^^^^^^^^^^^^^^^^^^^^^^^^^^^^^^^^^^^^^^^^^^
AssertionError: "prospective code pins" does not match "Exact independent preparation comparison differs: audit implementation bytes after import"

======================================================================
FAIL: test_stale_supplement_inventory_is_refused_despite_current_named_bytes (test_radio_native_v2_compact_preparation_audit.CompactPreparationAuditTests.test_stale_supplement_inventory_is_refused_despite_current_named_bytes)
----------------------------------------------------------------------
ValueError: Exact independent preparation comparison differs: audit implementation bytes after import

During handling of the above exception, another exception occurred:

Traceback (most recent call last):
  File "/workspace/scratch/97e21f28a7b4/setisearch-repo-20261002/tests/test_radio_native_v2_compact_preparation_audit.py", line 292, in test_stale_supplement_inventory_is_refused_despite_current_named_bytes
    with self.assertRaisesRegex(ValueError, 'supplement inventory/bytes/flags'):
         ^^^^^^^^^^^^^^^^^^^^^^^^^^^^^^^^^^^^^^^^^^^^^^^^^^^^^^^^^^^^^^^^^^^^^^
AssertionError: "supplement inventory/bytes/flags" does not match "Exact independent preparation comparison differs: audit implementation bytes after import"

----------------------------------------------------------------------
Ran 271 tests in 117.954s

FAILED (failures=17, errors=10)
