test_added_alias_changes_frozen_manifest (tests.test_radio_native_v2_runtime_custody.RuntimeCustodyTests.test_added_alias_changes_frozen_manifest) ... ok
test_alias_substitution_between_lstat_and_open_is_refused (tests.test_radio_native_v2_runtime_custody.RuntimeCustodyTests.test_alias_substitution_between_lstat_and_open_is_refused) ... ok
test_bounded_inventory_rejects_alias_fifo_hardlink_and_cardinality (tests.test_radio_native_v2_runtime_custody.RuntimeCustodyTests.test_bounded_inventory_rejects_alias_fifo_hardlink_and_cardinality) ... ok
test_current_freeze_matches_bounded_protocol_audit (tests.test_radio_native_v2_runtime_custody.RuntimeCustodyTests.test_current_freeze_matches_bounded_protocol_audit) ... skipped 'Explicit host-wide audit only; default tests use tiny files'
test_duplicate_spellings_and_symlink_ancestors_cannot_close_hidden_alias (tests.test_radio_native_v2_runtime_custody.RuntimeCustodyTests.test_duplicate_spellings_and_symlink_ancestors_cannot_close_hidden_alias) ... ok
test_exact_closed_group_and_sole_link_material_pass (tests.test_radio_native_v2_runtime_custody.RuntimeCustodyTests.test_exact_closed_group_and_sole_link_material_pass) ... ok
test_hash_drift_is_refused (tests.test_radio_native_v2_runtime_custody.RuntimeCustodyTests.test_hash_drift_is_refused) ... ok
test_hash_mutation_alias_stat_race_and_stale_manifest_sha_refused (tests.test_radio_native_v2_runtime_custody.RuntimeCustodyTests.test_hash_mutation_alias_stat_race_and_stale_manifest_sha_refused) ... ok
test_held_hardlink_inode_is_hashed_once_not_once_per_alias (tests.test_radio_native_v2_runtime_custody.RuntimeCustodyTests.test_held_hardlink_inode_is_hashed_once_not_once_per_alias) ... ok
test_hidden_alias_outside_roots_is_refused (tests.test_radio_native_v2_runtime_custody.RuntimeCustodyTests.test_hidden_alias_outside_roots_is_refused) ... ok
test_last_material_recheck_cannot_leave_earlier_git_group_stale (tests.test_radio_native_v2_runtime_custody.RuntimeCustodyTests.test_last_material_recheck_cannot_leave_earlier_git_group_stale) ... ok
test_material_only_check_never_opens_git_or_enumerates_roots (tests.test_radio_native_v2_runtime_custody.RuntimeCustodyTests.test_material_only_check_never_opens_git_or_enumerates_roots) ... ok
test_relinked_same_bytes_changes_frozen_manifest (tests.test_radio_native_v2_runtime_custody.RuntimeCustodyTests.test_relinked_same_bytes_changes_frozen_manifest) ... ok
test_same_byte_sole_link_replacement_is_refused_with_preserved_mtime_and_mode (tests.test_radio_native_v2_runtime_custody.RuntimeCustodyTests.test_same_byte_sole_link_replacement_is_refused_with_preserved_mtime_and_mode) ... ok
test_strict_metadata_types_group_membership_and_authority_are_not_self_attested (tests.test_radio_native_v2_runtime_custody.RuntimeCustodyTests.test_strict_metadata_types_group_membership_and_authority_are_not_self_attested) ... ok
test_symlink_runtime_is_refused (tests.test_radio_native_v2_runtime_custody.RuntimeCustodyTests.test_symlink_runtime_is_refused) ... ok
test_unexpected_material_hardlink_is_refused (tests.test_radio_native_v2_runtime_custody.RuntimeCustodyTests.test_unexpected_material_hardlink_is_refused) ... ok
test_whole_git_group_recreated_same_bytes_and_topology_is_refused (tests.test_radio_native_v2_runtime_custody.RuntimeCustodyTests.test_whole_git_group_recreated_same_bytes_and_topology_is_refused) ... ok
test_activation_wrapper_rechecks_runtime_metadata_not_just_bytes (tests.test_radio_native_v2_runner_freeze.PublishedRunnerFreezeTests.test_activation_wrapper_rechecks_runtime_metadata_not_just_bytes) ... ok
test_added_runtime_dependency_refused_by_reenumeration (tests.test_radio_native_v2_runner_freeze.PublishedRunnerFreezeTests.test_added_runtime_dependency_refused_by_reenumeration) ... ok
test_any_enabled_authority_flag_refused (tests.test_radio_native_v2_runner_freeze.PublishedRunnerFreezeTests.test_any_enabled_authority_flag_refused) ... ok
test_capture_and_readback_pin_python_javascript_inputs_and_runtime (tests.test_radio_native_v2_runner_freeze.PublishedRunnerFreezeTests.test_capture_and_readback_pin_python_javascript_inputs_and_runtime) ... ok
test_changed_and_missing_inputs_refused (tests.test_radio_native_v2_runner_freeze.PublishedRunnerFreezeTests.test_changed_and_missing_inputs_refused) ... ok
test_changed_and_missing_runtime_bytes_refused (tests.test_radio_native_v2_runner_freeze.PublishedRunnerFreezeTests.test_changed_and_missing_runtime_bytes_refused) ... ok
test_changed_local_javascript_refused (tests.test_radio_native_v2_runner_freeze.PublishedRunnerFreezeTests.test_changed_local_javascript_refused) ... ok
test_changed_published_javascript_is_detected_before_local_check (tests.test_radio_native_v2_runner_freeze.PublishedRunnerFreezeTests.test_changed_published_javascript_is_detected_before_local_check) ... ok
test_custody_field_omission_tampering_reclassification_and_unknown_fields_refused (tests.test_radio_native_v2_runner_freeze.PublishedRunnerFreezeTests.test_custody_field_omission_tampering_reclassification_and_unknown_fields_refused) ... ok
test_executable_resolution_and_versions_are_rechecked (tests.test_radio_native_v2_runner_freeze.PublishedRunnerFreezeTests.test_executable_resolution_and_versions_are_rechecked) ... ok
test_execution_stays_disabled_after_successful_verification (tests.test_radio_native_v2_runner_freeze.PublishedRunnerFreezeTests.test_execution_stays_disabled_after_successful_verification) ... ok
test_fresh_capture_pins_canonical_custody_and_historical_metadata_requires_explicit_current_gate (tests.test_radio_native_v2_runner_freeze.PublishedRunnerFreezeTests.test_fresh_capture_pins_canonical_custody_and_historical_metadata_requires_explicit_current_gate) ... ok
test_git_replace_refs_cannot_substitute_immutable_commit (tests.test_radio_native_v2_runner_freeze.PublishedRunnerFreezeTests.test_git_replace_refs_cannot_substitute_immutable_commit) ... ok
test_inventory_hash_omission_and_conflicting_input_pin_refused (tests.test_radio_native_v2_runner_freeze.PublishedRunnerFreezeTests.test_inventory_hash_omission_and_conflicting_input_pin_refused) ... ok
test_loaded_optional_unavailable_extension_refused (tests.test_radio_native_v2_runner_freeze.PublishedRunnerFreezeTests.test_loaded_optional_unavailable_extension_refused) ... ok
test_material_wrapper_never_runs_git_or_discovers_runtime_after_receipt (tests.test_radio_native_v2_runner_freeze.PublishedRunnerFreezeTests.test_material_wrapper_never_runs_git_or_discovers_runtime_after_receipt) ... ok
test_missing_published_input_blob_refused (tests.test_radio_native_v2_runner_freeze.PublishedRunnerFreezeTests.test_missing_published_input_blob_refused) ... ok
test_missing_tracked_code_refused_in_capture_and_verify (tests.test_radio_native_v2_runner_freeze.PublishedRunnerFreezeTests.test_missing_tracked_code_refused_in_capture_and_verify) ... ok
test_mutable_git_ref_or_abbreviated_commit_refused (tests.test_radio_native_v2_runner_freeze.PublishedRunnerFreezeTests.test_mutable_git_ref_or_abbreviated_commit_refused) ... ok
test_new_javascript_module_invalidates_inventory (tests.test_radio_native_v2_runner_freeze.PublishedRunnerFreezeTests.test_new_javascript_module_invalidates_inventory) ... ok
test_noncanonical_or_escaping_input_path_refused (tests.test_radio_native_v2_runner_freeze.PublishedRunnerFreezeTests.test_noncanonical_or_escaping_input_path_refused) ... ok
test_noncanonical_published_json_refused_despite_matching_hash (tests.test_radio_native_v2_runner_freeze.PublishedRunnerFreezeTests.test_noncanonical_published_json_refused_despite_matching_hash) ... ok
test_old_preparation_freeze_refused_even_with_enabled_claims (tests.test_radio_native_v2_runner_freeze.PublishedRunnerFreezeTests.test_old_preparation_freeze_refused_even_with_enabled_claims) ... ok
test_runtime_environment_drift_refused (tests.test_radio_native_v2_runner_freeze.PublishedRunnerFreezeTests.test_runtime_environment_drift_refused) ... ok
test_science_mode_wrong_namespace_or_manifest_binding_refused (tests.test_radio_native_v2_runner_freeze.PublishedRunnerFreezeTests.test_science_mode_wrong_namespace_or_manifest_binding_refused) ... ok
test_shared_git_discovered_library_and_node_executable_cannot_be_activation_only (tests.test_radio_native_v2_runner_freeze.PublishedRunnerFreezeTests.test_shared_git_discovered_library_and_node_executable_cannot_be_activation_only) ... ok
test_source_input_and_repository_ancestor_aliases_are_refused (tests.test_radio_native_v2_runner_freeze.PublishedRunnerFreezeTests.test_source_input_and_repository_ancestor_aliases_are_refused) ... ok
test_supplied_transport_receipt_cannot_grant_authority (tests.test_radio_native_v2_runner_freeze.PublishedRunnerFreezeTests.test_supplied_transport_receipt_cannot_grant_authority) ... ok
test_verified_state_and_metadata_copy_are_immutable (tests.test_radio_native_v2_runner_freeze.PublishedRunnerFreezeTests.test_verified_state_and_metadata_copy_are_immutable) ... ok
test_wrong_published_freeze_hash_refused (tests.test_radio_native_v2_runner_freeze.PublishedRunnerFreezeTests.test_wrong_published_freeze_hash_refused) ... ok
test_elf_resolution_recurses_and_refuses_missing_transitive_library (tests.test_radio_native_v2_runner_freeze.RuntimeClosureTests.test_elf_resolution_recurses_and_refuses_missing_transitive_library) ... ok
test_runtime_inventory_merges_python_numpy_git_node_and_elf_closure (tests.test_radio_native_v2_runner_freeze.RuntimeClosureTests.test_runtime_inventory_merges_python_numpy_git_node_and_elf_closure) ... ok

----------------------------------------------------------------------
Ran 50 tests in 1.537s

OK (skipped=1)
