test_absent_actual_create_only_attestation_cannot_be_invented (__main__.BootstrapTests.test_absent_actual_create_only_attestation_cannot_be_invented) ... ok
test_capsule_exact_sources_env_python_size_and_independent_digest_argv (__main__.BootstrapTests.test_capsule_exact_sources_env_python_size_and_independent_digest_argv) ... ok
test_changed_public_record_bytes_are_refused (__main__.BootstrapTests.test_changed_public_record_bytes_are_refused) ... ok
test_guarded_preclaim_is_fixed_and_does_not_execute_in_this_probe (__main__.BootstrapTests.test_guarded_preclaim_is_fixed_and_does_not_execute_in_this_probe) ... ok
test_guarded_preclaim_wrong_helper_pin_refuses_before_child (__main__.BootstrapTests.test_guarded_preclaim_wrong_helper_pin_refuses_before_child) ... ok
test_launch_input_five_names_and_distinct_raw_vs_object_spend_pin (__main__.BootstrapTests.test_launch_input_five_names_and_distinct_raw_vs_object_spend_pin) ... ok
test_manifest_extra_authority_and_duplicate_JSON_are_refused_before_state_read (__main__.BootstrapTests.test_manifest_extra_authority_and_duplicate_JSON_are_refused_before_state_read) ... ok
test_mocked_preclaim_retains_both_outputs_after_mocked_consumption (__main__.BootstrapTests.test_mocked_preclaim_retains_both_outputs_after_mocked_consumption) ... ERROR
test_non_direct_C_parent_is_refused (__main__.BootstrapTests.test_non_direct_C_parent_is_refused) ... ok
test_preclaim_outputs_refuse_historical_roots_before_directory_reads (__main__.BootstrapTests.test_preclaim_outputs_refuse_historical_roots_before_directory_reads) ... ok
test_public_record_exact_schema_raw_and_canonical_hashes (__main__.BootstrapTests.test_public_record_exact_schema_raw_and_canonical_hashes) ... ok
test_raw_tree_digest_mismatch_is_refused (__main__.BootstrapTests.test_raw_tree_digest_mismatch_is_refused) ... ok
test_read_raw_refuses_symlink_or_changed_held_pin (__main__.BootstrapTests.test_read_raw_refuses_symlink_or_changed_held_pin) ... ok
test_three_bootstrap_paths_and_all_raw_object_blob_pins (__main__.BootstrapTests.test_three_bootstrap_paths_and_all_raw_object_blob_pins) ... ok
test_wrong_ref_target_is_refused (__main__.BootstrapTests.test_wrong_ref_target_is_refused) ... ok

======================================================================
ERROR: test_mocked_preclaim_retains_both_outputs_after_mocked_consumption (__main__.BootstrapTests.test_mocked_preclaim_retains_both_outputs_after_mocked_consumption)
----------------------------------------------------------------------
Traceback (most recent call last):
  File "/workspace/scratch/8fcd6bf45392/setisearch-20261003-archive/results_radio_native_v3_execution_preparation_20261003f/test_build_spending_bootstrap.py", line 204, in test_mocked_preclaim_retains_both_outputs_after_mocked_consumption
    result=h.preclaim(context,args)
           ^^^^^^^^^^^^^^^^^^^^^^^^
  File "/workspace/scratch/8fcd6bf45392/setisearch-20261003-archive/results_radio_native_v3_execution_preparation_20261003f/build_spending_bootstrap.py", line 462, in preclaim
    activation_commit=context['readback']['activation_commit'],execution_scope=context['scope'])
                      ~~~~~~~^^^^^^^^^^^^
KeyError: 'readback'

----------------------------------------------------------------------
Ran 15 tests in 0.025s

FAILED (errors=1)

