epoch1_on: eight native caches and all cropped baseline scores exact
epoch2_on: eight native caches and all cropped baseline scores exact
epoch3_on: eight native caches and all cropped baseline scores exact
1/149 baseline {'neighbor9': 0, 'off_window': 0, 'remaining_aggregate': 0, 'combined': 0, 'centered_receiver': 0, 'centered_receiver_off_match': 0, 'centered_receiver_off_match_aggregate': 0}
2/149 z006 {'neighbor9': 111, 'off_window': 111, 'remaining_aggregate': 12, 'combined': 12, 'centered_receiver': 111, 'centered_receiver_off_match': 111, 'centered_receiver_off_match_aggregate': 12}
3/149 z016 {'neighbor9': 116, 'off_window': 116, 'remaining_aggregate': 3, 'combined': 3, 'centered_receiver': 116, 'centered_receiver_off_match': 116, 'centered_receiver_off_match_aggregate': 3}
4/149 z038 {'neighbor9': 6, 'off_window': 0, 'remaining_aggregate': 6, 'combined': 0, 'centered_receiver': 6, 'centered_receiver_off_match': 0, 'centered_receiver_off_match_aggregate': 0}
5/149 z042 {'neighbor9': 2, 'off_window': 2, 'remaining_aggregate': 2, 'combined': 2, 'centered_receiver': 2, 'centered_receiver_off_match': 2, 'centered_receiver_off_match_aggregate': 2}
6/149 z043 {'neighbor9': 0, 'off_window': 0, 'remaining_aggregate': 0, 'combined': 0, 'centered_receiver': 0, 'centered_receiver_off_match': 0, 'centered_receiver_off_match_aggregate': 0}
7/149 z044 {'neighbor9': 2, 'off_window': 2, 'remaining_aggregate': 2, 'combined': 2, 'centered_receiver': 2, 'centered_receiver_off_match': 2, 'centered_receiver_off_match_aggregate': 2}
8/149 z048 {'neighbor9': 0, 'off_window': 0, 'remaining_aggregate': 0, 'combined': 0, 'centered_receiver': 0, 'centered_receiver_off_match': 0, 'centered_receiver_off_match_aggregate': 0}
9/149 z078 {'neighbor9': 14, 'off_window': 0, 'remaining_aggregate': 14, 'combined': 0, 'centered_receiver': 14, 'centered_receiver_off_match': 0, 'centered_receiver_off_match_aggregate': 0}
10/149 z096 {'neighbor9': 192, 'off_window': 192, 'remaining_aggregate': 19, 'combined': 19, 'centered_receiver': 210, 'centered_receiver_off_match': 210, 'centered_receiver_off_match_aggregate': 30}
11/149 z138 {'neighbor9': 1, 'off_window': 0, 'remaining_aggregate': 1, 'combined': 0, 'centered_receiver': 1, 'centered_receiver_off_match': 1, 'centered_receiver_off_match_aggregate': 1}
12/149 z148 {'neighbor9': 1, 'off_window': 0, 'remaining_aggregate': 1, 'combined': 0, 'centered_receiver': 1, 'centered_receiver_off_match': 0, 'centered_receiver_off_match_aggregate': 0}
13/149 z158 {'neighbor9': 24, 'off_window': 0, 'remaining_aggregate': 24, 'combined': 0, 'centered_receiver': 24, 'centered_receiver_off_match': 0, 'centered_receiver_off_match_aggregate': 0}
14/149 z162 {'neighbor9': 1, 'off_window': 1, 'remaining_aggregate': 1, 'combined': 1, 'centered_receiver': 1, 'centered_receiver_off_match': 1, 'centered_receiver_off_match_aggregate': 1}
15/149 z163 {'neighbor9': 0, 'off_window': 0, 'remaining_aggregate': 0, 'combined': 0, 'centered_receiver': 0, 'centered_receiver_off_match': 0, 'centered_receiver_off_match_aggregate': 0}
16/149 z164 {'neighbor9': 1, 'off_window': 1, 'remaining_aggregate': 1, 'combined': 1, 'centered_receiver': 1, 'centered_receiver_off_match': 1, 'centered_receiver_off_match_aggregate': 1}
17/149 z168 {'neighbor9': 0, 'off_window': 0, 'remaining_aggregate': 0, 'combined': 0, 'centered_receiver': 0, 'centered_receiver_off_match': 0, 'centered_receiver_off_match_aggregate': 0}
18/149 z170 {'neighbor9': 55, 'off_window': 55, 'remaining_aggregate': 54, 'combined': 54, 'centered_receiver': 55, 'centered_receiver_off_match': 55, 'centered_receiver_off_match_aggregate': 54}
19/149 z171 {'neighbor9': 221, 'off_window': 221, 'remaining_aggregate': 0, 'combined': 0, 'centered_receiver': 308, 'centered_receiver_off_match': 308, 'centered_receiver_off_match_aggregate': 43}
20/149 z176 {'neighbor9': 26, 'off_window': 26, 'remaining_aggregate': 0, 'combined': 0, 'centered_receiver': 26, 'centered_receiver_off_match': 26, 'centered_receiver_off_match_aggregate': 0}
21/149 z198 {'neighbor9': 5, 'off_window': 0, 'remaining_aggregate': 5, 'combined': 0, 'centered_receiver': 5, 'centered_receiver_off_match': 0, 'centered_receiver_off_match_aggregate': 0}
22/149 z260 {'neighbor9': 3, 'off_window': 3, 'remaining_aggregate': 0, 'combined': 0, 'centered_receiver': 3, 'centered_receiver_off_match': 3, 'centered_receiver_off_match_aggregate': 0}
23/149 z261 {'neighbor9': 29, 'off_window': 29, 'remaining_aggregate': 0, 'combined': 0, 'centered_receiver': 29, 'centered_receiver_off_match': 29, 'centered_receiver_off_match_aggregate': 0}
24/149 z262 {'neighbor9': 1, 'off_window': 1, 'remaining_aggregate': 1, 'combined': 1, 'centered_receiver': 1, 'centered_receiver_off_match': 1, 'centered_receiver_off_match_aggregate': 1}
25/149 z263 {'neighbor9': 0, 'off_window': 0, 'remaining_aggregate': 0, 'combined': 0, 'centered_receiver': 0, 'centered_receiver_off_match': 0, 'centered_receiver_off_match_aggregate': 0}
26/149 z264 {'neighbor9': 1, 'off_window': 1, 'remaining_aggregate': 1, 'combined': 1, 'centered_receiver': 1, 'centered_receiver_off_match': 1, 'centered_receiver_off_match_aggregate': 1}
27/149 z265 {'neighbor9': 3, 'off_window': 3, 'remaining_aggregate': 0, 'combined': 0, 'centered_receiver': 3, 'centered_receiver_off_match': 3, 'centered_receiver_off_match_aggregate': 0}
28/149 z266 {'neighbor9': 5, 'off_window': 5, 'remaining_aggregate': 0, 'combined': 0, 'centered_receiver': 5, 'centered_receiver_off_match': 5, 'centered_receiver_off_match_aggregate': 0}
29/149 z268 {'neighbor9': 0, 'off_window': 0, 'remaining_aggregate': 0, 'combined': 0, 'centered_receiver': 0, 'centered_receiver_off_match': 0, 'centered_receiver_off_match_aggregate': 0}
30/149 z278 {'neighbor9': 9, 'off_window': 0, 'remaining_aggregate': 9, 'combined': 0, 'centered_receiver': 9, 'centered_receiver_off_match': 0, 'centered_receiver_off_match_aggregate': 0}
31/149 z280 {'neighbor9': 47, 'off_window': 47, 'remaining_aggregate': 40, 'combined': 40, 'centered_receiver': 47, 'centered_receiver_off_match': 47, 'centered_receiver_off_match_aggregate': 40}
32/149 z281 {'neighbor9': 411, 'off_window': 411, 'remaining_aggregate': 34, 'combined': 34, 'centered_receiver': 488, 'centered_receiver_off_match': 488, 'centered_receiver_off_match_aggregate': 74}
33/149 z286 {'neighbor9': 0, 'off_window': 0, 'remaining_aggregate': 0, 'combined': 0, 'centered_receiver': 0, 'centered_receiver_off_match': 0, 'centered_receiver_off_match_aggregate': 0}
34/149 z318 {'neighbor9': 13, 'off_window': 0, 'remaining_aggregate': 13, 'combined': 0, 'centered_receiver': 13, 'centered_receiver_off_match': 0, 'centered_receiver_off_match_aggregate': 0}
35/149 z324 {'neighbor9': 2, 'off_window': 0, 'remaining_aggregate': 2, 'combined': 0, 'centered_receiver': 2, 'centered_receiver_off_match': 2, 'centered_receiver_off_match_aggregate': 2}
36/149 z336 {'neighbor9': 1, 'off_window': 0, 'remaining_aggregate': 1, 'combined': 0, 'centered_receiver': 1, 'centered_receiver_off_match': 1, 'centered_receiver_off_match_aggregate': 1}
37/149 z346 {'neighbor9': 1, 'off_window': 0, 'remaining_aggregate': 1, 'combined': 0, 'centered_receiver': 1, 'centered_receiver_off_match': 1, 'centered_receiver_off_match_aggregate': 1}
38/149 fresh000 {'neighbor9': 13, 'off_window': 13, 'remaining_aggregate': 7, 'combined': 7, 'centered_receiver': 13, 'centered_receiver_off_match': 13, 'centered_receiver_off_match_aggregate': 7}
39/149 fresh001 {'neighbor9': 687, 'off_window': 687, 'remaining_aggregate': 19, 'combined': 19, 'centered_receiver': 687, 'centered_receiver_off_match': 687, 'centered_receiver_off_match_aggregate': 19}
40/149 fresh002 {'neighbor9': 1, 'off_window': 1, 'remaining_aggregate': 1, 'combined': 1, 'centered_receiver': 1, 'centered_receiver_off_match': 1, 'centered_receiver_off_match_aggregate': 1}
41/149 fresh003 {'neighbor9': 1, 'off_window': 1, 'remaining_aggregate': 1, 'combined': 1, 'centered_receiver': 1, 'centered_receiver_off_match': 1, 'centered_receiver_off_match_aggregate': 1}
42/149 fresh004 {'neighbor9': 283, 'off_window': 283, 'remaining_aggregate': 0, 'combined': 0, 'centered_receiver': 306, 'centered_receiver_off_match': 306, 'centered_receiver_off_match_aggregate': 0}
43/149 fresh005 {'neighbor9': 0, 'off_window': 0, 'remaining_aggregate': 0, 'combined': 0, 'centered_receiver': 0, 'centered_receiver_off_match': 0, 'centered_receiver_off_match_aggregate': 0}
44/149 fresh006 {'neighbor9': 0, 'off_window': 0, 'remaining_aggregate': 0, 'combined': 0, 'centered_receiver': 0, 'centered_receiver_off_match': 0, 'centered_receiver_off_match_aggregate': 0}
45/149 fresh007 {'neighbor9': 16, 'off_window': 16, 'remaining_aggregate': 16, 'combined': 16, 'centered_receiver': 16, 'centered_receiver_off_match': 16, 'centered_receiver_off_match_aggregate': 16}
46/149 fresh008 {'neighbor9': 117, 'off_window': 117, 'remaining_aggregate': 16, 'combined': 16, 'centered_receiver': 117, 'centered_receiver_off_match': 117, 'centered_receiver_off_match_aggregate': 16}
47/149 fresh009 {'neighbor9': 1, 'off_window': 1, 'remaining_aggregate': 1, 'combined': 1, 'centered_receiver': 1, 'centered_receiver_off_match': 1, 'centered_receiver_off_match_aggregate': 1}
48/149 fresh010 {'neighbor9': 0, 'off_window': 0, 'remaining_aggregate': 0, 'combined': 0, 'centered_receiver': 0, 'centered_receiver_off_match': 0, 'centered_receiver_off_match_aggregate': 0}
49/149 fresh011 {'neighbor9': 60, 'off_window': 60, 'remaining_aggregate': 0, 'combined': 0, 'centered_receiver': 60, 'centered_receiver_off_match': 60, 'centered_receiver_off_match_aggregate': 0}
50/149 fresh012 {'neighbor9': 0, 'off_window': 0, 'remaining_aggregate': 0, 'combined': 0, 'centered_receiver': 0, 'centered_receiver_off_match': 0, 'centered_receiver_off_match_aggregate': 0}
51/149 fresh013 {'neighbor9': 0, 'off_window': 0, 'remaining_aggregate': 0, 'combined': 0, 'centered_receiver': 0, 'centered_receiver_off_match': 0, 'centered_receiver_off_match_aggregate': 0}
52/149 fresh014 {'neighbor9': 16, 'off_window': 16, 'remaining_aggregate': 14, 'combined': 14, 'centered_receiver': 16, 'centered_receiver_off_match': 16, 'centered_receiver_off_match_aggregate': 14}
53/149 fresh015 {'neighbor9': 490, 'off_window': 490, 'remaining_aggregate': 21, 'combined': 21, 'centered_receiver': 490, 'centered_receiver_off_match': 490, 'centered_receiver_off_match_aggregate': 21}
54/149 fresh016 {'neighbor9': 6, 'off_window': 6, 'remaining_aggregate': 6, 'combined': 6, 'centered_receiver': 6, 'centered_receiver_off_match': 6, 'centered_receiver_off_match_aggregate': 6}
55/149 fresh017 {'neighbor9': 3, 'off_window': 2, 'remaining_aggregate': 3, 'combined': 2, 'centered_receiver': 3, 'centered_receiver_off_match': 3, 'centered_receiver_off_match_aggregate': 3}
56/149 fresh018 {'neighbor9': 283, 'off_window': 283, 'remaining_aggregate': 0, 'combined': 0, 'centered_receiver': 306, 'centered_receiver_off_match': 306, 'centered_receiver_off_match_aggregate': 0}
57/149 fresh019 {'neighbor9': 0, 'off_window': 0, 'remaining_aggregate': 0, 'combined': 0, 'centered_receiver': 0, 'centered_receiver_off_match': 0, 'centered_receiver_off_match_aggregate': 0}
58/149 fresh020 {'neighbor9': 0, 'off_window': 0, 'remaining_aggregate': 0, 'combined': 0, 'centered_receiver': 0, 'centered_receiver_off_match': 0, 'centered_receiver_off_match_aggregate': 0}
59/149 fresh021 {'neighbor9': 17, 'off_window': 17, 'remaining_aggregate': 12, 'combined': 12, 'centered_receiver': 17, 'centered_receiver_off_match': 17, 'centered_receiver_off_match_aggregate': 12}
60/149 fresh022 {'neighbor9': 98, 'off_window': 98, 'remaining_aggregate': 12, 'combined': 12, 'centered_receiver': 98, 'centered_receiver_off_match': 98, 'centered_receiver_off_match_aggregate': 12}
61/149 fresh023 {'neighbor9': 4, 'off_window': 4, 'remaining_aggregate': 4, 'combined': 4, 'centered_receiver': 4, 'centered_receiver_off_match': 4, 'centered_receiver_off_match_aggregate': 4}
62/149 fresh024 {'neighbor9': 0, 'off_window': 0, 'remaining_aggregate': 0, 'combined': 0, 'centered_receiver': 0, 'centered_receiver_off_match': 0, 'centered_receiver_off_match_aggregate': 0}
63/149 fresh025 {'neighbor9': 42, 'off_window': 42, 'remaining_aggregate': 0, 'combined': 0, 'centered_receiver': 42, 'centered_receiver_off_match': 42, 'centered_receiver_off_match_aggregate': 0}
64/149 fresh026 {'neighbor9': 0, 'off_window': 0, 'remaining_aggregate': 0, 'combined': 0, 'centered_receiver': 0, 'centered_receiver_off_match': 0, 'centered_receiver_off_match_aggregate': 0}
65/149 fresh027 {'neighbor9': 0, 'off_window': 0, 'remaining_aggregate': 0, 'combined': 0, 'centered_receiver': 0, 'centered_receiver_off_match': 0, 'centered_receiver_off_match_aggregate': 0}
66/149 fresh028 {'neighbor9': 17, 'off_window': 17, 'remaining_aggregate': 14, 'combined': 14, 'centered_receiver': 17, 'centered_receiver_off_match': 17, 'centered_receiver_off_match_aggregate': 14}
67/149 fresh029 {'neighbor9': 723, 'off_window': 723, 'remaining_aggregate': 12, 'combined': 12, 'centered_receiver': 814, 'centered_receiver_off_match': 814, 'centered_receiver_off_match_aggregate': 14}
68/149 fresh030 {'neighbor9': 12, 'off_window': 12, 'remaining_aggregate': 12, 'combined': 12, 'centered_receiver': 12, 'centered_receiver_off_match': 12, 'centered_receiver_off_match_aggregate': 12}
69/149 fresh031 {'neighbor9': 8, 'off_window': 3, 'remaining_aggregate': 8, 'combined': 3, 'centered_receiver': 8, 'centered_receiver_off_match': 8, 'centered_receiver_off_match_aggregate': 8}
70/149 fresh032 {'neighbor9': 310, 'off_window': 310, 'remaining_aggregate': 0, 'combined': 0, 'centered_receiver': 435, 'centered_receiver_off_match': 435, 'centered_receiver_off_match_aggregate': 1}
71/149 fresh033 {'neighbor9': 0, 'off_window': 0, 'remaining_aggregate': 0, 'combined': 0, 'centered_receiver': 0, 'centered_receiver_off_match': 0, 'centered_receiver_off_match_aggregate': 0}
72/149 fresh034 {'neighbor9': 0, 'off_window': 0, 'remaining_aggregate': 0, 'combined': 0, 'centered_receiver': 0, 'centered_receiver_off_match': 0, 'centered_receiver_off_match_aggregate': 0}
73/149 fresh035 {'neighbor9': 16, 'off_window': 16, 'remaining_aggregate': 7, 'combined': 7, 'centered_receiver': 16, 'centered_receiver_off_match': 16, 'centered_receiver_off_match_aggregate': 7}
74/149 fresh036 {'neighbor9': 58, 'off_window': 58, 'remaining_aggregate': 7, 'combined': 7, 'centered_receiver': 58, 'centered_receiver_off_match': 58, 'centered_receiver_off_match_aggregate': 7}
75/149 fresh037 {'neighbor9': 2, 'off_window': 2, 'remaining_aggregate': 2, 'combined': 2, 'centered_receiver': 2, 'centered_receiver_off_match': 2, 'centered_receiver_off_match_aggregate': 2}
76/149 fresh038 {'neighbor9': 0, 'off_window': 0, 'remaining_aggregate': 0, 'combined': 0, 'centered_receiver': 0, 'centered_receiver_off_match': 0, 'centered_receiver_off_match_aggregate': 0}
77/149 fresh039 {'neighbor9': 42, 'off_window': 42, 'remaining_aggregate': 0, 'combined': 0, 'centered_receiver': 42, 'centered_receiver_off_match': 42, 'centered_receiver_off_match_aggregate': 0}
78/149 fresh040 {'neighbor9': 0, 'off_window': 0, 'remaining_aggregate': 0, 'combined': 0, 'centered_receiver': 0, 'centered_receiver_off_match': 0, 'centered_receiver_off_match_aggregate': 0}
79/149 fresh041 {'neighbor9': 0, 'off_window': 0, 'remaining_aggregate': 0, 'combined': 0, 'centered_receiver': 0, 'centered_receiver_off_match': 0, 'centered_receiver_off_match_aggregate': 0}
80/149 fresh042 {'neighbor9': 72, 'off_window': 72, 'remaining_aggregate': 69, 'combined': 69, 'centered_receiver': 72, 'centered_receiver_off_match': 72, 'centered_receiver_off_match_aggregate': 69}
81/149 fresh043 {'neighbor9': 691, 'off_window': 691, 'remaining_aggregate': 130, 'combined': 130, 'centered_receiver': 1004, 'centered_receiver_off_match': 1004, 'centered_receiver_off_match_aggregate': 278}
82/149 fresh044 {'neighbor9': 87, 'off_window': 87, 'remaining_aggregate': 87, 'combined': 87, 'centered_receiver': 87, 'centered_receiver_off_match': 87, 'centered_receiver_off_match_aggregate': 87}
83/149 fresh045 {'neighbor9': 12, 'off_window': 0, 'remaining_aggregate': 12, 'combined': 0, 'centered_receiver': 12, 'centered_receiver_off_match': 12, 'centered_receiver_off_match_aggregate': 12}
84/149 fresh046 {'neighbor9': 283, 'off_window': 283, 'remaining_aggregate': 0, 'combined': 0, 'centered_receiver': 306, 'centered_receiver_off_match': 306, 'centered_receiver_off_match_aggregate': 0}
85/149 fresh047 {'neighbor9': 0, 'off_window': 0, 'remaining_aggregate': 0, 'combined': 0, 'centered_receiver': 0, 'centered_receiver_off_match': 0, 'centered_receiver_off_match_aggregate': 0}
86/149 fresh048 {'neighbor9': 8, 'off_window': 0, 'remaining_aggregate': 8, 'combined': 0, 'centered_receiver': 8, 'centered_receiver_off_match': 0, 'centered_receiver_off_match_aggregate': 0}
87/149 fresh049 {'neighbor9': 97, 'off_window': 97, 'remaining_aggregate': 88, 'combined': 88, 'centered_receiver': 97, 'centered_receiver_off_match': 97, 'centered_receiver_off_match_aggregate': 88}
88/149 fresh050 {'neighbor9': 278, 'off_window': 278, 'remaining_aggregate': 180, 'combined': 180, 'centered_receiver': 278, 'centered_receiver_off_match': 278, 'centered_receiver_off_match_aggregate': 180}
89/149 fresh051 {'neighbor9': 36, 'off_window': 36, 'remaining_aggregate': 36, 'combined': 36, 'centered_receiver': 36, 'centered_receiver_off_match': 36, 'centered_receiver_off_match_aggregate': 36}
90/149 fresh052 {'neighbor9': 3, 'off_window': 0, 'remaining_aggregate': 3, 'combined': 0, 'centered_receiver': 3, 'centered_receiver_off_match': 3, 'centered_receiver_off_match_aggregate': 3}
91/149 fresh053 {'neighbor9': 60, 'off_window': 60, 'remaining_aggregate': 0, 'combined': 0, 'centered_receiver': 60, 'centered_receiver_off_match': 60, 'centered_receiver_off_match_aggregate': 0}
92/149 fresh054 {'neighbor9': 0, 'off_window': 0, 'remaining_aggregate': 0, 'combined': 0, 'centered_receiver': 0, 'centered_receiver_off_match': 0, 'centered_receiver_off_match_aggregate': 0}
93/149 fresh055 {'neighbor9': 0, 'off_window': 0, 'remaining_aggregate': 0, 'combined': 0, 'centered_receiver': 0, 'centered_receiver_off_match': 0, 'centered_receiver_off_match_aggregate': 0}
94/149 fresh056 {'neighbor9': 24, 'off_window': 24, 'remaining_aggregate': 20, 'combined': 20, 'centered_receiver': 24, 'centered_receiver_off_match': 24, 'centered_receiver_off_match_aggregate': 20}
95/149 fresh057 {'neighbor9': 269, 'off_window': 269, 'remaining_aggregate': 34, 'combined': 34, 'centered_receiver': 269, 'centered_receiver_off_match': 269, 'centered_receiver_off_match_aggregate': 34}
96/149 fresh058 {'neighbor9': 20, 'off_window': 20, 'remaining_aggregate': 20, 'combined': 20, 'centered_receiver': 20, 'centered_receiver_off_match': 20, 'centered_receiver_off_match_aggregate': 20}
97/149 fresh059 {'neighbor9': 3, 'off_window': 0, 'remaining_aggregate': 3, 'combined': 0, 'centered_receiver': 3, 'centered_receiver_off_match': 3, 'centered_receiver_off_match_aggregate': 3}
98/149 fresh060 {'neighbor9': 119, 'off_window': 119, 'remaining_aggregate': 0, 'combined': 0, 'centered_receiver': 119, 'centered_receiver_off_match': 119, 'centered_receiver_off_match_aggregate': 0}
99/149 fresh061 {'neighbor9': 2, 'off_window': 2, 'remaining_aggregate': 0, 'combined': 0, 'centered_receiver': 2, 'centered_receiver_off_match': 2, 'centered_receiver_off_match_aggregate': 0}
100/149 fresh062 {'neighbor9': 0, 'off_window': 0, 'remaining_aggregate': 0, 'combined': 0, 'centered_receiver': 0, 'centered_receiver_off_match': 0, 'centered_receiver_off_match_aggregate': 0}
101/149 fresh063 {'neighbor9': 24, 'off_window': 24, 'remaining_aggregate': 21, 'combined': 21, 'centered_receiver': 24, 'centered_receiver_off_match': 24, 'centered_receiver_off_match_aggregate': 21}
102/149 fresh064 {'neighbor9': 47, 'off_window': 47, 'remaining_aggregate': 21, 'combined': 21, 'centered_receiver': 47, 'centered_receiver_off_match': 47, 'centered_receiver_off_match_aggregate': 21}
103/149 fresh065 {'neighbor9': 6, 'off_window': 6, 'remaining_aggregate': 6, 'combined': 6, 'centered_receiver': 6, 'centered_receiver_off_match': 6, 'centered_receiver_off_match_aggregate': 6}
104/149 fresh066 {'neighbor9': 3, 'off_window': 2, 'remaining_aggregate': 3, 'combined': 2, 'centered_receiver': 3, 'centered_receiver_off_match': 3, 'centered_receiver_off_match_aggregate': 3}
105/149 fresh067 {'neighbor9': 0, 'off_window': 0, 'remaining_aggregate': 0, 'combined': 0, 'centered_receiver': 0, 'centered_receiver_off_match': 0, 'centered_receiver_off_match_aggregate': 0}
106/149 fresh068 {'neighbor9': 0, 'off_window': 0, 'remaining_aggregate': 0, 'combined': 0, 'centered_receiver': 0, 'centered_receiver_off_match': 0, 'centered_receiver_off_match_aggregate': 0}
107/149 fresh069 {'neighbor9': 0, 'off_window': 0, 'remaining_aggregate': 0, 'combined': 0, 'centered_receiver': 0, 'centered_receiver_off_match': 0, 'centered_receiver_off_match_aggregate': 0}
108/149 fresh070 {'neighbor9': 17, 'off_window': 17, 'remaining_aggregate': 12, 'combined': 12, 'centered_receiver': 17, 'centered_receiver_off_match': 17, 'centered_receiver_off_match_aggregate': 12}
109/149 fresh071 {'neighbor9': 208, 'off_window': 208, 'remaining_aggregate': 19, 'combined': 19, 'centered_receiver': 208, 'centered_receiver_off_match': 208, 'centered_receiver_off_match_aggregate': 19}
110/149 fresh072 {'neighbor9': 8, 'off_window': 8, 'remaining_aggregate': 8, 'combined': 8, 'centered_receiver': 8, 'centered_receiver_off_match': 8, 'centered_receiver_off_match_aggregate': 8}
111/149 fresh073 {'neighbor9': 0, 'off_window': 0, 'remaining_aggregate': 0, 'combined': 0, 'centered_receiver': 0, 'centered_receiver_off_match': 0, 'centered_receiver_off_match_aggregate': 0}
112/149 fresh074 {'neighbor9': 119, 'off_window': 119, 'remaining_aggregate': 0, 'combined': 0, 'centered_receiver': 119, 'centered_receiver_off_match': 119, 'centered_receiver_off_match_aggregate': 0}
113/149 fresh075 {'neighbor9': 0, 'off_window': 0, 'remaining_aggregate': 0, 'combined': 0, 'centered_receiver': 0, 'centered_receiver_off_match': 0, 'centered_receiver_off_match_aggregate': 0}
114/149 fresh076 {'neighbor9': 0, 'off_window': 0, 'remaining_aggregate': 0, 'combined': 0, 'centered_receiver': 0, 'centered_receiver_off_match': 0, 'centered_receiver_off_match_aggregate': 0}
115/149 fresh077 {'neighbor9': 16, 'off_window': 16, 'remaining_aggregate': 12, 'combined': 12, 'centered_receiver': 16, 'centered_receiver_off_match': 16, 'centered_receiver_off_match_aggregate': 12}
116/149 fresh078 {'neighbor9': 62, 'off_window': 62, 'remaining_aggregate': 12, 'combined': 12, 'centered_receiver': 62, 'centered_receiver_off_match': 62, 'centered_receiver_off_match_aggregate': 12}
117/149 fresh079 {'neighbor9': 6, 'off_window': 6, 'remaining_aggregate': 6, 'combined': 6, 'centered_receiver': 6, 'centered_receiver_off_match': 6, 'centered_receiver_off_match_aggregate': 6}
118/149 fresh080 {'neighbor9': 3, 'off_window': 2, 'remaining_aggregate': 3, 'combined': 2, 'centered_receiver': 3, 'centered_receiver_off_match': 3, 'centered_receiver_off_match_aggregate': 3}
119/149 fresh081 {'neighbor9': 0, 'off_window': 0, 'remaining_aggregate': 0, 'combined': 0, 'centered_receiver': 0, 'centered_receiver_off_match': 0, 'centered_receiver_off_match_aggregate': 0}
120/149 fresh082 {'neighbor9': 0, 'off_window': 0, 'remaining_aggregate': 0, 'combined': 0, 'centered_receiver': 0, 'centered_receiver_off_match': 0, 'centered_receiver_off_match_aggregate': 0}
121/149 fresh083 {'neighbor9': 0, 'off_window': 0, 'remaining_aggregate': 0, 'combined': 0, 'centered_receiver': 0, 'centered_receiver_off_match': 0, 'centered_receiver_off_match_aggregate': 0}
122/149 fresh084 {'neighbor9': 21, 'off_window': 21, 'remaining_aggregate': 14, 'combined': 14, 'centered_receiver': 21, 'centered_receiver_off_match': 21, 'centered_receiver_off_match_aggregate': 14}
123/149 fresh085 {'neighbor9': 11, 'off_window': 11, 'remaining_aggregate': 0, 'combined': 0, 'centered_receiver': 11, 'centered_receiver_off_match': 11, 'centered_receiver_off_match_aggregate': 0}
124/149 fresh086 {'neighbor9': 18, 'off_window': 18, 'remaining_aggregate': 18, 'combined': 18, 'centered_receiver': 18, 'centered_receiver_off_match': 18, 'centered_receiver_off_match_aggregate': 18}
125/149 fresh087 {'neighbor9': 0, 'off_window': 0, 'remaining_aggregate': 0, 'combined': 0, 'centered_receiver': 0, 'centered_receiver_off_match': 0, 'centered_receiver_off_match_aggregate': 0}
126/149 fresh088 {'neighbor9': 1, 'off_window': 1, 'remaining_aggregate': 0, 'combined': 0, 'centered_receiver': 1, 'centered_receiver_off_match': 1, 'centered_receiver_off_match_aggregate': 0}
127/149 fresh089 {'neighbor9': 0, 'off_window': 0, 'remaining_aggregate': 0, 'combined': 0, 'centered_receiver': 0, 'centered_receiver_off_match': 0, 'centered_receiver_off_match_aggregate': 0}
128/149 fresh090 {'neighbor9': 0, 'off_window': 0, 'remaining_aggregate': 0, 'combined': 0, 'centered_receiver': 0, 'centered_receiver_off_match': 0, 'centered_receiver_off_match_aggregate': 0}
129/149 fresh091 {'neighbor9': 18, 'off_window': 18, 'remaining_aggregate': 13, 'combined': 13, 'centered_receiver': 18, 'centered_receiver_off_match': 18, 'centered_receiver_off_match_aggregate': 13}
130/149 fresh092 {'neighbor9': 27, 'off_window': 27, 'remaining_aggregate': 13, 'combined': 13, 'centered_receiver': 27, 'centered_receiver_off_match': 27, 'centered_receiver_off_match_aggregate': 13}
131/149 fresh093 {'neighbor9': 4, 'off_window': 4, 'remaining_aggregate': 4, 'combined': 4, 'centered_receiver': 4, 'centered_receiver_off_match': 4, 'centered_receiver_off_match_aggregate': 4}
132/149 fresh094 {'neighbor9': 2, 'off_window': 1, 'remaining_aggregate': 2, 'combined': 1, 'centered_receiver': 2, 'centered_receiver_off_match': 2, 'centered_receiver_off_match_aggregate': 2}
133/149 fresh095 {'neighbor9': 0, 'off_window': 0, 'remaining_aggregate': 0, 'combined': 0, 'centered_receiver': 0, 'centered_receiver_off_match': 0, 'centered_receiver_off_match_aggregate': 0}
134/149 fresh096 {'neighbor9': 0, 'off_window': 0, 'remaining_aggregate': 0, 'combined': 0, 'centered_receiver': 0, 'centered_receiver_off_match': 0, 'centered_receiver_off_match_aggregate': 0}
135/149 fresh097 {'neighbor9': 0, 'off_window': 0, 'remaining_aggregate': 0, 'combined': 0, 'centered_receiver': 0, 'centered_receiver_off_match': 0, 'centered_receiver_off_match_aggregate': 0}
136/149 fresh098 {'neighbor9': 114, 'off_window': 114, 'remaining_aggregate': 106, 'combined': 106, 'centered_receiver': 114, 'centered_receiver_off_match': 114, 'centered_receiver_off_match_aggregate': 106}
137/149 fresh099 {'neighbor9': 418, 'off_window': 418, 'remaining_aggregate': 63, 'combined': 63, 'centered_receiver': 506, 'centered_receiver_off_match': 506, 'centered_receiver_off_match_aggregate': 124}
138/149 fresh100 {'neighbor9': 92, 'off_window': 92, 'remaining_aggregate': 92, 'combined': 92, 'centered_receiver': 92, 'centered_receiver_off_match': 92, 'centered_receiver_off_match_aggregate': 92}
139/149 fresh101 {'neighbor9': 0, 'off_window': 0, 'remaining_aggregate': 0, 'combined': 0, 'centered_receiver': 0, 'centered_receiver_off_match': 0, 'centered_receiver_off_match_aggregate': 0}
140/149 fresh102 {'neighbor9': 119, 'off_window': 119, 'remaining_aggregate': 0, 'combined': 0, 'centered_receiver': 119, 'centered_receiver_off_match': 119, 'centered_receiver_off_match_aggregate': 0}
141/149 fresh103 {'neighbor9': 2, 'off_window': 2, 'remaining_aggregate': 0, 'combined': 0, 'centered_receiver': 2, 'centered_receiver_off_match': 2, 'centered_receiver_off_match_aggregate': 0}
142/149 fresh104 {'neighbor9': 0, 'off_window': 0, 'remaining_aggregate': 0, 'combined': 0, 'centered_receiver': 0, 'centered_receiver_off_match': 0, 'centered_receiver_off_match_aggregate': 0}
143/149 fresh105 {'neighbor9': 79, 'off_window': 79, 'remaining_aggregate': 67, 'combined': 67, 'centered_receiver': 79, 'centered_receiver_off_match': 79, 'centered_receiver_off_match_aggregate': 67}
144/149 fresh106 {'neighbor9': 217, 'off_window': 217, 'remaining_aggregate': 112, 'combined': 112, 'centered_receiver': 217, 'centered_receiver_off_match': 217, 'centered_receiver_off_match_aggregate': 112}
145/149 fresh107 {'neighbor9': 52, 'off_window': 52, 'remaining_aggregate': 52, 'combined': 52, 'centered_receiver': 52, 'centered_receiver_off_match': 52, 'centered_receiver_off_match_aggregate': 52}
146/149 fresh108 {'neighbor9': 1, 'off_window': 0, 'remaining_aggregate': 1, 'combined': 0, 'centered_receiver': 1, 'centered_receiver_off_match': 1, 'centered_receiver_off_match_aggregate': 1}
147/149 fresh109 {'neighbor9': 0, 'off_window': 0, 'remaining_aggregate': 0, 'combined': 0, 'centered_receiver': 0, 'centered_receiver_off_match': 0, 'centered_receiver_off_match_aggregate': 0}
148/149 fresh110 {'neighbor9': 0, 'off_window': 0, 'remaining_aggregate': 0, 'combined': 0, 'centered_receiver': 0, 'centered_receiver_off_match': 0, 'centered_receiver_off_match_aggregate': 0}
149/149 fresh111 {'neighbor9': 0, 'off_window': 0, 'remaining_aggregate': 0, 'combined': 0, 'centered_receiver': 0, 'centered_receiver_off_match': 0, 'centered_receiver_off_match_aggregate': 0}
M43AB COMPLETE
