epoch1_on width 3: all 18116288 native values exact; 4.4s
epoch1_on width 5: all 18116256 native values exact; 7.0s
epoch1_on width 9: all 18116192 native values exact; 10.5s
epoch1_on width 17: all 18116064 native values exact; 14.1s
epoch1_on width 33: all 18115808 native values exact; 18.2s
epoch1_on width 65: all 18115296 native values exact; 23.9s
epoch1_on width 129: all 18114272 native values exact; 33.9s
epoch1_off width 3: all 18116288 native values exact; 39.6s
epoch1_off width 5: all 18116256 native values exact; 42.0s
epoch1_off width 9: all 18116192 native values exact; 46.0s
epoch1_off width 17: all 18116064 native values exact; 51.0s
epoch1_off width 33: all 18115808 native values exact; 54.7s
epoch1_off width 65: all 18115296 native values exact; 62.2s
epoch1_off width 129: all 18114272 native values exact; 71.2s
{
  "result_sha256": "dd4f1e66666f2e30e011f2efacf322fa62c324d919fcd6f3fc9fcd2a0b920127",
  "summary": {
    "sources": 2,
    "widths": [
      3,
      5,
      9,
      17,
      33,
      65,
      129
    ],
    "source_width_checks": 14,
    "native_row_width_checks": 224,
    "native_values_compared": 253620352,
    "local_integrated_cells_reproduced": 1262142
  }
}
