{
  "status": "FAIL",
  "complete_review_after_initial_failure": true,
  "frozen_tolerances": {
    "relative": 2e-08,
    "absolute": 2e-10
  },
  "numeric_disagreements": [
    {
      "file_key": "CH_PR100006_TG000303_V0300",
      "start": 699,
      "duration": 2,
      "field": "excess",
      "scalar": -11.814838409423828,
      "producer": -11.814838647842407,
      "difference": 2.384185791015625e-07
    },
    {
      "file_key": "CH_PR100006_TG000304_V0300",
      "start": 522,
      "duration": 3,
      "field": "excess",
      "scalar": -22.050791084766388,
      "producer": -22.05079197883606,
      "difference": 8.940696716308594e-07
    }
  ],
  "method": "Unchanged LS8A struct parser and scalar normal equations; independent signed clustering.",
  "visits": [
    {
      "file_key": "CH_PR100006_TG000302_V0300",
      "status": "PASS",
      "numeric_disagreements": 0,
      "raw_rows": 1171,
      "enumerated_windows": 3510,
      "eligible_windows": 1920,
      "numeric_and_discrete_window_comparisons": 17280,
      "maximum_absolute_differences": {
        "score": 4.288747135205995e-11,
        "excess": 1.430511474609375e-06,
        "sigma": 3.0929368222132325e-07,
        "denom": 5.682086339220405e-07
      },
      "all_signed_clusters_counts_unions_and_summaries_verified": true
    },
    {
      "file_key": "CH_PR100006_TG000303_V0300",
      "status": "FAIL",
      "numeric_disagreements": 1,
      "raw_rows": 1189,
      "enumerated_windows": 3564,
      "eligible_windows": 1908,
      "numeric_and_discrete_window_comparisons": 17172,
      "maximum_absolute_differences": {
        "score": 3.611155818816769e-11,
        "excess": 1.430511474609375e-06,
        "sigma": 2.651067916303873e-07,
        "denom": 3.9023871067911386e-07
      },
      "all_signed_clusters_counts_unions_and_summaries_verified": true
    },
    {
      "file_key": "CH_PR100006_TG000304_V0300",
      "status": "FAIL",
      "numeric_disagreements": 1,
      "raw_rows": 1194,
      "enumerated_windows": 3579,
      "eligible_windows": 2013,
      "numeric_and_discrete_window_comparisons": 18117,
      "maximum_absolute_differences": {
        "score": 4.8414605657853826e-11,
        "excess": 1.0728836059570312e-06,
        "sigma": 3.0929368222132325e-07,
        "denom": 5.682086339220405e-07
      },
      "all_signed_clusters_counts_unions_and_summaries_verified": true
    },
    {
      "file_key": "CH_PR100006_TG000305_V0300",
      "status": "PASS",
      "numeric_disagreements": 0,
      "raw_rows": 1200,
      "enumerated_windows": 3597,
      "eligible_windows": 2076,
      "numeric_and_discrete_window_comparisons": 18684,
      "maximum_absolute_differences": {
        "score": 5.355893506475695e-11,
        "excess": 1.3113021850585938e-06,
        "sigma": 2.651104296091944e-07,
        "denom": 4.0586746763437986e-07
      },
      "all_signed_clusters_counts_unions_and_summaries_verified": true
    }
  ],
  "numeric_and_discrete_window_comparisons": 71253
}
