{
  "status": "POST_FAILURE_DIAGNOSTIC_COMPLETE",
  "decimal_digits": 60,
  "window_count": 7917,
  "changed_signed_threshold_decisions": 0,
  "maximum_absolute_differences_from_frozen_producer": {
    "score": 4.5710546459076795e-11,
    "excess_electrons": 1.244829036295414e-06,
    "sigma_electrons": 2.3159009288065135e-07,
    "denominator_electrons": 3.9301085053011775e-07
  },
  "disagreements_at_unchanged_frozen_tolerance": [
    {
      "file_key": "CH_PR100006_TG000304_V0300",
      "start": 522,
      "duration": 3,
      "field": "excess_electrons",
      "producer": -22.05079197883606,
      "decimal_reference": -22.05079110785091,
      "difference": -8.709851506694122e-07
    }
  ],
  "original_science_ledger_modified": false,
  "original_frozen_audit_status": "FAIL",
  "interpretation": "Numerical cancellation diagnosis only; does not waive the frozen failed gate."
}
