{
  "stage": "LS8F_GJ514_TWO_VISIT_L2_SCREEN",
  "status": "COMPLETE_UNAUDITED",
  "evaluation_freeze_commit": "dcb8350fe43b02def3a1210117d2b36cafe837b4",
  "target": "GJ 514",
  "selected_keys": [
    "CH_PR100018_TG007501_V0300",
    "CH_PR100018_TG007502_V0300"
  ],
  "method": "prospective flux-centered implementation of unchanged LS7X/LS8A/LS8B DEFAULT-L2 rule",
  "sideband_rows_each_side": 12,
  "guard_rows": 2,
  "durations_rows": [
    1,
    2,
    3
  ],
  "screen_threshold": 8.5,
  "visits": [
    {
      "file_key": "CH_PR100018_TG007501_V0300",
      "rows": 90,
      "status_zero_finite_rows": 88,
      "cadence_seconds": 44.0,
      "eligible_windows": 150,
      "duration_results": [
        {
          "duration_rows": 1,
          "duration_seconds": 44.0,
          "eligible_windows": 51,
          "positive_windows": 0,
          "negative_windows": 0,
          "maximum_score": 5.819042742206564,
          "minimum_score": -2.3118047844011453
        },
        {
          "duration_rows": 2,
          "duration_seconds": 88.0,
          "eligible_windows": 50,
          "positive_windows": 0,
          "negative_windows": 0,
          "maximum_score": 4.485914863033514,
          "minimum_score": -1.8287713935510297
        },
        {
          "duration_rows": 3,
          "duration_seconds": 132.0,
          "eligible_windows": 49,
          "positive_windows": 0,
          "negative_windows": 0,
          "maximum_score": 3.0793585212268635,
          "minimum_score": -1.809311925150592
        }
      ],
      "positive_windows": 0,
      "negative_windows": 0,
      "positive_clusters": 0,
      "negative_clusters": 0,
      "maximum_score": 5.819042742206564,
      "minimum_score": -2.3118047844011453,
      "unique_event_rows": 51,
      "eligible_event_row_union_seconds": 2244.0
    },
    {
      "file_key": "CH_PR100018_TG007502_V0300",
      "rows": 62,
      "status_zero_finite_rows": 57,
      "cadence_seconds": 44.0,
      "eligible_windows": 0,
      "duration_results": [
        {
          "duration_rows": 1,
          "duration_seconds": 44.0,
          "eligible_windows": 0,
          "positive_windows": 0,
          "negative_windows": 0,
          "maximum_score": null,
          "minimum_score": null
        },
        {
          "duration_rows": 2,
          "duration_seconds": 88.0,
          "eligible_windows": 0,
          "positive_windows": 0,
          "negative_windows": 0,
          "maximum_score": null,
          "minimum_score": null
        },
        {
          "duration_rows": 3,
          "duration_seconds": 132.0,
          "eligible_windows": 0,
          "positive_windows": 0,
          "negative_windows": 0,
          "maximum_score": null,
          "minimum_score": null
        }
      ],
      "positive_windows": 0,
      "negative_windows": 0,
      "positive_clusters": 0,
      "negative_clusters": 0,
      "maximum_score": null,
      "minimum_score": null,
      "unique_event_rows": 0,
      "eligible_event_row_union_seconds": 0.0
    }
  ],
  "totals": {
    "rows": 152,
    "eligible_windows": 150,
    "positive_windows": 0,
    "negative_windows": 0,
    "positive_clusters": 0,
    "negative_clusters": 0,
    "science_table_bytes": 20976
  },
  "other_apertures_opened": false,
  "image_bytes_acquired": 0,
  "raw_imagettes_opened": false,
  "detector_qualified": false,
  "candidate_claims": 0,
  "interpretation": "independent two-visit L2 screening; signed endpoints are descriptive controls, not Gaussian significances"
}
