test_forged_terminal_identity_is_still_refused (test_radio_native_v2_observer_terminal_identity.ObserverTerminalIdentityTests.test_forged_terminal_identity_is_still_refused) ... ok
test_identity_published_before_terminal_eof_is_verified (test_radio_native_v2_observer_terminal_identity.ObserverTerminalIdentityTests.test_identity_published_before_terminal_eof_is_verified) ... ERROR
test_malformed_terminal_identity_is_still_refused (test_radio_native_v2_observer_terminal_identity.ObserverTerminalIdentityTests.test_malformed_terminal_identity_is_still_refused) ... ok
test_missing_terminal_identity_is_still_refused (test_radio_native_v2_observer_terminal_identity.ObserverTerminalIdentityTests.test_missing_terminal_identity_is_still_refused) ... ok

======================================================================
ERROR: test_identity_published_before_terminal_eof_is_verified (test_radio_native_v2_observer_terminal_identity.ObserverTerminalIdentityTests.test_identity_published_before_terminal_eof_is_verified)
----------------------------------------------------------------------
Traceback (most recent call last):
  File "/workspace/scratch/97e21f28a7b4/setisearch-repo-20261002/tests/test_radio_native_v2_observer_terminal_identity.py", line 117, in test_identity_published_before_terminal_eof_is_verified
    if error is not None: raise error
                          ^^^^^^^^^^^
  File "/workspace/scratch/97e21f28a7b4/setisearch-repo-20261002/tests/test_radio_native_v2_observer_terminal_identity.py", line 91, in exercise_terminal_boundary
    fixture.observe_process([PYTHON, '-I', '-S', '-B', '-c', CHILD_SOURCE,
  File "/workspace/scratch/97e21f28a7b4/setisearch-repo-20261002/results_radio_native_v2_cold_driver_preparation_20261003a/independent-terminal-identity-pre-fix-fixture.py", line 864, in observe_process
    if status!=0 or reason: raise RuntimeError('Fixed child/control scope closed: '+label+': '+str(reason or status))
                            ^^^^^^^^^^^^^^^^^^^^^^^^^^^^^^^^^^^^^^^^^^^^^^^^^^^^^^^^^^^^^^^^^^^^^^^^^^^^^^^^^^^^^^^^^
RuntimeError: Fixed child/control scope closed: terminal: Required direct-child identity was never verified

----------------------------------------------------------------------
Ran 4 tests in 0.150s

FAILED (errors=1)
