epoch1_off: 16/96 segment hashes exact
epoch1_on: 16/96 segment hashes exact
epoch1_off: 32/96 segment hashes exact
epoch1_on: 32/96 segment hashes exact
epoch1_on: 48/96 segment hashes exact
epoch1_off: 48/96 segment hashes exact
epoch1_on: 64/96 segment hashes exact
epoch1_off: 64/96 segment hashes exact
epoch1_off: 80/96 segment hashes exact
epoch1_on: 80/96 segment hashes exact
epoch1_off: 96/96 segment hashes exact
epoch1_off: mirror restored in 144.7s
epoch1_on: 96/96 segment hashes exact
epoch1_on: mirror restored in 144.7s
epoch1_on: complete original source receipt reproduced
epoch1_off: complete original source receipt reproduced
epoch1_off: width 1, 2/16 original arrays exact
epoch1_on: width 1, 2/16 original arrays exact
epoch1_on: width 3, 4/16 original arrays exact
epoch1_off: width 3, 4/16 original arrays exact
epoch1_on: width 5, 6/16 original arrays exact
epoch1_off: width 5, 6/16 original arrays exact
epoch1_on: width 9, 8/16 original arrays exact
epoch1_off: width 9, 8/16 original arrays exact
epoch1_on: width 17, 10/16 original arrays exact
epoch1_off: width 17, 10/16 original arrays exact
epoch1_on: width 33, 12/16 original arrays exact
epoch1_off: width 33, 12/16 original arrays exact
epoch1_on: width 65, 14/16 original arrays exact
epoch1_off: width 65, 14/16 original arrays exact
epoch1_on: width 129, 16/16 original arrays exact
epoch1_off: width 129, 16/16 original arrays exact
epoch2_on: 16/96 segment hashes exact
epoch2_off: 16/96 segment hashes exact
epoch2_on: 32/96 segment hashes exact
epoch2_off: 32/96 segment hashes exact
epoch2_on: 48/96 segment hashes exact
epoch2_off: 48/96 segment hashes exact
epoch2_on: 64/96 segment hashes exact
epoch2_off: 64/96 segment hashes exact
epoch2_on: 80/96 segment hashes exact
epoch2_off: 80/96 segment hashes exact
epoch2_off: 96/96 segment hashes exact
epoch2_off: mirror restored in 144.4s
epoch2_on: 96/96 segment hashes exact
epoch2_on: mirror restored in 144.8s
epoch2_off: complete original source receipt reproduced
epoch2_on: complete original source receipt reproduced
epoch2_off: width 1, 2/16 original arrays exact
epoch2_on: width 1, 2/16 original arrays exact
epoch2_off: width 3, 4/16 original arrays exact
epoch2_on: width 3, 4/16 original arrays exact
epoch2_off: width 5, 6/16 original arrays exact
epoch2_on: width 5, 6/16 original arrays exact
epoch2_on: width 9, 8/16 original arrays exact
epoch2_off: width 9, 8/16 original arrays exact
epoch2_off: width 17, 10/16 original arrays exact
epoch2_on: width 17, 10/16 original arrays exact
epoch2_off: width 33, 12/16 original arrays exact
epoch2_on: width 33, 12/16 original arrays exact
epoch2_off: width 65, 14/16 original arrays exact
epoch2_on: width 65, 14/16 original arrays exact
epoch2_off: width 129, 16/16 original arrays exact
epoch2_on: width 129, 16/16 original arrays exact
epoch3_on: 16/96 segment hashes exact
epoch3_off: 16/96 segment hashes exact
epoch3_on: 32/96 segment hashes exact
epoch3_off: 32/96 segment hashes exact
epoch3_off: 48/96 segment hashes exact
epoch3_on: 48/96 segment hashes exact
epoch3_off: 64/96 segment hashes exact
epoch3_on: 64/96 segment hashes exact
epoch3_on: 80/96 segment hashes exact
epoch3_off: 80/96 segment hashes exact
epoch3_on: 96/96 segment hashes exact
epoch3_on: mirror restored in 137.3s
epoch3_off: 96/96 segment hashes exact
epoch3_off: mirror restored in 137.2s
epoch3_off: complete original source receipt reproduced
epoch3_on: complete original source receipt reproduced
epoch3_on: width 1, 2/16 original arrays exact
epoch3_off: width 1, 2/16 original arrays exact
epoch3_off: width 3, 4/16 original arrays exact
epoch3_on: width 3, 4/16 original arrays exact
epoch3_off: width 5, 6/16 original arrays exact
epoch3_on: width 5, 6/16 original arrays exact
epoch3_off: width 9, 8/16 original arrays exact
epoch3_on: width 9, 8/16 original arrays exact
epoch3_off: width 17, 10/16 original arrays exact
epoch3_on: width 17, 10/16 original arrays exact
epoch3_off: width 33, 12/16 original arrays exact
epoch3_on: width 33, 12/16 original arrays exact
epoch3_off: width 65, 14/16 original arrays exact
epoch3_on: width 65, 14/16 original arrays exact
epoch3_off: width 129, 16/16 original arrays exact
epoch3_on: width 129, 16/16 original arrays exact
RESTORATION COMPLETE
