[dace-query] Update available: 3.0.1 → 3.0.2
2026-09-20 13:58:50,991 - WARNING - File .dacerc not found. You are requesting data in public mode. To change this behaviour, create a .dacerc file in your home directory and fill it with your API key. More infos on https://dace.unige.ch
2026-09-20 13:58:50,992 - WARNING - File .dacerc not found. You are requesting data in public mode. To change this behaviour, create a .dacerc file in your home directory and fill it with your API key. More infos on https://dace.unige.ch
Full metadata inventories retained: 50
Full metadata inventories retained: 100
Full metadata inventories retained: 150
Full metadata inventories retained: 200
Full metadata inventories retained: 250
Full metadata inventories retained: 300
Full metadata inventories retained: 350
Full metadata inventories retained: 400
Full metadata inventories retained: 450
{
  "status": "PASS",
  "inventories": 452,
  "changed_summaries": 0,
  "complete_cohort_order_equal": true,
  "selected_target": "WASP-189",
  "science_product_bytes_read": 0
}
