{"charged_bytes": 4697279, "checkpoint": 0, "expected": {"bytes": 18602244, "pair_count": 2048, "sha256": "3d4b471ccfb527db3b5cdc98aa02eb3b4a99f3df24c741f749a5826105f8a71b"}}
{"charged_bytes": 4760447, "checkpoint": 1, "expected": {"bytes": 42366912, "pair_count": 40960, "sha256": "11e1219a0b9bc6e8d5ac103abff34eb796bdd642f679e2e74615d079ae97f3ff"}}
{"charged_bytes": 4824307, "checkpoint": 2, "expected": {"bytes": 42366912, "pair_count": 40960, "sha256": "11e1219a0b9bc6e8d5ac103abff34eb796bdd642f679e2e74615d079ae97f3ff"}}
{
  "case": {
    "charged_case_bytes": 4824307,
    "checkpoints": 3,
    "execution_restart_authorized": false,
    "latest_checkpoint_sha256": "336254f782d46f7d70e0b1cdd1fa2f74c3b77714e0b17ec074cdb59371a94a22",
    "orphan_paths": [],
    "scientific_admission_authorized": false,
    "status": "failed",
    "stored_bytes": 2819955
  },
  "closed_cases_reexecuted": false,
  "existing_base_artifact_bytes": 2004352,
  "freeze_sha256": "6e9fc0c76babacd922a9d60204a7d71f75b8374687a08a5f0cd898eb1989a6b2",
  "namespace": "radio-physical-v2-byte-20260930a",
  "new_physical_execution": false,
  "new_random_values": 0,
  "new_receiver_measurements": 0,
  "new_telescope_reads": 0,
  "original_partial_report_bytes": 14979354,
  "original_partial_report_sha256": "6a205b43d53f0a582d73d6d88c1501a0d4d8cd992a974dc8ff6328d300296dfd",
  "parent_remote_integration_qualified": false,
  "peak_process_rss_bytes": 194318336,
  "public_freeze_commit": "b20da8aea44cd21775cc7716b2ea8a2522cf38e8",
  "restored": [
    {
      "bytes": 18602244,
      "max_yield_bytes": 1048576,
      "sha256": "3d4b471ccfb527db3b5cdc98aa02eb3b4a99f3df24c741f749a5826105f8a71b"
    },
    {
      "bytes": 42366912,
      "max_yield_bytes": 1048576,
      "sha256": "11e1219a0b9bc6e8d5ac103abff34eb796bdd642f679e2e74615d079ae97f3ff"
    },
    {
      "bytes": 42366912,
      "max_yield_bytes": 1048576,
      "sha256": "11e1219a0b9bc6e8d5ac103abff34eb796bdd642f679e2e74615d079ae97f3ff"
    }
  ],
  "schema": "radio-physical-evidence-v2-byte-result-v1",
  "scientific_127_24_activated": false,
  "scope_limits": [
    "Byte retention and streamed restoration only.",
    "Repeated pair bytes are not independent members, receiver measurements or closed-case completion.",
    "No native chain, parent lease, event journal, remote runtime, 80-second qualification or scientific admission."
  ],
  "snapshots": [
    {
      "bytes": 18602244,
      "pair_count": 2048,
      "sha256": "3d4b471ccfb527db3b5cdc98aa02eb3b4a99f3df24c741f749a5826105f8a71b"
    },
    {
      "bytes": 42366912,
      "pair_count": 40960,
      "sha256": "11e1219a0b9bc6e8d5ac103abff34eb796bdd642f679e2e74615d079ae97f3ff"
    },
    {
      "bytes": 42366912,
      "pair_count": 40960,
      "sha256": "11e1219a0b9bc6e8d5ac103abff34eb796bdd642f679e2e74615d079ae97f3ff"
    }
  ],
  "source_physical_status": "FAILED",
  "status": "PASS",
  "stored_case_limit_bytes": 18874368,
  "whole_worker_seconds": 8.39075525500084,
  "write_seconds_per_snapshot": [
    0.41119284799788147,
    1.3971969560006983,
    1.362871763005387
  ]
}
