{
  "schema": "radio-event-case-integration-result-v1",
  "status": "CLOSED_EVENT_BYTE_INTEGRATION_PASS",
  "parent_case_status": "failed",
  "source_physical_status": "failed",
  "restored_views": 22,
  "archive_check": {
    "case_identity": "726010a2bcc027ac662ddb5866520a9c5b925b3fd04390d095e30a658993724a",
    "status": "failed",
    "artifact_count": 205,
    "artifact_bytes": 17425035,
    "execution_restart_authorized": false,
    "can_read_complete_evidence": false,
    "incomplete_is_statistical_empty": false,
    "physical": {
      "checkpoints": 22,
      "stored_bytes": 15387074,
      "charged_case_bytes": 17391426,
      "orphan_paths": [],
      "status": "failed",
      "latest_checkpoint_sha256": "8bd550e298b9a79e91a426845872edd071f4a773907442e5e74d17d1caa5ab43",
      "execution_restart_authorized": false,
      "scientific_admission_authorized": false
    },
    "case_cap_bytes": 25165824,
    "registered_inventory_exact": true,
    "scientific_admission_authorized": false
  },
  "journal_versions": 208,
  "journal_history_bytes": 263734,
  "event_history": {
    "versions": 208,
    "stored_bytes": 263734,
    "original_revision_bytes": 9214754,
    "latest_revision_sha256": "87c88f3844fd66dec7db193344a93f726470d2c25d89a6bc3477f4efb05101ca",
    "pointer_sha256": "c5fba3eea777ea9fcda7ad3ea6ae20ff47290d435592f4bcb89913c1c8895dc8",
    "genesis_sha256": "8fbedfd552dea512a88797e44745f8c7b90518a6aa291e406e5bc60326d68461",
    "orphan_paths": [],
    "execution_restart_authorized": false,
    "scientific_admission_authorized": false
  },
  "registered_case_plus_journal_bytes": 17688769,
  "outer_footer_bytes": 792,
  "physical_footer_bytes": 641,
  "seal_bytes": 32817,
  "storage_and_parent_closure_seconds": 50.18785359300091,
  "restore_and_history_audit_seconds": 5.138175006002712,
  "whole_seconds": 55.785488148001605,
  "case_elapsed_milliseconds": 50120,
  "peak_rss_bytes": 292925440,
  "total_fixture_bytes_before_result": 17696413,
  "immutable_input_git_batch_calls": 1,
  "new_random_values": 0,
  "new_native_scores": 0,
  "new_physical_decisions": 0,
  "new_engineering_storage_cases": 1,
  "old_case_identity_reused_for_execution": false,
  "remote_adapter_qualified": false,
  "scientific_127_24_activated": false,
  "last_journal_revision": "87c88f3844fd66dec7db193344a93f726470d2c25d89a6bc3477f4efb05101ca",
  "physical_config_sha256": "00f9aa0cfae4ec3021671452d3d2c8b33ea4b6eb9aa4f5f8f48c8212bd728c79",
  "last_physical_checkpoint_sha256": "8bd550e298b9a79e91a426845872edd071f4a773907442e5e74d17d1caa5ab43"
}
