{
  "status": "PASS",
  "method": "independent big-endian struct decoder and flux-centered scalar normal equations",
  "frozen_tolerances": {
    "relative": 2e-08,
    "absolute": 2e-10
  },
  "numeric_disagreements": [],
  "visits": [
    {
      "file_key": "CH_PR100041_TG000801_V0300",
      "status": "PASS",
      "raw_rows": 872,
      "enumerated_windows": 2613,
      "eligible_windows": 2079,
      "numeric_and_discrete_comparisons": 24948,
      "numeric_disagreements": 0,
      "maximum_absolute_differences": {
        "score": 7.105427357601002e-15,
        "excess_electrons": 6.184563972055912e-11,
        "sigma_electrons": 4.3655745685100555e-11,
        "denominator_electrons": 6.548361852765083e-11,
        "baseline_event_sum_electrons": 0.0,
        "leverage": 2.220446049250313e-16
      },
      "signed_clusters_counts_and_summaries_verified": true
    },
    {
      "file_key": "CH_PR100041_TG001401_V0300",
      "status": "PASS",
      "raw_rows": 1510,
      "enumerated_windows": 4527,
      "eligible_windows": 2619,
      "numeric_and_discrete_comparisons": 31428,
      "numeric_disagreements": 0,
      "maximum_absolute_differences": {
        "score": 3.552713678800501e-15,
        "excess_electrons": 2.1827872842550278e-11,
        "sigma_electrons": 2.1827872842550278e-11,
        "denominator_electrons": 4.3655745685100555e-11,
        "baseline_event_sum_electrons": 0.0,
        "leverage": 2.220446049250313e-16
      },
      "signed_clusters_counts_and_summaries_verified": true
    }
  ],
  "numeric_and_discrete_comparisons": 56376
}
