{
  "stage": "LS8AL_HD106315_TWO_VISIT_L2_SCREEN",
  "status": "COMPLETE_UNAUDITED",
  "evaluation_freeze_commit": "cb8adaf38d69bba75928cd2572d34b0e6df2b53f",
  "target": "HD 106315",
  "selected_keys": [
    "CH_PR100041_TG000801_V0300",
    "CH_PR100041_TG001401_V0300"
  ],
  "method": "unchanged pinned LS8K flux-centered DEFAULT-L2 scorer and signed clustering",
  "sideband_rows_each_side": 12,
  "guard_rows": 2,
  "durations_rows": [
    1,
    2,
    3
  ],
  "screen_threshold": 8.5,
  "visits": [
    {
      "file_key": "CH_PR100041_TG000801_V0300",
      "rows": 872,
      "status_zero_finite_rows": 867,
      "cadence_seconds": 41.0,
      "eligible_windows": 2079,
      "duration_results": [
        {
          "duration_rows": 1,
          "duration_seconds": 41.0,
          "eligible_windows": 699,
          "positive_windows": 2,
          "negative_windows": 0,
          "maximum_score": 44.503884094991555,
          "minimum_score": -4.868233940010707
        },
        {
          "duration_rows": 2,
          "duration_seconds": 82.0,
          "eligible_windows": 693,
          "positive_windows": 2,
          "negative_windows": 0,
          "maximum_score": 28.94314302879956,
          "minimum_score": -3.2442989688089456
        },
        {
          "duration_rows": 3,
          "duration_seconds": 123.0,
          "eligible_windows": 687,
          "positive_windows": 3,
          "negative_windows": 0,
          "maximum_score": 20.729602904520483,
          "minimum_score": -4.11679404788724
        }
      ],
      "positive_windows": 7,
      "negative_windows": 0,
      "positive_clusters": 2,
      "negative_clusters": 0,
      "maximum_score": 44.503884094991555,
      "minimum_score": -4.868233940010707,
      "unique_event_rows": 699,
      "eligible_event_row_union_seconds": 28659.0
    },
    {
      "file_key": "CH_PR100041_TG001401_V0300",
      "rows": 1510,
      "status_zero_finite_rows": 1478,
      "cadence_seconds": 41.0,
      "eligible_windows": 2619,
      "duration_results": [
        {
          "duration_rows": 1,
          "duration_seconds": 41.0,
          "eligible_windows": 892,
          "positive_windows": 1,
          "negative_windows": 0,
          "maximum_score": 28.143188663326402,
          "minimum_score": -3.7699738637499527
        },
        {
          "duration_rows": 2,
          "duration_seconds": 82.0,
          "eligible_windows": 873,
          "positive_windows": 2,
          "negative_windows": 0,
          "maximum_score": 20.213430801428288,
          "minimum_score": -4.077043282617689
        },
        {
          "duration_rows": 3,
          "duration_seconds": 123.0,
          "eligible_windows": 854,
          "positive_windows": 3,
          "negative_windows": 0,
          "maximum_score": 16.46394466520022,
          "minimum_score": -3.8199542533059385
        }
      ],
      "positive_windows": 6,
      "negative_windows": 0,
      "positive_clusters": 1,
      "negative_clusters": 0,
      "maximum_score": 28.143188663326402,
      "minimum_score": -4.077043282617689,
      "unique_event_rows": 892,
      "eligible_event_row_union_seconds": 36572.0
    }
  ],
  "totals": {
    "rows": 2382,
    "eligible_windows": 4698,
    "positive_windows": 13,
    "negative_windows": 0,
    "positive_clusters": 3,
    "negative_clusters": 0,
    "science_table_bytes": 328716
  },
  "other_apertures_opened": false,
  "image_bytes_acquired": 0,
  "raw_imagettes_opened": false,
  "detector_qualified": false,
  "candidate_claims": 0,
  "interpretation": "Independent rank-13 two-visit L2 screen; signed endpoints are not Gaussian significances."
}
