test_call_count_exhaustion_counts_even_tiny_results (test_radio_rehearsal_contract.RehearsalTests.test_call_count_exhaustion_counts_even_tiny_results) ... ok
test_clock_regression_stops_before_second_dispatch (test_radio_rehearsal_contract.RehearsalTests.test_clock_regression_stops_before_second_dispatch) ... ok
test_closed_demo_or_telescope_paths_cannot_be_substituted (test_radio_rehearsal_contract.RehearsalTests.test_closed_demo_or_telescope_paths_cannot_be_substituted) ... ok
test_cumulative_caps_and_bool_limits_are_rejected (test_radio_rehearsal_contract.RehearsalTests.test_cumulative_caps_and_bool_limits_are_rejected) ... ok
test_deadline_before_call_and_late_reply (test_radio_rehearsal_contract.RehearsalTests.test_deadline_before_call_and_late_reply) ... ok
test_different_grant_and_missing_independent_checkpoint_refused (test_radio_rehearsal_contract.RehearsalTests.test_different_grant_and_missing_independent_checkpoint_refused) ... ok
test_duplicate_keys_and_nonfinite_json_refused (test_radio_rehearsal_contract.RehearsalTests.test_duplicate_keys_and_nonfinite_json_refused) ... ok
test_existing_phase_cannot_be_reopened_even_with_fresh_attempt_id (test_radio_rehearsal_contract.RehearsalTests.test_existing_phase_cannot_be_reopened_even_with_fresh_attempt_id) ... ok
test_intent_fsync_failure_prevents_dispatch (test_radio_rehearsal_contract.RehearsalTests.test_intent_fsync_failure_prevents_dispatch) ... ok
test_intent_is_fsynced_before_dispatch_and_unicode_measured (test_radio_rehearsal_contract.RehearsalTests.test_intent_is_fsynced_before_dispatch_and_unicode_measured) ... ok
test_live_provider_and_fake_remote_grant_rejected (test_radio_rehearsal_contract.RehearsalTests.test_live_provider_and_fake_remote_grant_rejected) ... ok
test_lost_reply_keeps_intent_charge_and_one_side_effect (test_radio_rehearsal_contract.RehearsalTests.test_lost_reply_keeps_intent_charge_and_one_side_effect) ... ok
test_no_unused_response_refund (test_radio_rehearsal_contract.RehearsalTests.test_no_unused_response_refund) ... ok
test_one_ordered_mutation_sequence_and_force_false (test_radio_rehearsal_contract.RehearsalTests.test_one_ordered_mutation_sequence_and_force_false) ... ok
test_oversized_reply_retained_and_never_refunded (test_radio_rehearsal_contract.RehearsalTests.test_oversized_reply_retained_and_never_refunded) ... ok
test_preparation_cannot_be_relabelled_ready (test_radio_rehearsal_contract.RehearsalTests.test_preparation_cannot_be_relabelled_ready) ... ok
test_process_exit_after_intent_before_simulated_side_effect (test_radio_rehearsal_contract.RehearsalTests.test_process_exit_after_intent_before_simulated_side_effect) ... ok
test_process_exit_after_side_effect_before_reply (test_radio_rehearsal_contract.RehearsalTests.test_process_exit_after_side_effect_before_reply) ... ok
test_readonly_recovery_refuses_mutation (test_radio_rehearsal_contract.RehearsalTests.test_readonly_recovery_refuses_mutation) ... ok
test_rehashed_invalid_grammar_is_not_accepted (test_radio_rehearsal_contract.RehearsalTests.test_rehashed_invalid_grammar_is_not_accepted) ... ok
test_request_and_single_reply_bounds_prevent_dispatch (test_radio_rehearsal_contract.RehearsalTests.test_request_and_single_reply_bounds_prevent_dispatch) ... ok
test_result_fsync_failure_leaves_independent_intent_checkpoint (test_radio_rehearsal_contract.RehearsalTests.test_result_fsync_failure_leaves_independent_intent_checkpoint) ... ok
test_separate_genesis_and_no_activation_even_before_expiry (test_radio_rehearsal_contract.RehearsalTests.test_separate_genesis_and_no_activation_even_before_expiry) ... ok
test_torn_tail_changed_hash_and_valid_prefix_truncation_refused (test_radio_rehearsal_contract.RehearsalTests.test_torn_tail_changed_hash_and_valid_prefix_truncation_refused) ... ok

----------------------------------------------------------------------
Ran 24 tests in 0.056s

OK
