TG023701_P0 SCI_CAL_SubArray verified bytes 9280000
TG023701_P0 SCI_COR_SubArray verified bytes 9280000
TG023701_P0 SMEAR verified bytes 46400
TG023701_P0 CORRECTION_LINKED
TG023701_P1 SCI_CAL_SubArray verified bytes 9280000
TG023701_P1 SCI_COR_SubArray verified bytes 9280000
TG023701_P1 SMEAR verified bytes 46400
TG023701_P1 CORRECTION_LINKED
TG023701_P2 SCI_CAL_SubArray verified bytes 9280000
TG023701_P2 SCI_COR_SubArray verified bytes 9280000
TG023701_P2 SMEAR verified bytes 46400
TG023701_P2 SPATIALLY_STRUCTURED
TG023701_P3 SCI_CAL_SubArray verified bytes 9280000
TG023701_P3 SCI_COR_SubArray verified bytes 9280000
TG023701_P3 SMEAR verified bytes 46400
TG023701_P3 UNRESOLVED_WITHIN_FIXED_SCOPE
TG023701_P4 SCI_CAL_SubArray verified bytes 9280000
TG023701_P4 SCI_COR_SubArray verified bytes 9280000
TG023701_P4 SMEAR verified bytes 46400
TG023701_P4 CORRECTION_LINKED
TG023701_P5 SCI_CAL_SubArray verified bytes 9280000
TG023701_P5 SCI_COR_SubArray verified bytes 9280000
TG023701_P5 SMEAR verified bytes 46400
TG023701_P5 UNRESOLVED_WITHIN_FIXED_SCOPE
TG023701_P6 SCI_CAL_SubArray verified bytes 9280000
TG023701_P6 SCI_COR_SubArray verified bytes 9280000
TG023701_P6 SMEAR verified bytes 46400
TG023701_P6 SPATIALLY_STRUCTURED
TG023701_P7 SCI_CAL_SubArray verified bytes 9280000
TG023701_P7 SCI_COR_SubArray verified bytes 9280000
TG023701_P7 SMEAR verified bytes 46400
TG023701_P7 CORRECTION_LINKED
TG023701_P8 SCI_CAL_SubArray verified bytes 9280000
TG023701_P8 SCI_COR_SubArray verified bytes 9280000
TG023701_P8 SMEAR verified bytes 46400
TG023701_P8 SPATIALLY_STRUCTURED
TG023701_N0 SCI_CAL_SubArray verified bytes 9280000
TG023701_N0 SCI_COR_SubArray verified bytes 9280000
TG023701_N0 SMEAR verified bytes 46400
TG023701_N0 CORRECTION_LINKED
TG023701_N1 SCI_CAL_SubArray verified bytes 9600000
TG023701_N1 SCI_COR_SubArray verified bytes 9600000
TG023701_N1 SMEAR verified bytes 48000
TG023701_N1 CORRECTION_LINKED
TG023701_N2 SCI_CAL_SubArray verified bytes 9280000
TG023701_N2 SCI_COR_SubArray verified bytes 9280000
TG023701_N2 SMEAR verified bytes 46400
TG023701_N2 CORRECTION_LINKED
TG023701_N3 SCI_CAL_SubArray verified bytes 9280000
TG023701_N3 SCI_COR_SubArray verified bytes 9280000
TG023701_N3 SMEAR verified bytes 46400
TG023701_N3 CORRECTION_LINKED
TG023701_N4 SCI_CAL_SubArray verified bytes 9280000
TG023701_N4 SCI_COR_SubArray verified bytes 9280000
TG023701_N4 SMEAR verified bytes 46400
TG023701_N4 CORRECTION_LINKED
