TG023701_P0 audited CORRECTION_LINKED
TG023701_P1 audited CORRECTION_LINKED
TG023701_P2 audited SPATIALLY_STRUCTURED
TG023701_P3 audited UNRESOLVED_WITHIN_FIXED_SCOPE
TG023701_P4 audited CORRECTION_LINKED
TG023701_P5 audited UNRESOLVED_WITHIN_FIXED_SCOPE
TG023701_P6 audited SPATIALLY_STRUCTURED
TG023701_P7 audited CORRECTION_LINKED
TG023701_P8 audited SPATIALLY_STRUCTURED
TG023701_N0 audited CORRECTION_LINKED
TG023701_N1 audited CORRECTION_LINKED
TG023701_N2 audited CORRECTION_LINKED
TG023701_N3 audited CORRECTION_LINKED
TG023701_N4 audited CORRECTION_LINKED
{
  "status": "PASS",
  "comparisons": {
    "numeric": 1323518,
    "exact": 2248091
  },
  "maximum_absolute_differences": {
    "summary": 1.3096723705530167e-10,
    "CAL": 3.637978807091713e-12,
    "COR": 3.637978807091713e-12,
    "SMEAR": 0.0,
    "DELTA": 7.275957614183426e-12
  },
  "disagreements": [],
  "method": "independent struct decoding, long-double temporal normal equations, scalar-sum spatial normal equations",
  "tolerances": {
    "relative": 2e-08,
    "native_absolute": 1e-06,
    "dimensionless_absolute": 1e-08
  },
  "input_l2_audit": "PASS"
}
