{
  "status": "PASS_COMPATIBLE",
  "products": [
    {
      "file_key": "CH_PR100018_TG032801_V0300",
      "rows": 115,
      "row_bytes": 138,
      "table_start": 20160,
      "table_bytes": 15870,
      "header_bytes": 20160,
      "texptime": 42.0
    },
    {
      "file_key": "CH_PR100018_TG032802_V0300",
      "rows": 112,
      "row_bytes": 138,
      "table_start": 20160,
      "table_bytes": 15456,
      "header_bytes": 20160,
      "texptime": 42.0
    }
  ],
  "table_data_bytes_acquired": 0
}
