TG000101_N0 audited SPATIALLY_STRUCTURED
TG015701_P0 audited UNRESOLVED_WITHIN_FIXED_SCOPE
{
  "status": "PASS",
  "comparisons": {
    "numeric": 189074,
    "exact": 321180
  },
  "maximum_absolute_differences": {
    "summary": 5.820766091346741e-11,
    "CAL": 3.637978807091713e-12,
    "COR": 3.637978807091713e-12,
    "SMEAR": 0.0,
    "DELTA": 7.275957614183426e-12
  },
  "disagreements": [],
  "method": "independent struct decoding, long-double temporal normal equations, scalar-sum spatial normal equations",
  "tolerances": {
    "relative": 2e-08,
    "native_absolute": 1e-06,
    "dimensionless_absolute": 1e-08
  },
  "input_l2_audit": "PASS"
}
