Traceback (most recent call last):
  File "/opt/hostedtoolcache/Python/3.12.14/x64/lib/python3.12/urllib/request.py", line 1344, in do_open
    h.request(req.get_method(), req.selector, req.data, headers,
  File "/opt/hostedtoolcache/Python/3.12.14/x64/lib/python3.12/http/client.py", line 1386, in request
    self._send_request(method, url, body, headers, encode_chunked)
  File "/opt/hostedtoolcache/Python/3.12.14/x64/lib/python3.12/http/client.py", line 1432, in _send_request
    self.endheaders(body, encode_chunked=encode_chunked)
  File "/opt/hostedtoolcache/Python/3.12.14/x64/lib/python3.12/http/client.py", line 1381, in endheaders
    self._send_output(message_body, encode_chunked=encode_chunked)
  File "/opt/hostedtoolcache/Python/3.12.14/x64/lib/python3.12/http/client.py", line 1141, in _send_output
    self.send(msg)
  File "/opt/hostedtoolcache/Python/3.12.14/x64/lib/python3.12/http/client.py", line 1085, in send
    self.connect()
  File "/opt/hostedtoolcache/Python/3.12.14/x64/lib/python3.12/http/client.py", line 1527, in connect
    self.sock = self._context.wrap_socket(self.sock,
                ^^^^^^^^^^^^^^^^^^^^^^^^^^^^^^^^^^^^
  File "/opt/hostedtoolcache/Python/3.12.14/x64/lib/python3.12/ssl.py", line 455, in wrap_socket
    return self.sslsocket_class._create(
           ^^^^^^^^^^^^^^^^^^^^^^^^^^^^^
  File "/opt/hostedtoolcache/Python/3.12.14/x64/lib/python3.12/ssl.py", line 1041, in _create
    self.do_handshake()
  File "/opt/hostedtoolcache/Python/3.12.14/x64/lib/python3.12/ssl.py", line 1319, in do_handshake
    self._sslobj.do_handshake()
TimeoutError: _ssl.c:993: The handshake operation timed out

During handling of the above exception, another exception occurred:

Traceback (most recent call last):
  File "/home/runner/work/setisearch/setisearch/scripts/ls8v_l2_screen.py", line 55, in <module>
    main()
  File "/home/runner/work/setisearch/setisearch/scripts/ls8v_l2_screen.py", line 37, in main
    results = [implementation.evaluate_visit(key, by_key[key]) for key in KEYS]
               ^^^^^^^^^^^^^^^^^^^^^^^^^^^^^^^^^^^^^^^^^^^^^^^
  File "/home/runner/work/setisearch/setisearch/scripts/ls8k_l2_screen.py", line 141, in evaluate_visit
    raw, receipt = read_table(key, meta)
                   ^^^^^^^^^^^^^^^^^^^^^
  File "/home/runner/work/setisearch/setisearch/scripts/ls8k_l2_screen.py", line 82, in read_table
    with urlopen(Request(get_url(key), headers=headers), timeout=45) as response:
                         ^^^^^^^^^^^^
  File "/home/runner/work/setisearch/setisearch/scripts/ls8k_l2_screen.py", line 62, in get_url
    with urlopen(Request(
         ^^^^^^^^^^^^^^^^
  File "/opt/hostedtoolcache/Python/3.12.14/x64/lib/python3.12/urllib/request.py", line 215, in urlopen
    return opener.open(url, data, timeout)
           ^^^^^^^^^^^^^^^^^^^^^^^^^^^^^^^
  File "/opt/hostedtoolcache/Python/3.12.14/x64/lib/python3.12/urllib/request.py", line 515, in open
    response = self._open(req, data)
               ^^^^^^^^^^^^^^^^^^^^^
  File "/opt/hostedtoolcache/Python/3.12.14/x64/lib/python3.12/urllib/request.py", line 532, in _open
    result = self._call_chain(self.handle_open, protocol, protocol +
             ^^^^^^^^^^^^^^^^^^^^^^^^^^^^^^^^^^^^^^^^^^^^^^^^^^^^^^^
  File "/opt/hostedtoolcache/Python/3.12.14/x64/lib/python3.12/urllib/request.py", line 492, in _call_chain
    result = func(*args)
             ^^^^^^^^^^^
  File "/opt/hostedtoolcache/Python/3.12.14/x64/lib/python3.12/urllib/request.py", line 1392, in https_open
    return self.do_open(http.client.HTTPSConnection, req,
           ^^^^^^^^^^^^^^^^^^^^^^^^^^^^^^^^^^^^^^^^^^^^^^
  File "/opt/hostedtoolcache/Python/3.12.14/x64/lib/python3.12/urllib/request.py", line 1347, in do_open
    raise URLError(err)
urllib.error.URLError: <urlopen error _ssl.c:993: The handshake operation timed out>
