TG000401_N0 independent three-sum/covariance/boundary reconstruction complete
TG000403_N0 independent three-sum/covariance/boundary reconstruction complete
TG000403_N1 independent three-sum/covariance/boundary reconstruction complete
TG000403_N2 independent three-sum/covariance/boundary reconstruction complete
TG000403_N3 independent three-sum/covariance/boundary reconstruction complete
Traceback (most recent call last):
  File "/home/runner/work/setisearch/setisearch/scripts/ls8p_audit.py", line 270, in <module>
    main()
  File "/home/runner/work/setisearch/setisearch/scripts/ls8p_audit.py", line 264, in main
    (OUT / name).write_text(json.dumps(value, indent=2, allow_nan=False) + '\n')
                            ^^^^^^^^^^^^^^^^^^^^^^^^^^^^^^^^^^^^^^^^^^^^
  File "/opt/hostedtoolcache/Python/3.12.14/x64/lib/python3.12/json/__init__.py", line 238, in dumps
    **kw).encode(obj)
          ^^^^^^^^^^^
  File "/opt/hostedtoolcache/Python/3.12.14/x64/lib/python3.12/json/encoder.py", line 202, in encode
    chunks = list(chunks)
             ^^^^^^^^^^^^
  File "/opt/hostedtoolcache/Python/3.12.14/x64/lib/python3.12/json/encoder.py", line 430, in _iterencode
    yield from _iterencode_list(o, _current_indent_level)
  File "/opt/hostedtoolcache/Python/3.12.14/x64/lib/python3.12/json/encoder.py", line 326, in _iterencode_list
    yield from chunks
  File "/opt/hostedtoolcache/Python/3.12.14/x64/lib/python3.12/json/encoder.py", line 406, in _iterencode_dict
    yield from chunks
  File "/opt/hostedtoolcache/Python/3.12.14/x64/lib/python3.12/json/encoder.py", line 406, in _iterencode_dict
    yield from chunks
  File "/opt/hostedtoolcache/Python/3.12.14/x64/lib/python3.12/json/encoder.py", line 406, in _iterencode_dict
    yield from chunks
  File "/opt/hostedtoolcache/Python/3.12.14/x64/lib/python3.12/json/encoder.py", line 326, in _iterencode_list
    yield from chunks
  File "/opt/hostedtoolcache/Python/3.12.14/x64/lib/python3.12/json/encoder.py", line 326, in _iterencode_list
    yield from chunks
  File "/opt/hostedtoolcache/Python/3.12.14/x64/lib/python3.12/json/encoder.py", line 439, in _iterencode
    o = _default(o)
        ^^^^^^^^^^^
  File "/opt/hostedtoolcache/Python/3.12.14/x64/lib/python3.12/json/encoder.py", line 180, in default
    raise TypeError(f'Object of type {o.__class__.__name__} '
TypeError: Object of type int64 is not JSON serializable
