TG007401_P0 audited CORRECTION_LINKED
{
  "status": "PASS",
  "comparisons": {
    "numeric": 94537,
    "exact": 160581
  },
  "maximum_absolute_differences": {
    "summary": 5.820766091346741e-11,
    "CAL": 1.8189894035458565e-12,
    "COR": 3.637978807091713e-12,
    "SMEAR": 0.0,
    "DELTA": 3.637978807091713e-12
  },
  "disagreements": [],
  "method": "independent struct decoding, long-double temporal normal equations, scalar-sum spatial normal equations",
  "tolerances": {
    "relative": 2e-08,
    "native_absolute": 1e-06,
    "dimensionless_absolute": 1e-08
  },
  "input_l2_audit": "PASS"
}
