{
  "stage": "LS8K_WASP189_TWO_VISIT_L2_SCREEN",
  "status": "COMPLETE_UNAUDITED",
  "evaluation_freeze_commit": "6bbe46f555d9f61a8830994d0dfcc6a3e6f09295",
  "target": "WASP-189",
  "selected_keys": [
    "CH_PR100041_TG000201_V0300",
    "CH_PR100041_TG000202_V0300"
  ],
  "method": "prospective flux-centered implementation of unchanged LS7X/LS8A/LS8B DEFAULT-L2 rule",
  "sideband_rows_each_side": 12,
  "guard_rows": 2,
  "durations_rows": [
    1,
    2,
    3
  ],
  "screen_threshold": 8.5,
  "visits": [
    {
      "file_key": "CH_PR100041_TG000201_V0300",
      "rows": 771,
      "status_zero_finite_rows": 736,
      "cadence_seconds": 33.6000022888184,
      "eligible_windows": 1153,
      "duration_results": [
        {
          "duration_rows": 1,
          "duration_seconds": 33.6000022888184,
          "eligible_windows": 393,
          "positive_windows": 1,
          "negative_windows": 0,
          "maximum_score": 8.982074701386368,
          "minimum_score": -3.815628948202363
        },
        {
          "duration_rows": 2,
          "duration_seconds": 67.2000045776368,
          "eligible_windows": 384,
          "positive_windows": 0,
          "negative_windows": 0,
          "maximum_score": 7.289396316035074,
          "minimum_score": -3.50191095068686
        },
        {
          "duration_rows": 3,
          "duration_seconds": 100.8000068664552,
          "eligible_windows": 376,
          "positive_windows": 0,
          "negative_windows": 0,
          "maximum_score": 5.597118939744421,
          "minimum_score": -2.989828798323361
        }
      ],
      "positive_windows": 1,
      "negative_windows": 0,
      "positive_clusters": 1,
      "negative_clusters": 0,
      "maximum_score": 8.982074701386368,
      "minimum_score": -3.815628948202363,
      "unique_event_rows": 393,
      "eligible_event_row_union_seconds": 13204.800899505632
    },
    {
      "file_key": "CH_PR100041_TG000202_V0300",
      "rows": 833,
      "status_zero_finite_rows": 804,
      "cadence_seconds": 33.6000022888184,
      "eligible_windows": 1450,
      "duration_results": [
        {
          "duration_rows": 1,
          "duration_seconds": 33.6000022888184,
          "eligible_windows": 493,
          "positive_windows": 1,
          "negative_windows": 1,
          "maximum_score": 60.89478551382705,
          "minimum_score": -23.2716483865735
        },
        {
          "duration_rows": 2,
          "duration_seconds": 67.2000045776368,
          "eligible_windows": 483,
          "positive_windows": 2,
          "negative_windows": 2,
          "maximum_score": 44.908731905698886,
          "minimum_score": -17.335764394709003
        },
        {
          "duration_rows": 3,
          "duration_seconds": 100.8000068664552,
          "eligible_windows": 474,
          "positive_windows": 3,
          "negative_windows": 3,
          "maximum_score": 39.27964960304072,
          "minimum_score": -13.803278973840904
        }
      ],
      "positive_windows": 6,
      "negative_windows": 6,
      "positive_clusters": 1,
      "negative_clusters": 1,
      "maximum_score": 60.89478551382705,
      "minimum_score": -23.2716483865735,
      "unique_event_rows": 493,
      "eligible_event_row_union_seconds": 16564.801128387473
    }
  ],
  "totals": {
    "rows": 1604,
    "eligible_windows": 2603,
    "positive_windows": 7,
    "negative_windows": 6,
    "positive_clusters": 2,
    "negative_clusters": 1,
    "science_table_bytes": 221352
  },
  "other_apertures_opened": false,
  "image_bytes_acquired": 0,
  "raw_imagettes_opened": false,
  "detector_qualified": false,
  "candidate_claims": 0,
  "interpretation": "independent two-visit L2 screening; signed endpoints are descriptive controls, not Gaussian significances"
}
