{
  "status": "PASS",
  "method": "independent big-endian struct decoder and flux-centered scalar normal equations",
  "frozen_tolerances": {
    "relative": 2e-08,
    "absolute": 2e-10
  },
  "numeric_disagreements": [],
  "visits": [
    {
      "file_key": "CH_PR100041_TG000201_V0300",
      "status": "PASS",
      "raw_rows": 771,
      "enumerated_windows": 2310,
      "eligible_windows": 1153,
      "numeric_and_discrete_comparisons": 13836,
      "numeric_disagreements": 0,
      "maximum_absolute_differences": {
        "score": 2.6645352591003757e-15,
        "excess_electrons": 7.275957614183426e-11,
        "sigma_electrons": 7.275957614183426e-11,
        "denominator_electrons": 1.1641532182693481e-10,
        "baseline_event_sum_electrons": 0.0,
        "leverage": 1.6653345369377348e-16
      },
      "signed_clusters_counts_and_summaries_verified": true
    },
    {
      "file_key": "CH_PR100041_TG000202_V0300",
      "status": "PASS",
      "raw_rows": 833,
      "enumerated_windows": 2496,
      "eligible_windows": 1450,
      "numeric_and_discrete_comparisons": 17400,
      "numeric_disagreements": 0,
      "maximum_absolute_differences": {
        "score": 3.9968028886505635e-15,
        "excess_electrons": 1.1641532182693481e-10,
        "sigma_electrons": 8.003553375601768e-11,
        "denominator_electrons": 1.4551915228366852e-10,
        "baseline_event_sum_electrons": 5.960464477539063e-08,
        "leverage": 2.220446049250313e-16
      },
      "signed_clusters_counts_and_summaries_verified": true
    }
  ],
  "numeric_and_discrete_comparisons": 31236
}
