{
  "stage": "LS8AF_PG1207033_TWO_VISIT_L2_SCREEN",
  "status": "COMPLETE_UNAUDITED",
  "evaluation_freeze_commit": "0e006ae040146eb868c3512ab1d13049eef252cb",
  "target": "PG 1207-033",
  "selected_keys": [
    "CH_PR100002_TG000901_V0300",
    "CH_PR100002_TG000902_V0300"
  ],
  "method": "unchanged pinned LS8K flux-centered DEFAULT-L2 scorer and signed clustering",
  "sideband_rows_each_side": 12,
  "guard_rows": 2,
  "durations_rows": [
    1,
    2,
    3
  ],
  "screen_threshold": 8.5,
  "visits": [
    {
      "file_key": "CH_PR100002_TG000901_V0300",
      "rows": 81,
      "status_zero_finite_rows": 80,
      "cadence_seconds": 60.0,
      "eligible_windows": 117,
      "duration_results": [
        {
          "duration_rows": 1,
          "duration_seconds": 60.0,
          "eligible_windows": 40,
          "positive_windows": 1,
          "negative_windows": 0,
          "maximum_score": 141.1054591837304,
          "minimum_score": -2.751592106018039
        },
        {
          "duration_rows": 2,
          "duration_seconds": 120.0,
          "eligible_windows": 39,
          "positive_windows": 2,
          "negative_windows": 0,
          "maximum_score": 106.3207544234171,
          "minimum_score": -3.3501481391808197
        },
        {
          "duration_rows": 3,
          "duration_seconds": 180.0,
          "eligible_windows": 38,
          "positive_windows": 3,
          "negative_windows": 0,
          "maximum_score": 86.2908992718501,
          "minimum_score": -4.169606509693543
        }
      ],
      "positive_windows": 6,
      "negative_windows": 0,
      "positive_clusters": 1,
      "negative_clusters": 0,
      "maximum_score": 141.1054591837304,
      "minimum_score": -4.169606509693543,
      "unique_event_rows": 40,
      "eligible_event_row_union_seconds": 2400.0
    },
    {
      "file_key": "CH_PR100002_TG000902_V0300",
      "rows": 72,
      "status_zero_finite_rows": 71,
      "cadence_seconds": 60.0,
      "eligible_windows": 48,
      "duration_results": [
        {
          "duration_rows": 1,
          "duration_seconds": 60.0,
          "eligible_windows": 17,
          "positive_windows": 0,
          "negative_windows": 0,
          "maximum_score": 1.5910325836556565,
          "minimum_score": -0.9537767883261021
        },
        {
          "duration_rows": 2,
          "duration_seconds": 120.0,
          "eligible_windows": 16,
          "positive_windows": 0,
          "negative_windows": 0,
          "maximum_score": 1.263311082791333,
          "minimum_score": -1.1743270358075364
        },
        {
          "duration_rows": 3,
          "duration_seconds": 180.0,
          "eligible_windows": 15,
          "positive_windows": 0,
          "negative_windows": 0,
          "maximum_score": 0.8403472413279013,
          "minimum_score": -0.890223120315142
        }
      ],
      "positive_windows": 0,
      "negative_windows": 0,
      "positive_clusters": 0,
      "negative_clusters": 0,
      "maximum_score": 1.5910325836556565,
      "minimum_score": -1.1743270358075364,
      "unique_event_rows": 17,
      "eligible_event_row_union_seconds": 1020.0
    }
  ],
  "totals": {
    "rows": 153,
    "eligible_windows": 165,
    "positive_windows": 6,
    "negative_windows": 0,
    "positive_clusters": 1,
    "negative_clusters": 0,
    "science_table_bytes": 21114
  },
  "other_apertures_opened": false,
  "image_bytes_acquired": 0,
  "raw_imagettes_opened": false,
  "detector_qualified": false,
  "candidate_claims": 0,
  "interpretation": "Independent rank-10 two-visit L2 screen; signed endpoints are not Gaussian significances."
}
