[dace-query] Update available: 3.0.1 → 3.0.2
2026-09-20 08:56:11,386 - WARNING - File .dacerc not found. You are requesting data in public mode. To change this behaviour, create a .dacerc file in your home directory and fill it with your API key. More infos on https://dace.unige.ch
2026-09-20 08:56:11,387 - WARNING - File .dacerc not found. You are requesting data in public mode. To change this behaviour, create a .dacerc file in your home directory and fill it with your API key. More infos on https://dace.unige.ch
2026-09-20 08:56:13,293 - ERROR - No data found.
2026-09-20 08:56:17,829 - ERROR - No data found.
2026-09-20 08:56:18,255 - ERROR - No data found.
2026-09-20 08:56:19,891 - ERROR - No data found.
2026-09-20 08:56:25,257 - ERROR - No data found.
2026-09-20 08:56:29,347 - ERROR - No data found.
2026-09-20 08:56:32,316 - ERROR - No data found.
2026-09-20 08:56:32,726 - ERROR - No data found.
2026-09-20 08:56:33,136 - ERROR - No data found.
2026-09-20 08:56:33,545 - ERROR - No data found.
2026-09-20 08:56:33,954 - ERROR - No data found.
2026-09-20 08:56:34,373 - ERROR - No data found.
2026-09-20 08:56:34,791 - ERROR - No data found.
2026-09-20 08:56:35,201 - ERROR - No data found.
{
  "status": "SELECTED",
  "selection": {
    "target_rank": 1,
    "target": "GJ 876",
    "eligible_visit_count": 7,
    "selected_visits": [
      {
        "file_key": "CH_PR100018_TG032801_V0300",
        "visit_id": 1987,
        "obs_id": 1201652,
        "target_name": "GJ 876",
        "date_mjd_start": 59077.4744239216,
        "date_mjd_end": 59077.5391089537,
        "data_pipe_version": "14.1.2",
        "data_arch_rev": 3,
        "obs_exptime": "3.0",
        "obs_nexp": 14,
        "obs_total_exptime": 42.0,
        "status_published": true,
        "db_lc_available": true,
        "basic_eligible": true,
        "reasons": [],
        "products": {
          "product_rows": 81,
          "has_default_lightcurve": true,
          "has_cal_subarray": true,
          "has_cor_subarray": true,
          "eligible": true,
          "file_types": [
            "EXT_PRE_StarCatalogue",
            "PIP_COR_PixelFlagMapSubArray",
            "SCI_CAL_SubArray",
            "SCI_COR_Lightcurve",
            "SCI_COR_SubArray",
            "SCI_RAW_Attitude",
            "SCI_RAW_Centroid",
            "SCI_RAW_EventReport",
            "SCI_RAW_FullArray",
            "SCI_RAW_HkAsy30759",
            "SCI_RAW_HkAsy30767",
            "SCI_RAW_HkCe",
            "SCI_RAW_HkCentroid",
            "SCI_RAW_HkDefault",
            "SCI_RAW_HkExtended",
            "SCI_RAW_HkIfsw",
            "SCI_RAW_HkOperationParameter",
            "SCI_RAW_Imagette",
            "SCI_RAW_SubArray",
            "log",
            "mp4",
            "pdf"
          ]
        },
        "eligible": true
      },
      {
        "file_key": "CH_PR100018_TG032802_V0300",
        "visit_id": 1660,
        "obs_id": 1237379,
        "target_name": "GJ 876",
        "date_mjd_start": 59114.8053256116,
        "date_mjd_end": 59114.8700107189,
        "data_pipe_version": "14.1.2",
        "data_arch_rev": 3,
        "obs_exptime": "3.0",
        "obs_nexp": 14,
        "obs_total_exptime": 42.0,
        "status_published": true,
        "db_lc_available": true,
        "basic_eligible": true,
        "reasons": [],
        "products": {
          "product_rows": 81,
          "has_default_lightcurve": true,
          "has_cal_subarray": true,
          "has_cor_subarray": true,
          "eligible": true,
          "file_types": [
            "EXT_PRE_StarCatalogue",
            "PIP_COR_PixelFlagMapSubArray",
            "SCI_CAL_SubArray",
            "SCI_COR_Lightcurve",
            "SCI_COR_SubArray",
            "SCI_RAW_Attitude",
            "SCI_RAW_Centroid",
            "SCI_RAW_EventReport",
            "SCI_RAW_FullArray",
            "SCI_RAW_HkAsy30759",
            "SCI_RAW_HkAsy30767",
            "SCI_RAW_HkCe",
            "SCI_RAW_HkCentroid",
            "SCI_RAW_HkDefault",
            "SCI_RAW_HkExtended",
            "SCI_RAW_HkIfsw",
            "SCI_RAW_HkOperationParameter",
            "SCI_RAW_Imagette",
            "SCI_RAW_SubArray",
            "log",
            "mp4",
            "pdf"
          ]
        },
        "eligible": true
      }
    ]
  },
  "targets_queried": 9,
  "science_product_bytes_read": 0
}
