width 1: native receiver anchors exact (18/144)
width 3: native receiver anchors exact (36/144)
width 5: native receiver anchors exact (54/144)
width 9: native receiver anchors exact (72/144)
width 17: native receiver anchors exact (90/144)
width 33: native receiver anchors exact (108/144)
width 65: native receiver anchors exact (126/144)
width 129: native receiver anchors exact (144/144)
on template 0: mask and diagnostic calibration handoff
on template 1: mask and diagnostic calibration handoff
on template 2: mask and diagnostic calibration handoff
on template 3: mask and diagnostic calibration handoff
on template 4: mask and diagnostic calibration handoff
on template 5: mask and diagnostic calibration handoff
on template 6: mask and diagnostic calibration handoff
on template 7: mask and diagnostic calibration handoff
on template 8: mask and diagnostic calibration handoff
on template 9: mask and diagnostic calibration handoff
on template 10: mask and diagnostic calibration handoff
on template 11: mask and diagnostic calibration handoff
on template 12: mask and diagnostic calibration handoff
on template 13: mask and diagnostic calibration handoff
on template 14: mask and diagnostic calibration handoff
on template 15: mask and diagnostic calibration handoff
on template 16: mask and diagnostic calibration handoff
on template 17: mask and diagnostic calibration handoff
on template 18: mask and diagnostic calibration handoff
on template 19: mask and diagnostic calibration handoff
on template 20: mask and diagnostic calibration handoff
on template 21: mask and diagnostic calibration handoff
on template 22: mask and diagnostic calibration handoff
on template 23: mask and diagnostic calibration handoff
on template 24: mask and diagnostic calibration handoff
on template 25: mask and diagnostic calibration handoff
on template 26: mask and diagnostic calibration handoff
on template 27: mask and diagnostic calibration handoff
on template 28: mask and diagnostic calibration handoff
on template 29: mask and diagnostic calibration handoff
on template 30: mask and diagnostic calibration handoff
on template 31: mask and diagnostic calibration handoff
on template 32: mask and diagnostic calibration handoff
on template 33: mask and diagnostic calibration handoff
on template 34: mask and diagnostic calibration handoff
on template 35: mask and diagnostic calibration handoff
on template 36: mask and diagnostic calibration handoff
off template 0: mask and diagnostic calibration handoff
off template 1: mask and diagnostic calibration handoff
off template 2: mask and diagnostic calibration handoff
off template 3: mask and diagnostic calibration handoff
off template 4: mask and diagnostic calibration handoff
off template 5: mask and diagnostic calibration handoff
off template 6: mask and diagnostic calibration handoff
off template 7: mask and diagnostic calibration handoff
off template 8: mask and diagnostic calibration handoff
off template 9: mask and diagnostic calibration handoff
off template 10: mask and diagnostic calibration handoff
off template 11: mask and diagnostic calibration handoff
off template 12: mask and diagnostic calibration handoff
off template 13: mask and diagnostic calibration handoff
off template 14: mask and diagnostic calibration handoff
off template 15: mask and diagnostic calibration handoff
off template 16: mask and diagnostic calibration handoff
off template 17: mask and diagnostic calibration handoff
off template 18: mask and diagnostic calibration handoff
off template 19: mask and diagnostic calibration handoff
off template 20: mask and diagnostic calibration handoff
off template 21: mask and diagnostic calibration handoff
off template 22: mask and diagnostic calibration handoff
off template 23: mask and diagnostic calibration handoff
off template 24: mask and diagnostic calibration handoff
off template 25: mask and diagnostic calibration handoff
off template 26: mask and diagnostic calibration handoff
off template 27: mask and diagnostic calibration handoff
off template 28: mask and diagnostic calibration handoff
off template 29: mask and diagnostic calibration handoff
off template 30: mask and diagnostic calibration handoff
off template 31: mask and diagnostic calibration handoff
off template 32: mask and diagnostic calibration handoff
off template 33: mask and diagnostic calibration handoff
off template 34: mask and diagnostic calibration handoff
off template 35: mask and diagnostic calibration handoff
off template 36: mask and diagnostic calibration handoff
on: 0 diagnostic members retained without truncation
off: 0 diagnostic members retained without truncation
{
  "selected_templates": 37,
  "full_bank_geometry_templates": 1701,
  "source_arrays_reused": 96,
  "native_receiver_anchors": 144,
  "known_answer_members": 6,
  "on_retained": 0,
  "off_retained": 0,
  "final_member_decisions": 0,
  "passes_physical_vetoes": 0,
  "diagnostic_null_count": 4,
  "scientific_candidates": 0
}
