[
  {
    "case_index": 13,
    "members": 9,
    "exact_OFF_max_range": [
      2.6742138862609863,
      3.6853623390197754
    ],
    "neighborhood_OFF_max_range": [
      3.8701159954071045,
      3.873537302017212
    ],
    "members_with_neighborhood_OFF_at_least_5p5": 0,
    "nearest_retained_OFF_distance_range_hz": null
  },
  {
    "case_index": 45,
    "members": 9,
    "exact_OFF_max_range": [
      2.6742138862609863,
      3.6853623390197754
    ],
    "neighborhood_OFF_max_range": [
      3.8701159954071045,
      3.873537302017212
    ],
    "members_with_neighborhood_OFF_at_least_5p5": 0,
    "nearest_retained_OFF_distance_range_hz": null
  },
  {
    "case_index": 47,
    "members": 5,
    "exact_OFF_max_range": [
      4.4835100173950195,
      5.13302755355835
    ],
    "neighborhood_OFF_max_range": [
      6.63477897644043,
      6.63477897644043
    ],
    "members_with_neighborhood_OFF_at_least_5p5": 5,
    "nearest_retained_OFF_distance_range_hz": [
      161.2327516078949,
      172.57541847229004
    ]
  },
  {
    "case_index": 79,
    "members": 1,
    "exact_OFF_max_range": [
      5.2930521965026855,
      5.2930521965026855
    ],
    "neighborhood_OFF_max_range": [
      7.187112808227539,
      7.187112808227539
    ],
    "members_with_neighborhood_OFF_at_least_5p5": 1,
    "nearest_retained_OFF_distance_range_hz": [
      53.877665281295776,
      53.877665281295776
    ]
  },
  {
    "case_index": 109,
    "members": 9,
    "exact_OFF_max_range": [
      2.6742138862609863,
      3.6853623390197754
    ],
    "neighborhood_OFF_max_range": [
      3.8701159954071045,
      3.873537302017212
    ],
    "members_with_neighborhood_OFF_at_least_5p5": 0,
    "nearest_retained_OFF_distance_range_hz": null
  },
  {
    "case_index": 111,
    "members": 1,
    "exact_OFF_max_range": [
      5.2930521965026855,
      5.2930521965026855
    ],
    "neighborhood_OFF_max_range": [
      7.187112808227539,
      7.187112808227539
    ],
    "members_with_neighborhood_OFF_at_least_5p5": 1,
    "nearest_retained_OFF_distance_range_hz": [
      39.69933223724365,
      39.69933223724365
    ]
  }
]
