test_complete_mathematical_budget_still_cannot_authorize_science (test_radio_motion_contract.BoundRisks.test_complete_mathematical_budget_still_cannot_authorize_science) ... ok
test_exposure_duration_squared_and_frequency_linear (test_radio_motion_contract.BoundRisks.test_exposure_duration_squared_and_frequency_linear) ... ok
test_jerk_norm_bound_covers_analytic_circular_orbit (test_radio_motion_contract.BoundRisks.test_jerk_norm_bound_covers_analytic_circular_orbit) ... ok
test_missing_term_never_becomes_zero_or_partial_total (test_radio_motion_contract.BoundRisks.test_missing_term_never_becomes_zero_or_partial_total) ... ok
test_nonphysical_bound_inputs_rejected (test_radio_motion_contract.BoundRisks.test_nonphysical_bound_inputs_rejected) ... ok
test_scope_mismatch_invalid_and_unqualified_bounds_block (test_radio_motion_contract.BoundRisks.test_scope_mismatch_invalid_and_unqualified_bounds_block) ... ok
test_exact_template_and_single_row_have_zero_error (test_radio_motion_contract.CarrierRisks.test_exact_template_and_single_row_have_zero_error) ... ok
test_free_carrier_improves_over_fixed_carrier (test_radio_motion_contract.CarrierRisks.test_free_carrier_improves_over_fixed_carrier) ... ok
test_independent_decimal_feasibility_oracle_at_radio_frequency (test_radio_motion_contract.CarrierRisks.test_independent_decimal_feasibility_oracle_at_radio_frequency) ... ok
test_invalid_vectors_rejected (test_radio_motion_contract.CarrierRisks.test_invalid_vectors_rejected) ... ok
test_restriction_cannot_increase_best_fit_error (test_radio_motion_contract.CarrierRisks.test_restriction_cannot_increase_best_fit_error) ... ok
test_two_point_chebyshev_solution_and_active_pair (test_radio_motion_contract.CarrierRisks.test_two_point_chebyshev_solution_and_active_pair) ... ok
test_actual_upper_limit_and_mixed_model_inputs_refused (test_radio_motion_contract.MetadataRisks.test_actual_upper_limit_and_mixed_model_inputs_refused) ... ok
test_all_phase_policy_does_not_require_absolute_epoch (test_radio_motion_contract.MetadataRisks.test_all_phase_policy_does_not_require_absolute_epoch) ... ok
test_bad_numeric_parameters_refused (test_radio_motion_contract.MetadataRisks.test_bad_numeric_parameters_refused) ... ok
test_bjd_does_not_establish_time_scale (test_radio_motion_contract.MetadataRisks.test_bjd_does_not_establish_time_scale) ... ok
test_missing_flag_cannot_be_defaulted_to_point (test_radio_motion_contract.MetadataRisks.test_missing_flag_cannot_be_defaulted_to_point) ... ok
test_no_implicit_omega_body_or_180_degree_correction (test_radio_motion_contract.MetadataRisks.test_no_implicit_omega_body_or_180_degree_correction) ... ok
test_one_reference_missing_cannot_disappear_from_mixed_check (test_radio_motion_contract.MetadataRisks.test_one_reference_missing_cannot_disappear_from_mixed_check) ... ok
test_relative_axis_needs_mass_conversion (test_radio_motion_contract.MetadataRisks.test_relative_axis_needs_mass_conversion) ... ok

----------------------------------------------------------------------
Ran 20 tests in 0.006s

OK
