2026-10-04T12:23:21.0485557Z Current runner version: '2.337.0'
2026-10-04T12:23:21.0520827Z ##[group]Runner Image Provisioner
2026-10-04T12:23:21.0522181Z Hosted Compute Agent
2026-10-04T12:23:21.0523263Z Version: 20260901.588
2026-10-04T12:23:21.0524270Z Commit: f88ec8081b781fac6c440065ac7ff9e710ce3d0b
2026-10-04T12:23:21.0526387Z Build Date: 2026-09-01T19:56:44Z
2026-10-04T12:23:21.0527576Z Worker ID: {0d099461-dbf8-4c2c-bebd-487d08d1a99e}
2026-10-04T12:23:21.0528844Z Azure Region: eastus
2026-10-04T12:23:21.0529919Z ##[endgroup]
2026-10-04T12:23:21.0532214Z ##[group]Operating System
2026-10-04T12:23:21.0533396Z Ubuntu
2026-10-04T12:23:21.0534250Z 24.04.5
2026-10-04T12:23:21.0535394Z LTS
2026-10-04T12:23:21.0536442Z ##[endgroup]
2026-10-04T12:23:21.0537400Z ##[group]Runner Image
2026-10-04T12:23:21.0538393Z Image: ubuntu-24.04
2026-10-04T12:23:21.0539376Z Version: 20260927.320.1
2026-10-04T12:23:21.0541587Z Included Software: https://github.com/actions/runner-images/blob/ubuntu24/20260927.320/images/ubuntu/Ubuntu2404-Readme.md
2026-10-04T12:23:21.0544256Z Image Release: https://github.com/actions/runner-images/releases/tag/ubuntu24%2F20260927.320
2026-10-04T12:23:21.0546300Z ##[endgroup]
2026-10-04T12:23:21.0548367Z ##[group]GITHUB_TOKEN Permissions
2026-10-04T12:23:21.0551343Z Actions: read
2026-10-04T12:23:21.0552320Z Contents: write
2026-10-04T12:23:21.0553355Z Metadata: read
2026-10-04T12:23:21.0554357Z ##[endgroup]
2026-10-04T12:23:21.0557658Z Secret source: Actions
2026-10-04T12:23:21.0559329Z Cache mode: write
2026-10-04T12:23:21.0560744Z Prepare workflow directory
2026-10-04T12:23:21.1130705Z Prepare all required actions
2026-10-04T12:23:21.1201882Z Getting action download info
2026-10-04T12:23:21.3002115Z Download action repository 'actions/checkout@11bd71901bbe5b1630ceea73d27597364c9af683' (SHA:11bd71901bbe5b1630ceea73d27597364c9af683)
2026-10-04T12:23:21.5042767Z Complete job name: control
2026-10-04T12:23:21.6004365Z ##[group]Run actions/checkout@11bd71901bbe5b1630ceea73d27597364c9af683
2026-10-04T12:23:21.6005787Z with:
2026-10-04T12:23:21.6006320Z   ref: d4d38a0a4316b36197c3a18e33c1369f96e7d29a
2026-10-04T12:23:21.6006927Z   fetch-depth: 2
2026-10-04T12:23:21.6007411Z   persist-credentials: false
2026-10-04T12:23:21.6007970Z   sparse-checkout-cone-mode: false
2026-10-04T12:23:21.6009913Z   sparse-checkout: /.github/workflows/radio_hosted_cas_control_20261004a.yml
/RADIO_HOSTED_CAS_CONTROL_2026-10-04_PROTOCOL.md
/results_radio_hosted_cas_control_20261004a/
/config/radio_hosted_cas_control_20261004a.freeze.json
/config/radio_hosted_cas_control_20261004a.activate.json

2026-10-04T12:23:21.6011895Z   repository: andersenmartin-blip/setisearch
2026-10-04T12:23:21.6015911Z   token: ***
2026-10-04T12:23:21.6016369Z   ssh-strict: true
2026-10-04T12:23:21.6016816Z   ssh-user: git
2026-10-04T12:23:21.6017256Z   clean: true
2026-10-04T12:23:21.6017698Z   fetch-tags: false
2026-10-04T12:23:21.6018239Z   show-progress: true
2026-10-04T12:23:21.6018708Z   lfs: false
2026-10-04T12:23:21.6019133Z   submodules: false
2026-10-04T12:23:21.6019599Z   set-safe-directory: true
2026-10-04T12:23:21.6020369Z env:
2026-10-04T12:23:21.6020812Z   PYTHONNOUSERSITE: 1
2026-10-04T12:23:21.6021323Z   PYTHONDONTWRITEBYTECODE: 1
2026-10-04T12:23:21.6021849Z   PYTHONHASHSEED: 0
2026-10-04T12:23:21.6022303Z ##[endgroup]
2026-10-04T12:23:21.7072725Z Syncing repository: andersenmartin-blip/setisearch
2026-10-04T12:23:21.7076080Z ##[group]Getting Git version info
2026-10-04T12:23:21.7077410Z Working directory is '/home/runner/work/setisearch/setisearch'
2026-10-04T12:23:21.7078904Z [command]/usr/bin/git version
2026-10-04T12:23:21.7176725Z git version 2.55.0
2026-10-04T12:23:21.7193124Z ##[endgroup]
2026-10-04T12:23:21.7208863Z Temporarily overriding HOME='/home/runner/work/_temp/8a46d0d6-7fe3-47da-9043-9196168ea33f' before making global git config changes
2026-10-04T12:23:21.7211144Z Adding repository directory to the temporary git global config as a safe directory
2026-10-04T12:23:21.7214180Z [command]/usr/bin/git config --global --add safe.directory /home/runner/work/setisearch/setisearch
2026-10-04T12:23:21.7299219Z Deleting the contents of '/home/runner/work/setisearch/setisearch'
2026-10-04T12:23:21.7303685Z ##[group]Initializing the repository
2026-10-04T12:23:21.7308338Z [command]/usr/bin/git init /home/runner/work/setisearch/setisearch
2026-10-04T12:23:21.7429803Z hint: Using 'master' as the name for the initial branch. This default branch name
2026-10-04T12:23:21.7431559Z hint: will change to "main" in Git 3.0. To configure the initial branch name
2026-10-04T12:23:21.7433076Z hint: to use in all of your new repositories, which will suppress this warning,
2026-10-04T12:23:21.7434333Z hint: call:
2026-10-04T12:23:21.7435215Z hint:
2026-10-04T12:23:21.7436133Z hint: 	git config --global init.defaultBranch <name>
2026-10-04T12:23:21.7438675Z hint:
2026-10-04T12:23:21.7439680Z hint: Names commonly chosen instead of 'master' are 'main', 'trunk' and
2026-10-04T12:23:21.7441188Z hint: 'development'. The just-created branch can be renamed via this command:
2026-10-04T12:23:21.7442447Z hint:
2026-10-04T12:23:21.7443196Z hint: 	git branch -m <name>
2026-10-04T12:23:21.7444006Z hint:
2026-10-04T12:23:21.7445267Z hint: Disable this message with "git config set advice.defaultBranchName false"
2026-10-04T12:23:21.7446978Z Initialized empty Git repository in /home/runner/work/setisearch/setisearch/.git/
2026-10-04T12:23:21.7449507Z [command]/usr/bin/git remote add origin https://github.com/andersenmartin-blip/setisearch
2026-10-04T12:23:21.7499656Z ##[endgroup]
2026-10-04T12:23:21.7500923Z ##[group]Disabling automatic garbage collection
2026-10-04T12:23:21.7503366Z [command]/usr/bin/git config --local gc.auto 0
2026-10-04T12:23:21.7543557Z ##[endgroup]
2026-10-04T12:23:21.7545186Z ##[group]Setting up auth
2026-10-04T12:23:21.7553882Z [command]/usr/bin/git config --local --name-only --get-regexp core\.sshCommand
2026-10-04T12:23:21.7589960Z [command]/usr/bin/git submodule foreach --recursive sh -c "git config --local --name-only --get-regexp 'core\.sshCommand' && git config --local --unset-all 'core.sshCommand' || :"
2026-10-04T12:23:21.7981602Z [command]/usr/bin/git config --local --name-only --get-regexp http\.https\:\/\/github\.com\/\.extraheader
2026-10-04T12:23:21.8020036Z [command]/usr/bin/git submodule foreach --recursive sh -c "git config --local --name-only --get-regexp 'http\.https\:\/\/github\.com\/\.extraheader' && git config --local --unset-all 'http.https://github.com/.extraheader' || :"
2026-10-04T12:23:21.8252672Z [command]/usr/bin/git config --local http.https://github.com/.extraheader AUTHORIZATION: basic ***
2026-10-04T12:23:21.8297123Z ##[endgroup]
2026-10-04T12:23:21.8306569Z ##[group]Fetching the repository
2026-10-04T12:23:21.8309084Z [command]/usr/bin/git -c protocol.version=2 fetch --no-tags --prune --no-recurse-submodules --filter=blob:none --depth=2 origin d4d38a0a4316b36197c3a18e33c1369f96e7d29a
2026-10-04T12:23:22.0490464Z From https://github.com/andersenmartin-blip/setisearch
2026-10-04T12:23:22.0492128Z  * branch            d4d38a0a4316b36197c3a18e33c1369f96e7d29a -> FETCH_HEAD
2026-10-04T12:23:22.0498184Z ##[endgroup]
2026-10-04T12:23:22.0499530Z ##[group]Determining the checkout info
2026-10-04T12:23:22.0500790Z ##[endgroup]
2026-10-04T12:23:22.0510626Z ##[group]Setting up sparse checkout
2026-10-04T12:23:22.0511467Z [command]/usr/bin/git config core.sparseCheckout true
2026-10-04T12:23:22.0556982Z [command]/usr/bin/git rev-parse --git-path info/sparse-checkout
2026-10-04T12:23:22.0586480Z .git/info/sparse-checkout
2026-10-04T12:23:22.0598108Z ##[endgroup]
2026-10-04T12:23:22.0599442Z ##[group]Checking out the ref
2026-10-04T12:23:22.0606405Z [command]/usr/bin/git checkout --progress --force d4d38a0a4316b36197c3a18e33c1369f96e7d29a
2026-10-04T12:23:22.5129675Z Note: switching to 'd4d38a0a4316b36197c3a18e33c1369f96e7d29a'.
2026-10-04T12:23:22.5131115Z 
2026-10-04T12:23:22.5131946Z You are in 'detached HEAD' state. You can look around, make experimental
2026-10-04T12:23:22.5133427Z changes and commit them, and you can discard any commits you make in this
2026-10-04T12:23:22.5135597Z state without impacting any branches by switching back to a branch.
2026-10-04T12:23:22.5136887Z 
2026-10-04T12:23:22.5137474Z If you want to create a new branch to retain commits you create, you may
2026-10-04T12:23:22.5138849Z do so (now or later) by using -c with the switch command. Example:
2026-10-04T12:23:22.5139711Z 
2026-10-04T12:23:22.5140091Z   git switch -c <new-branch-name>
2026-10-04T12:23:22.5140674Z 
2026-10-04T12:23:22.5141107Z Or undo this operation with:
2026-10-04T12:23:22.5142053Z 
2026-10-04T12:23:22.5142576Z   git switch -
2026-10-04T12:23:22.5143319Z 
2026-10-04T12:23:22.5144539Z Turn off this advice by setting config variable advice.detachedHead to false
2026-10-04T12:23:22.5146417Z 
2026-10-04T12:23:22.5147276Z HEAD is now at d4d38a0 Activate original hosted exact-CAS control 20261004a once
2026-10-04T12:23:22.5152329Z ##[endgroup]
2026-10-04T12:23:22.5198443Z [command]/usr/bin/git log -1 --format=%H
2026-10-04T12:23:22.5234720Z d4d38a0a4316b36197c3a18e33c1369f96e7d29a
2026-10-04T12:23:22.5245469Z ##[group]Removing auth
2026-10-04T12:23:22.5249462Z [command]/usr/bin/git config --local --name-only --get-regexp core\.sshCommand
2026-10-04T12:23:22.5284399Z [command]/usr/bin/git submodule foreach --recursive sh -c "git config --local --name-only --get-regexp 'core\.sshCommand' && git config --local --unset-all 'core.sshCommand' || :"
2026-10-04T12:23:22.5535553Z [command]/usr/bin/git config --local --name-only --get-regexp http\.https\:\/\/github\.com\/\.extraheader
2026-10-04T12:23:22.5568806Z http.https://github.com/.extraheader
2026-10-04T12:23:22.5578268Z [command]/usr/bin/git config --local --unset-all http.https://github.com/.extraheader
2026-10-04T12:23:22.5615531Z [command]/usr/bin/git submodule foreach --recursive sh -c "git config --local --name-only --get-regexp 'http\.https\:\/\/github\.com\/\.extraheader' && git config --local --unset-all 'http.https://github.com/.extraheader' || :"
2026-10-04T12:23:22.5846004Z ##[endgroup]
2026-10-04T12:23:22.6106094Z ##[group]Run python3 -I -B -S results_radio_hosted_cas_control_20261004a/activation_gate.py --output "$RUNNER_TEMP/radio-hosted-cas-control-20261004a-proof.json"
2026-10-04T12:23:22.6111209Z [36;1mpython3 -I -B -S results_radio_hosted_cas_control_20261004a/activation_gate.py --output "$RUNNER_TEMP/radio-hosted-cas-control-20261004a-proof.json"[0m
2026-10-04T12:23:22.6446539Z shell: /usr/bin/bash -e {0}
2026-10-04T12:23:22.6447895Z env:
2026-10-04T12:23:22.6448945Z   PYTHONNOUSERSITE: 1
2026-10-04T12:23:22.6450190Z   PYTHONDONTWRITEBYTECODE: 1
2026-10-04T12:23:22.6451461Z   PYTHONHASHSEED: 0
2026-10-04T12:23:22.6452486Z ##[endgroup]
2026-10-04T12:23:22.8254703Z ##[group]Run python3 -I -B -S results_radio_hosted_cas_control_20261004a/supervisor.py --output "$RUNNER_TEMP/radio-hosted-cas-control-20261004a" --proof "$RUNNER_TEMP/radio-hosted-cas-control-20261004a-proof.json"
2026-10-04T12:23:22.8261323Z [36;1mpython3 -I -B -S results_radio_hosted_cas_control_20261004a/supervisor.py --output "$RUNNER_TEMP/radio-hosted-cas-control-20261004a" --proof "$RUNNER_TEMP/radio-hosted-cas-control-20261004a-proof.json"[0m
2026-10-04T12:23:22.8331210Z shell: /usr/bin/bash -e {0}
2026-10-04T12:23:22.8332297Z env:
2026-10-04T12:23:22.8333219Z   PYTHONNOUSERSITE: 1
2026-10-04T12:23:22.8334306Z   PYTHONDONTWRITEBYTECODE: 1
2026-10-04T12:23:22.8335643Z   PYTHONHASHSEED: 0
2026-10-04T12:23:22.8346265Z   GITHUB_TOKEN: ***
2026-10-04T12:23:22.8347264Z ##[endgroup]
2026-10-04T12:23:32.2820701Z ##[error]Process completed with exit code 1.
2026-10-04T12:23:32.2899191Z ##[group]Run python3 -I -B -S results_radio_hosted_cas_control_20261004a/publisher.py --output "$RUNNER_TEMP/radio-hosted-cas-control-20261004a" --proof "$RUNNER_TEMP/radio-hosted-cas-control-20261004a-proof.json"
2026-10-04T12:23:32.2900771Z [36;1mpython3 -I -B -S results_radio_hosted_cas_control_20261004a/publisher.py --output "$RUNNER_TEMP/radio-hosted-cas-control-20261004a" --proof "$RUNNER_TEMP/radio-hosted-cas-control-20261004a-proof.json"[0m
2026-10-04T12:23:32.2968042Z shell: /usr/bin/bash -e {0}
2026-10-04T12:23:32.2968312Z env:
2026-10-04T12:23:32.2968514Z   PYTHONNOUSERSITE: 1
2026-10-04T12:23:32.2968771Z   PYTHONDONTWRITEBYTECODE: 1
2026-10-04T12:23:32.2969049Z   PYTHONHASHSEED: 0
2026-10-04T12:23:32.2971818Z   GITHUB_TOKEN: ***
2026-10-04T12:23:32.2972055Z ##[endgroup]
2026-10-04T12:23:38.9894537Z {"archive_bytes":941861,"archive_sha256":"e1a61f7497490b8530771bff6ab16f643b241982f0618c6285c53ff954b6eba3","automatic_retry":false,"blob":"9854ea7b9c59f163a237f81f7cc0728a08137449","calls":19,"commit":"c253ba95e096f983c0bc3afa81b6e669f8fc0cb7","component_only":true,"parent":"596f0fb45337f2af475f73fabef34073c3c74a2c","publication_receipts_in_archive":false,"request_reply_bytes":5401964,"schema":"radio-hosted-cas-control-evidence-publication-v1","scientific_authority":false,"status":"ADMINISTRATIVE_EVIDENCE_PUBLISHED","tree":"92a21c4a392985c239a19cac5557df4bf1e9f01d"}
2026-10-04T12:23:39.0023404Z ##[group]Run test "$CONTROL_OUTCOME" = success
2026-10-04T12:23:39.0023858Z [36;1mtest "$CONTROL_OUTCOME" = success[0m
2026-10-04T12:23:39.0088299Z shell: /usr/bin/bash -e {0}
2026-10-04T12:23:39.0088582Z env:
2026-10-04T12:23:39.0088812Z   PYTHONNOUSERSITE: 1
2026-10-04T12:23:39.0089065Z   PYTHONDONTWRITEBYTECODE: 1
2026-10-04T12:23:39.0089324Z   PYTHONHASHSEED: 0
2026-10-04T12:23:39.0089544Z   CONTROL_OUTCOME: failure
2026-10-04T12:23:39.0089782Z ##[endgroup]
2026-10-04T12:23:39.0172238Z ##[error]Process completed with exit code 1.
2026-10-04T12:23:39.0282495Z Post job cleanup.
2026-10-04T12:23:39.1116557Z [command]/usr/bin/git version
2026-10-04T12:23:39.1159128Z git version 2.55.0
2026-10-04T12:23:39.1202388Z Temporarily overriding HOME='/home/runner/work/_temp/97aeee85-2a4c-4d44-85eb-6ce0793f57ce' before making global git config changes
2026-10-04T12:23:39.1204007Z Adding repository directory to the temporary git global config as a safe directory
2026-10-04T12:23:39.1208790Z [command]/usr/bin/git config --global --add safe.directory /home/runner/work/setisearch/setisearch
2026-10-04T12:23:39.1251128Z [command]/usr/bin/git config --local --name-only --get-regexp core\.sshCommand
2026-10-04T12:23:39.1287213Z [command]/usr/bin/git submodule foreach --recursive sh -c "git config --local --name-only --get-regexp 'core\.sshCommand' && git config --local --unset-all 'core.sshCommand' || :"
2026-10-04T12:23:39.1549383Z [command]/usr/bin/git config --local --name-only --get-regexp http\.https\:\/\/github\.com\/\.extraheader
2026-10-04T12:23:39.1599434Z [command]/usr/bin/git submodule foreach --recursive sh -c "git config --local --name-only --get-regexp 'http\.https\:\/\/github\.com\/\.extraheader' && git config --local --unset-all 'http.https://github.com/.extraheader' || :"
2026-10-04T12:23:39.1988432Z Cleaning up orphan processes
2026-10-04T12:23:39.2288909Z ##[warning]Node.js 20 is deprecated. The following actions target Node.js 20 but are being forced to run on Node.js 24: actions/checkout@11bd71901bbe5b1630ceea73d27597364c9af683. For more information see: https://github.blog/changelog/2025-09-19-deprecation-of-node-20-on-github-actions-runners/
