{
  "status": "PASS",
  "scalar_numeric_comparisons": 388,
  "array_or_mask_comparisons": 102830,
  "total_numeric_or_discrete_comparisons": 103218,
  "maximum_absolute_differences": {
    "LS7Z.l2_components.FLUX.event_sum": 0.0,
    "LS7Z.l2_components.FLUX.predicted_event_sum": 3.5762786865234375e-07,
    "LS7Z.l2_components.FLUX.event_excess": 1.7881393432617188e-07,
    "LS7Z.l2_components.FLUX.side_median": 0.0,
    "LS7Z.l2_components.FLUX.side_residual_sigma_mad": 4.4183252612128854e-08,
    "LS7Z.l2_components.FLUX.normalization_zero_floor": 0.0,
    "LS7Z.l2_components.FLUX.normalized_event_excess": 1.425526363618701e-11,
    "LS7Z.l2_components.FLUX.baseline_coefficients[0]": 5.960464477539063e-08,
    "LS7Z.l2_components.FLUX.baseline_coefficients[1]": 8.660738792798384e-11,
    "LS7Z.l2_components.FLUXERR.event_sum": 0.0,
    "LS7Z.l2_components.FLUXERR.predicted_event_sum": 7.275957614183426e-12,
    "LS7Z.l2_components.FLUXERR.event_excess": 1.0913936421275139e-11,
    "LS7Z.l2_components.FLUXERR.side_median": 0.0,
    "LS7Z.l2_components.FLUXERR.side_residual_sigma_mad": 0.0,
    "LS7Z.l2_components.FLUXERR.normalization_zero_floor": 0.0,
    "LS7Z.l2_components.FLUXERR.normalized_event_excess": 1.027977702960925e-11,
    "LS7Z.l2_components.FLUXERR.baseline_coefficients[0]": 3.637978807091713e-12,
    "LS7Z.l2_components.FLUXERR.baseline_coefficients[1]": 8.553135413466584e-16,
    "LS7Z.l2_components.DARK.event_sum": 0.0,
    "LS7Z.l2_components.DARK.predicted_event_sum": 0.0,
    "LS7Z.l2_components.DARK.event_excess": 0.0,
    "LS7Z.l2_components.DARK.side_median": 0.0,
    "LS7Z.l2_components.DARK.side_residual_sigma_mad": 2.6965096822095802e-12,
    "LS7Z.l2_components.DARK.normalization_zero_floor": 0.0,
    "LS7Z.l2_components.DARK.normalized_event_excess": 7.451816941284051e-13,
    "LS7Z.l2_components.DARK.baseline_coefficients[0]": 0.0,
    "LS7Z.l2_components.DARK.baseline_coefficients[1]": 8.895661984809067e-15,
    "LS7Z.l2_components.BACKGROUND.event_sum": 0.0,
    "LS7Z.l2_components.BACKGROUND.predicted_event_sum": 2.3283064365386963e-10,
    "LS7Z.l2_components.BACKGROUND.event_excess": 1.7462298274040222e-10,
    "LS7Z.l2_components.BACKGROUND.side_median": 0.0,
    "LS7Z.l2_components.BACKGROUND.side_residual_sigma_mad": 0.0,
    "LS7Z.l2_components.BACKGROUND.normalization_zero_floor": 0.0,
    "LS7Z.l2_components.BACKGROUND.normalized_event_excess": 2.3092638912203256e-14,
    "LS7Z.l2_components.BACKGROUND.baseline_coefficients[0]": 5.820766091346741e-11,
    "LS7Z.l2_components.BACKGROUND.baseline_coefficients[1]": 5.062616992290714e-14,
    "LS7Z.l2_components.CONTA_LC.event_sum": 0.0,
    "LS7Z.l2_components.CONTA_LC.predicted_event_sum": 6.776263578034403e-21,
    "LS7Z.l2_components.CONTA_LC.event_excess": 5.082197683525802e-21,
    "LS7Z.l2_components.CONTA_LC.side_median": 0.0,
    "LS7Z.l2_components.CONTA_LC.side_residual_sigma_mad": 1.2176098616780567e-21,
    "LS7Z.l2_components.CONTA_LC.normalization_zero_floor": 0.0,
    "LS7Z.l2_components.CONTA_LC.normalized_event_excess": 1.6431300764452317e-14,
    "LS7Z.l2_components.CONTA_LC.baseline_coefficients[0]": 1.6940658945086007e-21,
    "LS7Z.l2_components.CONTA_LC.baseline_coefficients[1]": 2.0679515313825692e-24,
    "LS7Z.l2_components.CONTA_LC_ERR.event_sum": 0.0,
    "LS7Z.l2_components.CONTA_LC_ERR.predicted_event_sum": 1.6940658945086007e-21,
    "LS7Z.l2_components.CONTA_LC_ERR.event_excess": 1.9058241313221758e-21,
    "LS7Z.l2_components.CONTA_LC_ERR.side_median": 0.0,
    "LS7Z.l2_components.CONTA_LC_ERR.side_residual_sigma_mad": 3.139527618998064e-22,
    "LS7Z.l2_components.CONTA_LC_ERR.normalization_zero_floor": 9.027796614315168e-36,
    "LS7Z.l2_components.CONTA_LC_ERR.baseline_coefficients[0]": 6.352747104407253e-22,
    "LS7Z.l2_components.CONTA_LC_ERR.baseline_coefficients[1]": 5.88042636863892e-25,
    "LS7Z.l2_components.SMEARING_LC.event_sum": 0.0,
    "LS7Z.l2_components.SMEARING_LC.predicted_event_sum": 4.3655745685100555e-11,
    "LS7Z.l2_components.SMEARING_LC.event_excess": 5.820766091346741e-11,
    "LS7Z.l2_components.SMEARING_LC.side_median": 0.0,
    "LS7Z.l2_components.SMEARING_LC.side_residual_sigma_mad": 1.6370904631912708e-11,
    "LS7Z.l2_components.SMEARING_LC.normalization_zero_floor": 0.0,
    "LS7Z.l2_components.SMEARING_LC.normalized_event_excess": 1.5987211554602254e-14,
    "LS7Z.l2_components.SMEARING_LC.baseline_coefficients[0]": 1.4551915228366852e-11,
    "LS7Z.l2_components.SMEARING_LC.baseline_coefficients[1]": 3.197442310920451e-14,
    "LS7Z.l2_components.SMEARING_LC_ERR.event_sum": 0.0,
    "LS7Z.l2_components.SMEARING_LC_ERR.predicted_event_sum": 0.0,
    "LS7Z.l2_components.SMEARING_LC_ERR.event_excess": 0.0,
    "LS7Z.l2_components.SMEARING_LC_ERR.side_median": 0.0,
    "LS7Z.l2_components.SMEARING_LC_ERR.side_residual_sigma_mad": 0.0,
    "LS7Z.l2_components.SMEARING_LC_ERR.normalization_zero_floor": 0.0,
    "LS7Z.l2_components.SMEARING_LC_ERR.baseline_coefficients[0]": 0.0,
    "LS7Z.l2_components.SMEARING_LC_ERR.baseline_coefficients[1]": 0.0,
    "LS7Z.l2_components.ROLL_ANGLE.event_sum": 0.0,
    "LS7Z.l2_components.ROLL_ANGLE.predicted_event_sum": 1.1368683772161603e-13,
    "LS7Z.l2_components.ROLL_ANGLE.event_excess": 1.1368683772161603e-13,
    "LS7Z.l2_components.ROLL_ANGLE.side_median": 0.0,
    "LS7Z.l2_components.ROLL_ANGLE.side_residual_sigma_mad": 1.4210854715202004e-13,
    "LS7Z.l2_components.ROLL_ANGLE.normalization_zero_floor": 0.0,
    "LS7Z.l2_components.ROLL_ANGLE.normalized_event_excess": 3.9968028886505635e-15,
    "LS7Z.l2_components.ROLL_ANGLE.baseline_coefficients[0]": 2.842170943040401e-14,
    "LS7Z.l2_components.ROLL_ANGLE.baseline_coefficients[1]": 3.3306690738754696e-16,
    "LS7Z.l2_components.LOCATION_X.event_sum": 0.0,
    "LS7Z.l2_components.LOCATION_X.predicted_event_sum": 0.0,
    "LS7Z.l2_components.LOCATION_X.event_excess": 0.0,
    "LS7Z.l2_components.LOCATION_X.side_median": 0.0,
    "LS7Z.l2_components.LOCATION_X.side_residual_sigma_mad": 0.0,
    "LS7Z.l2_components.LOCATION_X.normalization_zero_floor": 0.0,
    "LS7Z.l2_components.LOCATION_X.baseline_coefficients[0]": 0.0,
    "LS7Z.l2_components.LOCATION_X.baseline_coefficients[1]": 1.2292506473386233e-16,
    "LS7Z.l2_components.LOCATION_Y.event_sum": 0.0,
    "LS7Z.l2_components.LOCATION_Y.predicted_event_sum": 2.2737367544323206e-13,
    "LS7Z.l2_components.LOCATION_Y.event_excess": 1.7053025658242404e-13,
    "LS7Z.l2_components.LOCATION_Y.side_median": 0.0,
    "LS7Z.l2_components.LOCATION_Y.side_residual_sigma_mad": 0.0,
    "LS7Z.l2_components.LOCATION_Y.normalization_zero_floor": 8.077935669463161e-28,
    "LS7Z.l2_components.LOCATION_Y.baseline_coefficients[0]": 5.684341886080802e-14,
    "LS7Z.l2_components.LOCATION_Y.baseline_coefficients[1]": 2.854736160256181e-17,
    "LS7Z.l2_components.CENTROID_X.event_sum": 0.0,
    "LS7Z.l2_components.CENTROID_X.predicted_event_sum": 4.547473508864641e-13,
    "LS7Z.l2_components.CENTROID_X.event_excess": 3.410605131648481e-13,
    "LS7Z.l2_components.CENTROID_X.side_median": 0.0,
    "LS7Z.l2_components.CENTROID_X.side_residual_sigma_mad": 0.0,
    "LS7Z.l2_components.CENTROID_X.normalization_zero_floor": 0.0,
    "LS7Z.l2_components.CENTROID_X.normalized_event_excess": 1.3460343950555398e-12,
    "LS7Z.l2_components.CENTROID_X.baseline_coefficients[0]": 1.1368683772161603e-13,
    "LS7Z.l2_components.CENTROID_X.baseline_coefficients[1]": 7.865886761382335e-17,
    "LS7Z.l2_components.CENTROID_Y.event_sum": 0.0,
    "LS7Z.l2_components.CENTROID_Y.predicted_event_sum": 3.410605131648481e-13,
    "LS7Z.l2_components.CENTROID_Y.event_excess": 5.115907697472721e-13,
    "LS7Z.l2_components.CENTROID_Y.side_median": 0.0,
    "LS7Z.l2_components.CENTROID_Y.side_residual_sigma_mad": 1.2639889135357407e-13,
    "LS7Z.l2_components.CENTROID_Y.normalization_zero_floor": 0.0,
    "LS7Z.l2_components.CENTROID_Y.normalized_event_excess": 1.5241696793566462e-12,
    "LS7Z.l2_components.CENTROID_Y.baseline_coefficients[0]": 1.7053025658242404e-13,
    "LS7Z.l2_components.CENTROID_Y.baseline_coefficients[1]": 1.2636376320318554e-16,
    "LS7Z.conventions.C0.target_center_xy[0]": 0.0,
    "LS7Z.conventions.C0.target_center_xy[1]": 0.0,
    "LS7Z.conventions.C0.radial.full_common_eligible_positive_sum": 4.0978193283081055e-08,
    "LS7Z.conventions.C0.radial.full_common_eligible_absolute_l1_sum": 7.450580596923828e-09,
    "LS7Z.conventions.C0.radial.radii.3.signed_sum": 8.731149137020111e-10,
    "LS7Z.conventions.C0.radial.radii.3.positive_sum": 6.984919309616089e-10,
    "LS7Z.conventions.C0.radial.radii.3.negative_magnitude": 1.7462298274040222e-10,
    "LS7Z.conventions.C0.radial.radii.3.absolute_l1_sum": 5.820766091346741e-10,
    "LS7Z.conventions.C0.radial.radii.3.positive_fraction_of_full": 1.734723475976807e-18,
    "LS7Z.conventions.C0.radial.radii.3.absolute_l1_fraction_of_full": 8.673617379884035e-18,
    "LS7Z.conventions.C0.radial.radii.3.eligible_pixels": 0.0,
    "LS7Z.conventions.C0.radial.radii.3.geometric_pixels": 0.0,
    "LS7Z.conventions.C0.radial.radii.5.signed_sum": 7.799826562404633e-09,
    "LS7Z.conventions.C0.radial.radii.5.positive_sum": 2.7939677238464355e-09,
    "LS7Z.conventions.C0.radial.radii.5.negative_magnitude": 4.6566128730773926e-09,
    "LS7Z.conventions.C0.radial.radii.5.absolute_l1_sum": 1.862645149230957e-09,
    "LS7Z.conventions.C0.radial.radii.5.positive_fraction_of_full": 0.0,
    "LS7Z.conventions.C0.radial.radii.5.absolute_l1_fraction_of_full": 4.163336342344337e-17,
    "LS7Z.conventions.C0.radial.radii.5.eligible_pixels": 0.0,
    "LS7Z.conventions.C0.radial.radii.5.geometric_pixels": 0.0,
    "LS7Z.conventions.C0.radial.radii.8.signed_sum": 2.828892320394516e-08,
    "LS7Z.conventions.C0.radial.radii.8.positive_sum": 9.313225746154785e-09,
    "LS7Z.conventions.C0.radial.radii.8.negative_magnitude": 1.862645149230957e-08,
    "LS7Z.conventions.C0.radial.radii.8.absolute_l1_sum": 9.313225746154785e-09,
    "LS7Z.conventions.C0.radial.radii.8.positive_fraction_of_full": 8.326672684688674e-17,
    "LS7Z.conventions.C0.radial.radii.8.absolute_l1_fraction_of_full": 1.942890293094024e-16,
    "LS7Z.conventions.C0.radial.radii.8.eligible_pixels": 0.0,
    "LS7Z.conventions.C0.radial.radii.8.geometric_pixels": 0.0,
    "LS7Z.conventions.C0.radial.radii.12.signed_sum": 5.681067705154419e-08,
    "LS7Z.conventions.C0.radial.radii.12.positive_sum": 2.60770320892334e-08,
    "LS7Z.conventions.C0.radial.radii.12.negative_magnitude": 2.7939677238464355e-08,
    "LS7Z.conventions.C0.radial.radii.12.absolute_l1_sum": 3.725290298461914e-09,
    "LS7Z.conventions.C0.radial.radii.12.positive_fraction_of_full": 3.3306690738754696e-16,
    "LS7Z.conventions.C0.radial.radii.12.absolute_l1_fraction_of_full": 1.1102230246251565e-16,
    "LS7Z.conventions.C0.radial.radii.12.eligible_pixels": 0.0,
    "LS7Z.conventions.C0.radial.radii.12.geometric_pixels": 0.0,
    "LS7Z.conventions.C0.radial.radii.18.signed_sum": 7.473863661289215e-08,
    "LS7Z.conventions.C0.radial.radii.18.positive_sum": 4.0978193283081055e-08,
    "LS7Z.conventions.C0.radial.radii.18.negative_magnitude": 3.3527612686157227e-08,
    "LS7Z.conventions.C0.radial.radii.18.absolute_l1_sum": 0.0,
    "LS7Z.conventions.C0.radial.radii.18.positive_fraction_of_full": 4.440892098500626e-16,
    "LS7Z.conventions.C0.radial.radii.18.absolute_l1_fraction_of_full": 1.1102230246251565e-16,
    "LS7Z.conventions.C0.radial.radii.18.eligible_pixels": 0.0,
    "LS7Z.conventions.C0.radial.radii.18.geometric_pixels": 0.0,
    "LS7Z.conventions.C0.radial.radii.25.signed_sum": 8.137430995702744e-08,
    "LS7Z.conventions.C0.radial.radii.25.positive_sum": 3.725290298461914e-08,
    "LS7Z.conventions.C0.radial.radii.25.negative_magnitude": 4.470348358154297e-08,
    "LS7Z.conventions.C0.radial.radii.25.absolute_l1_sum": 7.450580596923828e-09,
    "LS7Z.conventions.C0.radial.radii.25.positive_fraction_of_full": 2.220446049250313e-16,
    "LS7Z.conventions.C0.radial.radii.25.absolute_l1_fraction_of_full": 2.220446049250313e-16,
    "LS7Z.conventions.C0.radial.radii.25.eligible_pixels": 0.0,
    "LS7Z.conventions.C0.radial.radii.25.geometric_pixels": 0.0,
    "LS7Z.conventions.C0.radial.radii.35.signed_sum": 8.35862010717392e-08,
    "LS7Z.conventions.C0.radial.radii.35.positive_sum": 4.0978193283081055e-08,
    "LS7Z.conventions.C0.radial.radii.35.negative_magnitude": 3.725290298461914e-08,
    "LS7Z.conventions.C0.radial.radii.35.absolute_l1_sum": 7.450580596923828e-09,
    "LS7Z.conventions.C0.radial.radii.35.positive_fraction_of_full": 3.3306690738754696e-16,
    "LS7Z.conventions.C0.radial.radii.35.absolute_l1_fraction_of_full": 0.0,
    "LS7Z.conventions.C0.radial.radii.35.eligible_pixels": 0.0,
    "LS7Z.conventions.C0.radial.radii.35.geometric_pixels": 0.0,
    "LS7Z.conventions.C0.annuli.0_5.signed_sum": 7.799826562404633e-09,
    "LS7Z.conventions.C0.annuli.0_5.absolute_l1_sum": 1.862645149230957e-09,
    "LS7Z.conventions.C0.annuli.0_5.positive_sum": 2.7939677238464355e-09,
    "LS7Z.conventions.C0.annuli.0_5.eligible_pixels": 0.0,
    "LS7Z.conventions.C0.annuli.0_5.geometric_pixels": 0.0,
    "LS7Z.conventions.C0.annuli.5_12.signed_sum": 4.936009645462036e-08,
    "LS7Z.conventions.C0.annuli.5_12.absolute_l1_sum": 3.725290298461914e-09,
    "LS7Z.conventions.C0.annuli.5_12.positive_sum": 2.421438694000244e-08,
    "LS7Z.conventions.C0.annuli.5_12.eligible_pixels": 0.0,
    "LS7Z.conventions.C0.annuli.5_12.geometric_pixels": 0.0,
    "LS7Z.conventions.C0.annuli.12_25.signed_sum": 2.3748725652694702e-08,
    "LS7Z.conventions.C0.annuli.12_25.absolute_l1_sum": 7.450580596923828e-09,
    "LS7Z.conventions.C0.annuli.12_25.positive_sum": 1.4901161193847656e-08,
    "LS7Z.conventions.C0.annuli.12_25.eligible_pixels": 0.0,
    "LS7Z.conventions.C0.annuli.12_25.geometric_pixels": 0.0,
    "LS7Z.conventions.C0.annuli.25_35.signed_sum": 2.2482709027826786e-09,
    "LS7Z.conventions.C0.annuli.25_35.absolute_l1_sum": 0.0,
    "LS7Z.conventions.C0.annuli.25_35.positive_sum": 1.1059455573558807e-09,
    "LS7Z.conventions.C0.annuli.25_35.eligible_pixels": 0.0,
    "LS7Z.conventions.C0.annuli.25_35.geometric_pixels": 0.0,
    "LS7Z.conventions.C0.shape_positive_r25.weight_sum": 4.0978193283081055e-08,
    "LS7Z.conventions.C0.shape_positive_r25.centroid_xy[0]": 0.0,
    "LS7Z.conventions.C0.shape_positive_r25.centroid_xy[1]": 0.0,
    "LS7Z.conventions.C0.shape_positive_r25.offset_from_target_pixels": 0.0,
    "LS7Z.conventions.C0.shape_positive_r25.second_moment[0][0]": 1.4210854715202004e-14,
    "LS7Z.conventions.C0.shape_positive_r25.second_moment[0][1]": 2.1316282072803006e-14,
    "LS7Z.conventions.C0.shape_positive_r25.second_moment[1][0]": 2.1316282072803006e-14,
    "LS7Z.conventions.C0.shape_positive_r25.second_moment[1][1]": 1.4210854715202004e-14,
    "LS7Z.conventions.C0.shape_positive_r25.major_rms_pixels": 0.0,
    "LS7Z.conventions.C0.shape_positive_r25.minor_rms_pixels": 1.7763568394002505e-15,
    "LS7Z.conventions.C0.shape_positive_r25.axis_ratio_major_over_minor": 4.440892098500626e-16,
    "LS7Z.conventions.C0.shape_absolute_r25.weight_sum": 0.0,
    "LS7Z.conventions.C0.shape_absolute_r25.centroid_xy[0]": 2.842170943040401e-14,
    "LS7Z.conventions.C0.shape_absolute_r25.centroid_xy[1]": 2.842170943040401e-14,
    "LS7Z.conventions.C0.shape_absolute_r25.offset_from_target_pixels": 3.3306690738754696e-14,
    "LS7Z.conventions.C0.shape_absolute_r25.second_moment[0][0]": 4.263256414560601e-14,
    "LS7Z.conventions.C0.shape_absolute_r25.second_moment[0][1]": 1.5987211554602254e-14,
    "LS7Z.conventions.C0.shape_absolute_r25.second_moment[1][0]": 1.5987211554602254e-14,
    "LS7Z.conventions.C0.shape_absolute_r25.second_moment[1][1]": 1.4210854715202004e-14,
    "LS7Z.conventions.C0.shape_absolute_r25.major_rms_pixels": 0.0,
    "LS7Z.conventions.C0.shape_absolute_r25.minor_rms_pixels": 8.881784197001252e-16,
    "LS7Z.conventions.C0.shape_absolute_r25.axis_ratio_major_over_minor": 2.220446049250313e-16,
    "LS7Z.conventions.C0.coherence_r35.energy": 0.0029296875,
    "LS7Z.conventions.C0.coherence_r35.row_constant_energy_fraction": 2.6020852139652106e-18,
    "LS7Z.conventions.C0.coherence_r35.column_constant_energy_fraction": 4.163336342344337e-17,
    "LS7Z.conventions.C0.template_decomposition.background_annulus_median": 0.0,
    "LS7Z.conventions.C0.template_decomposition.fit_pixels": 0.0,
    "LS7Z.conventions.C0.template_decomposition.fit_geometric_pixels": 0.0,
    "LS7Z.conventions.C0.template_decomposition.fit_pixel_fraction": 0.0,
    "LS7Z.conventions.C0.template_decomposition.cosine_similarity.P": 1.474514954580286e-15,
    "LS7Z.conventions.C0.template_decomposition.cosine_similarity.Dx": 3.3306690738754696e-16,
    "LS7Z.conventions.C0.template_decomposition.cosine_similarity.Dy": 0.0,
    "LS7Z.conventions.C0.template_decomposition.models.brightness.coefficients[0]": 2.7929047963226594e-16,
    "LS7Z.conventions.C0.template_decomposition.models.brightness.coefficients[1]": 2.2737367544323206e-13,
    "LS7Z.conventions.C0.template_decomposition.models.brightness.rank": 0.0,
    "LS7Z.conventions.C0.template_decomposition.models.brightness.condition_number": 5.820766091346741e-11,
    "LS7Z.conventions.C0.template_decomposition.models.brightness.pixels": 0.0,
    "LS7Z.conventions.C0.template_decomposition.models.brightness.residual_rms": 7.275957614183426e-12,
    "LS7Z.conventions.C0.template_decomposition.models.brightness.squared_l2_explained_fraction": 2.220446049250313e-16,
    "LS7Z.conventions.C0.template_decomposition.models.shift.coefficients[0]": 7.771561172376096e-16,
    "LS7Z.conventions.C0.template_decomposition.models.shift.coefficients[1]": 6.38378239159465e-16,
    "LS7Z.conventions.C0.template_decomposition.models.shift.coefficients[2]": 4.04440925194649e-11,
    "LS7Z.conventions.C0.template_decomposition.models.shift.rank": 0.0,
    "LS7Z.conventions.C0.template_decomposition.models.shift.condition_number": 7.275957614183426e-12,
    "LS7Z.conventions.C0.template_decomposition.models.shift.pixels": 0.0,
    "LS7Z.conventions.C0.template_decomposition.models.shift.residual_rms": 1.4551915228366852e-11,
    "LS7Z.conventions.C0.template_decomposition.models.shift.squared_l2_explained_fraction": 1.1102230246251565e-16,
    "LS7Z.conventions.C0.template_decomposition.models.combined.coefficients[0]": 2.8449465006019636e-16,
    "LS7Z.conventions.C0.template_decomposition.models.combined.coefficients[1]": 1.0658141036401503e-13,
    "LS7Z.conventions.C0.template_decomposition.models.combined.coefficients[2]": 3.0531133177191805e-16,
    "LS7Z.conventions.C0.template_decomposition.models.combined.coefficients[3]": 2.1600499167107046e-12,
    "LS7Z.conventions.C0.template_decomposition.models.combined.rank": 0.0,
    "LS7Z.conventions.C0.template_decomposition.models.combined.condition_number": 0.0,
    "LS7Z.conventions.C0.template_decomposition.models.combined.pixels": 0.0,
    "LS7Z.conventions.C0.template_decomposition.models.combined.residual_rms": 5.4569682106375694e-12,
    "LS7Z.conventions.C0.template_decomposition.models.combined.squared_l2_explained_fraction": 1.1102230246251565e-16,
    "LS7Z.conventions.C1.target_center_xy[0]": 0.0,
    "LS7Z.conventions.C1.target_center_xy[1]": 0.0,
    "LS7Z.conventions.C1.radial.full_common_eligible_positive_sum": 4.0978193283081055e-08,
    "LS7Z.conventions.C1.radial.full_common_eligible_absolute_l1_sum": 7.450580596923828e-09,
    "LS7Z.conventions.C1.radial.radii.3.signed_sum": 2.7939677238464355e-09,
    "LS7Z.conventions.C1.radial.radii.3.positive_sum": 1.3969838619232178e-09,
    "LS7Z.conventions.C1.radial.radii.3.negative_magnitude": 1.3969838619232178e-09,
    "LS7Z.conventions.C1.radial.radii.3.absolute_l1_sum": 0.0,
    "LS7Z.conventions.C1.radial.radii.3.positive_fraction_of_full": 3.469446951953614e-17,
    "LS7Z.conventions.C1.radial.radii.3.absolute_l1_fraction_of_full": 1.734723475976807e-18,
    "LS7Z.conventions.C1.radial.radii.3.eligible_pixels": 0.0,
    "LS7Z.conventions.C1.radial.radii.3.geometric_pixels": 0.0,
    "LS7Z.conventions.C1.radial.radii.5.signed_sum": 9.778887033462524e-09,
    "LS7Z.conventions.C1.radial.radii.5.positive_sum": 2.3283064365386963e-09,
    "LS7Z.conventions.C1.radial.radii.5.negative_magnitude": 6.984919309616089e-09,
    "LS7Z.conventions.C1.radial.radii.5.absolute_l1_sum": 4.6566128730773926e-09,
    "LS7Z.conventions.C1.radial.radii.5.positive_fraction_of_full": 1.3877787807814457e-17,
    "LS7Z.conventions.C1.radial.radii.5.absolute_l1_fraction_of_full": 9.020562075079397e-17,
    "LS7Z.conventions.C1.radial.radii.5.eligible_pixels": 0.0,
    "LS7Z.conventions.C1.radial.radii.5.geometric_pixels": 0.0,
    "LS7Z.conventions.C1.radial.radii.8.signed_sum": 2.7706846594810486e-08,
    "LS7Z.conventions.C1.radial.radii.8.positive_sum": 1.210719347000122e-08,
    "LS7Z.conventions.C1.radial.radii.8.negative_magnitude": 1.6298145055770874e-08,
    "LS7Z.conventions.C1.radial.radii.8.absolute_l1_sum": 3.725290298461914e-09,
    "LS7Z.conventions.C1.radial.radii.8.positive_fraction_of_full": 1.3877787807814457e-16,
    "LS7Z.conventions.C1.radial.radii.8.absolute_l1_fraction_of_full": 8.326672684688674e-17,
    "LS7Z.conventions.C1.radial.radii.8.eligible_pixels": 0.0,
    "LS7Z.conventions.C1.radial.radii.8.geometric_pixels": 0.0,
    "LS7Z.conventions.C1.radial.radii.12.signed_sum": 5.634501576423645e-08,
    "LS7Z.conventions.C1.radial.radii.12.positive_sum": 2.60770320892334e-08,
    "LS7Z.conventions.C1.radial.radii.12.negative_magnitude": 2.9802322387695312e-08,
    "LS7Z.conventions.C1.radial.radii.12.absolute_l1_sum": 7.450580596923828e-09,
    "LS7Z.conventions.C1.radial.radii.12.positive_fraction_of_full": 3.3306690738754696e-16,
    "LS7Z.conventions.C1.radial.radii.12.absolute_l1_fraction_of_full": 1.6653345369377348e-16,
    "LS7Z.conventions.C1.radial.radii.12.eligible_pixels": 0.0,
    "LS7Z.conventions.C1.radial.radii.12.geometric_pixels": 0.0,
    "LS7Z.conventions.C1.radial.radii.18.signed_sum": 7.310882210731506e-08,
    "LS7Z.conventions.C1.radial.radii.18.positive_sum": 4.0978193283081055e-08,
    "LS7Z.conventions.C1.radial.radii.18.negative_magnitude": 3.3527612686157227e-08,
    "LS7Z.conventions.C1.radial.radii.18.absolute_l1_sum": 0.0,
    "LS7Z.conventions.C1.radial.radii.18.positive_fraction_of_full": 4.440892098500626e-16,
    "LS7Z.conventions.C1.radial.radii.18.absolute_l1_fraction_of_full": 1.1102230246251565e-16,
    "LS7Z.conventions.C1.radial.radii.18.eligible_pixels": 0.0,
    "LS7Z.conventions.C1.radial.radii.18.geometric_pixels": 0.0,
    "LS7Z.conventions.C1.radial.radii.25.signed_sum": 8.149072527885437e-08,
    "LS7Z.conventions.C1.radial.radii.25.positive_sum": 4.470348358154297e-08,
    "LS7Z.conventions.C1.radial.radii.25.negative_magnitude": 3.725290298461914e-08,
    "LS7Z.conventions.C1.radial.radii.25.absolute_l1_sum": 7.450580596923828e-09,
    "LS7Z.conventions.C1.radial.radii.25.positive_fraction_of_full": 4.440892098500626e-16,
    "LS7Z.conventions.C1.radial.radii.25.absolute_l1_fraction_of_full": 0.0,
    "LS7Z.conventions.C1.radial.radii.25.eligible_pixels": 0.0,
    "LS7Z.conventions.C1.radial.radii.25.geometric_pixels": 0.0,
    "LS7Z.conventions.C1.radial.radii.35.signed_sum": 8.370261639356613e-08,
    "LS7Z.conventions.C1.radial.radii.35.positive_sum": 4.470348358154297e-08,
    "LS7Z.conventions.C1.radial.radii.35.negative_magnitude": 4.0978193283081055e-08,
    "LS7Z.conventions.C1.radial.radii.35.absolute_l1_sum": 7.450580596923828e-09,
    "LS7Z.conventions.C1.radial.radii.35.positive_fraction_of_full": 4.440892098500626e-16,
    "LS7Z.conventions.C1.radial.radii.35.absolute_l1_fraction_of_full": 0.0,
    "LS7Z.conventions.C1.radial.radii.35.eligible_pixels": 0.0,
    "LS7Z.conventions.C1.radial.radii.35.geometric_pixels": 0.0,
    "LS7Z.conventions.C1.annuli.0_5.signed_sum": 9.778887033462524e-09,
    "LS7Z.conventions.C1.annuli.0_5.absolute_l1_sum": 4.6566128730773926e-09,
    "LS7Z.conventions.C1.annuli.0_5.positive_sum": 2.3283064365386963e-09,
    "LS7Z.conventions.C1.annuli.0_5.eligible_pixels": 0.0,
    "LS7Z.conventions.C1.annuli.0_5.geometric_pixels": 0.0,
    "LS7Z.conventions.C1.annuli.5_12.signed_sum": 4.6798959374427795e-08,
    "LS7Z.conventions.C1.annuli.5_12.absolute_l1_sum": 3.725290298461914e-09,
    "LS7Z.conventions.C1.annuli.5_12.positive_sum": 2.7939677238464355e-08,
    "LS7Z.conventions.C1.annuli.5_12.eligible_pixels": 0.0,
    "LS7Z.conventions.C1.annuli.5_12.geometric_pixels": 0.0,
    "LS7Z.conventions.C1.annuli.12_25.signed_sum": 2.3923348635435104e-08,
    "LS7Z.conventions.C1.annuli.12_25.absolute_l1_sum": 0.0,
    "LS7Z.conventions.C1.annuli.12_25.positive_sum": 1.4901161193847656e-08,
    "LS7Z.conventions.C1.annuli.12_25.eligible_pixels": 0.0,
    "LS7Z.conventions.C1.annuli.12_25.geometric_pixels": 0.0,
    "LS7Z.conventions.C1.annuli.25_35.signed_sum": 2.5174813345074654e-09,
    "LS7Z.conventions.C1.annuli.25_35.absolute_l1_sum": 2.3283064365386963e-10,
    "LS7Z.conventions.C1.annuli.25_35.positive_sum": 1.280568540096283e-09,
    "LS7Z.conventions.C1.annuli.25_35.eligible_pixels": 0.0,
    "LS7Z.conventions.C1.annuli.25_35.geometric_pixels": 0.0,
    "LS7Z.conventions.C1.shape_positive_r25.weight_sum": 4.470348358154297e-08,
    "LS7Z.conventions.C1.shape_positive_r25.centroid_xy[0]": 1.4210854715202004e-14,
    "LS7Z.conventions.C1.shape_positive_r25.centroid_xy[1]": 4.263256414560601e-14,
    "LS7Z.conventions.C1.shape_positive_r25.offset_from_target_pixels": 3.4638958368304884e-14,
    "LS7Z.conventions.C1.shape_positive_r25.second_moment[0][0]": 7.105427357601002e-15,
    "LS7Z.conventions.C1.shape_positive_r25.second_moment[0][1]": 2.4868995751603507e-14,
    "LS7Z.conventions.C1.shape_positive_r25.second_moment[1][0]": 2.4868995751603507e-14,
    "LS7Z.conventions.C1.shape_positive_r25.second_moment[1][1]": 0.0,
    "LS7Z.conventions.C1.shape_positive_r25.major_rms_pixels": 1.7763568394002505e-15,
    "LS7Z.conventions.C1.shape_positive_r25.minor_rms_pixels": 2.6645352591003757e-15,
    "LS7Z.conventions.C1.shape_positive_r25.axis_ratio_major_over_minor": 8.881784197001252e-16,
    "LS7Z.conventions.C1.shape_absolute_r25.weight_sum": 7.450580596923828e-09,
    "LS7Z.conventions.C1.shape_absolute_r25.centroid_xy[0]": 2.842170943040401e-14,
    "LS7Z.conventions.C1.shape_absolute_r25.centroid_xy[1]": 2.842170943040401e-14,
    "LS7Z.conventions.C1.shape_absolute_r25.offset_from_target_pixels": 3.6415315207705135e-14,
    "LS7Z.conventions.C1.shape_absolute_r25.second_moment[0][0]": 4.263256414560601e-14,
    "LS7Z.conventions.C1.shape_absolute_r25.second_moment[0][1]": 1.5987211554602254e-14,
    "LS7Z.conventions.C1.shape_absolute_r25.second_moment[1][0]": 1.5987211554602254e-14,
    "LS7Z.conventions.C1.shape_absolute_r25.second_moment[1][1]": 1.4210854715202004e-14,
    "LS7Z.conventions.C1.shape_absolute_r25.major_rms_pixels": 0.0,
    "LS7Z.conventions.C1.shape_absolute_r25.minor_rms_pixels": 1.7763568394002505e-15,
    "LS7Z.conventions.C1.shape_absolute_r25.axis_ratio_major_over_minor": 2.220446049250313e-16,
    "LS7Z.conventions.C1.coherence_r35.energy": 0.001953125,
    "LS7Z.conventions.C1.coherence_r35.row_constant_energy_fraction": 1.3010426069826053e-18,
    "LS7Z.conventions.C1.coherence_r35.column_constant_energy_fraction": 9.71445146547012e-17,
    "LS7Z.conventions.C1.template_decomposition.background_annulus_median": 0.0,
    "LS7Z.conventions.C1.template_decomposition.fit_pixels": 0.0,
    "LS7Z.conventions.C1.template_decomposition.fit_geometric_pixels": 0.0,
    "LS7Z.conventions.C1.template_decomposition.fit_pixel_fraction": 0.0,
    "LS7Z.conventions.C1.template_decomposition.cosine_similarity.P": 1.457167719820518e-15,
    "LS7Z.conventions.C1.template_decomposition.cosine_similarity.Dx": 3.3306690738754696e-16,
    "LS7Z.conventions.C1.template_decomposition.cosine_similarity.Dy": 2.220446049250313e-16,
    "LS7Z.conventions.C1.template_decomposition.models.brightness.coefficients[0]": 2.8189256484623115e-16,
    "LS7Z.conventions.C1.template_decomposition.models.brightness.coefficients[1]": 1.9326762412674725e-12,
    "LS7Z.conventions.C1.template_decomposition.models.brightness.rank": 0.0,
    "LS7Z.conventions.C1.template_decomposition.models.brightness.condition_number": 0.0,
    "LS7Z.conventions.C1.template_decomposition.models.brightness.pixels": 0.0,
    "LS7Z.conventions.C1.template_decomposition.models.brightness.residual_rms": 1.4551915228366852e-11,
    "LS7Z.conventions.C1.template_decomposition.models.brightness.squared_l2_explained_fraction": 2.220446049250313e-16,
    "LS7Z.conventions.C1.template_decomposition.models.shift.coefficients[0]": 2.220446049250313e-16,
    "LS7Z.conventions.C1.template_decomposition.models.shift.coefficients[1]": 8.326672684688674e-17,
    "LS7Z.conventions.C1.template_decomposition.models.shift.coefficients[2]": 4.155253918725066e-11,
    "LS7Z.conventions.C1.template_decomposition.models.shift.rank": 0.0,
    "LS7Z.conventions.C1.template_decomposition.models.shift.condition_number": 0.0,
    "LS7Z.conventions.C1.template_decomposition.models.shift.pixels": 0.0,
    "LS7Z.conventions.C1.template_decomposition.models.shift.residual_rms": 1.6370904631912708e-11,
    "LS7Z.conventions.C1.template_decomposition.models.shift.squared_l2_explained_fraction": 1.1102230246251565e-16,
    "LS7Z.conventions.C1.template_decomposition.models.combined.coefficients[0]": 2.8102520310824275e-16,
    "LS7Z.conventions.C1.template_decomposition.models.combined.coefficients[1]": 9.403589018575076e-14,
    "LS7Z.conventions.C1.template_decomposition.models.combined.coefficients[2]": 1.1102230246251565e-16,
    "LS7Z.conventions.C1.template_decomposition.models.combined.coefficients[3]": 3.637978807091713e-12,
    "LS7Z.conventions.C1.template_decomposition.models.combined.rank": 0.0,
    "LS7Z.conventions.C1.template_decomposition.models.combined.condition_number": 5.820766091346741e-11,
    "LS7Z.conventions.C1.template_decomposition.models.combined.pixels": 0.0,
    "LS7Z.conventions.C1.template_decomposition.models.combined.residual_rms": 9.094947017729282e-12,
    "LS7Z.conventions.C1.template_decomposition.models.combined.squared_l2_explained_fraction": 0.0,
    "LS7Z.cor_event_map_eligible_pixels": 0.0,
    "LS7Z.cor_event_map_eligible_fraction": 0.0,
    "LS7Z.ls7y_cor_map_max_abs_reproduction_difference": 1.3969838619232178e-09
  },
  "tolerance": {
    "relative": 5e-08,
    "absolute": 2e-06
  },
  "method": "independent fixed-struct L2 parsing, scalar temporal normal equations, direct big-endian COR-frame parsing, scalar pixel regressions, explicit radial/shape moments, row/column projections, and SVD template fits",
  "new_archive_science_bytes": 0
}
