{
  "stage": "LS7Z_CLUSTER1_MORPHOLOGY",
  "status": "COMPLETE_UNAUDITED",
  "parent_cluster": 1,
  "parent_ls7x_score": 9.118532025193854,
  "parent_ls7y_classification": "IMAGE_LOCALIZED_NOT_CORRECTION_DOMINATED",
  "event_rows": [
    185,
    186,
    187
  ],
  "context_rows": [
    171,
    201
  ],
  "sideband_rows": [
    171,
    172,
    173,
    174,
    175,
    176,
    177,
    178,
    179,
    180,
    181,
    182,
    190,
    191,
    192,
    193,
    194,
    195,
    196,
    197,
    198,
    199,
    200,
    201
  ],
  "guard_rows": [
    183,
    184,
    188,
    189
  ],
  "new_archive_science_bytes": 0,
  "other_apertures_opened": false,
  "raw_imagettes_opened": false,
  "other_visits_opened": false,
  "cor_event_map_eligible_pixels": 31415,
  "cor_event_map_eligible_fraction": 0.785375,
  "ls7y_cor_map_max_abs_reproduction_difference": 0.0,
  "l2_components": {
    "FLUX": {
      "available": true,
      "event_sum": 828017919.9365689,
      "predicted_event_sum": 827637081.4312972,
      "event_excess": 380838.5052717328,
      "side_median": 275880114.00580704,
      "side_residual_sigma_mad": 22734.166463113528,
      "normalization_zero_floor": 3.921003618484892e-06,
      "normalization_mad_treated_as_zero": false,
      "normalized_event_excess": 9.671663744222302,
      "baseline_coefficients": [
        275879027.14378625,
        1.5328566966698265
      ]
    },
    "FLUXERR": {
      "available": true,
      "event_sum": 50355.36602945663,
      "predicted_event_sum": 50345.098267150395,
      "event_excess": 10.267762306233635,
      "side_median": 16781.779031637117,
      "side_residual_sigma_mad": 0.6129792143289232,
      "normalization_zero_floor": 2.3849639555768514e-10,
      "normalization_mad_treated_as_zero": false,
      "normalized_event_excess": 9.670956523328506,
      "baseline_coefficients": [
        16781.699422382604,
        -6.426363276579925e-05
      ]
    },
    "DARK": {
      "available": true,
      "event_sum": 46456.84279823344,
      "predicted_event_sum": 46478.11203502229,
      "event_excess": -21.26923678885032,
      "side_median": 15488.437625610419,
      "side_residual_sigma_mad": 6.665437143038814,
      "normalization_zero_floor": 2.2054383055392493e-10,
      "normalization_mad_treated_as_zero": false,
      "normalized_event_excess": -1.8423097123232621,
      "baseline_coefficients": [
        15492.704011441463,
        -0.017346361761078646
      ]
    },
    "BACKGROUND": {
      "available": true,
      "event_sum": 1106604.2054737173,
      "predicted_event_sum": 1142765.918213287,
      "event_excess": -36161.71273956937,
      "side_median": 380650.2441281015,
      "side_residual_sigma_mad": 4392.351430655169,
      "normalization_zero_floor": 5.585290090433027e-09,
      "normalization_mad_treated_as_zero": false,
      "normalized_event_excess": -4.753256863473265,
      "baseline_coefficients": [
        380921.9726885099,
        -3.6725226301559886
      ]
    },
    "CONTA_LC": {
      "available": true,
      "event_sum": 2.4418948452763358e-05,
      "predicted_event_sum": 2.291540739739345e-05,
      "event_excess": 1.5035410553699074e-06,
      "side_median": 7.99830092457581e-06,
      "side_residual_sigma_mad": 3.581948332123309e-07,
      "normalization_zero_floor": 1.188252341863934e-19,
      "normalization_mad_treated_as_zero": false,
      "normalized_event_excess": 2.423457159531096,
      "baseline_coefficients": [
        7.638469108883336e-06,
        -1.758337770590284e-09
      ]
    },
    "CONTA_LC_ERR": {
      "available": true,
      "event_sum": 3.231339289716798e-06,
      "predicted_event_sum": 3.2313392897167995e-06,
      "event_excess": -1.9058241313221758e-21,
      "side_median": 1.077113096572266e-06,
      "side_residual_sigma_mad": 3.139527618998064e-22,
      "normalization_zero_floor": 1.5306697727229826e-20,
      "normalization_mad_treated_as_zero": true,
      "normalized_event_excess": null,
      "baseline_coefficients": [
        1.0771130965722666e-06,
        -4.692944389910123e-25
      ]
    },
    "SMEARING_LC": {
      "available": true,
      "event_sum": 303629.2646817723,
      "predicted_event_sum": 88581.96137003704,
      "event_excess": 215047.30331173525,
      "side_median": 10285.388475229927,
      "side_residual_sigma_mad": 11923.063712287563,
      "normalization_zero_floor": 2.76069269720471e-09,
      "normalization_mad_treated_as_zero": false,
      "normalized_event_excess": 10.413231150277275,
      "baseline_coefficients": [
        29527.32003250231,
        -31.628907573373926
      ]
    },
    "SMEARING_LC_ERR": {
      "available": true,
      "event_sum": 0.0,
      "predicted_event_sum": 0.0,
      "event_excess": 0.0,
      "side_median": 0.0,
      "side_residual_sigma_mad": 0.0,
      "normalization_zero_floor": 3.16e-322,
      "normalization_mad_treated_as_zero": true,
      "normalized_event_excess": null,
      "baseline_coefficients": [
        0.0,
        0.0
      ]
    },
    "ROLL_ANGLE": {
      "available": true,
      "event_sum": 46.60476602519316,
      "predicted_event_sum": 355.83135570076195,
      "event_excess": -309.2265896755688,
      "side_median": 31.24159226531333,
      "side_residual_sigma_mad": 90.74450168564019,
      "normalization_zero_floor": 5.0995273159749505e-12,
      "normalization_mad_treated_as_zero": false,
      "normalized_event_excess": -1.967414570287197,
      "baseline_coefficients": [
        118.61045647664598,
        0.3412405195340385
      ]
    },
    "LOCATION_X": {
      "available": true,
      "event_sum": 2445.0,
      "predicted_event_sum": 2445.0000000000005,
      "event_excess": -3.410605131648481e-13,
      "side_median": 815.0,
      "side_residual_sigma_mad": 0.0,
      "normalization_zero_floor": 1.1581846592889635e-11,
      "normalization_mad_treated_as_zero": true,
      "normalized_event_excess": null,
      "baseline_coefficients": [
        815.0000000000001,
        -1.2292506473386233e-16
      ]
    },
    "LOCATION_Y": {
      "available": true,
      "event_sum": 843.0,
      "predicted_event_sum": 843.0000000000002,
      "event_excess": -1.7053025658242404e-13,
      "side_median": 281.0,
      "side_residual_sigma_mad": 0.0,
      "normalization_zero_floor": 3.993250174971764e-12,
      "normalization_mad_treated_as_zero": true,
      "normalized_event_excess": null,
      "baseline_coefficients": [
        281.00000000000006,
        -2.854736160256181e-17
      ]
    },
    "CENTROID_X": {
      "available": true,
      "event_sum": 2443.311279296875,
      "predicted_event_sum": 2443.9128873625054,
      "event_excess": -0.6016080656304439,
      "side_median": 814.6174926757812,
      "side_residual_sigma_mad": 0.14630133017472563,
      "normalization_zero_floor": 1.1579591452370863e-11,
      "normalization_mad_treated_as_zero": false,
      "normalized_event_excess": -2.374131378187507,
      "baseline_coefficients": [
        814.6376291173008,
        -0.0002635420915235496
      ]
    },
    "CENTROID_Y": {
      "available": true,
      "event_sum": 841.007080078125,
      "predicted_event_sum": 840.889229043216,
      "event_excess": 0.11785103490893789,
      "side_median": 280.3274230957031,
      "side_residual_sigma_mad": 0.1580916614759853,
      "normalization_zero_floor": 3.98772811646686e-12,
      "normalization_mad_treated_as_zero": false,
      "normalized_event_excess": 0.4303916227693451,
      "baseline_coefficients": [
        280.29640968480226,
        0.00027814591103099743
      ]
    }
  },
  "conventions": {
    "C0": {
      "target_center_xy": [
        99.43709309895837,
        99.335693359375
      ],
      "radial": {
        "full_common_eligible_positive_sum": 28700045.797103707,
        "full_common_eligible_absolute_l1_sum": 56376418.15287982,
        "radii": {
          "3": {
            "signed_sum": 134995.3754274809,
            "positive_sum": 443211.53920965083,
            "negative_magnitude": 308216.1637821699,
            "absolute_l1_sum": 751427.7029918208,
            "positive_fraction_of_full": 0.015442886131365614,
            "absolute_l1_fraction_of_full": 0.01332875921549543,
            "eligible_pixels": 29,
            "geometric_pixels": 29
          },
          "5": {
            "signed_sum": 351712.3767074485,
            "positive_sum": 2123486.329078239,
            "negative_magnitude": 1771773.9523707908,
            "absolute_l1_sum": 3895260.2814490297,
            "positive_fraction_of_full": 0.07398895263409415,
            "absolute_l1_fraction_of_full": 0.06909378795378564,
            "eligible_pixels": 79,
            "geometric_pixels": 79
          },
          "8": {
            "signed_sum": 849545.2896789908,
            "positive_sum": 5211284.636835249,
            "negative_magnitude": 4361739.347156258,
            "absolute_l1_sum": 9573023.983991507,
            "positive_fraction_of_full": 0.18157757216405387,
            "absolute_l1_fraction_of_full": 0.1698054664989833,
            "eligible_pixels": 202,
            "geometric_pixels": 202
          },
          "12": {
            "signed_sum": -2199349.619170742,
            "positive_sum": 11154060.578688275,
            "negative_magnitude": 13353410.197859019,
            "absolute_l1_sum": 24507470.776547294,
            "positive_fraction_of_full": 0.3886426055743053,
            "absolute_l1_fraction_of_full": 0.4347113842899472,
            "eligible_pixels": 454,
            "geometric_pixels": 454
          },
          "18": {
            "signed_sum": 955930.6123588306,
            "positive_sum": 20019660.69705908,
            "negative_magnitude": 19063730.084700245,
            "absolute_l1_sum": 39083390.78175932,
            "positive_fraction_of_full": 0.6975480401177403,
            "absolute_l1_fraction_of_full": 0.6932577851216832,
            "eligible_pixels": 1022,
            "geometric_pixels": 1022
          },
          "25": {
            "signed_sum": 366142.16182129923,
            "positive_sum": 22178376.182218514,
            "negative_magnitude": 21812234.020397216,
            "absolute_l1_sum": 43990610.20261573,
            "positive_fraction_of_full": 0.7727644875206668,
            "absolute_l1_fraction_of_full": 0.7803016162418009,
            "eligible_pixels": 1969,
            "geometric_pixels": 1969
          },
          "35": {
            "signed_sum": 416151.7423504987,
            "positive_sum": 22581802.600761622,
            "negative_magnitude": 22165650.858411126,
            "absolute_l1_sum": 44747453.45917275,
            "positive_fraction_of_full": 0.7868211347258717,
            "absolute_l1_fraction_of_full": 0.7937264360752397,
            "eligible_pixels": 3858,
            "geometric_pixels": 3858
          }
        }
      },
      "annuli": {
        "0_5": {
          "signed_sum": 351712.3767074485,
          "absolute_l1_sum": 3895260.28144903,
          "positive_sum": 2123486.329078239,
          "eligible_pixels": 79,
          "geometric_pixels": 79
        },
        "5_12": {
          "signed_sum": -2551061.9958781903,
          "absolute_l1_sum": 20612210.495098263,
          "positive_sum": 9030574.249610037,
          "eligible_pixels": 375,
          "geometric_pixels": 375
        },
        "12_25": {
          "signed_sum": 2565491.780992041,
          "absolute_l1_sum": 19483139.42606844,
          "positive_sum": 11024315.603530241,
          "eligible_pixels": 1515,
          "geometric_pixels": 1515
        },
        "25_35": {
          "signed_sum": 50009.58052919962,
          "absolute_l1_sum": 756843.2565570152,
          "positive_sum": 403426.41854310746,
          "eligible_pixels": 1889,
          "geometric_pixels": 1889
        }
      },
      "shape_positive_r25": {
        "available": true,
        "weight_sum": 22178376.182218518,
        "centroid_xy": [
          96.37460903014878,
          103.506140922092
        ],
        "offset_from_target_pixels": 5.17411263359088,
        "second_moment": [
          [
            54.91132011961816,
            18.10411517213907
          ],
          [
            18.10411517213907,
            74.93540654318157
          ]
        ],
        "major_rms_pixels": 9.252649571165282,
        "minor_rms_pixels": 6.6509550123282795,
        "axis_ratio_major_over_minor": 1.391176087346024
      },
      "shape_absolute_r25": {
        "available": true,
        "weight_sum": 43990610.20261574,
        "centroid_xy": [
          100.04699292590054,
          102.84298805012658
        ],
        "offset_from_target_pixels": 3.559928910340528,
        "second_moment": [
          [
            67.07975009608428,
            9.44133973403973
          ],
          [
            9.44133973403973,
            77.00860472624386
          ]
        ],
        "major_rms_pixels": 9.09456739537448,
        "minor_rms_pixels": 7.8343601342623765,
        "axis_ratio_major_over_minor": 1.1608564374773607
      },
      "coherence_r35": {
        "available": true,
        "energy": 4613513354480.944,
        "row_constant_energy_fraction": 0.0033291819535071123,
        "column_constant_energy_fraction": 0.090223929582835
      },
      "template_decomposition": {
        "available": true,
        "background_annulus_median": 1660.248235087005,
        "fit_pixels": 1969,
        "fit_geometric_pixels": 1969,
        "fit_pixel_fraction": 1.0,
        "cosine_similarity": {
          "P": 0.02954610373564295,
          "Dx": 0.9502666420291478,
          "Dy": -0.35039302717497467
        },
        "models": {
          "brightness": {
            "names": [
              "P",
              "constant"
            ],
            "coefficients": [
              0.007760797573329988,
              -888.6445231716539
            ],
            "rank": 2,
            "condition_number": 299027.391168375,
            "pixels": 1969,
            "residual_rms": 48370.26267261923,
            "squared_l2_explained_fraction": 0.0011051440192587636
          },
          "shift": {
            "names": [
              "Dx",
              "Dy",
              "constant"
            ],
            "coefficients": [
              0.7574567412993236,
              -0.12936274836621814,
              188.99279566770366
            ],
            "rank": 3,
            "condition_number": 63785.11739050405,
            "pixels": 1969,
            "residual_rms": 13242.476858217544,
            "squared_l2_explained_fraction": 0.9251311210367364
          },
          "combined": {
            "names": [
              "P",
              "Dx",
              "Dy",
              "constant"
            ],
            "coefficients": [
              0.0077499495766741346,
              0.7574781461609916,
              -0.12929933028349483,
              -884.1156906333005
            ],
            "rank": 4,
            "condition_number": 299030.0269812159,
            "pixels": 1969,
            "residual_rms": 13145.964129237165,
            "squared_l2_explained_fraction": 0.9262184506446343
          }
        }
      }
    },
    "C1": {
      "target_center_xy": [
        98.43709309895837,
        98.335693359375
      ],
      "radial": {
        "full_common_eligible_positive_sum": 28700045.797103707,
        "full_common_eligible_absolute_l1_sum": 56376418.15287982,
        "radii": {
          "3": {
            "signed_sum": -188012.59611232847,
            "positive_sum": 282646.30156322033,
            "negative_magnitude": 470658.8976755488,
            "absolute_l1_sum": 753305.1992387691,
            "positive_fraction_of_full": 0.009848287475267508,
            "absolute_l1_fraction_of_full": 0.013362062080566728,
            "eligible_pixels": 29,
            "geometric_pixels": 29
          },
          "5": {
            "signed_sum": -725262.5455379847,
            "positive_sum": 1352412.7248942596,
            "negative_magnitude": 2077675.270432244,
            "absolute_l1_sum": 3430087.9953265036,
            "positive_fraction_of_full": 0.04712231940169028,
            "absolute_l1_fraction_of_full": 0.06084260241622477,
            "eligible_pixels": 79,
            "geometric_pixels": 79
          },
          "8": {
            "signed_sum": 1942062.8904667734,
            "positive_sum": 5729825.818137936,
            "negative_magnitude": 3787762.9276711624,
            "absolute_l1_sum": 9517588.745809099,
            "positive_fraction_of_full": 0.19964518031243586,
            "absolute_l1_fraction_of_full": 0.16882216106740938,
            "eligible_pixels": 202,
            "geometric_pixels": 202
          },
          "12": {
            "signed_sum": 662786.5509355871,
            "positive_sum": 12432222.326914843,
            "negative_magnitude": 11769435.775979256,
            "absolute_l1_sum": 24201658.102894098,
            "positive_fraction_of_full": 0.43317778706016746,
            "absolute_l1_fraction_of_full": 0.42928690569281636,
            "eligible_pixels": 454,
            "geometric_pixels": 454
          },
          "18": {
            "signed_sum": 1064202.0837961202,
            "positive_sum": 19217120.8442806,
            "negative_magnitude": 18152918.760484476,
            "absolute_l1_sum": 37370039.60476507,
            "positive_fraction_of_full": 0.6695850236664053,
            "absolute_l1_fraction_of_full": 0.6628665110193088,
            "eligible_pixels": 1022,
            "geometric_pixels": 1022
          },
          "25": {
            "signed_sum": 397826.97137776087,
            "positive_sum": 22158668.60454841,
            "negative_magnitude": 21760841.63317065,
            "absolute_l1_sum": 43919510.23771906,
            "positive_fraction_of_full": 0.7720778134362619,
            "absolute_l1_fraction_of_full": 0.779040451250725,
            "eligible_pixels": 1969,
            "geometric_pixels": 1969
          },
          "35": {
            "signed_sum": 433688.83167761774,
            "positive_sum": 22583330.741356716,
            "negative_magnitude": 22149641.909679096,
            "absolute_l1_sum": 44732972.651035815,
            "positive_fraction_of_full": 0.7868743799578095,
            "absolute_l1_fraction_of_full": 0.793469576760452,
            "eligible_pixels": 3858,
            "geometric_pixels": 3858
          }
        }
      },
      "annuli": {
        "0_5": {
          "signed_sum": -725262.5455379847,
          "absolute_l1_sum": 3430087.995326504,
          "positive_sum": 1352412.7248942596,
          "eligible_pixels": 79,
          "geometric_pixels": 79
        },
        "5_12": {
          "signed_sum": 1388049.096473572,
          "absolute_l1_sum": 20771570.107567597,
          "positive_sum": 11079809.602020586,
          "eligible_pixels": 375,
          "geometric_pixels": 375
        },
        "12_25": {
          "signed_sum": -264959.5795578274,
          "absolute_l1_sum": 19717852.134824947,
          "positive_sum": 9726446.277633563,
          "eligible_pixels": 1515,
          "geometric_pixels": 1515
        },
        "25_35": {
          "signed_sum": 35861.86029985743,
          "absolute_l1_sum": 813462.4133167594,
          "positive_sum": 424662.1368083084,
          "eligible_pixels": 1889,
          "geometric_pixels": 1889
        }
      },
      "shape_positive_r25": {
        "available": true,
        "weight_sum": 22158668.604548406,
        "centroid_xy": [
          96.36313559209798,
          103.46612314171117
        ],
        "offset_from_target_pixels": 5.533769916769624,
        "second_moment": [
          [
            54.98877872632282,
            18.06664388077056
          ],
          [
            18.06664388077056,
            74.75322256248667
          ]
        ],
        "major_rms_pixels": 9.244661415800913,
        "minor_rms_pixels": 6.654189401873933,
        "axis_ratio_major_over_minor": 1.3892994108639978
      },
      "shape_absolute_r25": {
        "available": true,
        "weight_sum": 43919510.23771906,
        "centroid_xy": [
          100.02533939611796,
          102.80504516523317
        ],
        "offset_from_target_pixels": 4.7431668603338,
        "second_moment": [
          [
            66.97128917462759,
            9.394540483488607
          ],
          [
            9.394540483488607,
            76.71414674924426
          ]
        ],
        "major_rms_pixels": 9.078830658985435,
        "minor_rms_pixels": 7.826894006522506,
        "axis_ratio_major_over_minor": 1.1599531885087027
      },
      "coherence_r35": {
        "available": true,
        "energy": 4613497782081.661,
        "row_constant_energy_fraction": 0.003315912659003361,
        "column_constant_energy_fraction": 0.09046668459050408
      },
      "template_decomposition": {
        "available": true,
        "background_annulus_median": 1667.4038339872834,
        "fit_pixels": 1969,
        "fit_geometric_pixels": 1969,
        "fit_pixel_fraction": 1.0,
        "cosine_similarity": {
          "P": 0.029551127505119557,
          "Dx": 0.9502680257852698,
          "Dy": -0.35038806406621487
        },
        "models": {
          "brightness": {
            "names": [
              "P",
              "constant"
            ],
            "coefficients": [
              0.007698615967593147,
              -861.993330918657
            ],
            "rank": 2,
            "condition_number": 298771.9149669211,
            "pixels": 1969,
            "residual_rms": 48368.900099572886,
            "squared_l2_explained_fraction": 0.0010920893123133046
          },
          "shift": {
            "names": [
              "Dx",
              "Dy",
              "constant"
            ],
            "coefficients": [
              0.7574582139914996,
              -0.12936481988701126,
              187.89897031807013
            ],
            "rank": 3,
            "condition_number": 63783.41746932476,
            "pixels": 1969,
            "residual_rms": 13241.699620679856,
            "squared_l2_explained_fraction": 0.9251347131461403
          },
          "combined": {
            "names": [
              "P",
              "Dx",
              "Dy",
              "constant"
            ],
            "coefficients": [
              0.007742277105928896,
              0.7574904332618928,
              -0.12928977451857804,
              -882.1924056057004
            ],
            "rank": 4,
            "condition_number": 298775.73749258707,
            "pixels": 1969,
            "residual_rms": 13145.228340300622,
            "squared_l2_explained_fraction": 0.9262215889060771
          }
        }
      }
    }
  },
  "interpretation": "descriptive morphology/component study only; no astrophysical, artificial, instrumental-origin, detection, or false-alarm classification"
}
