[
  {
    "name": "empty",
    "status": "COMPLETE",
    "on": 0,
    "off": 0
  },
  {
    "name": "tie",
    "status": "COMPLETE",
    "on": 1,
    "off": 0
  },
  {
    "name": "complete_members",
    "status": "COMPLETE",
    "on": 192,
    "off": 192
  },
  {
    "name": "record_capacity",
    "status": "EXPECTED_INCOMPLETE_FAILURE",
    "reason": "Retention capacity exceeded",
    "partial_on": 2,
    "partial_off": 0,
    "first_capacity_crossing_trigger_retained": true
  },
  {
    "name": "record_byte_capacity",
    "status": "EXPECTED_INCOMPLETE_FAILURE",
    "reason": "Retention capacity exceeded",
    "partial_on": 0,
    "partial_off": 0,
    "first_capacity_crossing_trigger_retained": true
  },
  {
    "name": "off_overflow",
    "status": "EXPECTED_INCOMPLETE_FAILURE",
    "reason": "Eligible arithmetic nonfinite",
    "partial_on": 0,
    "partial_off": 0,
    "first_capacity_crossing_trigger_retained": false
  }
]
