Retained codec bytes bound to six explicitly shared-payload source slots
{
  "schema": "radio-whole-cadence-native-handoff-result-v1",
  "status": "RETAINED_CODEC_TO_NATIVE_MAXIMUM_ENGINEERING_PASS",
  "source_slots": 6,
  "unique_native_textures": 1,
  "new_codec_fixtures_generated": 0,
  "native_source_identities": 6,
  "native_cache_receipts": 48,
  "score_vectors": 1296,
  "score_cells_preserved": 384912,
  "complete_on_hypotheses": 2592,
  "maximum": {
    "kind": "finite",
    "schema": "radio-empty-aware-maximum-v1",
    "value": 52.15322494506836
  },
  "eligible_on_cells": 15456,
  "modelled_array_bound_bytes": 53366656,
  "active_seconds": 4.00470539600019,
  "peak_process_rss_bytes": 78127104,
  "source_preparation_sha256": "98f6ced7e10cabaac139e027e8449e34ddf49024254761217a288ca6dc439cf1",
  "negative_handoff_checks": 3,
  "gaussian_renderer_qualified": false,
  "independent_null_cadences_generated": 0,
  "scientific_allocations_charged": 0,
  "new_source_requests": 0,
  "telescope_values_opened": false,
  "original_codec_failure_preserved": true,
  "telescope_admission_authorized": false
}
