{
  "schema": "radio-whole-cadence-handoff-postflight-v1",
  "status": "VERIFIED_FOR_PUBLICATION",
  "native_execution_pins_verified": 14,
  "restored_score_vectors": 1296,
  "restored_score_cells": 384912,
  "complete_triggers_preserved": 385,
  "partial_triggers_preserved": 2,
  "first_capacity_crossing_triggers_preserved": 2,
  "distinct_unit_tests_passed": 41,
  "native_negative_checks_passed": 3,
  "engineering_case_identities": 134,
  "proposed_identity_collisions": [],
  "new_independent_nulls": 0,
  "new_evaluation_values": 0,
  "new_scientific_allocations": 0,
  "old_allocations_reopened": false,
  "new_source_requests": 0,
  "external_messages": 0,
  "telescope_values_opened": false,
  "physical_vetoes_integrated": false,
  "gaussian_renderer_qualified": false,
  "proposal_status": "PROPOSED_NOT_ACTIVATED",
  "retained_evidence_bytes_at_postflight": 2831874,
  "record_byte_cap_scope": "canonical retained member stream per kind; full run artifact also bounded separately",
  "original_codec_failure_preserved": true,
  "plan_extended": false
}
