test_all_historical_identity_components_and_d_are_refused (test_radio_native_v3_public_claim.PublicClaimTests.test_all_historical_identity_components_and_d_are_refused) ... ok
test_commit_ref_blob_digest_root_scope_and_input_bindings (test_radio_native_v3_public_claim.PublicClaimTests.test_commit_ref_blob_digest_root_scope_and_input_bindings) ... ok
test_every_authority_and_truth_flag_requires_exact_bool (test_radio_native_v3_public_claim.PublicClaimTests.test_every_authority_and_truth_flag_requires_exact_bool) ... ok
test_missing_claim_independent_pin_and_self_pin_fail_closed (test_radio_native_v3_public_claim.PublicClaimTests.test_missing_claim_independent_pin_and_self_pin_fail_closed) ... ok
test_mutation_during_verification_is_refused (test_radio_native_v3_public_claim.PublicClaimTests.test_mutation_during_verification_is_refused) ... ok
test_original_local_witness_cannot_be_lost_or_recreated (test_radio_native_v3_public_claim.PublicClaimTests.test_original_local_witness_cannot_be_lost_or_recreated) ... ok
test_returned_receipt_is_detached_from_caller_mutations (test_radio_native_v3_public_claim.PublicClaimTests.test_returned_receipt_is_detached_from_caller_mutations) ... ok
test_tombstones_cannot_be_edited_even_with_a_new_pin (test_radio_native_v3_public_claim.PublicClaimTests.test_tombstones_cannot_be_edited_even_with_a_new_pin) ... ok
test_valid_read_only_receipt_has_no_execution_authority (test_radio_native_v3_public_claim.PublicClaimTests.test_valid_read_only_receipt_has_no_execution_authority) ... ok
test_admission_callback_mutation_is_refused_before_dispatch (test_radio_native_v3_dispatch_spending.DispatchSpendingTests.test_admission_callback_mutation_is_refused_before_dispatch) ... ok
test_copied_original_claim_file_cannot_replace_original_inode (test_radio_native_v3_dispatch_spending.DispatchSpendingTests.test_copied_original_claim_file_cannot_replace_original_inode) ... ok
test_copied_private_journal_cannot_replace_original_identity (test_radio_native_v3_dispatch_spending.DispatchSpendingTests.test_copied_private_journal_cannot_replace_original_identity) ... ok
test_dispatch_once_rejects_predispatch_and_returned_bundle_replays (test_radio_native_v3_dispatch_spending.DispatchSpendingTests.test_dispatch_once_rejects_predispatch_and_returned_bundle_replays) ... ok
test_empty_partial_dispatch_marker_remains_spent_after_failed_write (test_radio_native_v3_dispatch_spending.DispatchSpendingTests.test_empty_partial_dispatch_marker_remains_spent_after_failed_write) ... ok
test_extra_ledger_file_rejects_postdispatch_observation (test_radio_native_v3_dispatch_spending.DispatchSpendingTests.test_extra_ledger_file_rejects_postdispatch_observation) ... ok
test_false_or_non_bool_admission_callback_is_refused (test_radio_native_v3_dispatch_spending.DispatchSpendingTests.test_false_or_non_bool_admission_callback_is_refused) ... ok
test_four_concurrent_metadata_attempts_accept_exactly_one (test_radio_native_v3_dispatch_spending.DispatchSpendingTests.test_four_concurrent_metadata_attempts_accept_exactly_one) ... ok
test_lost_private_original_ledger_is_never_recreated (test_radio_native_v3_dispatch_spending.DispatchSpendingTests.test_lost_private_original_ledger_is_never_recreated) ... ok
test_missing_private_original_claim_is_never_recreated (test_radio_native_v3_dispatch_spending.DispatchSpendingTests.test_missing_private_original_claim_is_never_recreated) ... ok
test_missing_public_claim_is_rejected_before_dispatch_marker (test_radio_native_v3_dispatch_spending.DispatchSpendingTests.test_missing_public_claim_is_rejected_before_dispatch_marker) ... ok
test_original_bundle_mutation_cannot_edit_returned_dispatch_witness (test_radio_native_v3_dispatch_spending.DispatchSpendingTests.test_original_bundle_mutation_cannot_edit_returned_dispatch_witness) ... ok
test_partial_dispatch_marker_remains_spent_after_failed_fsync (test_radio_native_v3_dispatch_spending.DispatchSpendingTests.test_partial_dispatch_marker_remains_spent_after_failed_fsync) ... ok
test_preclaim_public_admission_dispatch_and_sorted_three_row_observation (test_radio_native_v3_dispatch_spending.DispatchSpendingTests.test_preclaim_public_admission_dispatch_and_sorted_three_row_observation) ... ok
test_copies_never_qualify_missing_history_or_identity_continuity (test_radio_native_v3_custody_observation.CurrentRootContractTests.test_copies_never_qualify_missing_history_or_identity_continuity) ... ok
test_current_root_replaces_original_as_independent_caller_binding (test_radio_native_v3_custody_observation.CurrentRootContractTests.test_current_root_replaces_original_as_independent_caller_binding) ... ok
test_current_scope_cannot_reuse_old_scopes_or_journals_or_new_ledger (test_radio_native_v3_custody_observation.CurrentRootContractTests.test_current_scope_cannot_reuse_old_scopes_or_journals_or_new_ledger) ... ok
test_every_old_namespace_marker_and_commit_is_permanently_refused (test_radio_native_v3_custody_observation.CurrentRootContractTests.test_every_old_namespace_marker_and_commit_is_permanently_refused) ... ok
test_exact_nineteen_metadata_pins_and_source_freeze_are_required (test_radio_native_v3_custody_observation.CurrentRootContractTests.test_exact_nineteen_metadata_pins_and_source_freeze_are_required) ... ok
test_f_archive_observation_never_opens_e_private_journal (test_radio_native_v3_custody_observation.CurrentRootContractTests.test_f_archive_observation_never_opens_e_private_journal) ... ok
test_no_original_filesystem_queries_occur_during_path_refusal (test_radio_native_v3_custody_observation.CurrentRootContractTests.test_no_original_filesystem_queries_occur_during_path_refusal) ... ok
test_pins_hardlinks_and_symlink_ancestors_fail_closed (test_radio_native_v3_custody_observation.NoFollowReadTests.test_pins_hardlinks_and_symlink_ancestors_fail_closed) ... ok
test_same_length_midread_mutation_is_detected (test_radio_native_v3_custody_observation.NoFollowReadTests.test_same_length_midread_mutation_is_detected) ... ok
test_bootstrap_canonical_json_object_and_numeric_bound_are_required (test_radio_native_v3_custody_observation.TinyArchiveJoinTests.test_bootstrap_canonical_json_object_and_numeric_bound_are_required) ... ok
test_bootstrap_change_between_first_read_and_stable_recheck_is_detected (test_radio_native_v3_custody_observation.TinyArchiveJoinTests.test_bootstrap_change_between_first_read_and_stable_recheck_is_detected) ... ok
test_bootstrap_directory_symlink_is_refused (test_radio_native_v3_custody_observation.TinyArchiveJoinTests.test_bootstrap_directory_symlink_is_refused) ... ok
test_bootstrap_join_cannot_drop_metadata_or_promote_its_origin (test_radio_native_v3_custody_observation.TinyArchiveJoinTests.test_bootstrap_join_cannot_drop_metadata_or_promote_its_origin) ... ok
test_bootstrap_symlink_hardlink_and_special_file_are_refused (test_radio_native_v3_custody_observation.TinyArchiveJoinTests.test_bootstrap_symlink_hardlink_and_special_file_are_refused) ... ok
test_bootstrap_three_file_inventory_is_metadata_only_and_charged_in_full (test_radio_native_v3_custody_observation.TinyArchiveJoinTests.test_bootstrap_three_file_inventory_is_metadata_only_and_charged_in_full) ... ok
test_claim_envelope_cannot_be_missing_reformatted_or_contain_extra_directory_entries (test_radio_native_v3_custody_observation.TinyArchiveJoinTests.test_claim_envelope_cannot_be_missing_reformatted_or_contain_extra_directory_entries) ... ok
test_claim_envelope_hash_local_scope_and_exact_fields_are_mandatory (test_radio_native_v3_custody_observation.TinyArchiveJoinTests.test_claim_envelope_hash_local_scope_and_exact_fields_are_mandatory) ... ok
test_components_cannot_omit_relabel_add_files_or_add_directories (test_radio_native_v3_custody_observation.TinyArchiveJoinTests.test_components_cannot_omit_relabel_add_files_or_add_directories) ... ok
test_current_ledger_cannot_drop_dispatch_or_relocate_record (test_radio_native_v3_custody_observation.TinyArchiveJoinTests.test_current_ledger_cannot_drop_dispatch_or_relocate_record) ... ok
test_each_bootstrap_file_required_before_and_after_synthetic_dispatch (test_radio_native_v3_custody_observation.TinyArchiveJoinTests.test_each_bootstrap_file_required_before_and_after_synthetic_dispatch) ... ok
test_earlier_file_change_during_archive_window_is_detected (test_radio_native_v3_custody_observation.TinyArchiveJoinTests.test_earlier_file_change_during_archive_window_is_detected) ... ok
test_full_copy_root_membership_rejects_unselected_file_or_directory (test_radio_native_v3_custody_observation.TinyArchiveJoinTests.test_full_copy_root_membership_rejects_unselected_file_or_directory) ... ok
test_independent_observation_pin_cannot_be_replaced_by_submitted_content (test_radio_native_v3_custody_observation.TinyArchiveJoinTests.test_independent_observation_pin_cannot_be_replaced_by_submitted_content) ... ok
test_join_charges_selected_archives_and_one_new_ledger_once (test_radio_native_v3_custody_observation.TinyArchiveJoinTests.test_join_charges_selected_archives_and_one_new_ledger_once) ... ok
test_join_rejects_cross_component_inode_alias_and_forged_totals (test_radio_native_v3_custody_observation.TinyArchiveJoinTests.test_join_rejects_cross_component_inode_alias_and_forged_totals) ... ok
test_joined_observer_binds_exact_retained_predispatch_envelope (test_radio_native_v3_custody_observation.TinyArchiveJoinTests.test_joined_observer_binds_exact_retained_predispatch_envelope) ... ok
test_ledger_scope_root_and_admission_flags_are_mandatory (test_radio_native_v3_custody_observation.TinyArchiveJoinTests.test_ledger_scope_root_and_admission_flags_are_mandatory) ... ok
test_missing_archival_file_is_not_replaced_by_original_or_other_copy (test_radio_native_v3_custody_observation.TinyArchiveJoinTests.test_missing_archival_file_is_not_replaced_by_original_or_other_copy) ... ok
test_reads_only_current_fixed_files_and_no_archived_code_executes (test_radio_native_v3_custody_observation.TinyArchiveJoinTests.test_reads_only_current_fixed_files_and_no_archived_code_executes) ... ok
test_actual_current_root_plan_and_metadata_admission (test_radio_native_v3_successor.SuccessorIntegrationTests.test_actual_current_root_plan_and_metadata_admission) ... ok
test_actual_worker_public_claim_check_rejects_rehashed_invalid_reference (test_radio_native_v3_successor.SuccessorIntegrationTests.test_actual_worker_public_claim_check_rejects_rehashed_invalid_reference) ... ok
test_current_custody_join_reaches_strict_versioned_finalizer (test_radio_native_v3_successor.SuccessorIntegrationTests.test_current_custody_join_reaches_strict_versioned_finalizer) ... ok
test_every_selected_material_and_bootstrap_pin_matches (test_radio_native_v3_successor.SuccessorIntegrationTests.test_every_selected_material_and_bootstrap_pin_matches) ... ok
test_fixed_f_identities_and_existing_tombstones_agree (test_radio_native_v3_successor.SuccessorIntegrationTests.test_fixed_f_identities_and_existing_tombstones_agree) ... ok
test_launcher_keeps_cold_preflight_before_guard_module_loading (test_radio_native_v3_successor.SuccessorIntegrationTests.test_launcher_keeps_cold_preflight_before_guard_module_loading) ... ok
test_missing_public_claim_stops_before_scope_journal_or_dispatch (test_radio_native_v3_successor.SuccessorIntegrationTests.test_missing_public_claim_stops_before_scope_journal_or_dispatch) ... ok
test_new_derived_source_domain_and_source_guards_compile_without_execution (test_radio_native_v3_successor.SuccessorIntegrationTests.test_new_derived_source_domain_and_source_guards_compile_without_execution) ... ok
test_unchanged_numerical_limits_and_scientific_gates (test_radio_native_v3_successor.SuccessorIntegrationTests.test_unchanged_numerical_limits_and_scientific_gates) ... ok
test_actual_numpy_import_with_purelib_and_exact_environment (test_radio_native_v3_phase_reference.EscapeGuardThreadingTests.test_actual_numpy_import_with_purelib_and_exact_environment) ... ok
test_clone3_fallback_errno_and_legacy_escape_flags_stay_closed (test_radio_native_v3_phase_reference.EscapeGuardThreadingTests.test_clone3_fallback_errno_and_legacy_escape_flags_stay_closed) ... ok
test_tiny_thread_runs_under_actual_inherited_guard (test_radio_native_v3_phase_reference.EscapeGuardThreadingTests.test_tiny_thread_runs_under_actual_inherited_guard) ... ok
test_all_case_roles_reopen_one_full_preparation_context (test_radio_native_v3_phase_reference.PhaseReferenceTests.test_all_case_roles_reopen_one_full_preparation_context) ... ok
test_all_seven_source_shaped_roles_reach_compact_receipt_capacity (test_radio_native_v3_phase_reference.PhaseReferenceTests.test_all_seven_source_shaped_roles_reach_compact_receipt_capacity) ... ok
test_ancestor_symlink_is_closed (test_radio_native_v3_phase_reference.PhaseReferenceTests.test_ancestor_symlink_is_closed) ... ok
test_changed_logical_context_cannot_be_serialized (test_radio_native_v3_phase_reference.PhaseReferenceTests.test_changed_logical_context_cannot_be_serialized) ... ok
test_context_changed_during_validation_fails_final_reopen (test_radio_native_v3_phase_reference.PhaseReferenceTests.test_context_changed_during_validation_fails_final_reopen) ... ok
test_full_bundle_serialization_and_loading_have_fixed_2mib_limit (test_radio_native_v3_phase_reference.PhaseReferenceTests.test_full_bundle_serialization_and_loading_have_fixed_2mib_limit) ... ok
test_full_preparation_serialization_stays_exact (test_radio_native_v3_phase_reference.PhaseReferenceTests.test_full_preparation_serialization_stays_exact) ... ok
test_full_structural_layout_mutations_are_closed_before_receipt (test_radio_native_v3_phase_reference.PhaseReferenceTests.test_full_structural_layout_mutations_are_closed_before_receipt) ... ok
test_hardlink_context_is_closed (test_radio_native_v3_phase_reference.PhaseReferenceTests.test_hardlink_context_is_closed) ... ok
test_missing_context_is_closed (test_radio_native_v3_phase_reference.PhaseReferenceTests.test_missing_context_is_closed) ... ok
test_mutated_context_bytes_never_use_cached_expansion (test_radio_native_v3_phase_reference.PhaseReferenceTests.test_mutated_context_bytes_never_use_cached_expansion) ... ok
test_phase_wire_capacity_is_checked_by_serializer_and_loader (test_radio_native_v3_phase_reference.PhaseReferenceTests.test_phase_wire_capacity_is_checked_by_serializer_and_loader) ... ok
test_reference_descriptor_over_2mib_is_rejected_before_context_read (test_radio_native_v3_phase_reference.PhaseReferenceTests.test_reference_descriptor_over_2mib_is_rejected_before_context_read) ... ok
test_reference_raw_digest_is_checked_before_context_read (test_radio_native_v3_phase_reference.PhaseReferenceTests.test_reference_raw_digest_is_checked_before_context_read) ... ok
test_reference_recursion_and_noncanonical_context_are_closed (test_radio_native_v3_phase_reference.PhaseReferenceTests.test_reference_recursion_and_noncanonical_context_are_closed) ... ok
test_supervisor_bootstraps_actual_reference_loader_before_bundle_paths (test_radio_native_v3_phase_reference.PhaseReferenceTests.test_supervisor_bootstraps_actual_reference_loader_before_bundle_paths) ... ok
test_symlink_context_and_descriptor_alias_are_closed (test_radio_native_v3_phase_reference.PhaseReferenceTests.test_symlink_context_and_descriptor_alias_are_closed) ... ok
test_whole_role_ordinal_and_retained_path_relabel_are_closed (test_radio_native_v3_phase_reference.PhaseReferenceTests.test_whole_role_ordinal_and_retained_path_relabel_are_closed) ... ok
test_actual_client_and_executor_timers_receipts_stop_and_deadlines (test_radio_native_v3_caller_queue.CallerQueueTests.test_actual_client_and_executor_timers_receipts_stop_and_deadlines) ... ok
test_actual_fresh_caller_wraps_only_the_local_subprocess_executor (test_radio_native_v3_caller_queue.CallerQueueTests.test_actual_fresh_caller_wraps_only_the_local_subprocess_executor) ... ok
test_all_38_readers_then_tail_preserve_exact_call_order_and_values (test_radio_native_v3_caller_queue.CallerQueueTests.test_all_38_readers_then_tail_preserve_exact_call_order_and_values) ... ok
test_client_transformation_refuses_missing_or_duplicate_original_block (test_radio_native_v3_caller_queue.CallerQueueTests.test_client_transformation_refuses_missing_or_duplicate_original_block) ... ok
test_failure_permanently_stops_all_queued_and_later_work (test_radio_native_v3_caller_queue.CallerQueueTests.test_failure_permanently_stops_all_queued_and_later_work) ... ok
test_fresh_inline_client_keeps_three_derived_files_and_original_v2_source (test_radio_native_v3_caller_queue.CallerQueueTests.test_fresh_inline_client_keeps_three_derived_files_and_original_v2_source) ... ok
test_synchronous_fault_starts_no_later_subprocess (test_radio_native_v3_caller_queue.CallerQueueTests.test_synchronous_fault_starts_no_later_subprocess) ... ok
test_aliases_are_refused_by_both_budget_readers (test_radio_native_v3_caller_queue.CapacityWriteTests.test_aliases_are_refused_by_both_budget_readers) ... ok
test_derived_stream_refuses_oversized_next_chunk_without_large_input (test_radio_native_v3_caller_queue.CapacityWriteTests.test_derived_stream_refuses_oversized_next_chunk_without_large_input) ... ok
test_ordinary_log_pair_still_reserves_both_caps_before_child_dispatch (test_radio_native_v3_caller_queue.CapacityWriteTests.test_ordinary_log_pair_still_reserves_both_caps_before_child_dispatch) ... ok
test_other_files_are_charged_and_separately_bounded_context_is_excluded (test_radio_native_v3_caller_queue.CapacityWriteTests.test_other_files_are_charged_and_separately_bounded_context_is_excluded) ... ok
test_piped_capacity_refusal_still_precedes_child_dispatch (test_radio_native_v3_caller_queue.CapacityWriteTests.test_piped_capacity_refusal_still_precedes_child_dispatch) ... ok
test_piped_live_output_cap_is_unchanged_and_failed_child_is_reaped (test_radio_native_v3_caller_queue.CapacityWriteTests.test_piped_live_output_cap_is_unchanged_and_failed_child_is_reaped) ... ok
test_piped_source_reserves_only_its_retained_stderr_and_reaps_actual_child (test_radio_native_v3_caller_queue.CapacityWriteTests.test_piped_source_reserves_only_its_retained_stderr_and_reaps_actual_child) ... ok
test_python_and_node_budgets_accept_last_block_then_refuse_before_create (test_radio_native_v3_caller_queue.CapacityWriteTests.test_python_and_node_budgets_accept_last_block_then_refuse_before_create) ... ok
test_shared_context_group_refuses_write_before_exclusive_create (test_radio_native_v3_caller_queue.CapacityWriteTests.test_shared_context_group_refuses_write_before_exclusive_create) ... ok
test_exact_39_original_evidence_descriptors_and_rss_are_retained (test_radio_native_v3_command_evidence_index.CommandEvidenceIndexTests.test_exact_39_original_evidence_descriptors_and_rss_are_retained) ... ok
test_mutated_original_observation_before_reopen_is_rejected (test_radio_native_v3_command_evidence_index.CommandEvidenceIndexTests.test_mutated_original_observation_before_reopen_is_rejected) ... ok
test_duplicate_nonfinite_and_noncanonical_json_refused (test_radio_native_v3_engineering_observer.CapsuleTests.test_duplicate_nonfinite_and_noncanonical_json_refused) ... ok
test_exclusive_fsync_outputs_cannot_be_replayed_or_oversized (test_radio_native_v3_engineering_observer.CapsuleTests.test_exclusive_fsync_outputs_cannot_be_replayed_or_oversized) ... ok
test_expanded_limits_or_authority_cannot_be_admitted (test_radio_native_v3_engineering_observer.CapsuleTests.test_expanded_limits_or_authority_cannot_be_admitted) ... ok
test_fixed_capsule_is_pure_and_accepts_no_authority (test_radio_native_v3_engineering_observer.CapsuleTests.test_fixed_capsule_is_pure_and_accepts_no_authority) ... ok
test_scope_command_and_environment_overrides_are_refused (test_radio_native_v3_engineering_observer.CapsuleTests.test_scope_command_and_environment_overrides_are_refused) ... ok
test_stable_reads_refuse_symlink_hardlink_and_wrong_pin (test_radio_native_v3_engineering_observer.CapsuleTests.test_stable_reads_refuse_symlink_hardlink_and_wrong_pin) ... ok
test_adopted_new_session_pipe_holder_is_cancelled_with_pidfd (test_radio_native_v3_engineering_observer.ChildTests.test_adopted_new_session_pipe_holder_is_cancelled_with_pidfd) ... ok
test_complete_wait4_and_exact_raw_pipe_bytes (test_radio_native_v3_engineering_observer.ChildTests.test_complete_wait4_and_exact_raw_pipe_bytes) ... ok
test_namespace_guard_is_inherited_before_exec (test_radio_native_v3_engineering_observer.ChildTests.test_namespace_guard_is_inherited_before_exec) ... ok
test_output_overflow_retains_only_bound_and_reaps (test_radio_native_v3_engineering_observer.ChildTests.test_output_overflow_retains_only_bound_and_reaps) ... ok
test_timeout_reaps_direct_child_without_retry (test_radio_native_v3_engineering_observer.ChildTests.test_timeout_reaps_direct_child_without_retry) ... ok
test_changed_persisted_pin_status_or_scientific_core_is_refused (test_radio_native_v3_engineering_observer.MeasurementTests.test_changed_persisted_pin_status_or_scientific_core_is_refused) ... ok
test_dynamic_storage_change_preserves_only_the_immutable_join_reference (test_radio_native_v3_engineering_observer.MeasurementTests.test_dynamic_storage_change_preserves_only_the_immutable_join_reference) ... ok
test_external_replay_uses_both_compact_pins_and_fresh_full_join (test_radio_native_v3_engineering_observer.MeasurementTests.test_external_replay_uses_both_compact_pins_and_fresh_full_join) ... ok
test_postexit_measurements_charge_fsynced_observer_files_and_real_elapsed (test_radio_native_v3_engineering_observer.MeasurementTests.test_postexit_measurements_charge_fsynced_observer_files_and_real_elapsed) ... ok
test_replay_does_not_trust_printed_status_alone (test_radio_native_v3_engineering_observer.MeasurementTests.test_replay_does_not_trust_printed_status_alone) ... ok
test_authority_relative_root_and_duplicate_metadata_paths_refused (test_radio_native_v3_public_source_proof.PublicSourceProofTests.test_authority_relative_root_and_duplicate_metadata_paths_refused) ... ok
test_cli_requires_external_pins_and_prints_only_bounded_proof (test_radio_native_v3_public_source_proof.PublicSourceProofTests.test_cli_requires_external_pins_and_prints_only_bounded_proof) ... ok
test_consistent_overlap_reads_one_unique_file_and_git_directory_sort (test_radio_native_v3_public_source_proof.PublicSourceProofTests.test_consistent_overlap_reads_one_unique_file_and_git_directory_sort) ... ok
test_duplicate_tree_paths_refused (test_radio_native_v3_public_source_proof.PublicSourceProofTests.test_duplicate_tree_paths_refused) ... ok
test_hardlink_and_nonregular_local_paths_refused (test_radio_native_v3_public_source_proof.PublicSourceProofTests.test_hardlink_and_nonregular_local_paths_refused) ... ok
test_independent_counts_and_conflicting_overlap_refused (test_radio_native_v3_public_source_proof.PublicSourceProofTests.test_independent_counts_and_conflicting_overlap_refused) ... ok
test_inventory_duplicates_and_map_joins_refused (test_radio_native_v3_public_source_proof.PublicSourceProofTests.test_inventory_duplicates_and_map_joins_refused) ... ok
test_local_symlink_and_ancestor_symlink_refused (test_radio_native_v3_public_source_proof.PublicSourceProofTests.test_local_symlink_and_ancestor_symlink_refused) ... ok
test_metadata_hash_commit_tree_pin_and_duplicate_json_keys_refused (test_radio_native_v3_public_source_proof.PublicSourceProofTests.test_metadata_hash_commit_tree_pin_and_duplicate_json_keys_refused) ... ok
test_missing_ancestor_and_false_root_sha_refused (test_radio_native_v3_public_source_proof.PublicSourceProofTests.test_missing_ancestor_and_false_root_sha_refused) ... ok
test_missing_selected_public_path_refused (test_radio_native_v3_public_source_proof.PublicSourceProofTests.test_missing_selected_public_path_refused) ... ok
test_mutation_between_selected_reads_refused (test_radio_native_v3_public_source_proof.PublicSourceProofTests.test_mutation_between_selected_reads_refused) ... ok
test_mutation_during_read_refused (test_radio_native_v3_public_source_proof.PublicSourceProofTests.test_mutation_during_read_refused) ... ok
test_mutation_of_already_read_file_refused_by_common_window (test_radio_native_v3_public_source_proof.PublicSourceProofTests.test_mutation_of_already_read_file_refused_by_common_window) ... ok
test_public_symlink_submodule_and_directory_selected_paths_refused (test_radio_native_v3_public_source_proof.PublicSourceProofTests.test_public_symlink_submodule_and_directory_selected_paths_refused) ... ok
test_truncated_or_nonboolean_tree_refused (test_radio_native_v3_public_source_proof.PublicSourceProofTests.test_truncated_or_nonboolean_tree_refused) ... ok
test_unsafe_selected_and_public_paths_refused (test_radio_native_v3_public_source_proof.PublicSourceProofTests.test_unsafe_selected_and_public_paths_refused) ... ok
test_unselected_blob_contents_are_never_read (test_radio_native_v3_public_source_proof.PublicSourceProofTests.test_unselected_blob_contents_are_never_read) ... ok
test_valid_proof_binds_every_frozen_path_without_authority (test_radio_native_v3_public_source_proof.PublicSourceProofTests.test_valid_proof_binds_every_frozen_path_without_authority) ... ok
test_wrong_local_sha256_blob_sha_and_public_size_refused (test_radio_native_v3_public_source_proof.PublicSourceProofTests.test_wrong_local_sha256_blob_sha_and_public_size_refused) ... ok
test_compact_reference_binds_retained_pins_and_stable_join_core (test_radio_native_v3_terminal_reference.TerminalReferenceTests.test_compact_reference_binds_retained_pins_and_stable_join_core) ... ok
test_each_retained_pin_or_join_hash_swap_is_closed (test_radio_native_v3_terminal_reference.TerminalReferenceTests.test_each_retained_pin_or_join_hash_swap_is_closed) ... ok
test_launcher_wire_references_actual_retained_disposition_bytes (test_radio_native_v3_terminal_reference.TerminalReferenceTests.test_launcher_wire_references_actual_retained_disposition_bytes) ... ok
test_unretained_high_sample_remains_in_reported_peak (test_radio_native_v3_terminal_reference.TerminalReferenceTests.test_unretained_high_sample_remains_in_reported_peak) ... ok
test_unretained_over_limit_sample_closes_before_success (test_radio_native_v3_terminal_reference.TerminalReferenceTests.test_unretained_over_limit_sample_closes_before_success) ... ok
test_all_terminal_names_and_allocated_blocks_fit_fixed_shape (test_radio_native_v3_terminal_capacity.TerminalCapacityTests.test_all_terminal_names_and_allocated_blocks_fit_fixed_shape) ... ok
test_compact_terminal_wires_fit_both_original_pipe_caps (test_radio_native_v3_terminal_capacity.TerminalCapacityTests.test_compact_terminal_wires_fit_both_original_pipe_caps) ... ok
test_external_capacity_checks_wire_and_both_storage_totals (test_radio_native_v3_terminal_capacity.TerminalCapacityTests.test_external_capacity_checks_wire_and_both_storage_totals) ... ok
test_external_inventory_is_retained_once_and_exact_reference_mutation_closed (test_radio_native_v3_terminal_capacity.TerminalCapacityTests.test_external_inventory_is_retained_once_and_exact_reference_mutation_closed) ... ok
test_fixed_case_bound_includes_full_2048_samples_and_all_receipts (test_radio_native_v3_terminal_capacity.TerminalCapacityTests.test_fixed_case_bound_includes_full_2048_samples_and_all_receipts) ... ok
test_individual_caps_cannot_be_misreported_as_aggregate_proof (test_radio_native_v3_terminal_capacity.TerminalCapacityTests.test_individual_caps_cannot_be_misreported_as_aggregate_proof) ... ok
test_phase_capacity_descriptors_and_actual_reader_limits (test_radio_native_v3_terminal_capacity.TerminalCapacityTests.test_phase_capacity_descriptors_and_actual_reader_limits) ... ok
test_stable_core_ignores_only_dynamic_current_allocation (test_radio_native_v3_terminal_capacity.TerminalCapacityTests.test_stable_core_ignores_only_dynamic_current_allocation) ... ok
test_terminal_sample_limit_keeps_case_limit_and_full_peak_tracking (test_radio_native_v3_terminal_capacity.TerminalCapacityTests.test_terminal_sample_limit_keeps_case_limit_and_full_peak_tracking) ... ok

----------------------------------------------------------------------
Ran 150 tests in 3.270s

OK
