epoch1_on width 5: 128/1701 templates exact; 27.6s
epoch1_on width 17: 128/1701 templates exact; 29.8s
epoch1_on width 3: 128/1701 templates exact; 30.0s
epoch1_on width 9: 128/1701 templates exact; 30.7s
epoch1_on width 33: 128/1701 templates exact; 33.2s
epoch1_on width 65: 128/1701 templates exact; 33.8s
epoch1_on width 129: 128/1701 templates exact; 37.5s
epoch1_on width 5: 256/1701 templates exact; 53.7s
epoch1_on width 9: 256/1701 templates exact; 55.5s
epoch1_on width 3: 256/1701 templates exact; 55.7s
epoch1_on width 17: 256/1701 templates exact; 55.9s
epoch1_on width 65: 256/1701 templates exact; 56.2s
epoch1_on width 33: 256/1701 templates exact; 58.6s
epoch1_on width 129: 256/1701 templates exact; 61.4s
epoch1_on width 5: 384/1701 templates exact; 78.3s
epoch1_on width 65: 384/1701 templates exact; 79.4s
epoch1_on width 3: 384/1701 templates exact; 80.8s
epoch1_on width 17: 384/1701 templates exact; 80.9s
epoch1_on width 9: 384/1701 templates exact; 81.2s
epoch1_on width 33: 384/1701 templates exact; 82.6s
epoch1_on width 129: 384/1701 templates exact; 86.0s
epoch1_on width 17: 512/1701 templates exact; 106.1s
epoch1_on width 5: 512/1701 templates exact; 106.3s
epoch1_on width 65: 512/1701 templates exact; 106.8s
epoch1_on width 3: 512/1701 templates exact; 109.8s
epoch1_on width 9: 512/1701 templates exact; 110.1s
epoch1_on width 33: 512/1701 templates exact; 112.1s
epoch1_on width 129: 512/1701 templates exact; 113.0s
epoch1_on width 5: 640/1701 templates exact; 129.7s
epoch1_on width 65: 640/1701 templates exact; 132.7s
epoch1_on width 17: 640/1701 templates exact; 132.6s
epoch1_on width 9: 640/1701 templates exact; 134.3s
epoch1_on width 3: 640/1701 templates exact; 137.5s
epoch1_on width 33: 640/1701 templates exact; 137.8s
epoch1_on width 129: 640/1701 templates exact; 139.3s
epoch1_on width 5: 768/1701 templates exact; 157.6s
epoch1_on width 65: 768/1701 templates exact; 157.9s
epoch1_on width 9: 768/1701 templates exact; 158.9s
epoch1_on width 17: 768/1701 templates exact; 158.9s
epoch1_on width 3: 768/1701 templates exact; 162.4s
epoch1_on width 129: 768/1701 templates exact; 165.6s
epoch1_on width 33: 768/1701 templates exact; 166.0s
epoch1_on width 65: 896/1701 templates exact; 182.1s
epoch1_on width 9: 896/1701 templates exact; 183.0s
epoch1_on width 17: 896/1701 templates exact; 183.0s
epoch1_on width 5: 896/1701 templates exact; 183.0s
epoch1_on width 3: 896/1701 templates exact; 187.7s
epoch1_on width 129: 896/1701 templates exact; 191.5s
epoch1_on width 33: 896/1701 templates exact; 193.1s
epoch1_on width 9: 1024/1701 templates exact; 209.0s
epoch1_on width 5: 1024/1701 templates exact; 209.5s
epoch1_on width 65: 1024/1701 templates exact; 209.8s
epoch1_on width 17: 1024/1701 templates exact; 210.1s
epoch1_on width 129: 1024/1701 templates exact; 216.0s
epoch1_on width 3: 1024/1701 templates exact; 216.3s
epoch1_on width 33: 1024/1701 templates exact; 217.8s
epoch1_on width 9: 1152/1701 templates exact; 230.8s
epoch1_on width 5: 1152/1701 templates exact; 231.6s
epoch1_on width 65: 1152/1701 templates exact; 232.5s
epoch1_on width 17: 1152/1701 templates exact; 233.6s
epoch1_on width 129: 1152/1701 templates exact; 238.4s
epoch1_on width 3: 1152/1701 templates exact; 239.8s
epoch1_on width 33: 1152/1701 templates exact; 239.9s
epoch1_on width 9: 1280/1701 templates exact; 258.3s
epoch1_on width 65: 1280/1701 templates exact; 260.4s
epoch1_on width 5: 1280/1701 templates exact; 261.7s
epoch1_on width 17: 1280/1701 templates exact; 266.6s
epoch1_on width 129: 1280/1701 templates exact; 266.6s
epoch1_on width 33: 1280/1701 templates exact; 268.1s
epoch1_on width 3: 1280/1701 templates exact; 272.6s
epoch1_on width 9: 1408/1701 templates exact; 283.3s
epoch1_on width 5: 1408/1701 templates exact; 284.7s
epoch1_on width 65: 1408/1701 templates exact; 287.4s
epoch1_on width 129: 1408/1701 templates exact; 289.6s
epoch1_on width 33: 1408/1701 templates exact; 291.6s
epoch1_on width 17: 1408/1701 templates exact; 291.7s
epoch1_on width 3: 1408/1701 templates exact; 295.6s
epoch1_on width 9: 1536/1701 templates exact; 306.9s
epoch1_on width 5: 1536/1701 templates exact; 311.3s
epoch1_on width 129: 1536/1701 templates exact; 314.7s
epoch1_on width 65: 1536/1701 templates exact; 317.8s
epoch1_on width 33: 1536/1701 templates exact; 319.6s
epoch1_on width 17: 1536/1701 templates exact; 322.1s
epoch1_on width 3: 1536/1701 templates exact; 328.9s
epoch1_on width 9: 1664/1701 templates exact; 334.7s
epoch1_on width 5: 1664/1701 templates exact; 338.8s
epoch1_on width 129: 1664/1701 templates exact; 340.3s
epoch1_on width 9: 1701/1701 templates exact; 341.5s
epoch1_on width 65: 1664/1701 templates exact; 344.9s
epoch1_on width 5: 1701/1701 templates exact; 345.9s
epoch1_on width 33: 1664/1701 templates exact; 346.0s
epoch1_on width 17: 1664/1701 templates exact; 346.8s
epoch1_on width 129: 1701/1701 templates exact; 347.6s
epoch1_on width 65: 1701/1701 templates exact; 350.6s
epoch1_on width 3: 1664/1701 templates exact; 351.9s
epoch1_on width 33: 1701/1701 templates exact; 352.2s
epoch1_on width 17: 1701/1701 templates exact; 353.5s
epoch1_on width 3: 1701/1701 templates exact; 358.6s
epoch1_off width 9: 128/1701 templates exact; 372.2s
epoch1_off width 5: 128/1701 templates exact; 373.8s
epoch1_off width 65: 128/1701 templates exact; 382.7s
epoch1_off width 129: 128/1701 templates exact; 385.2s
epoch1_off width 33: 128/1701 templates exact; 385.5s
epoch1_off width 17: 128/1701 templates exact; 387.6s
epoch1_off width 3: 128/1701 templates exact; 390.9s
epoch1_off width 5: 256/1701 templates exact; 399.0s
epoch1_off width 9: 256/1701 templates exact; 401.3s
epoch1_off width 65: 256/1701 templates exact; 408.0s
epoch1_off width 129: 256/1701 templates exact; 408.8s
epoch1_off width 33: 256/1701 templates exact; 411.1s
epoch1_off width 17: 256/1701 templates exact; 413.2s
epoch1_off width 3: 256/1701 templates exact; 415.7s
epoch1_off width 5: 384/1701 templates exact; 422.7s
epoch1_off width 9: 384/1701 templates exact; 424.3s
epoch1_off width 65: 384/1701 templates exact; 432.8s
epoch1_off width 129: 384/1701 templates exact; 435.7s
epoch1_off width 17: 384/1701 templates exact; 439.9s
epoch1_off width 3: 384/1701 templates exact; 441.2s
epoch1_off width 33: 384/1701 templates exact; 441.2s
epoch1_off width 9: 512/1701 templates exact; 448.9s
epoch1_off width 5: 512/1701 templates exact; 449.3s
epoch1_off width 65: 512/1701 templates exact; 458.7s
epoch1_off width 129: 512/1701 templates exact; 460.4s
epoch1_off width 33: 512/1701 templates exact; 465.0s
epoch1_off width 3: 512/1701 templates exact; 465.6s
epoch1_off width 17: 512/1701 templates exact; 466.4s
epoch1_off width 9: 640/1701 templates exact; 473.2s
epoch1_off width 5: 640/1701 templates exact; 476.9s
epoch1_off width 129: 640/1701 templates exact; 483.4s
epoch1_off width 65: 640/1701 templates exact; 483.7s
epoch1_off width 3: 640/1701 templates exact; 493.3s
epoch1_off width 17: 640/1701 templates exact; 493.6s
epoch1_off width 33: 640/1701 templates exact; 493.7s
epoch1_off width 9: 768/1701 templates exact; 500.2s
epoch1_off width 5: 768/1701 templates exact; 506.9s
epoch1_off width 65: 768/1701 templates exact; 508.6s
epoch1_off width 129: 768/1701 templates exact; 510.0s
epoch1_off width 3: 768/1701 templates exact; 515.2s
epoch1_off width 33: 768/1701 templates exact; 517.1s
epoch1_off width 17: 768/1701 templates exact; 517.8s
epoch1_off width 9: 896/1701 templates exact; 523.6s
epoch1_off width 65: 896/1701 templates exact; 536.1s
epoch1_off width 5: 896/1701 templates exact; 536.1s
epoch1_off width 129: 896/1701 templates exact; 536.6s
epoch1_off width 3: 896/1701 templates exact; 542.9s
epoch1_off width 17: 896/1701 templates exact; 547.9s
epoch1_off width 9: 1024/1701 templates exact; 549.0s
epoch1_off width 33: 896/1701 templates exact; 549.6s
epoch1_off width 65: 1024/1701 templates exact; 561.0s
epoch1_off width 129: 1024/1701 templates exact; 561.2s
epoch1_off width 5: 1024/1701 templates exact; 562.1s
epoch1_off width 3: 1024/1701 templates exact; 565.4s
epoch1_off width 9: 1152/1701 templates exact; 570.5s
epoch1_off width 17: 1024/1701 templates exact; 570.7s
epoch1_off width 33: 1024/1701 templates exact; 573.6s
epoch1_off width 65: 1152/1701 templates exact; 585.6s
epoch1_off width 129: 1152/1701 templates exact; 586.0s
epoch1_off width 5: 1152/1701 templates exact; 587.3s
epoch1_off width 3: 1152/1701 templates exact; 587.8s
epoch1_off width 9: 1280/1701 templates exact; 596.9s
epoch1_off width 17: 1152/1701 templates exact; 598.4s
epoch1_off width 33: 1152/1701 templates exact; 602.3s
epoch1_off width 5: 1280/1701 templates exact; 615.3s
epoch1_off width 129: 1280/1701 templates exact; 615.8s
epoch1_off width 3: 1280/1701 templates exact; 616.8s
epoch1_off width 65: 1280/1701 templates exact; 617.7s
epoch1_off width 9: 1408/1701 templates exact; 621.7s
epoch1_off width 17: 1280/1701 templates exact; 623.5s
epoch1_off width 33: 1280/1701 templates exact; 624.9s
epoch1_off width 5: 1408/1701 templates exact; 635.7s
epoch1_off width 129: 1408/1701 templates exact; 636.3s
epoch1_off width 3: 1408/1701 templates exact; 636.8s
epoch1_off width 65: 1408/1701 templates exact; 640.0s
epoch1_off width 9: 1536/1701 templates exact; 645.5s
epoch1_off width 17: 1408/1701 templates exact; 647.4s
epoch1_off width 33: 1408/1701 templates exact; 649.7s
epoch1_off width 5: 1536/1701 templates exact; 664.3s
epoch1_off width 129: 1536/1701 templates exact; 665.6s
epoch1_off width 3: 1536/1701 templates exact; 666.6s
epoch1_off width 65: 1536/1701 templates exact; 673.2s
epoch1_off width 9: 1664/1701 templates exact; 673.9s
epoch1_off width 17: 1536/1701 templates exact; 677.3s
epoch1_off width 33: 1536/1701 templates exact; 678.5s
epoch1_off width 9: 1701/1701 templates exact; 679.8s
epoch1_off width 5: 1664/1701 templates exact; 688.6s
epoch1_off width 3: 1664/1701 templates exact; 689.3s
epoch1_off width 129: 1664/1701 templates exact; 689.5s
epoch1_off width 65: 1664/1701 templates exact; 693.1s
epoch1_off width 5: 1701/1701 templates exact; 695.0s
epoch1_off width 3: 1701/1701 templates exact; 695.4s
epoch1_off width 129: 1701/1701 templates exact; 695.9s
epoch1_off width 33: 1664/1701 templates exact; 697.7s
epoch1_off width 17: 1664/1701 templates exact; 698.1s
epoch1_off width 65: 1701/1701 templates exact; 699.7s
epoch1_off width 33: 1701/1701 templates exact; 704.5s
epoch1_off width 17: 1701/1701 templates exact; 704.6s
{
  "result_sha256": "31ceb977281fb03a7c4e1ca7dd2338e31432884e3f848e0e76de60832cacff58",
  "summary": {
    "sources": 2,
    "widths": [
      3,
      5,
      9,
      17,
      33,
      65,
      129
    ],
    "source_width_checks": 14,
    "complete_template_vectors": 23814,
    "batches_completed": 756,
    "integrated_score_cells_compared": 17807942502
  }
}
