TG000302_P0 audited CORRECTION_LINKED
TG000302_P1 audited CORRECTION_LINKED
TG000302_P2 audited CORRECTION_LINKED
TG000302_N0 audited CORRECTION_LINKED
TG000303_P0 audited CORRECTION_LINKED
TG000303_P1 audited CORRECTION_LINKED
TG000304_P0 audited CORRECTION_LINKED
TG000304_P1 audited CORRECTION_LINKED
{
  "status": "PASS",
  "comparisons": {
    "numeric": 756296,
    "exact": 1284709
  },
  "maximum_absolute_differences": {
    "summary": 1.6298145055770874e-09,
    "CAL": 5.820766091346741e-11,
    "COR": 5.820766091346741e-11,
    "SMEAR": 0.0,
    "DELTA": 1.1641532182693481e-10
  },
  "disagreements": [],
  "method": "independent struct decoding, long-double temporal normal equations, scalar-sum spatial normal equations",
  "tolerances": {
    "relative": 2e-08,
    "native_absolute": 1e-06,
    "dimensionless_absolute": 1e-08
  },
  "original_ls8b_audit": "FAIL"
}
