TG000302_P0 SCI_CAL_SubArray verified bytes 9600000
TG000302_P0 SCI_COR_SubArray verified bytes 9600000
TG000302_P0 SMEAR verified bytes 48000
TG000302_P0 CORRECTION_LINKED
TG000302_P1 SCI_CAL_SubArray verified bytes 9920000
TG000302_P1 SCI_COR_SubArray verified bytes 9920000
TG000302_P1 SMEAR verified bytes 49600
TG000302_P1 CORRECTION_LINKED
TG000302_P2 SCI_CAL_SubArray verified bytes 9600000
TG000302_P2 SCI_COR_SubArray verified bytes 9600000
TG000302_P2 SMEAR verified bytes 48000
TG000302_P2 CORRECTION_LINKED
TG000302_N0 SCI_CAL_SubArray verified bytes 9280000
TG000302_N0 SCI_COR_SubArray verified bytes 9280000
TG000302_N0 SMEAR verified bytes 46400
TG000302_N0 CORRECTION_LINKED
TG000303_P0 SCI_CAL_SubArray verified bytes 9920000
TG000303_P0 SCI_COR_SubArray verified bytes 9920000
TG000303_P0 SMEAR verified bytes 49600
TG000303_P0 CORRECTION_LINKED
TG000303_P1 SCI_CAL_SubArray verified bytes 9920000
TG000303_P1 SCI_COR_SubArray verified bytes 9920000
TG000303_P1 SMEAR verified bytes 49600
TG000303_P1 CORRECTION_LINKED
TG000304_P0 SCI_CAL_SubArray verified bytes 9600000
TG000304_P0 SCI_COR_SubArray verified bytes 9600000
TG000304_P0 SMEAR verified bytes 48000
TG000304_P0 CORRECTION_LINKED
TG000304_P1 SCI_CAL_SubArray verified bytes 9280000
TG000304_P1 SCI_COR_SubArray verified bytes 9280000
TG000304_P1 SMEAR verified bytes 46400
TG000304_P1 CORRECTION_LINKED
