{
  "status": "PASS",
  "method": "independent big-endian struct decoder and flux-centered scalar normal equations",
  "frozen_tolerances": {
    "relative": 2e-08,
    "absolute": 2e-10
  },
  "numeric_disagreements": [],
  "visits": [
    {
      "file_key": "CH_PR100041_TG000901_V0300",
      "status": "PASS",
      "raw_rows": 558,
      "enumerated_windows": 1671,
      "eligible_windows": 960,
      "numeric_and_discrete_comparisons": 11520,
      "numeric_disagreements": 0,
      "maximum_absolute_differences": {
        "score": 7.549516567451064e-15,
        "excess_electrons": 4.0745362639427185e-10,
        "sigma_electrons": 1.964508555829525e-10,
        "denominator_electrons": 2.9103830456733704e-10,
        "baseline_event_sum_electrons": 0.0,
        "leverage": 1.6653345369377348e-16
      },
      "signed_clusters_counts_and_summaries_verified": true
    },
    {
      "file_key": "CH_PR100041_TG000101_V0300",
      "status": "PASS",
      "raw_rows": 567,
      "enumerated_windows": 1698,
      "eligible_windows": 963,
      "numeric_and_discrete_comparisons": 11556,
      "numeric_disagreements": 0,
      "maximum_absolute_differences": {
        "score": 6.661338147750939e-15,
        "excess_electrons": 1.0186340659856796e-10,
        "sigma_electrons": 1.0186340659856796e-10,
        "denominator_electrons": 1.8917489796876907e-10,
        "baseline_event_sum_electrons": 0.0,
        "leverage": 1.6653345369377348e-16
      },
      "signed_clusters_counts_and_summaries_verified": true
    }
  ],
  "numeric_and_discrete_comparisons": 23076
}
