{
  "stage": "LS8AQ_GJ581_TWO_VISIT_L2_SCREEN",
  "status": "COMPLETE_UNAUDITED",
  "evaluation_freeze_commit": "f45a0b9ca21a2e5a3ffc4e1efe5450a83614df02",
  "target": "GJ 581",
  "selected_keys": [
    "CH_PR100011_TG023701_V0300",
    "CH_PR100018_TG008301_V0300"
  ],
  "method": "unchanged pinned LS8K flux-centered DEFAULT-L2 scorer and signed clustering",
  "sideband_rows_each_side": 12,
  "guard_rows": 2,
  "durations_rows": [
    1,
    2,
    3
  ],
  "screen_threshold": 8.5,
  "visits": [
    {
      "file_key": "CH_PR100011_TG023701_V0300",
      "rows": 3545,
      "status_zero_finite_rows": 3513,
      "cadence_seconds": 60.0,
      "eligible_windows": 7785,
      "duration_results": [
        {
          "duration_rows": 1,
          "duration_seconds": 60.0,
          "eligible_windows": 2625,
          "positive_windows": 9,
          "negative_windows": 5,
          "maximum_score": 61.51472950187347,
          "minimum_score": -21.763188969336206
        },
        {
          "duration_rows": 2,
          "duration_seconds": 120.0,
          "eligible_windows": 2595,
          "positive_windows": 9,
          "negative_windows": 5,
          "maximum_score": 42.651071003158236,
          "minimum_score": -14.392995409650805
        },
        {
          "duration_rows": 3,
          "duration_seconds": 180.0,
          "eligible_windows": 2565,
          "positive_windows": 12,
          "negative_windows": 6,
          "maximum_score": 34.70673219777852,
          "minimum_score": -10.620352788520421
        }
      ],
      "positive_windows": 30,
      "negative_windows": 16,
      "positive_clusters": 9,
      "negative_clusters": 5,
      "maximum_score": 61.51472950187347,
      "minimum_score": -21.763188969336206,
      "unique_event_rows": 2625,
      "eligible_event_row_union_seconds": 157500.0
    },
    {
      "file_key": "CH_PR100018_TG008301_V0300",
      "rows": 78,
      "status_zero_finite_rows": 77,
      "cadence_seconds": 60.0,
      "eligible_windows": 84,
      "duration_results": [
        {
          "duration_rows": 1,
          "duration_seconds": 60.0,
          "eligible_windows": 29,
          "positive_windows": 0,
          "negative_windows": 0,
          "maximum_score": 4.900008208202369,
          "minimum_score": -2.356362414172283
        },
        {
          "duration_rows": 2,
          "duration_seconds": 120.0,
          "eligible_windows": 28,
          "positive_windows": 0,
          "negative_windows": 0,
          "maximum_score": 3.6005583930640266,
          "minimum_score": -2.523994630023062
        },
        {
          "duration_rows": 3,
          "duration_seconds": 180.0,
          "eligible_windows": 27,
          "positive_windows": 0,
          "negative_windows": 0,
          "maximum_score": 3.2255898063035664,
          "minimum_score": -2.8147710360620772
        }
      ],
      "positive_windows": 0,
      "negative_windows": 0,
      "positive_clusters": 0,
      "negative_clusters": 0,
      "maximum_score": 4.900008208202369,
      "minimum_score": -2.8147710360620772,
      "unique_event_rows": 29,
      "eligible_event_row_union_seconds": 1740.0
    }
  ],
  "totals": {
    "rows": 3623,
    "eligible_windows": 7869,
    "positive_windows": 30,
    "negative_windows": 16,
    "positive_clusters": 9,
    "negative_clusters": 5,
    "science_table_bytes": 499974
  },
  "other_apertures_opened": false,
  "image_bytes_acquired": 0,
  "raw_imagettes_opened": false,
  "detector_qualified": false,
  "candidate_claims": 0,
  "interpretation": "Independent rank-15 two-visit L2 screen; signed endpoints are not Gaussian significances."
}
