{
  "status": "PASS",
  "method": "independent big-endian struct decoder and flux-centered scalar normal equations",
  "frozen_tolerances": {
    "relative": 2e-08,
    "absolute": 2e-10
  },
  "numeric_disagreements": [],
  "visits": [
    {
      "file_key": "CH_PR100011_TG023701_V0300",
      "status": "PASS",
      "raw_rows": 3545,
      "enumerated_windows": 10632,
      "eligible_windows": 7785,
      "numeric_and_discrete_comparisons": 93420,
      "numeric_disagreements": 0,
      "maximum_absolute_differences": {
        "score": 1.4210854715202004e-14,
        "excess_electrons": 5.820766091346741e-11,
        "sigma_electrons": 3.8198777474462986e-11,
        "denominator_electrons": 5.638867150992155e-11,
        "baseline_event_sum_electrons": 0.0,
        "leverage": 1.6653345369377348e-16
      },
      "signed_clusters_counts_and_summaries_verified": true
    },
    {
      "file_key": "CH_PR100018_TG008301_V0300",
      "status": "PASS",
      "raw_rows": 78,
      "enumerated_windows": 231,
      "eligible_windows": 84,
      "numeric_and_discrete_comparisons": 1008,
      "numeric_disagreements": 0,
      "maximum_absolute_differences": {
        "score": 3.9968028886505635e-15,
        "excess_electrons": 1.0186340659856796e-10,
        "sigma_electrons": 7.275957614183426e-11,
        "denominator_electrons": 1.3096723705530167e-10,
        "baseline_event_sum_electrons": 0.0,
        "leverage": 1.1102230246251565e-16
      },
      "signed_clusters_counts_and_summaries_verified": true
    }
  ],
  "numeric_and_discrete_comparisons": 94428
}
