epoch1_on: eight native caches and all cropped baseline scores exact
epoch2_on: eight native caches and all cropped baseline scores exact
epoch3_on: eight native caches and all cropped baseline scores exact
{"name": "ad_ab_z006", "phase": "historical_original", "eligible": 111, "complete": true}
{"name": "ad_ab_z016", "phase": "historical_original", "eligible": 116, "complete": true}
{"name": "ad_ab_z038", "phase": "historical_original", "eligible": 6, "complete": true}
{"name": "ad_ab_z042", "phase": "historical_original", "eligible": 2, "complete": true}
{"name": "ad_ab_z043", "phase": "historical_original", "eligible": 0, "complete": true}
{"name": "ad_ab_z044", "phase": "historical_original", "eligible": 2, "complete": true}
{"name": "ad_ab_z048", "phase": "historical_original", "eligible": 0, "complete": true}
{"name": "ad_ab_z078", "phase": "historical_original", "eligible": 14, "complete": true}
{"name": "ad_ab_z096", "phase": "historical_original", "eligible": 192, "complete": true}
{"name": "ad_ab_z138", "phase": "historical_original", "eligible": 1, "complete": true}
{"name": "ad_ab_z148", "phase": "historical_original", "eligible": 1, "complete": true}
{"name": "ad_ab_z158", "phase": "historical_original", "eligible": 24, "complete": true}
{"name": "ad_ab_z162", "phase": "historical_original", "eligible": 1, "complete": true}
{"name": "ad_ab_z163", "phase": "historical_original", "eligible": 0, "complete": true}
{"name": "ad_ab_z164", "phase": "historical_original", "eligible": 1, "complete": true}
{"name": "ad_ab_z168", "phase": "historical_original", "eligible": 0, "complete": true}
{"name": "ad_ab_z170", "phase": "historical_original", "eligible": 55, "complete": true}
{"name": "ad_ab_z171", "phase": "historical_original", "eligible": 226, "complete": true}
{"name": "ad_ab_z176", "phase": "historical_original", "eligible": 26, "complete": true}
{"name": "ad_ab_z198", "phase": "historical_original", "eligible": 5, "complete": true}
{"name": "ad_ab_z260", "phase": "historical_original", "eligible": 3, "complete": true}
{"name": "ad_ab_z261", "phase": "historical_original", "eligible": 29, "complete": true}
{"name": "ad_ab_z262", "phase": "historical_original", "eligible": 1, "complete": true}
{"name": "ad_ab_z263", "phase": "historical_original", "eligible": 0, "complete": true}
{"name": "ad_ab_z264", "phase": "historical_original", "eligible": 1, "complete": true}
{"name": "ad_ab_z265", "phase": "historical_original", "eligible": 3, "complete": true}
{"name": "ad_ab_z266", "phase": "historical_original", "eligible": 5, "complete": true}
{"name": "ad_ab_z268", "phase": "historical_original", "eligible": 0, "complete": true}
{"name": "ad_ab_z278", "phase": "historical_original", "eligible": 9, "complete": true}
{"name": "ad_ab_z280", "phase": "historical_original", "eligible": 47, "complete": true}
{"name": "ad_ab_z281", "phase": "historical_original", "eligible": 439, "complete": true}
{"name": "ad_ab_z286", "phase": "historical_original", "eligible": 0, "complete": true}
{"name": "ad_ab_z318", "phase": "historical_original", "eligible": 13, "complete": true}
{"name": "ad_ab_z324", "phase": "historical_original", "eligible": 2, "complete": true}
{"name": "ad_ab_z336", "phase": "historical_original", "eligible": 1, "complete": true}
{"name": "ad_ab_z346", "phase": "historical_original", "eligible": 1, "complete": true}
{"name": "ad_ab_fresh032", "phase": "historical_original", "eligible": 310, "complete": true}
{"name": "ad_new000", "phase": "historical_original", "eligible": 17, "complete": true}
{"name": "ad_new001", "phase": "historical_original", "eligible": 588, "complete": true}
{"name": "ad_new002", "phase": "historical_original", "eligible": 3, "complete": true}
{"name": "ad_new003", "phase": "historical_original", "eligible": 3, "complete": true}
{"name": "ad_new004", "phase": "historical_original", "eligible": 249, "complete": true}
{"name": "ad_new005", "phase": "historical_original", "eligible": 1, "complete": true}
{"name": "ad_new006", "phase": "historical_original", "eligible": 0, "complete": true}
{"name": "ad_new007", "phase": "historical_original", "eligible": 15, "complete": true}
{"name": "ad_new008", "phase": "historical_original", "eligible": 10, "complete": true}
{"name": "ad_new009", "phase": "historical_original", "eligible": 2, "complete": true}
{"name": "ad_new010", "phase": "historical_original", "eligible": 2, "complete": true}
{"name": "ad_new011", "phase": "historical_original", "eligible": 0, "complete": true}
{"name": "ad_new012", "phase": "historical_original", "eligible": 0, "complete": true}
{"name": "ad_new013", "phase": "historical_original", "eligible": 0, "complete": true}
{"name": "ad_new014", "phase": "historical_original", "eligible": 17, "complete": true}
{"name": "ad_new015", "phase": "historical_original", "eligible": 430, "complete": true}
{"name": "ad_new016", "phase": "historical_original", "eligible": 5, "complete": true}
{"name": "ad_new017", "phase": "historical_original", "eligible": 2, "complete": true}
{"name": "ad_new018", "phase": "historical_original", "eligible": 249, "complete": true}
{"name": "ad_new019", "phase": "historical_original", "eligible": 0, "complete": true}
{"name": "ad_new020", "phase": "historical_original", "eligible": 0, "complete": true}
{"name": "ad_new021", "phase": "historical_original", "eligible": 7, "complete": true}
{"name": "ad_new022", "phase": "historical_original", "eligible": 0, "complete": true}
{"name": "ad_new023", "phase": "historical_original", "eligible": 0, "complete": true}
{"name": "ad_new024", "phase": "historical_original", "eligible": 0, "complete": true}
{"name": "ad_new025", "phase": "historical_original", "eligible": 0, "complete": true}
{"name": "ad_new026", "phase": "historical_original", "eligible": 0, "complete": true}
{"name": "ad_new027", "phase": "historical_original", "eligible": 0, "complete": true}
{"name": "ad_new028", "phase": "historical_original", "eligible": 17, "complete": true}
{"name": "ad_new029", "phase": "historical_original", "eligible": 148, "complete": true}
{"name": "ad_new030", "phase": "historical_original", "eligible": 5, "complete": true}
{"name": "ad_new031", "phase": "historical_original", "eligible": 3, "complete": true}
{"name": "ad_new032", "phase": "historical_original", "eligible": 155, "complete": true}
{"name": "ad_new033", "phase": "historical_original", "eligible": 0, "complete": true}
{"name": "ad_new034", "phase": "historical_original", "eligible": 0, "complete": true}
{"name": "ad_new035", "phase": "historical_original", "eligible": 8, "complete": true}
{"name": "ad_new036", "phase": "historical_original", "eligible": 10, "complete": true}
{"name": "ad_new037", "phase": "historical_original", "eligible": 1, "complete": true}
{"name": "ad_new038", "phase": "historical_original", "eligible": 1, "complete": true}
{"name": "ad_new039", "phase": "historical_original", "eligible": 0, "complete": true}
{"name": "ad_new040", "phase": "historical_original", "eligible": 0, "complete": true}
{"name": "ad_new041", "phase": "historical_original", "eligible": 0, "complete": true}
{"name": "ad_new042", "phase": "historical_original", "eligible": 79, "complete": true}
{"name": "ad_new043", "phase": "historical_original", "eligible": 642, "complete": true}
{"name": "ad_new044", "phase": "historical_original", "eligible": 47, "complete": true}
{"name": "ad_new045", "phase": "historical_original", "eligible": 19, "complete": true}
{"name": "ad_new046", "phase": "historical_original", "eligible": 249, "complete": true}
{"name": "ad_new047", "phase": "historical_original", "eligible": 1, "complete": true}
{"name": "ad_new048", "phase": "historical_original", "eligible": 0, "complete": true}
{"name": "ad_new049", "phase": "historical_original", "eligible": 45, "complete": true}
{"name": "ad_new050", "phase": "historical_original", "eligible": 14, "complete": true}
{"name": "ad_new051", "phase": "historical_original", "eligible": 9, "complete": true}
{"name": "ad_new052", "phase": "historical_original", "eligible": 0, "complete": true}
{"name": "ad_new053", "phase": "historical_original", "eligible": 0, "complete": true}
{"name": "ad_new054", "phase": "historical_original", "eligible": 0, "complete": true}
{"name": "ad_new055", "phase": "historical_original", "eligible": 0, "complete": true}
{"name": "ad_new056", "phase": "historical_original", "eligible": 17, "complete": true}
{"name": "ad_new057", "phase": "historical_original", "eligible": 177, "complete": true}
{"name": "ad_new058", "phase": "historical_original", "eligible": 7, "complete": true}
{"name": "ad_new059", "phase": "historical_original", "eligible": 3, "complete": true}
{"name": "ad_new060", "phase": "historical_original", "eligible": 174, "complete": true}
{"name": "ad_new061", "phase": "historical_original", "eligible": 0, "complete": true}
{"name": "ad_new062", "phase": "historical_original", "eligible": 0, "complete": true}
{"name": "ad_new063", "phase": "historical_original", "eligible": 13, "complete": true}
{"name": "ad_new064", "phase": "historical_original", "eligible": 47, "complete": true}
{"name": "ad_new065", "phase": "historical_original", "eligible": 5, "complete": true}
{"name": "ad_new066", "phase": "historical_original", "eligible": 3, "complete": true}
{"name": "ad_new067", "phase": "historical_original", "eligible": 11, "complete": true}
{"name": "ad_new068", "phase": "historical_original", "eligible": 0, "complete": true}
{"name": "ad_new069", "phase": "historical_original", "eligible": 0, "complete": true}
{"name": "ad_new070", "phase": "historical_original", "eligible": 13, "complete": true}
{"name": "ad_new071", "phase": "historical_original", "eligible": 465, "complete": true}
{"name": "ad_new072", "phase": "historical_original", "eligible": 3, "complete": true}
{"name": "ad_new073", "phase": "historical_original", "eligible": 2, "complete": true}
{"name": "ad_new074", "phase": "historical_original", "eligible": 174, "complete": true}
{"name": "ad_new075", "phase": "historical_original", "eligible": 0, "complete": true}
{"name": "ad_new076", "phase": "historical_original", "eligible": 2, "complete": true}
{"name": "ad_new077", "phase": "historical_original", "eligible": 8, "complete": true}
{"name": "ad_new078", "phase": "historical_original", "eligible": 54, "complete": true}
{"name": "ad_new079", "phase": "historical_original", "eligible": 8, "complete": true}
{"name": "ad_new080", "phase": "historical_original", "eligible": 6, "complete": true}
{"name": "ad_new081", "phase": "historical_original", "eligible": 0, "complete": true}
{"name": "ad_new082", "phase": "historical_original", "eligible": 0, "complete": true}
{"name": "ad_new083", "phase": "historical_original", "eligible": 0, "complete": true}
{"name": "ad_new084", "phase": "historical_original", "eligible": 17, "complete": true}
{"name": "ad_new085", "phase": "historical_original", "eligible": 227, "complete": true}
{"name": "ad_new086", "phase": "historical_original", "eligible": 11, "complete": true}
{"name": "ad_new087", "phase": "historical_original", "eligible": 3, "complete": true}
{"name": "ad_new088", "phase": "historical_original", "eligible": 23, "complete": true}
{"name": "ad_new089", "phase": "historical_original", "eligible": 0, "complete": true}
{"name": "ad_new090", "phase": "historical_original", "eligible": 2, "complete": true}
{"name": "ad_new091", "phase": "historical_original", "eligible": 16, "complete": true}
{"name": "ad_new092", "phase": "historical_original", "eligible": 14, "complete": true}
{"name": "ad_new093", "phase": "historical_original", "eligible": 4, "complete": true}
{"name": "ad_new094", "phase": "historical_original", "eligible": 2, "complete": true}
{"name": "ad_new095", "phase": "historical_original", "eligible": 0, "complete": true}
{"name": "ad_new096", "phase": "historical_original", "eligible": 0, "complete": true}
{"name": "ad_new097", "phase": "historical_original", "eligible": 0, "complete": true}
{"name": "ad_new098", "phase": "historical_original", "eligible": 88, "complete": true}
{"name": "ad_new099", "phase": "historical_original", "eligible": 343, "complete": true}
{"name": "ad_new100", "phase": "historical_original", "eligible": 87, "complete": true}
{"name": "ad_new101", "phase": "historical_original", "eligible": 0, "complete": true}
{"name": "ad_new102", "phase": "historical_original", "eligible": 174, "complete": true}
{"name": "ad_new103", "phase": "historical_original", "eligible": 0, "complete": true}
{"name": "ad_new104", "phase": "historical_original", "eligible": 2, "complete": true}
{"name": "ad_new105", "phase": "historical_original", "eligible": 57, "complete": true}
{"name": "ad_new106", "phase": "historical_original", "eligible": 206, "complete": true}
{"name": "ad_new107", "phase": "historical_original", "eligible": 50, "complete": true}
{"name": "ad_new108", "phase": "historical_original", "eligible": 3, "complete": true}
{"name": "ad_new109", "phase": "historical_original", "eligible": 11, "complete": true}
{"name": "ad_new110", "phase": "historical_original", "eligible": 0, "complete": true}
{"name": "ad_new111", "phase": "historical_original", "eligible": 0, "complete": true}
{"name": "fresh000", "phase": "historical_additional", "eligible": 16, "complete": true}
{"name": "fresh001", "phase": "historical_additional", "eligible": 321, "complete": true}
{"name": "fresh002", "phase": "historical_additional", "eligible": 2, "complete": true}
{"name": "fresh003", "phase": "historical_additional", "eligible": 2, "complete": true}
{"name": "fresh004", "phase": "historical_additional", "eligible": 124, "complete": true}
{"name": "fresh005", "phase": "historical_additional", "eligible": 0, "complete": true}
{"name": "fresh006", "phase": "historical_additional", "eligible": 0, "complete": true}
{"name": "fresh007", "phase": "historical_additional", "eligible": 12, "complete": true}
{"name": "fresh008", "phase": "historical_additional", "eligible": 20, "complete": true}
{"name": "fresh009", "phase": "historical_additional", "eligible": 14, "complete": true}
{"name": "fresh010", "phase": "historical_additional", "eligible": 14, "complete": true}
{"name": "fresh011", "phase": "historical_additional", "eligible": 0, "complete": true}
{"name": "fresh012", "phase": "historical_additional", "eligible": 0, "complete": true}
{"name": "fresh013", "phase": "historical_additional", "eligible": 0, "complete": true}
{"name": "fresh014", "phase": "historical_additional", "eligible": 8, "complete": true}
{"name": "fresh015", "phase": "historical_additional", "eligible": 344, "complete": true}
{"name": "fresh016", "phase": "historical_additional", "eligible": 1, "complete": true}
{"name": "fresh017", "phase": "historical_additional", "eligible": 1, "complete": true}
{"name": "fresh018", "phase": "historical_additional", "eligible": 124, "complete": true}
{"name": "fresh019", "phase": "historical_additional", "eligible": 0, "complete": true}
{"name": "fresh020", "phase": "historical_additional", "eligible": 0, "complete": true}
{"name": "fresh021", "phase": "historical_additional", "eligible": 9, "complete": true}
{"name": "fresh022", "phase": "historical_additional", "eligible": 35, "complete": true}
{"name": "fresh023", "phase": "historical_additional", "eligible": 4, "complete": true}
{"name": "fresh024", "phase": "historical_additional", "eligible": 3, "complete": true}
{"name": "fresh025", "phase": "historical_additional", "eligible": 0, "complete": true}
{"name": "fresh026", "phase": "historical_additional", "eligible": 0, "complete": true}
{"name": "fresh027", "phase": "historical_additional", "eligible": 0, "complete": true}
{"name": "fresh028", "phase": "historical_additional", "eligible": 16, "complete": true}
{"name": "fresh029", "phase": "historical_additional", "eligible": 199, "complete": true}
{"name": "fresh030", "phase": "historical_additional", "eligible": 3, "complete": true}
{"name": "fresh031", "phase": "historical_additional", "eligible": 3, "complete": true}
{"name": "fresh032", "phase": "historical_additional", "eligible": 14, "complete": true}
{"name": "fresh033", "phase": "historical_additional", "eligible": 0, "complete": true}
{"name": "fresh034", "phase": "historical_additional", "eligible": 0, "complete": true}
{"name": "fresh035", "phase": "historical_additional", "eligible": 14, "complete": true}
{"name": "fresh036", "phase": "historical_additional", "eligible": 37, "complete": true}
{"name": "fresh037", "phase": "historical_additional", "eligible": 4, "complete": true}
{"name": "fresh038", "phase": "historical_additional", "eligible": 3, "complete": true}
{"name": "fresh039", "phase": "historical_additional", "eligible": 0, "complete": true}
{"name": "fresh040", "phase": "historical_additional", "eligible": 0, "complete": true}
{"name": "fresh041", "phase": "historical_additional", "eligible": 0, "complete": true}
{"name": "fresh042", "phase": "historical_additional", "eligible": 61, "complete": true}
{"name": "fresh043", "phase": "historical_additional", "eligible": 415, "complete": true}
{"name": "fresh044", "phase": "historical_additional", "eligible": 27, "complete": true}
{"name": "fresh045", "phase": "historical_additional", "eligible": 9, "complete": true}
{"name": "fresh046", "phase": "historical_additional", "eligible": 124, "complete": true}
{"name": "fresh047", "phase": "historical_additional", "eligible": 0, "complete": true}
{"name": "fresh048", "phase": "historical_additional", "eligible": 1, "complete": true}
