epoch1_on: eight native caches and all cropped baseline scores exact
epoch2_on: eight native caches and all cropped baseline scores exact
epoch3_on: eight native caches and all cropped baseline scores exact
{"name": "null_training000", "phase": "null_training", "eligible": 0, "complete": true}
{"name": "null_training001", "phase": "null_training", "eligible": 0, "complete": true}
{"name": "null_training002", "phase": "null_training", "eligible": 0, "complete": true}
{"name": "null_training003", "phase": "null_training", "eligible": 0, "complete": true}
{"name": "null_training004", "phase": "null_training", "eligible": 0, "complete": true}
{"name": "null_training005", "phase": "null_training", "eligible": 0, "complete": true}
{"name": "null_training006", "phase": "null_training", "eligible": 0, "complete": true}
{"name": "null_training007", "phase": "null_training", "eligible": 0, "complete": true}
{"name": "null_training008", "phase": "null_training", "eligible": 0, "complete": true}
{"name": "null_training009", "phase": "null_training", "eligible": 0, "complete": true}
{"name": "null_training010", "phase": "null_training", "eligible": 0, "complete": true}
{"name": "null_training011", "phase": "null_training", "eligible": 0, "complete": true}
{"name": "null_training012", "phase": "null_training", "eligible": 0, "complete": true}
{"name": "null_training013", "phase": "null_training", "eligible": 0, "complete": true}
{"name": "null_training014", "phase": "null_training", "eligible": 0, "complete": true}
{"name": "null_training015", "phase": "null_training", "eligible": 0, "complete": true}
{"name": "null_training016", "phase": "null_training", "eligible": 0, "complete": true}
{"name": "null_training017", "phase": "null_training", "eligible": 0, "complete": true}
{"name": "null_training018", "phase": "null_training", "eligible": 0, "complete": true}
{"name": "null_training019", "phase": "null_training", "eligible": 0, "complete": true}
{"name": "null_training020", "phase": "null_training", "eligible": 0, "complete": true}
{"name": "null_training021", "phase": "null_training", "eligible": 0, "complete": true}
{"name": "null_training022", "phase": "null_training", "eligible": 0, "complete": true}
{"name": "null_training023", "phase": "null_training", "eligible": 0, "complete": true}
{"name": "null_training024", "phase": "null_training", "eligible": 0, "complete": true}
{"name": "null_training025", "phase": "null_training", "eligible": 0, "complete": true}
{"name": "null_training026", "phase": "null_training", "eligible": 0, "complete": true}
{"name": "null_training027", "phase": "null_training", "eligible": 0, "complete": true}
{"name": "null_training028", "phase": "null_training", "eligible": 0, "complete": true}
{"name": "null_training029", "phase": "null_training", "eligible": 0, "complete": true}
{"name": "null_training030", "phase": "null_training", "eligible": 0, "complete": true}
{"name": "null_training031", "phase": "null_training", "eligible": 0, "complete": true}
{"name": "null_training032", "phase": "null_training", "eligible": 0, "complete": true}
{"name": "null_training033", "phase": "null_training", "eligible": 0, "complete": true}
{"name": "null_training034", "phase": "null_training", "eligible": 0, "complete": true}
{"name": "null_training035", "phase": "null_training", "eligible": 0, "complete": true}
{"name": "null_training036", "phase": "null_training", "eligible": 0, "complete": true}
{"name": "null_training037", "phase": "null_training", "eligible": 0, "complete": true}
{"name": "null_training038", "phase": "null_training", "eligible": 0, "complete": true}
{"name": "null_training039", "phase": "null_training", "eligible": 0, "complete": true}
{"name": "null_training040", "phase": "null_training", "eligible": 0, "complete": true}
{"name": "null_training041", "phase": "null_training", "eligible": 0, "complete": true}
{"name": "null_training042", "phase": "null_training", "eligible": 0, "complete": true}
{"name": "null_training043", "phase": "null_training", "eligible": 0, "complete": true}
{"name": "null_training044", "phase": "null_training", "eligible": 0, "complete": true}
{"name": "null_training045", "phase": "null_training", "eligible": 0, "complete": true}
{"name": "null_training046", "phase": "null_training", "eligible": 0, "complete": true}
{"name": "null_training047", "phase": "null_training", "eligible": 0, "complete": true}
{"name": "null_training048", "phase": "null_training", "eligible": 0, "complete": true}
{"name": "null_training049", "phase": "null_training", "eligible": 0, "complete": true}
{"name": "null_training050", "phase": "null_training", "eligible": 0, "complete": true}
{"name": "null_training051", "phase": "null_training", "eligible": 0, "complete": true}
{"name": "null_training052", "phase": "null_training", "eligible": 0, "complete": true}
{"name": "null_training053", "phase": "null_training", "eligible": 0, "complete": true}
{"name": "null_training054", "phase": "null_training", "eligible": 0, "complete": true}
{"name": "null_training055", "phase": "null_training", "eligible": 0, "complete": true}
{"name": "null_training056", "phase": "null_training", "eligible": 0, "complete": true}
{"name": "null_training057", "phase": "null_training", "eligible": 0, "complete": true}
{"name": "null_training058", "phase": "null_training", "eligible": 0, "complete": true}
{"name": "null_training059", "phase": "null_training", "eligible": 0, "complete": true}
{"name": "null_training060", "phase": "null_training", "eligible": 0, "complete": true}
{"name": "null_training061", "phase": "null_training", "eligible": 0, "complete": true}
{"name": "null_training062", "phase": "null_training", "eligible": 0, "complete": true}
{"name": "null_training063", "phase": "null_training", "eligible": 0, "complete": true}
{"name": "null_training064", "phase": "null_training", "eligible": 0, "complete": true}
{"name": "null_training065", "phase": "null_training", "eligible": 0, "complete": true}
{"name": "null_training066", "phase": "null_training", "eligible": 0, "complete": true}
{"name": "null_training067", "phase": "null_training", "eligible": 0, "complete": true}
{"name": "null_training068", "phase": "null_training", "eligible": 0, "complete": true}
{"name": "null_training069", "phase": "null_training", "eligible": 0, "complete": true}
{"name": "null_training070", "phase": "null_training", "eligible": 0, "complete": true}
{"name": "null_training071", "phase": "null_training", "eligible": 0, "complete": true}
{"name": "null_training072", "phase": "null_training", "eligible": 0, "complete": true}
{"name": "null_training073", "phase": "null_training", "eligible": 0, "complete": true}
{"name": "null_training074", "phase": "null_training", "eligible": 0, "complete": true}
{"name": "null_training075", "phase": "null_training", "eligible": 0, "complete": true}
{"name": "null_training076", "phase": "null_training", "eligible": 0, "complete": true}
{"name": "null_training077", "phase": "null_training", "eligible": 0, "complete": true}
{"name": "null_training078", "phase": "null_training", "eligible": 0, "complete": true}
{"name": "null_training079", "phase": "null_training", "eligible": 0, "complete": true}
{"name": "null_training080", "phase": "null_training", "eligible": 0, "complete": true}
{"name": "null_training081", "phase": "null_training", "eligible": 0, "complete": true}
{"name": "null_training082", "phase": "null_training", "eligible": 0, "complete": true}
{"name": "null_training083", "phase": "null_training", "eligible": 0, "complete": true}
{"name": "null_training084", "phase": "null_training", "eligible": 0, "complete": true}
{"name": "null_training085", "phase": "null_training", "eligible": 0, "complete": true}
{"name": "null_training086", "phase": "null_training", "eligible": 0, "complete": true}
{"name": "null_training087", "phase": "null_training", "eligible": 0, "complete": true}
{"name": "null_training088", "phase": "null_training", "eligible": 0, "complete": true}
{"name": "null_training089", "phase": "null_training", "eligible": 0, "complete": true}
{"name": "null_training090", "phase": "null_training", "eligible": 0, "complete": true}
{"name": "null_training091", "phase": "null_training", "eligible": 0, "complete": true}
{"name": "null_training092", "phase": "null_training", "eligible": 0, "complete": true}
{"name": "null_training093", "phase": "null_training", "eligible": 0, "complete": true}
{"name": "null_training094", "phase": "null_training", "eligible": 0, "complete": true}
{"name": "null_training095", "phase": "null_training", "eligible": 0, "complete": true}
{"name": "null_training096", "phase": "null_training", "eligible": 0, "complete": true}
{"name": "null_training097", "phase": "null_training", "eligible": 0, "complete": true}
{"name": "null_training098", "phase": "null_training", "eligible": 0, "complete": true}
{"name": "null_training099", "phase": "null_training", "eligible": 0, "complete": true}
{"name": "null_training100", "phase": "null_training", "eligible": 0, "complete": true}
{"name": "null_training101", "phase": "null_training", "eligible": 0, "complete": true}
{"name": "null_training102", "phase": "null_training", "eligible": 0, "complete": true}
{"name": "null_training103", "phase": "null_training", "eligible": 0, "complete": true}
{"name": "null_training104", "phase": "null_training", "eligible": 0, "complete": true}
{"name": "null_training105", "phase": "null_training", "eligible": 0, "complete": true}
{"name": "null_training106", "phase": "null_training", "eligible": 0, "complete": true}
{"name": "null_training107", "phase": "null_training", "eligible": 0, "complete": true}
{"name": "null_training108", "phase": "null_training", "eligible": 0, "complete": true}
{"name": "null_training109", "phase": "null_training", "eligible": 0, "complete": true}
{"name": "null_training110", "phase": "null_training", "eligible": 0, "complete": true}
{"name": "null_training111", "phase": "null_training", "eligible": 0, "complete": true}
{"name": "null_training112", "phase": "null_training", "eligible": 0, "complete": true}
{"name": "null_training113", "phase": "null_training", "eligible": 0, "complete": true}
{"name": "null_training114", "phase": "null_training", "eligible": 0, "complete": true}
{"name": "null_training115", "phase": "null_training", "eligible": 0, "complete": true}
{"name": "null_training116", "phase": "null_training", "eligible": 0, "complete": true}
{"name": "null_training117", "phase": "null_training", "eligible": 0, "complete": true}
{"name": "null_training118", "phase": "null_training", "eligible": 0, "complete": true}
{"name": "null_training119", "phase": "null_training", "eligible": 0, "complete": true}
{"name": "null_training120", "phase": "null_training", "eligible": 0, "complete": true}
{"name": "null_training121", "phase": "null_training", "eligible": 0, "complete": true}
{"name": "null_training122", "phase": "null_training", "eligible": 0, "complete": true}
{"name": "null_training123", "phase": "null_training", "eligible": 0, "complete": true}
{"name": "null_training124", "phase": "null_training", "eligible": 0, "complete": true}
{"name": "null_training125", "phase": "null_training", "eligible": 0, "complete": true}
{"name": "null_training126", "phase": "null_training", "eligible": 0, "complete": true}
{"name": "null_training127", "phase": "null_training", "eligible": 0, "complete": true}
{"name": "baseline", "phase": "baseline", "eligible": 0, "complete": true}
{"name": "training000", "phase": "training", "eligible": 16, "complete": true}
{"name": "training001", "phase": "training", "eligible": 262, "complete": true}
{"name": "training002", "phase": "training", "eligible": 5, "complete": true}
{"name": "training003", "phase": "training", "eligible": 3, "complete": true}
{"name": "training004", "phase": "training", "eligible": 129, "complete": true}
{"name": "training005", "phase": "training", "eligible": 0, "complete": true}
{"name": "training006", "phase": "training", "eligible": 0, "complete": true}
{"name": "training007", "phase": "training", "eligible": 12, "complete": true}
{"name": "training008", "phase": "training", "eligible": 19, "complete": true}
{"name": "training009", "phase": "training", "eligible": 3, "complete": true}
{"name": "training010", "phase": "training", "eligible": 2, "complete": true}
{"name": "training011", "phase": "training", "eligible": 3, "complete": true}
{"name": "training012", "phase": "training", "eligible": 0, "complete": true}
{"name": "training013", "phase": "training", "eligible": 0, "complete": true}
{"name": "training014", "phase": "training", "eligible": 13, "complete": true}
{"name": "training015", "phase": "training", "eligible": 255, "complete": true}
{"name": "training016", "phase": "training", "eligible": 2, "complete": true}
{"name": "training017", "phase": "training", "eligible": 1, "complete": true}
{"name": "training018", "phase": "training", "eligible": 129, "complete": true}
{"name": "training019", "phase": "training", "eligible": 0, "complete": true}
{"name": "training020", "phase": "training", "eligible": 0, "complete": true}
{"name": "training021", "phase": "training", "eligible": 11, "complete": true}
{"name": "training022", "phase": "training", "eligible": 26, "complete": true}
{"name": "training023", "phase": "training", "eligible": 2, "complete": true}
{"name": "training024", "phase": "training", "eligible": 2, "complete": true}
{"name": "training025", "phase": "training", "eligible": 4, "complete": true}
{"name": "training026", "phase": "training", "eligible": 0, "complete": true}
{"name": "training027", "phase": "training", "eligible": 0, "complete": true}
{"name": "training028", "phase": "training", "eligible": 13, "complete": true}
{"name": "training029", "phase": "training", "eligible": 236, "complete": true}
{"name": "training030", "phase": "training", "eligible": 2, "complete": true}
{"name": "training031", "phase": "training", "eligible": 1, "complete": true}
{"name": "training032", "phase": "training", "eligible": 108, "complete": true}
{"name": "training033", "phase": "training", "eligible": 0, "complete": true}
{"name": "training034", "phase": "training", "eligible": 0, "complete": true}
{"name": "training035", "phase": "training", "eligible": 14, "complete": true}
{"name": "training036", "phase": "training", "eligible": 16, "complete": true}
{"name": "training037", "phase": "training", "eligible": 0, "complete": true}
{"name": "training038", "phase": "training", "eligible": 0, "complete": true}
{"name": "training039", "phase": "training", "eligible": 4, "complete": true}
{"name": "training040", "phase": "training", "eligible": 0, "complete": true}
{"name": "training041", "phase": "training", "eligible": 0, "complete": true}
{"name": "training042", "phase": "training", "eligible": 66, "complete": true}
{"name": "training043", "phase": "training", "eligible": 453, "complete": true}
{"name": "training044", "phase": "training", "eligible": 19, "complete": true}
{"name": "training045", "phase": "training", "eligible": 11, "complete": true}
{"name": "training046", "phase": "training", "eligible": 129, "complete": true}
{"name": "training047", "phase": "training", "eligible": 0, "complete": true}
{"name": "training048", "phase": "training", "eligible": 0, "complete": true}
{"name": "training049", "phase": "training", "eligible": 57, "complete": true}
{"name": "training050", "phase": "training", "eligible": 198, "complete": true}
{"name": "training051", "phase": "training", "eligible": 19, "complete": true}
{"name": "training052", "phase": "training", "eligible": 0, "complete": true}
{"name": "training053", "phase": "training", "eligible": 3, "complete": true}
{"name": "training054", "phase": "training", "eligible": 0, "complete": true}
{"name": "training055", "phase": "training", "eligible": 0, "complete": true}
{"name": "training056", "phase": "training", "eligible": 10, "complete": true}
{"name": "training057", "phase": "training", "eligible": 127, "complete": true}
{"name": "training058", "phase": "training", "eligible": 1, "complete": true}
{"name": "training059", "phase": "training", "eligible": 1, "complete": true}
{"name": "training060", "phase": "training", "eligible": 20, "complete": true}
{"name": "training061", "phase": "training", "eligible": 0, "complete": true}
{"name": "training062", "phase": "training", "eligible": 0, "complete": true}
{"name": "training063", "phase": "training", "eligible": 10, "complete": true}
{"name": "training064", "phase": "training", "eligible": 10, "complete": true}
{"name": "training065", "phase": "training", "eligible": 3, "complete": true}
{"name": "training066", "phase": "training", "eligible": 3, "complete": true}
{"name": "training067", "phase": "training", "eligible": 0, "complete": true}
{"name": "training068", "phase": "training", "eligible": 0, "complete": true}
{"name": "training069", "phase": "training", "eligible": 0, "complete": true}
{"name": "training070", "phase": "training", "eligible": 6, "complete": true}
{"name": "training071", "phase": "training", "eligible": 73, "complete": true}
{"name": "training072", "phase": "training", "eligible": 2, "complete": true}
{"name": "training073", "phase": "training", "eligible": 2, "complete": true}
{"name": "training074", "phase": "training", "eligible": 20, "complete": true}
{"name": "training075", "phase": "training", "eligible": 0, "complete": true}
{"name": "training076", "phase": "training", "eligible": 0, "complete": true}
{"name": "training077", "phase": "training", "eligible": 15, "complete": true}
{"name": "training078", "phase": "training", "eligible": 0, "complete": true}
{"name": "training079", "phase": "training", "eligible": 5, "complete": true}
{"name": "training080", "phase": "training", "eligible": 5, "complete": true}
{"name": "training081", "phase": "training", "eligible": 0, "complete": true}
{"name": "training082", "phase": "training", "eligible": 0, "complete": true}
{"name": "training083", "phase": "training", "eligible": 0, "complete": true}
{"name": "training084", "phase": "training", "eligible": 10, "complete": true}
{"name": "training085", "phase": "training", "eligible": 140, "complete": true}
{"name": "training086", "phase": "training", "eligible": 1, "complete": true}
{"name": "training087", "phase": "training", "eligible": 1, "complete": true}
{"name": "training088", "phase": "training", "eligible": 48, "complete": true}
{"name": "training089", "phase": "training", "eligible": 0, "complete": true}
{"name": "training090", "phase": "training", "eligible": 0, "complete": true}
{"name": "training091", "phase": "training", "eligible": 12, "complete": true}
{"name": "training092", "phase": "training", "eligible": 27, "complete": true}
{"name": "training093", "phase": "training", "eligible": 5, "complete": true}
{"name": "training094", "phase": "training", "eligible": 5, "complete": true}
{"name": "training095", "phase": "training", "eligible": 0, "complete": true}
{"name": "training096", "phase": "training", "eligible": 0, "complete": true}
{"name": "training097", "phase": "training", "eligible": 0, "complete": true}
{"name": "training098", "phase": "training", "eligible": 41, "complete": true}
{"name": "training099", "phase": "training", "eligible": 342, "complete": true}
{"name": "training100", "phase": "training", "eligible": 16, "complete": true}
{"name": "training101", "phase": "training", "eligible": 5, "complete": true}
{"name": "training102", "phase": "training", "eligible": 20, "complete": true}
{"name": "training103", "phase": "training", "eligible": 0, "complete": true}
{"name": "training104", "phase": "training", "eligible": 1, "complete": true}
{"name": "training105", "phase": "training", "eligible": 73, "complete": true}
{"name": "training106", "phase": "training", "eligible": 127, "complete": true}
{"name": "training107", "phase": "training", "eligible": 39, "complete": true}
{"name": "training108", "phase": "training", "eligible": 23, "complete": true}
{"name": "training109", "phase": "training", "eligible": 0, "complete": true}
{"name": "training110", "phase": "training", "eligible": 0, "complete": true}
{"name": "training111", "phase": "training", "eligible": 0, "complete": true}
{"feasible": false, "boundary": null, "reason": "no_feasible_joint_boundary", "null_eligible_members": 0}
