test_all_historical_identity_components_and_d_are_refused (test_radio_native_v3_public_claim.PublicClaimTests.test_all_historical_identity_components_and_d_are_refused) ... ok
test_commit_ref_blob_digest_root_scope_and_input_bindings (test_radio_native_v3_public_claim.PublicClaimTests.test_commit_ref_blob_digest_root_scope_and_input_bindings) ... ok
test_every_authority_and_truth_flag_requires_exact_bool (test_radio_native_v3_public_claim.PublicClaimTests.test_every_authority_and_truth_flag_requires_exact_bool) ... ok
test_missing_claim_independent_pin_and_self_pin_fail_closed (test_radio_native_v3_public_claim.PublicClaimTests.test_missing_claim_independent_pin_and_self_pin_fail_closed) ... ok
test_mutation_during_verification_is_refused (test_radio_native_v3_public_claim.PublicClaimTests.test_mutation_during_verification_is_refused) ... ok
test_original_local_witness_cannot_be_lost_or_recreated (test_radio_native_v3_public_claim.PublicClaimTests.test_original_local_witness_cannot_be_lost_or_recreated) ... ok
test_returned_receipt_is_detached_from_caller_mutations (test_radio_native_v3_public_claim.PublicClaimTests.test_returned_receipt_is_detached_from_caller_mutations) ... ok
test_tombstones_cannot_be_edited_even_with_a_new_pin (test_radio_native_v3_public_claim.PublicClaimTests.test_tombstones_cannot_be_edited_even_with_a_new_pin) ... ok
test_valid_read_only_receipt_has_no_execution_authority (test_radio_native_v3_public_claim.PublicClaimTests.test_valid_read_only_receipt_has_no_execution_authority) ... ok
test_admission_callback_mutation_is_refused_before_dispatch (test_radio_native_v3_dispatch_spending.DispatchSpendingTests.test_admission_callback_mutation_is_refused_before_dispatch) ... ok
test_copied_original_claim_file_cannot_replace_original_inode (test_radio_native_v3_dispatch_spending.DispatchSpendingTests.test_copied_original_claim_file_cannot_replace_original_inode) ... ok
test_copied_private_journal_cannot_replace_original_identity (test_radio_native_v3_dispatch_spending.DispatchSpendingTests.test_copied_private_journal_cannot_replace_original_identity) ... ok
test_dispatch_once_rejects_predispatch_and_returned_bundle_replays (test_radio_native_v3_dispatch_spending.DispatchSpendingTests.test_dispatch_once_rejects_predispatch_and_returned_bundle_replays) ... ok
test_empty_partial_dispatch_marker_remains_spent_after_failed_write (test_radio_native_v3_dispatch_spending.DispatchSpendingTests.test_empty_partial_dispatch_marker_remains_spent_after_failed_write) ... ok
test_extra_ledger_file_rejects_postdispatch_observation (test_radio_native_v3_dispatch_spending.DispatchSpendingTests.test_extra_ledger_file_rejects_postdispatch_observation) ... ok
test_false_or_non_bool_admission_callback_is_refused (test_radio_native_v3_dispatch_spending.DispatchSpendingTests.test_false_or_non_bool_admission_callback_is_refused) ... ok
test_four_concurrent_metadata_attempts_accept_exactly_one (test_radio_native_v3_dispatch_spending.DispatchSpendingTests.test_four_concurrent_metadata_attempts_accept_exactly_one) ... ok
test_lost_private_original_ledger_is_never_recreated (test_radio_native_v3_dispatch_spending.DispatchSpendingTests.test_lost_private_original_ledger_is_never_recreated) ... ok
test_missing_private_original_claim_is_never_recreated (test_radio_native_v3_dispatch_spending.DispatchSpendingTests.test_missing_private_original_claim_is_never_recreated) ... ok
test_missing_public_claim_is_rejected_before_dispatch_marker (test_radio_native_v3_dispatch_spending.DispatchSpendingTests.test_missing_public_claim_is_rejected_before_dispatch_marker) ... ok
test_original_bundle_mutation_cannot_edit_returned_dispatch_witness (test_radio_native_v3_dispatch_spending.DispatchSpendingTests.test_original_bundle_mutation_cannot_edit_returned_dispatch_witness) ... ok
test_partial_dispatch_marker_remains_spent_after_failed_fsync (test_radio_native_v3_dispatch_spending.DispatchSpendingTests.test_partial_dispatch_marker_remains_spent_after_failed_fsync) ... ok
test_preclaim_public_admission_dispatch_and_sorted_three_row_observation (test_radio_native_v3_dispatch_spending.DispatchSpendingTests.test_preclaim_public_admission_dispatch_and_sorted_three_row_observation) ... ok
test_copies_never_qualify_missing_history_or_identity_continuity (test_radio_native_v3_custody_observation.CurrentRootContractTests.test_copies_never_qualify_missing_history_or_identity_continuity) ... ok
test_current_root_replaces_original_as_independent_caller_binding (test_radio_native_v3_custody_observation.CurrentRootContractTests.test_current_root_replaces_original_as_independent_caller_binding) ... ok
test_current_scope_cannot_reuse_old_scopes_or_journals_or_new_ledger (test_radio_native_v3_custody_observation.CurrentRootContractTests.test_current_scope_cannot_reuse_old_scopes_or_journals_or_new_ledger) ... ok
test_every_old_namespace_marker_and_commit_is_permanently_refused (test_radio_native_v3_custody_observation.CurrentRootContractTests.test_every_old_namespace_marker_and_commit_is_permanently_refused) ... ok
test_exact_nineteen_metadata_pins_and_source_freeze_are_required (test_radio_native_v3_custody_observation.CurrentRootContractTests.test_exact_nineteen_metadata_pins_and_source_freeze_are_required) ... ok
test_no_original_filesystem_queries_occur_during_path_refusal (test_radio_native_v3_custody_observation.CurrentRootContractTests.test_no_original_filesystem_queries_occur_during_path_refusal) ... ok
test_pins_hardlinks_and_symlink_ancestors_fail_closed (test_radio_native_v3_custody_observation.NoFollowReadTests.test_pins_hardlinks_and_symlink_ancestors_fail_closed) ... ok
test_same_length_midread_mutation_is_detected (test_radio_native_v3_custody_observation.NoFollowReadTests.test_same_length_midread_mutation_is_detected) ... ok
test_claim_envelope_cannot_be_missing_reformatted_or_contain_extra_directory_entries (test_radio_native_v3_custody_observation.TinyArchiveJoinTests.test_claim_envelope_cannot_be_missing_reformatted_or_contain_extra_directory_entries) ... ok
test_claim_envelope_hash_local_scope_and_exact_fields_are_mandatory (test_radio_native_v3_custody_observation.TinyArchiveJoinTests.test_claim_envelope_hash_local_scope_and_exact_fields_are_mandatory) ... ok
test_components_cannot_omit_relabel_add_files_or_add_directories (test_radio_native_v3_custody_observation.TinyArchiveJoinTests.test_components_cannot_omit_relabel_add_files_or_add_directories) ... ok
test_current_ledger_cannot_drop_dispatch_or_relocate_record (test_radio_native_v3_custody_observation.TinyArchiveJoinTests.test_current_ledger_cannot_drop_dispatch_or_relocate_record) ... ok
test_earlier_file_change_during_archive_window_is_detected (test_radio_native_v3_custody_observation.TinyArchiveJoinTests.test_earlier_file_change_during_archive_window_is_detected) ... ok
test_full_copy_root_membership_rejects_unselected_file_or_directory (test_radio_native_v3_custody_observation.TinyArchiveJoinTests.test_full_copy_root_membership_rejects_unselected_file_or_directory) ... ok
test_independent_observation_pin_cannot_be_replaced_by_submitted_content (test_radio_native_v3_custody_observation.TinyArchiveJoinTests.test_independent_observation_pin_cannot_be_replaced_by_submitted_content) ... ok
test_join_charges_selected_archives_and_one_new_ledger_once (test_radio_native_v3_custody_observation.TinyArchiveJoinTests.test_join_charges_selected_archives_and_one_new_ledger_once) ... ok
test_join_rejects_cross_component_inode_alias_and_forged_totals (test_radio_native_v3_custody_observation.TinyArchiveJoinTests.test_join_rejects_cross_component_inode_alias_and_forged_totals) ... ok
test_joined_observer_binds_exact_retained_predispatch_envelope (test_radio_native_v3_custody_observation.TinyArchiveJoinTests.test_joined_observer_binds_exact_retained_predispatch_envelope) ... ok
test_ledger_scope_root_and_admission_flags_are_mandatory (test_radio_native_v3_custody_observation.TinyArchiveJoinTests.test_ledger_scope_root_and_admission_flags_are_mandatory) ... ok
test_missing_archival_file_is_not_replaced_by_original_or_other_copy (test_radio_native_v3_custody_observation.TinyArchiveJoinTests.test_missing_archival_file_is_not_replaced_by_original_or_other_copy) ... ok
test_reads_only_current_fixed_files_and_no_archived_code_executes (test_radio_native_v3_custody_observation.TinyArchiveJoinTests.test_reads_only_current_fixed_files_and_no_archived_code_executes) ... ok
test_actual_current_root_plan_and_metadata_admission (test_radio_native_v3_successor.SuccessorIntegrationTests.test_actual_current_root_plan_and_metadata_admission) ... ok
test_actual_worker_public_claim_check_rejects_rehashed_invalid_reference (test_radio_native_v3_successor.SuccessorIntegrationTests.test_actual_worker_public_claim_check_rejects_rehashed_invalid_reference) ... ok
test_current_custody_join_reaches_strict_versioned_finalizer (test_radio_native_v3_successor.SuccessorIntegrationTests.test_current_custody_join_reaches_strict_versioned_finalizer) ... ok
test_every_selected_material_and_bootstrap_pin_matches (test_radio_native_v3_successor.SuccessorIntegrationTests.test_every_selected_material_and_bootstrap_pin_matches) ... ok
test_fixed_e_identities_and_existing_tombstones_agree (test_radio_native_v3_successor.SuccessorIntegrationTests.test_fixed_e_identities_and_existing_tombstones_agree) ... ok
test_launcher_keeps_cold_preflight_before_guard_module_loading (test_radio_native_v3_successor.SuccessorIntegrationTests.test_launcher_keeps_cold_preflight_before_guard_module_loading) ... ok
test_missing_public_claim_stops_before_scope_journal_or_dispatch (test_radio_native_v3_successor.SuccessorIntegrationTests.test_missing_public_claim_stops_before_scope_journal_or_dispatch) ... ok
test_new_derived_source_domain_and_source_guards_compile_without_execution (test_radio_native_v3_successor.SuccessorIntegrationTests.test_new_derived_source_domain_and_source_guards_compile_without_execution) ... ok
test_unchanged_numerical_limits_and_scientific_gates (test_radio_native_v3_successor.SuccessorIntegrationTests.test_unchanged_numerical_limits_and_scientific_gates) ... ok

----------------------------------------------------------------------
Ran 53 tests in 0.605s

OK
