{
  "stage": "LS8BA_2MASSJ11285624_TWO_VISIT_L2_SCREEN",
  "status": "COMPLETE_UNAUDITED",
  "evaluation_freeze_commit": "b3bc02afda0e468e8ebb6b78c53c748823d9fdc7",
  "target": "2MASS J11285624+1010395",
  "selected_keys": [
    "CH_PR100018_TG010801_V0300",
    "CH_PR100018_TG010802_V0300"
  ],
  "method": "unchanged pinned LS8K flux-centered DEFAULT-L2 scorer and signed clustering",
  "sideband_rows_each_side": 12,
  "guard_rows": 2,
  "durations_rows": [
    1,
    2,
    3
  ],
  "screen_threshold": 8.5,
  "visits": [
    {
      "file_key": "CH_PR100018_TG010801_V0300",
      "rows": 59,
      "status_zero_finite_rows": 59,
      "cadence_seconds": 60.0,
      "eligible_windows": 90,
      "duration_results": [
        {
          "duration_rows": 1,
          "duration_seconds": 60.0,
          "eligible_windows": 31,
          "positive_windows": 1,
          "negative_windows": 1,
          "maximum_score": 65.27745565007069,
          "minimum_score": -35.043142304664585
        },
        {
          "duration_rows": 2,
          "duration_seconds": 120.0,
          "eligible_windows": 30,
          "positive_windows": 2,
          "negative_windows": 1,
          "maximum_score": 42.563804886925,
          "minimum_score": -17.032806082600995
        },
        {
          "duration_rows": 3,
          "duration_seconds": 180.0,
          "eligible_windows": 29,
          "positive_windows": 3,
          "negative_windows": 1,
          "maximum_score": 38.095176076436466,
          "minimum_score": -10.66636791880643
        }
      ],
      "positive_windows": 6,
      "negative_windows": 3,
      "positive_clusters": 1,
      "negative_clusters": 1,
      "maximum_score": 65.27745565007069,
      "minimum_score": -35.043142304664585,
      "unique_event_rows": 31,
      "eligible_event_row_union_seconds": 1860.0
    },
    {
      "file_key": "CH_PR100018_TG010802_V0300",
      "rows": 38,
      "status_zero_finite_rows": 36,
      "cadence_seconds": 60.0,
      "eligible_windows": 0,
      "duration_results": [
        {
          "duration_rows": 1,
          "duration_seconds": 60.0,
          "eligible_windows": 0,
          "positive_windows": 0,
          "negative_windows": 0,
          "maximum_score": null,
          "minimum_score": null
        },
        {
          "duration_rows": 2,
          "duration_seconds": 120.0,
          "eligible_windows": 0,
          "positive_windows": 0,
          "negative_windows": 0,
          "maximum_score": null,
          "minimum_score": null
        },
        {
          "duration_rows": 3,
          "duration_seconds": 180.0,
          "eligible_windows": 0,
          "positive_windows": 0,
          "negative_windows": 0,
          "maximum_score": null,
          "minimum_score": null
        }
      ],
      "positive_windows": 0,
      "negative_windows": 0,
      "positive_clusters": 0,
      "negative_clusters": 0,
      "maximum_score": null,
      "minimum_score": null,
      "unique_event_rows": 0,
      "eligible_event_row_union_seconds": 0.0
    }
  ],
  "totals": {
    "rows": 97,
    "eligible_windows": 90,
    "positive_windows": 6,
    "negative_windows": 3,
    "positive_clusters": 1,
    "negative_clusters": 1,
    "science_table_bytes": 13386
  },
  "other_apertures_opened": false,
  "image_bytes_acquired": 0,
  "raw_imagettes_opened": false,
  "detector_qualified": false,
  "candidate_claims": 0,
  "interpretation": "Independent rank-21 two-visit L2 screen; signed endpoints are not Gaussian significances."
}
