{
  "status": "PASS",
  "method": "independent big-endian struct decoder and flux-centered scalar normal equations",
  "frozen_tolerances": {
    "relative": 2e-08,
    "absolute": 2e-10
  },
  "numeric_disagreements": [],
  "visits": [
    {
      "file_key": "CH_PR100018_TG010801_V0300",
      "status": "PASS",
      "raw_rows": 59,
      "enumerated_windows": 174,
      "eligible_windows": 90,
      "numeric_and_discrete_comparisons": 1080,
      "numeric_disagreements": 0,
      "maximum_absolute_differences": {
        "score": 4.263256414560601e-14,
        "excess_electrons": 3.637978807091713e-11,
        "sigma_electrons": 2.9103830456733704e-11,
        "denominator_electrons": 4.9112713895738125e-11,
        "baseline_event_sum_electrons": 0.0,
        "leverage": 1.6653345369377348e-16
      },
      "signed_clusters_counts_and_summaries_verified": true
    },
    {
      "file_key": "CH_PR100018_TG010802_V0300",
      "status": "PASS",
      "raw_rows": 38,
      "enumerated_windows": 111,
      "eligible_windows": 0,
      "numeric_and_discrete_comparisons": 0,
      "numeric_disagreements": 0,
      "maximum_absolute_differences": {
        "score": 0.0,
        "excess_electrons": 0.0,
        "sigma_electrons": 0.0,
        "denominator_electrons": 0.0,
        "baseline_event_sum_electrons": 0.0,
        "leverage": 0.0
      },
      "signed_clusters_counts_and_summaries_verified": true
    }
  ],
  "numeric_and_discrete_comparisons": 1080
}
