Archived retained mock case 0
Archived retained mock case 1
{
  "cases": [
    {
      "case_index": 0,
      "case_identity": "7dcf1eec52e3d87cf713a5de296474a5fd32dd77210db600758a2cad9aaeec7d",
      "maximum": {
        "kind": "finite",
        "schema": "radio-empty-aware-maximum-v1",
        "value": 7.166114330291748
      },
      "eligible_cells": 104,
      "source_ids": {
        "epoch1_off": "fcaee6a8c8570a0bcf67793859a6d085137eef6c6fa276083bb99597fc0c3fbd",
        "epoch1_on": "307ae52249424051d848839233dbb31c4a6b9173200cf7722e876570b623dafd",
        "epoch2_off": "13b5620571dfd3f10b6f9e2862b964d419ea7b1e810830caa0cf10eebc50e250",
        "epoch2_on": "38d010042b4e3006ba446cd8874bd60f2186c4fa87dff1f09e654d33925902f7",
        "epoch3_off": "c254003f63d40a2e7795d904847e3a524102895092afc5a7927b251f103d12fd",
        "epoch3_on": "6dbcff5b35f52ff1fbb6d3e84885982c96857d002a2b965c8a3053af728619e2"
      },
      "cache_receipts": 48,
      "score_vectors": 1296,
      "score_cells": 384912,
      "modelled_array_bytes": 53366656
    },
    {
      "case_index": 1,
      "case_identity": "3e7cfb339e09e7f4b5ab585c910214a86af4fb6c81e20aaeb3dd7ed01675b7c3",
      "maximum": {
        "kind": "finite",
        "schema": "radio-empty-aware-maximum-v1",
        "value": 297.71307373046875
      },
      "eligible_cells": 6393,
      "source_ids": {
        "epoch1_off": "d206f1319cf7265a8bb2628359099b862de681dc5b93231befa1fb1212647aa5",
        "epoch1_on": "da9b9437401509e27df913309691693242fdfb930b638ad268cf3d9f24e4abb2",
        "epoch2_off": "6f7bd496f12869591feb5d92a309b042116fa2abe416333e67d2ef18035b15c6",
        "epoch2_on": "6c7a91394e501ea64540e0d669797755fd5afbcf4027b58b22d4ebed573adbc6",
        "epoch3_off": "bf5c41f4e2db2426c3e7a6cd420bea6121c8b794351cb5679132ed8050bfb0fb",
        "epoch3_on": "24a5cc7c89c5d24870b11473ca8ff519356c2d22c2108e09e7bf095fd799aff4"
      },
      "cache_receipts": 48,
      "score_vectors": 1296,
      "score_cells": 384912,
      "modelled_array_bytes": 53366656
    }
  ],
  "active_seconds": 9.00171487300031
}
