{
  "schema": "radio-whole-cadence-journal-postflight-v1",
  "status": "VERIFIED_FOR_PUBLICATION",
  "distinct_new_tests": 51,
  "existing_regression_tests_not_counted_as_new": 14,
  "additional_repeated_final_guard_checks": 2,
  "crash_boundaries": 6,
  "actual_process_crash_exits": 5,
  "native_score_computations": 2,
  "native_sources_preserved": 12,
  "native_caches_preserved": 96,
  "score_vectors_preserved": 2592,
  "normalized_source_values_preserved": 12582912,
  "score_values_preserved": 769824,
  "case_consumption_reservations_not_refunded": true,
  "new_scientific_allocations": 0,
  "proposed_case_values": 0,
  "new_source_requests": 0,
  "new_telescope_values": 0,
  "remote_scientific_adapter_qualified": false,
  "actual_gaussian_success_path_qualified": false,
  "full_native_physical_gate_chain_qualified": false,
  "scientific_proposal_status": "PROPOSED_NOT_ACTIVATED",
  "old_attempts_reopened": false,
  "preparation_contracts_changed": false,
  "external_messages": 0,
  "plan_extended": false,
  "retained_evidence_bytes_at_postflight": 4242592,
  "postflight_seconds": 0.4309759899997516,
  "peak_process_rss_bytes": 79495168
}
