test_attempt_failed_cannot_move_to_next_case (test_radio_whole_cadence_journal.JournalTests.test_attempt_failed_cannot_move_to_next_case) ... ok
test_cas_conflict_does_not_overwrite_newer_revision (test_radio_whole_cadence_journal.JournalTests.test_cas_conflict_does_not_overwrite_newer_revision) ... ok
test_changed_plan_does_not_consume (test_radio_whole_cadence_journal.JournalTests.test_changed_plan_does_not_consume) ... ok
test_clock_limit_blocks_completion (test_radio_whole_cadence_journal.JournalTests.test_clock_limit_blocks_completion) ... ok
test_cumulative_evidence_reservations_never_refunded (test_radio_whole_cadence_journal.JournalTests.test_cumulative_evidence_reservations_never_refunded) ... ok
test_cumulative_time_reservations_never_refunded (test_radio_whole_cadence_journal.JournalTests.test_cumulative_time_reservations_never_refunded) ... ok
test_duplicate_consumption_stops_before_local_directory (test_radio_whole_cadence_journal.JournalTests.test_duplicate_consumption_stops_before_local_directory) ... ok
test_engineering_lease_rejected_before_proposed_generator (test_radio_whole_cadence_journal.JournalTests.test_engineering_lease_rejected_before_proposed_generator) ... ok
test_failed_local_directory_still_consumes (test_radio_whole_cadence_journal.JournalTests.test_failed_local_directory_still_consumes) ... ok
test_finish_missing_required_artifact_rejected (test_radio_whole_cadence_journal.JournalTests.test_finish_missing_required_artifact_rejected) ... ok
test_finished_lease_cannot_restart (test_radio_whole_cadence_journal.JournalTests.test_finished_lease_cannot_restart) ... ok
test_incomplete_archive_is_readonly_and_not_empty (test_radio_whole_cadence_journal.JournalTests.test_incomplete_archive_is_readonly_and_not_empty) ... ok
test_independent_manifest_checkpoint_required (test_radio_whole_cadence_journal.JournalTests.test_independent_manifest_checkpoint_required) ... ok
test_local_store_cannot_be_scientific_authority (test_radio_whole_cadence_journal.JournalTests.test_local_store_cannot_be_scientific_authority) ... ok
test_missing_completed_artifact_rejected (test_radio_whole_cadence_journal.JournalTests.test_missing_completed_artifact_rejected) ... ok
test_mutated_chain_fails_even_with_new_document_digest (test_radio_whole_cadence_journal.JournalTests.test_mutated_chain_fails_even_with_new_document_digest) ... ok
test_no_artifact_overwrite (test_radio_whole_cadence_journal.JournalTests.test_no_artifact_overwrite) ... ok
test_order_cannot_skip_first_case (test_radio_whole_cadence_journal.JournalTests.test_order_cannot_skip_first_case) ... ok
test_partial_unregistered_write_never_completes (test_radio_whole_cadence_journal.JournalTests.test_partial_unregistered_write_never_completes) ... ok
test_path_escape_rejected (test_radio_whole_cadence_journal.JournalTests.test_path_escape_rejected) ... ok
test_registered_artifact_corruption_rejected (test_radio_whole_cadence_journal.JournalTests.test_registered_artifact_corruption_rejected) ... ok
test_regressed_clock_rejected (test_radio_whole_cadence_journal.JournalTests.test_regressed_clock_rejected) ... ok
test_remote_ambiguity_after_publish_never_returns_permission (test_radio_whole_cadence_journal.JournalTests.test_remote_ambiguity_after_publish_never_returns_permission) ... ok
test_rss_and_modelled_memory_caps (test_radio_whole_cadence_journal.JournalTests.test_rss_and_modelled_memory_caps) ... ok
test_single_case_bytes_capped_before_write (test_radio_whole_cadence_journal.JournalTests.test_single_case_bytes_capped_before_write) ... ok
test_stale_revision_rejected (test_radio_whole_cadence_journal.JournalTests.test_stale_revision_rejected) ... ok
test_successful_archive_restores_readonly (test_radio_whole_cadence_journal.JournalTests.test_successful_archive_restores_readonly) ... ok
test_symlink_artifact_is_not_an_archive (test_radio_whole_cadence_journal.JournalTests.test_symlink_artifact_is_not_an_archive) ... ok
test_torn_head_is_not_repaired (test_radio_whole_cadence_journal.JournalTests.test_torn_head_is_not_repaired) ... ok
test_wrong_readback_never_returns_permission (test_radio_whole_cadence_journal.JournalTests.test_wrong_readback_never_returns_permission) ... ok

----------------------------------------------------------------------
Ran 30 tests in 0.161s

OK
