Audited outside-pixel operators and motion geometry: 100/594
Audited outside-pixel operators and motion geometry: 200/594
Audited outside-pixel operators and motion geometry: 300/594
Audited outside-pixel operators and motion geometry: 400/594
Audited outside-pixel operators and motion geometry: 500/594
Audited actual cubes and protected/mismatched pulse response: 1500/9480
Audited actual cubes and protected/mismatched pulse response: 3000/9480
Audited actual cubes and protected/mismatched pulse response: 4500/9480
Audited actual cubes and protected/mismatched pulse response: 6000/9480
Audited actual cubes and protected/mismatched pulse response: 7500/9480
Audited actual cubes and protected/mismatched pulse response: 9000/9480
{
  "passed": true,
  "raw_auxiliary_review": {
    "passed": true,
    "raw_products": 2,
    "context_rows": 8020,
    "auxiliary_values_checked": 96240
  },
  "native_windows": 420,
  "response_rows": 9480,
  "new_full_stamp_rows": 2400,
  "protected_operator_frames": 594,
  "joint_unit_input_columns": 60312,
  "independent_geometry": "scalar bilinear shifts and explicit Gaussian kernels",
  "independent_operator": "simultaneous source and plane least squares on every unit input",
  "maximum_errors": {
    "reference": 0,
    "local_sigma": 0,
    "native_delta": 0,
    "native_event_image": 0,
    "outside_noise": 0,
    "noise_floor": 0,
    "protected_profiles": 0,
    "protected_singular_values": 0,
    "plane_singular_values": 0,
    "plane_condition": 0,
    "joint_operator": 5.204170427930421e-16,
    "basis_gain": 2.220446049250313e-16,
    "basis_relative_distortion": 6.48378179543248e-17,
    "motion_image": 2.7284841053187847e-12,
    "motion_yx": 0,
    "native_response": 0,
    "native_energy": 1.6129320101754274e-12,
    "native_correction": 2.7284841053187847e-12,
    "native_coefficients": 2.6798008256889716e-14,
    "reused_static_energy": 6.821210263296962e-13,
    "injection_footprint": 8.326672684688674e-17,
    "outside_flux_ratio": 1.1102230246251565e-16,
    "signal_addition": 3.637978807091713e-12,
    "residual_addition": 0,
    "observed_event": 3.637978807091713e-12,
    "pulse_transfer": 3.637978807091713e-12,
    "whole_transfer": 3.637978807091713e-12,
    "response_gain": 2.684018655005952e-15,
    "response_relative_distortion": 2.7755575615628914e-15,
    "direct_case_coefficients": 5.400124791776761e-13,
    "proxy_centroid_shift": 5.329070518200751e-15,
    "sector_energy": 0,
    "sector_baseline": 0,
    "sector_ratio": 0,
    "background_energy": 0,
    "background_baseline": 0,
    "background_ratio": 0,
    "maximum_distortion": 0,
    "minimum_gain": 0,
    "maximum_gain": 0,
    "basis_maximum": 0
  },
  "feasibility_pass": false,
  "prior_input_and_baseline_audits_reused_by_hash": true
}
