test_actual_tiny_child_stdout_stderr_and_full_wait4_peak (tests.test_radio_native_v2_compact_control_launch.FiniteChildObservationTests.test_actual_tiny_child_stdout_stderr_and_full_wait4_peak) ... ok
test_inherited_pipe_cannot_extend_deadline_or_recycle_root_before_kill (tests.test_radio_native_v2_compact_control_launch.FiniteChildObservationTests.test_inherited_pipe_cannot_extend_deadline_or_recycle_root_before_kill) ... ok
test_nonzero_exit_is_retained_as_failed_evidence (tests.test_radio_native_v2_compact_control_launch.FiniteChildObservationTests.test_nonzero_exit_is_retained_as_failed_evidence) ... ok
test_original_deadline_kills_and_reaps_tiny_child (tests.test_radio_native_v2_compact_control_launch.FiniteChildObservationTests.test_original_deadline_kills_and_reaps_tiny_child) ... ok
test_selector_setup_failure_still_kills_reaps_and_closes_child_pipes (tests.test_radio_native_v2_compact_control_launch.FiniteChildObservationTests.test_selector_setup_failure_still_kills_reaps_and_closes_child_pipes) ... ok
test_stdout_and_stderr_caps_are_distinct_and_never_silently_truncate (tests.test_radio_native_v2_compact_control_launch.FiniteChildObservationTests.test_stdout_and_stderr_caps_are_distinct_and_never_silently_truncate) ... ok
test_actual_no_site_numpy_import_uses_runtime_derived_pinned_sources (tests.test_radio_native_v2_compact_control_launch.FixedConfigAndSourcePreflightTests.test_actual_no_site_numpy_import_uses_runtime_derived_pinned_sources) ... ok
test_bootstrap_source_pin_cannot_be_selected_by_supplied_plan (tests.test_radio_native_v2_compact_control_launch.FixedConfigAndSourcePreflightTests.test_bootstrap_source_pin_cannot_be_selected_by_supplied_plan) ... ok
test_cli_rejects_path_overrides_extra_interpreter_flags_and_missing_digest (tests.test_radio_native_v2_compact_control_launch.FixedConfigAndSourcePreflightTests.test_cli_rejects_path_overrides_extra_interpreter_flags_and_missing_digest) ... ok
test_fixed_config_exact_pin_and_canonical_bytes (tests.test_radio_native_v2_compact_control_launch.FixedConfigAndSourcePreflightTests.test_fixed_config_exact_pin_and_canonical_bytes) ... ok
test_pinned_source_import_ignores_forged_cached_bytecode (tests.test_radio_native_v2_compact_control_launch.FixedConfigAndSourcePreflightTests.test_pinned_source_import_ignores_forged_cached_bytecode) ... ok
test_preflight_refuses_false_isolation_before_importing_any_auditor (tests.test_radio_native_v2_compact_control_launch.FixedConfigAndSourcePreflightTests.test_preflight_refuses_false_isolation_before_importing_any_auditor) ... ok
test_scope_input_aliases_and_extra_config_keys_refuse (tests.test_radio_native_v2_compact_control_launch.FixedConfigAndSourcePreflightTests.test_scope_input_aliases_and_extra_config_keys_refuse) ... ok
test_monotonic_anchor_rejects_future_or_fabricated_values (tests.test_radio_native_v2_compact_control_launch.TinyLauncherIntegrationTests.test_monotonic_anchor_rejects_future_or_fabricated_values) ... ok
test_postscope_failures_retain_closed_endpoint_without_retry_or_overwrite (tests.test_radio_native_v2_compact_control_launch.TinyLauncherIntegrationTests.test_postscope_failures_retain_closed_endpoint_without_retry_or_overwrite) ... ok
test_preflight_refusal_launches_nothing_and_invents_no_scope (tests.test_radio_native_v2_compact_control_launch.TinyLauncherIntegrationTests.test_preflight_refusal_launches_nothing_and_invents_no_scope) ... ok
test_reused_scope_and_second_process_entry_are_refused_before_any_audit (tests.test_radio_native_v2_compact_control_launch.TinyLauncherIntegrationTests.test_reused_scope_and_second_process_entry_are_refused_before_any_audit) ... ok
test_tiny_join_replays_before_metadata_transition_then_charges_new_files_and_ledger (tests.test_radio_native_v2_compact_control_launch.TinyLauncherIntegrationTests.test_tiny_join_replays_before_metadata_transition_then_charges_new_files_and_ledger) ... ok

----------------------------------------------------------------------
Ran 18 tests in 1.035s

OK
