legacy calibration exactly replayed
neighbor2 calibration exactly replayed
neighbor9 calibration exactly replayed
epoch1_on: eight native caches and all cropped baseline scores exact
epoch2_on: eight native caches and all cropped baseline scores exact
epoch3_on: eight native caches and all cropped baseline scores exact
Three baseline replays exact
1/30 case 8 both: {'legacy': 531, 'neighbor2': 709, 'neighbor9': 791}
2/30 case 8 first: {'legacy': 0, 'neighbor2': 41, 'neighbor9': 41}
3/30 case 8 second: {'legacy': 239, 'neighbor2': 280, 'neighbor9': 298}
4/30 case 17 both: {'legacy': 22, 'neighbor2': 79, 'neighbor9': 79}
5/30 case 17 first: {'legacy': 0, 'neighbor2': 33, 'neighbor9': 33}
6/30 case 17 second: {'legacy': 0, 'neighbor2': 0, 'neighbor9': 0}
7/30 case 26 both: {'legacy': 343, 'neighbor2': 401, 'neighbor9': 533}
8/30 case 26 first: {'legacy': 0, 'neighbor2': 36, 'neighbor9': 36}
9/30 case 26 second: {'legacy': 152, 'neighbor2': 186, 'neighbor9': 283}
10/30 case 35 both: {'legacy': 51, 'neighbor2': 102, 'neighbor9': 137}
11/30 case 35 first: {'legacy': 9, 'neighbor2': 60, 'neighbor9': 60}
12/30 case 35 second: {'legacy': 4, 'neighbor2': 9, 'neighbor9': 25}
13/30 case 44 both: {'legacy': 59, 'neighbor2': 89, 'neighbor9': 175}
14/30 case 44 first: {'legacy': 44, 'neighbor2': 44, 'neighbor9': 44}
15/30 case 44 second: {'legacy': 0, 'neighbor2': 0, 'neighbor9': 1}
16/30 case 53 both: {'legacy': 23, 'neighbor2': 80, 'neighbor9': 80}
17/30 case 53 first: {'legacy': 0, 'neighbor2': 34, 'neighbor9': 34}
18/30 case 53 second: {'legacy': 0, 'neighbor2': 0, 'neighbor9': 0}
19/30 case 61 both: {'legacy': 3, 'neighbor2': 3, 'neighbor9': 3}
20/30 case 61 first: {'legacy': 155, 'neighbor2': 155, 'neighbor9': 155}
21/30 case 61 second: {'legacy': 0, 'neighbor2': 0, 'neighbor9': 0}
22/30 case 62 both: {'legacy': 405, 'neighbor2': 417, 'neighbor9': 527}
23/30 case 62 first: {'legacy': 157, 'neighbor2': 157, 'neighbor9': 157}
24/30 case 62 second: {'legacy': 101, 'neighbor2': 124, 'neighbor9': 185}
25/30 case 69 both: {'legacy': 0, 'neighbor2': 0, 'neighbor9': 1}
26/30 case 69 first: {'legacy': 0, 'neighbor2': 0, 'neighbor9': 0}
27/30 case 69 second: {'legacy': 0, 'neighbor2': 0, 'neighbor9': 0}
28/30 case 71 both: {'legacy': 325, 'neighbor2': 325, 'neighbor9': 388}
29/30 case 71 first: {'legacy': 179, 'neighbor2': 179, 'neighbor9': 179}
30/30 case 71 second: {'legacy': 0, 'neighbor2': 0, 'neighbor9': 0}
M43V COMPLETE
