{
  "status": "PASS",
  "source_result_commit": "0031edaebfcb221bd9b381fb524ace39d3f91342",
  "source_manifest_entries_verified": 31,
  "payload_receipts": [
    {
      "path": "results_ls8bb_images/TG010801_P0/SCI_CAL_SubArray.bin.gz",
      "packed_sha256": "d0577402e4b2534c2a5637750a64438a7ddcc3c95c6d5886383d7eb39c82bff1",
      "raw_sha256": "3e7245443050c0756688a9efc0ca4705563d1029a570eda6166c6f024a56bcef",
      "raw_bytes": 9280000,
      "status": "PASS"
    },
    {
      "path": "results_ls8bb_images/TG010801_N0/SCI_CAL_SubArray.bin.gz",
      "packed_sha256": "239c1be9f2894cfdf3df70159dc1da7fdbc640da722fe0b65ba5e60c8f26f79e",
      "raw_sha256": "353a2bc05cbed129caf259c43130a2b7f4beb2ef2e926ef4e7a89ed07bcffe94",
      "raw_bytes": 9280000,
      "status": "PASS"
    },
    {
      "path": "results_ls8bb_images/TG010801_P0/SCI_COR_SubArray.bin.gz",
      "packed_sha256": "54476af81677d9d28d283dcc95aead2d4923be2a120eec6b3f6bbfcc99696119",
      "raw_sha256": "292915926d4faeee06daffe888b355dfb25604dfd5335d5256eb8bc7135b167a",
      "raw_bytes": 9280000,
      "status": "PASS"
    },
    {
      "path": "results_ls8bb_images/TG010801_N0/SCI_COR_SubArray.bin.gz",
      "packed_sha256": "aebafeb004281e759a1c1f0db62520117ca28c8aee6a6ab61f25ca4edd7095fd",
      "raw_sha256": "90b486c7d5105803aab928f790edb3c6833d65bbbe3045f4a423c1f8b78b9cf9",
      "raw_bytes": 9280000,
      "status": "PASS"
    },
    {
      "path": "results_ls8bb_images/TG010801_P0/SMEAR.bin.gz",
      "packed_sha256": "0b9f71165d1b2519b739818d3b54344093230a737f61c0cf747c125de4c374ee",
      "raw_sha256": "a52debb614c52534b4ee23bf3622efd2b5e2a12985de85d322a1b39a88426e80",
      "raw_bytes": 46400,
      "status": "PASS"
    },
    {
      "path": "results_ls8bb_images/TG010801_N0/SMEAR.bin.gz",
      "packed_sha256": "0b9f71165d1b2519b739818d3b54344093230a737f61c0cf747c125de4c374ee",
      "raw_sha256": "a52debb614c52534b4ee23bf3622efd2b5e2a12985de85d322a1b39a88426e80",
      "raw_bytes": 46400,
      "status": "PASS"
    }
  ],
  "exact_overlap_checks": [
    {
      "kind": "SCI_CAL_SubArray",
      "shared_rows": 28,
      "shared_bytes": 8960000,
      "shared_sha256": "297819851797e48182dda00f69b97c55b1ca7d6f31949effddba7d77dff2f552",
      "distinct_union_rows": 30,
      "distinct_union_bytes": 9600000,
      "byte_exact": true
    },
    {
      "kind": "SCI_COR_SubArray",
      "shared_rows": 28,
      "shared_bytes": 8960000,
      "shared_sha256": "34f9da505b07717683a696712d3aa40b9cf5f731f9f669e7c1ae8955ff319e09",
      "distinct_union_rows": 30,
      "distinct_union_bytes": 9600000,
      "byte_exact": true
    },
    {
      "kind": "SMEAR",
      "shared_rows": 28,
      "shared_bytes": 44800,
      "shared_sha256": "83e3a378d982f2eb58920deabe073501dcd8bca293224e4639d6a7094e8e16c7",
      "distinct_union_rows": 30,
      "distinct_union_bytes": 48000,
      "byte_exact": true
    }
  ],
  "new_archive_bytes": 0,
  "native_fits_repeated": false,
  "original_labels_unchanged": {
    "TG010801_P0": "CORRECTION_LINKED",
    "TG010801_N0": "CORRECTION_LINKED"
  },
  "overview": "Same retained maps, signs, scales per event, centers and apertures; layout only."
}
