test_actual_public_commit_tool_envelope_decodes_without_http_inference (test_radio_connector.ConnectorTests.test_actual_public_commit_tool_envelope_decodes_without_http_inference) ... ok
test_all_phase_debits_exhaust_total_without_quota_refund (test_radio_connector.ConnectorTests.test_all_phase_debits_exhaust_total_without_quota_refund) ... ok
test_ambiguous_and_text_only_envelopes_fail_closed (test_radio_connector.ConnectorTests.test_ambiguous_and_text_only_envelopes_fail_closed) ... ok
test_bootstrap_restart_trace_can_exceed_entire_contract_cap (test_radio_connector.ConnectorTests.test_bootstrap_restart_trace_can_exceed_entire_contract_cap) ... ok
test_bootstrap_restart_trace_exceeds_initialization_cap_with_no_remote_record (test_radio_connector.ConnectorTests.test_bootstrap_restart_trace_exceeds_initialization_cap_with_no_remote_record) ... ok
test_conflicting_nested_get_content_and_duplicate_json_are_refused (test_radio_connector.ConnectorTests.test_conflicting_nested_get_content_and_duplicate_json_are_refused) ... ok
test_error_envelope_after_successful_update_is_uncertain_and_spent (test_radio_connector.ConnectorTests.test_error_envelope_after_successful_update_is_uncertain_and_spent) ... ok
test_false_positive_update_ack_does_not_confirm_unlanded_commit (test_radio_connector.ConnectorTests.test_false_positive_update_ack_does_not_confirm_unlanded_commit) ... ok
test_independent_admission_occurs_before_connector (test_radio_connector.ConnectorTests.test_independent_admission_occurs_before_connector) ... ok
test_independent_authority_rejects_two_competing_phase_owners (test_radio_connector.ConnectorTests.test_independent_authority_rejects_two_competing_phase_owners) ... ok
test_minimal_ref_ack_is_not_fabricated_reference_proof (test_radio_connector.ConnectorTests.test_minimal_ref_ack_is_not_fabricated_reference_proof) ... ok
test_phase_budget_is_not_reset_by_repeated_read_operations (test_radio_connector.ConnectorTests.test_phase_budget_is_not_reset_by_repeated_read_operations) ... ok
test_scope_mismatch_and_live_fixture_spoofing_are_refused (test_radio_connector.ConnectorTests.test_scope_mismatch_and_live_fixture_spoofing_are_refused) ... ok
test_semantic_veto_revokes_phase_before_rebinding_a_fresh_client (test_radio_connector.ConnectorTests.test_semantic_veto_revokes_phase_before_rebinding_a_fresh_client) ... FAIL
test_serialized_grant_does_not_restore_owner_channel (test_radio_connector.ConnectorTests.test_serialized_grant_does_not_restore_owner_channel) ... ok
test_single_entry_and_ancestry_guards_survive_typed_conversion (test_radio_connector.ConnectorTests.test_single_entry_and_ancestry_guards_survive_typed_conversion) ... ok
test_two_normal_reads_and_append_share_one_phase_budget (test_radio_connector.ConnectorTests.test_two_normal_reads_and_append_share_one_phase_budget) ... ok
test_uncertain_write_recovered_readonly_after_client_state_loss (test_radio_connector.ConnectorTests.test_uncertain_write_recovered_readonly_after_client_state_loss) ... ok
test_unique_attempt_message_must_survive_tool_conversion (test_radio_connector.ConnectorTests.test_unique_attempt_message_must_survive_tool_conversion) ... ok
test_wrong_sole_parent_after_connector_conversion_prevents_ref_update (test_radio_connector.ConnectorTests.test_wrong_sole_parent_after_connector_conversion_prevents_ref_update) ... ok

======================================================================
FAIL: test_semantic_veto_revokes_phase_before_rebinding_a_fresh_client (test_radio_connector.ConnectorTests.test_semantic_veto_revokes_phase_before_rebinding_a_fresh_client)
----------------------------------------------------------------------
Traceback (most recent call last):
  File "/workspace/scratch/ad45775dff93/setisearch/tests/test_radio_connector.py", line 190, in test_semantic_veto_revokes_phase_before_rebinding_a_fresh_client
    with self.assertRaises(PublicationStopped): rebound.read()
         ^^^^^^^^^^^^^^^^^^^^^^^^^^^^^^^^^^^^^
AssertionError: PublicationStopped not raised

----------------------------------------------------------------------
Ran 20 tests in 2.622s

FAILED (failures=1)
