{
  "status": "PASS",
  "method": "independent big-endian struct decoder and flux-centered scalar normal equations",
  "frozen_tolerances": {
    "relative": 2e-08,
    "absolute": 2e-10
  },
  "numeric_disagreements": [],
  "visits": [
    {
      "file_key": "CH_PR100002_TG009301_V0300",
      "status": "PASS",
      "raw_rows": 98,
      "enumerated_windows": 291,
      "eligible_windows": 21,
      "numeric_and_discrete_comparisons": 252,
      "numeric_disagreements": 0,
      "maximum_absolute_differences": {
        "score": 5.329070518200751e-15,
        "excess_electrons": 2.9103830456733704e-11,
        "sigma_electrons": 3.637978807091713e-11,
        "denominator_electrons": 5.4569682106375694e-11,
        "baseline_event_sum_electrons": 0.0,
        "leverage": 1.1102230246251565e-16
      },
      "signed_clusters_counts_and_summaries_verified": true
    },
    {
      "file_key": "CH_PR100002_TG009302_V0300",
      "status": "PASS",
      "raw_rows": 114,
      "enumerated_windows": 339,
      "eligible_windows": 102,
      "numeric_and_discrete_comparisons": 1224,
      "numeric_disagreements": 0,
      "maximum_absolute_differences": {
        "score": 2.4868995751603507e-14,
        "excess_electrons": 5.820766091346741e-11,
        "sigma_electrons": 8.003553375601768e-11,
        "denominator_electrons": 8.003553375601768e-11,
        "baseline_event_sum_electrons": 2.3283064365386963e-10,
        "leverage": 1.6653345369377348e-16
      },
      "signed_clusters_counts_and_summaries_verified": true
    }
  ],
  "numeric_and_discrete_comparisons": 1476
}
