{
  "source_result": "b46a117e5ebb9782d0a6afa4c802defb59e4be6b01ef6a3800f0c43aa14400aa",
  "epoch_groups": [
    {
      "policy": "epoch_confirmation",
      "active_epoch_count": 2,
      "signal_cases": 120,
      "control_cases": 72,
      "reference_signal_associations": 102,
      "policy_signal_associations": 99,
      "reference_leaking_controls": 19,
      "policy_leaking_controls": 4
    },
    {
      "policy": "epoch_confirmation",
      "active_epoch_count": 3,
      "signal_cases": 40,
      "control_cases": 24,
      "reference_signal_associations": 35,
      "policy_signal_associations": 33,
      "reference_leaking_controls": 9,
      "policy_leaking_controls": 2
    },
    {
      "policy": "remaining_aggregate",
      "active_epoch_count": 2,
      "signal_cases": 120,
      "control_cases": 72,
      "reference_signal_associations": 102,
      "policy_signal_associations": 99,
      "reference_leaking_controls": 19,
      "policy_leaking_controls": 4
    },
    {
      "policy": "remaining_aggregate",
      "active_epoch_count": 3,
      "signal_cases": 40,
      "control_cases": 24,
      "reference_signal_associations": 35,
      "policy_signal_associations": 35,
      "reference_leaking_controls": 9,
      "policy_leaking_controls": 2
    }
  ],
  "aggregate_vs_hard_changed_cases": [
    {
      "case_index": 9,
      "case_type": "combined-equal",
      "strength": 40.0,
      "score_index": 1280,
      "local_template": 0,
      "active_epochs": [
        0,
        1
      ],
      "injection_active_epoch_count": 2,
      "signal_present": true,
      "hard_associated": true,
      "aggregate_associated": true,
      "hard_members": 65,
      "aggregate_members": 68
    },
    {
      "case_index": 11,
      "case_type": "mixed-equal",
      "strength": 40.0,
      "score_index": 1280,
      "local_template": 0,
      "active_epochs": [
        0,
        1
      ],
      "injection_active_epoch_count": 2,
      "signal_present": true,
      "hard_associated": true,
      "aggregate_associated": true,
      "hard_members": 39,
      "aggregate_members": 120
    },
    {
      "case_index": 12,
      "case_type": "mixed-unequal",
      "strength": 40.0,
      "score_index": 1280,
      "local_template": 0,
      "active_epochs": [
        0,
        1
      ],
      "injection_active_epoch_count": 2,
      "signal_present": true,
      "hard_associated": true,
      "aggregate_associated": true,
      "hard_members": 30,
      "aggregate_members": 40
    },
    {
      "case_index": 75,
      "case_type": "mixed-equal",
      "strength": 40.0,
      "score_index": 1280,
      "local_template": 0,
      "active_epochs": [
        1,
        2
      ],
      "injection_active_epoch_count": 2,
      "signal_present": true,
      "hard_associated": true,
      "aggregate_associated": true,
      "hard_members": 68,
      "aggregate_members": 71
    },
    {
      "case_index": 76,
      "case_type": "mixed-unequal",
      "strength": 40.0,
      "score_index": 1280,
      "local_template": 0,
      "active_epochs": [
        1,
        2
      ],
      "injection_active_epoch_count": 2,
      "signal_present": true,
      "hard_associated": true,
      "aggregate_associated": true,
      "hard_members": 42,
      "aggregate_members": 45
    },
    {
      "case_index": 96,
      "case_type": "nearest-unequal",
      "strength": 16.0,
      "score_index": 1280,
      "local_template": 0,
      "active_epochs": [
        0,
        1,
        2
      ],
      "injection_active_epoch_count": 3,
      "signal_present": true,
      "hard_associated": true,
      "aggregate_associated": true,
      "hard_members": 14,
      "aggregate_members": 19
    },
    {
      "case_index": 97,
      "case_type": "combined-equal",
      "strength": 16.0,
      "score_index": 1280,
      "local_template": 0,
      "active_epochs": [
        0,
        1,
        2
      ],
      "injection_active_epoch_count": 3,
      "signal_present": true,
      "hard_associated": true,
      "aggregate_associated": true,
      "hard_members": 35,
      "aggregate_members": 37
    },
    {
      "case_index": 98,
      "case_type": "combined-unequal",
      "strength": 16.0,
      "score_index": 1280,
      "local_template": 0,
      "active_epochs": [
        0,
        1,
        2
      ],
      "injection_active_epoch_count": 3,
      "signal_present": true,
      "hard_associated": true,
      "aggregate_associated": true,
      "hard_members": 8,
      "aggregate_members": 13
    },
    {
      "case_index": 99,
      "case_type": "mixed-equal",
      "strength": 16.0,
      "score_index": 1280,
      "local_template": 0,
      "active_epochs": [
        0,
        1,
        2
      ],
      "injection_active_epoch_count": 3,
      "signal_present": true,
      "hard_associated": true,
      "aggregate_associated": true,
      "hard_members": 77,
      "aggregate_members": 95
    },
    {
      "case_index": 100,
      "case_type": "mixed-unequal",
      "strength": 16.0,
      "score_index": 1280,
      "local_template": 0,
      "active_epochs": [
        0,
        1,
        2
      ],
      "injection_active_epoch_count": 3,
      "signal_present": true,
      "hard_associated": true,
      "aggregate_associated": true,
      "hard_members": 30,
      "aggregate_members": 35
    },
    {
      "case_index": 104,
      "case_type": "nearest-unequal",
      "strength": 40.0,
      "score_index": 1280,
      "local_template": 0,
      "active_epochs": [
        0,
        1,
        2
      ],
      "injection_active_epoch_count": 3,
      "signal_present": true,
      "hard_associated": true,
      "aggregate_associated": true,
      "hard_members": 162,
      "aggregate_members": 183
    },
    {
      "case_index": 105,
      "case_type": "combined-equal",
      "strength": 40.0,
      "score_index": 1280,
      "local_template": 0,
      "active_epochs": [
        0,
        1,
        2
      ],
      "injection_active_epoch_count": 3,
      "signal_present": true,
      "hard_associated": true,
      "aggregate_associated": true,
      "hard_members": 369,
      "aggregate_members": 404
    },
    {
      "case_index": 106,
      "case_type": "combined-unequal",
      "strength": 40.0,
      "score_index": 1280,
      "local_template": 0,
      "active_epochs": [
        0,
        1,
        2
      ],
      "injection_active_epoch_count": 3,
      "signal_present": true,
      "hard_associated": true,
      "aggregate_associated": true,
      "hard_members": 153,
      "aggregate_members": 172
    },
    {
      "case_index": 107,
      "case_type": "mixed-equal",
      "strength": 40.0,
      "score_index": 1280,
      "local_template": 0,
      "active_epochs": [
        0,
        1,
        2
      ],
      "injection_active_epoch_count": 3,
      "signal_present": true,
      "hard_associated": false,
      "aggregate_associated": false,
      "hard_members": 287,
      "aggregate_members": 378
    },
    {
      "case_index": 108,
      "case_type": "mixed-unequal",
      "strength": 40.0,
      "score_index": 1280,
      "local_template": 0,
      "active_epochs": [
        0,
        1,
        2
      ],
      "injection_active_epoch_count": 3,
      "signal_present": true,
      "hard_associated": true,
      "aggregate_associated": true,
      "hard_members": 144,
      "aggregate_members": 238
    },
    {
      "case_index": 112,
      "case_type": "nearest-unequal",
      "strength": 16.0,
      "score_index": 1280,
      "local_template": 36,
      "active_epochs": [
        0,
        1,
        2
      ],
      "injection_active_epoch_count": 3,
      "signal_present": true,
      "hard_associated": true,
      "aggregate_associated": true,
      "hard_members": 13,
      "aggregate_members": 15
    },
    {
      "case_index": 113,
      "case_type": "combined-equal",
      "strength": 16.0,
      "score_index": 1280,
      "local_template": 36,
      "active_epochs": [
        0,
        1,
        2
      ],
      "injection_active_epoch_count": 3,
      "signal_present": true,
      "hard_associated": true,
      "aggregate_associated": true,
      "hard_members": 17,
      "aggregate_members": 20
    },
    {
      "case_index": 114,
      "case_type": "combined-unequal",
      "strength": 16.0,
      "score_index": 1280,
      "local_template": 36,
      "active_epochs": [
        0,
        1,
        2
      ],
      "injection_active_epoch_count": 3,
      "signal_present": true,
      "hard_associated": true,
      "aggregate_associated": true,
      "hard_members": 4,
      "aggregate_members": 5
    },
    {
      "case_index": 120,
      "case_type": "nearest-unequal",
      "strength": 40.0,
      "score_index": 1280,
      "local_template": 36,
      "active_epochs": [
        0,
        1,
        2
      ],
      "injection_active_epoch_count": 3,
      "signal_present": true,
      "hard_associated": true,
      "aggregate_associated": true,
      "hard_members": 113,
      "aggregate_members": 118
    },
    {
      "case_index": 121,
      "case_type": "combined-equal",
      "strength": 40.0,
      "score_index": 1280,
      "local_template": 36,
      "active_epochs": [
        0,
        1,
        2
      ],
      "injection_active_epoch_count": 3,
      "signal_present": true,
      "hard_associated": true,
      "aggregate_associated": true,
      "hard_members": 167,
      "aggregate_members": 176
    },
    {
      "case_index": 122,
      "case_type": "combined-unequal",
      "strength": 40.0,
      "score_index": 1280,
      "local_template": 36,
      "active_epochs": [
        0,
        1,
        2
      ],
      "injection_active_epoch_count": 3,
      "signal_present": true,
      "hard_associated": true,
      "aggregate_associated": true,
      "hard_members": 90,
      "aggregate_members": 102
    },
    {
      "case_index": 123,
      "case_type": "mixed-equal",
      "strength": 40.0,
      "score_index": 1280,
      "local_template": 36,
      "active_epochs": [
        0,
        1,
        2
      ],
      "injection_active_epoch_count": 3,
      "signal_present": true,
      "hard_associated": true,
      "aggregate_associated": true,
      "hard_members": 85,
      "aggregate_members": 91
    },
    {
      "case_index": 124,
      "case_type": "mixed-unequal",
      "strength": 40.0,
      "score_index": 1280,
      "local_template": 36,
      "active_epochs": [
        0,
        1,
        2
      ],
      "injection_active_epoch_count": 3,
      "signal_present": true,
      "hard_associated": true,
      "aggregate_associated": true,
      "hard_members": 60,
      "aggregate_members": 68
    },
    {
      "case_index": 136,
      "case_type": "nearest-unequal",
      "strength": 40.0,
      "score_index": 2816,
      "local_template": 0,
      "active_epochs": [
        0,
        1
      ],
      "injection_active_epoch_count": 2,
      "signal_present": true,
      "hard_associated": true,
      "aggregate_associated": true,
      "hard_members": 47,
      "aggregate_members": 49
    },
    {
      "case_index": 137,
      "case_type": "combined-equal",
      "strength": 40.0,
      "score_index": 2816,
      "local_template": 0,
      "active_epochs": [
        0,
        1
      ],
      "injection_active_epoch_count": 2,
      "signal_present": true,
      "hard_associated": true,
      "aggregate_associated": true,
      "hard_members": 71,
      "aggregate_members": 73
    },
    {
      "case_index": 138,
      "case_type": "combined-unequal",
      "strength": 40.0,
      "score_index": 2816,
      "local_template": 0,
      "active_epochs": [
        0,
        1
      ],
      "injection_active_epoch_count": 2,
      "signal_present": true,
      "hard_associated": true,
      "aggregate_associated": true,
      "hard_members": 43,
      "aggregate_members": 45
    },
    {
      "case_index": 139,
      "case_type": "mixed-equal",
      "strength": 40.0,
      "score_index": 2816,
      "local_template": 0,
      "active_epochs": [
        0,
        1
      ],
      "injection_active_epoch_count": 2,
      "signal_present": true,
      "hard_associated": true,
      "aggregate_associated": true,
      "hard_members": 93,
      "aggregate_members": 98
    },
    {
      "case_index": 140,
      "case_type": "mixed-unequal",
      "strength": 40.0,
      "score_index": 2816,
      "local_template": 0,
      "active_epochs": [
        0,
        1
      ],
      "injection_active_epoch_count": 2,
      "signal_present": true,
      "hard_associated": true,
      "aggregate_associated": true,
      "hard_members": 24,
      "aggregate_members": 29
    },
    {
      "case_index": 163,
      "case_type": "mixed-equal",
      "strength": 16.0,
      "score_index": 2816,
      "local_template": 0,
      "active_epochs": [
        0,
        2
      ],
      "injection_active_epoch_count": 2,
      "signal_present": true,
      "hard_associated": true,
      "aggregate_associated": true,
      "hard_members": 7,
      "aggregate_members": 12
    },
    {
      "case_index": 164,
      "case_type": "mixed-unequal",
      "strength": 16.0,
      "score_index": 2816,
      "local_template": 0,
      "active_epochs": [
        0,
        2
      ],
      "injection_active_epoch_count": 2,
      "signal_present": true,
      "hard_associated": true,
      "aggregate_associated": true,
      "hard_members": 1,
      "aggregate_members": 3
    },
    {
      "case_index": 168,
      "case_type": "nearest-unequal",
      "strength": 40.0,
      "score_index": 2816,
      "local_template": 0,
      "active_epochs": [
        0,
        2
      ],
      "injection_active_epoch_count": 2,
      "signal_present": true,
      "hard_associated": true,
      "aggregate_associated": true,
      "hard_members": 39,
      "aggregate_members": 43
    },
    {
      "case_index": 169,
      "case_type": "combined-equal",
      "strength": 40.0,
      "score_index": 2816,
      "local_template": 0,
      "active_epochs": [
        0,
        2
      ],
      "injection_active_epoch_count": 2,
      "signal_present": true,
      "hard_associated": true,
      "aggregate_associated": true,
      "hard_members": 80,
      "aggregate_members": 110
    },
    {
      "case_index": 170,
      "case_type": "combined-unequal",
      "strength": 40.0,
      "score_index": 2816,
      "local_template": 0,
      "active_epochs": [
        0,
        2
      ],
      "injection_active_epoch_count": 2,
      "signal_present": true,
      "hard_associated": true,
      "aggregate_associated": true,
      "hard_members": 36,
      "aggregate_members": 40
    },
    {
      "case_index": 171,
      "case_type": "mixed-equal",
      "strength": 40.0,
      "score_index": 2816,
      "local_template": 0,
      "active_epochs": [
        0,
        2
      ],
      "injection_active_epoch_count": 2,
      "signal_present": true,
      "hard_associated": true,
      "aggregate_associated": true,
      "hard_members": 132,
      "aggregate_members": 197
    },
    {
      "case_index": 172,
      "case_type": "mixed-unequal",
      "strength": 40.0,
      "score_index": 2816,
      "local_template": 0,
      "active_epochs": [
        0,
        2
      ],
      "injection_active_epoch_count": 2,
      "signal_present": true,
      "hard_associated": true,
      "aggregate_associated": true,
      "hard_members": 26,
      "aggregate_members": 97
    },
    {
      "case_index": 224,
      "case_type": "nearest-unequal",
      "strength": 16.0,
      "score_index": 2816,
      "local_template": 0,
      "active_epochs": [
        0,
        1,
        2
      ],
      "injection_active_epoch_count": 3,
      "signal_present": true,
      "hard_associated": true,
      "aggregate_associated": true,
      "hard_members": 13,
      "aggregate_members": 20
    },
    {
      "case_index": 225,
      "case_type": "combined-equal",
      "strength": 16.0,
      "score_index": 2816,
      "local_template": 0,
      "active_epochs": [
        0,
        1,
        2
      ],
      "injection_active_epoch_count": 3,
      "signal_present": true,
      "hard_associated": true,
      "aggregate_associated": true,
      "hard_members": 30,
      "aggregate_members": 36
    },
    {
      "case_index": 226,
      "case_type": "combined-unequal",
      "strength": 16.0,
      "score_index": 2816,
      "local_template": 0,
      "active_epochs": [
        0,
        1,
        2
      ],
      "injection_active_epoch_count": 3,
      "signal_present": true,
      "hard_associated": false,
      "aggregate_associated": true,
      "hard_members": 4,
      "aggregate_members": 9
    },
    {
      "case_index": 227,
      "case_type": "mixed-equal",
      "strength": 16.0,
      "score_index": 2816,
      "local_template": 0,
      "active_epochs": [
        0,
        1,
        2
      ],
      "injection_active_epoch_count": 3,
      "signal_present": true,
      "hard_associated": true,
      "aggregate_associated": true,
      "hard_members": 30,
      "aggregate_members": 79
    },
    {
      "case_index": 228,
      "case_type": "mixed-unequal",
      "strength": 16.0,
      "score_index": 2816,
      "local_template": 0,
      "active_epochs": [
        0,
        1,
        2
      ],
      "injection_active_epoch_count": 3,
      "signal_present": true,
      "hard_associated": false,
      "aggregate_associated": true,
      "hard_members": 6,
      "aggregate_members": 11
    },
    {
      "case_index": 232,
      "case_type": "nearest-unequal",
      "strength": 40.0,
      "score_index": 2816,
      "local_template": 0,
      "active_epochs": [
        0,
        1,
        2
      ],
      "injection_active_epoch_count": 3,
      "signal_present": true,
      "hard_associated": true,
      "aggregate_associated": true,
      "hard_members": 148,
      "aggregate_members": 188
    },
    {
      "case_index": 233,
      "case_type": "combined-equal",
      "strength": 40.0,
      "score_index": 2816,
      "local_template": 0,
      "active_epochs": [
        0,
        1,
        2
      ],
      "injection_active_epoch_count": 3,
      "signal_present": true,
      "hard_associated": true,
      "aggregate_associated": true,
      "hard_members": 299,
      "aggregate_members": 338
    },
    {
      "case_index": 234,
      "case_type": "combined-unequal",
      "strength": 40.0,
      "score_index": 2816,
      "local_template": 0,
      "active_epochs": [
        0,
        1,
        2
      ],
      "injection_active_epoch_count": 3,
      "signal_present": true,
      "hard_associated": true,
      "aggregate_associated": true,
      "hard_members": 139,
      "aggregate_members": 181
    },
    {
      "case_index": 235,
      "case_type": "mixed-equal",
      "strength": 40.0,
      "score_index": 2816,
      "local_template": 0,
      "active_epochs": [
        0,
        1,
        2
      ],
      "injection_active_epoch_count": 3,
      "signal_present": true,
      "hard_associated": true,
      "aggregate_associated": true,
      "hard_members": 268,
      "aggregate_members": 300
    },
    {
      "case_index": 236,
      "case_type": "mixed-unequal",
      "strength": 40.0,
      "score_index": 2816,
      "local_template": 0,
      "active_epochs": [
        0,
        1,
        2
      ],
      "injection_active_epoch_count": 3,
      "signal_present": true,
      "hard_associated": true,
      "aggregate_associated": true,
      "hard_members": 152,
      "aggregate_members": 182
    },
    {
      "case_index": 240,
      "case_type": "nearest-unequal",
      "strength": 16.0,
      "score_index": 2816,
      "local_template": 36,
      "active_epochs": [
        0,
        1,
        2
      ],
      "injection_active_epoch_count": 3,
      "signal_present": true,
      "hard_associated": true,
      "aggregate_associated": true,
      "hard_members": 7,
      "aggregate_members": 10
    },
    {
      "case_index": 241,
      "case_type": "combined-equal",
      "strength": 16.0,
      "score_index": 2816,
      "local_template": 36,
      "active_epochs": [
        0,
        1,
        2
      ],
      "injection_active_epoch_count": 3,
      "signal_present": true,
      "hard_associated": true,
      "aggregate_associated": true,
      "hard_members": 17,
      "aggregate_members": 18
    },
    {
      "case_index": 243,
      "case_type": "mixed-equal",
      "strength": 16.0,
      "score_index": 2816,
      "local_template": 36,
      "active_epochs": [
        0,
        1,
        2
      ],
      "injection_active_epoch_count": 3,
      "signal_present": true,
      "hard_associated": true,
      "aggregate_associated": true,
      "hard_members": 17,
      "aggregate_members": 18
    },
    {
      "case_index": 248,
      "case_type": "nearest-unequal",
      "strength": 40.0,
      "score_index": 2816,
      "local_template": 36,
      "active_epochs": [
        0,
        1,
        2
      ],
      "injection_active_epoch_count": 3,
      "signal_present": true,
      "hard_associated": true,
      "aggregate_associated": true,
      "hard_members": 164,
      "aggregate_members": 196
    },
    {
      "case_index": 249,
      "case_type": "combined-equal",
      "strength": 40.0,
      "score_index": 2816,
      "local_template": 36,
      "active_epochs": [
        0,
        1,
        2
      ],
      "injection_active_epoch_count": 3,
      "signal_present": true,
      "hard_associated": true,
      "aggregate_associated": true,
      "hard_members": 304,
      "aggregate_members": 316
    },
    {
      "case_index": 250,
      "case_type": "combined-unequal",
      "strength": 40.0,
      "score_index": 2816,
      "local_template": 36,
      "active_epochs": [
        0,
        1,
        2
      ],
      "injection_active_epoch_count": 3,
      "signal_present": true,
      "hard_associated": true,
      "aggregate_associated": true,
      "hard_members": 113,
      "aggregate_members": 149
    },
    {
      "case_index": 251,
      "case_type": "mixed-equal",
      "strength": 40.0,
      "score_index": 2816,
      "local_template": 36,
      "active_epochs": [
        0,
        1,
        2
      ],
      "injection_active_epoch_count": 3,
      "signal_present": true,
      "hard_associated": true,
      "aggregate_associated": true,
      "hard_members": 280,
      "aggregate_members": 344
    },
    {
      "case_index": 252,
      "case_type": "mixed-unequal",
      "strength": 40.0,
      "score_index": 2816,
      "local_template": 36,
      "active_epochs": [
        0,
        1,
        2
      ],
      "injection_active_epoch_count": 3,
      "signal_present": true,
      "hard_associated": true,
      "aggregate_associated": true,
      "hard_members": 102,
      "aggregate_members": 147
    }
  ],
  "matched_component_states": [
    {
      "policy": "neighbor9",
      "signal_only_associated": false,
      "mixed_associated": false,
      "interferer_only_false_association": false,
      "paired_comparisons": 5
    },
    {
      "policy": "neighbor9",
      "signal_only_associated": false,
      "mixed_associated": true,
      "interferer_only_false_association": false,
      "paired_comparisons": 2
    },
    {
      "policy": "neighbor9",
      "signal_only_associated": true,
      "mixed_associated": false,
      "interferer_only_false_association": false,
      "paired_comparisons": 11
    },
    {
      "policy": "neighbor9",
      "signal_only_associated": true,
      "mixed_associated": true,
      "interferer_only_false_association": false,
      "paired_comparisons": 46
    },
    {
      "policy": "epoch_confirmation",
      "signal_only_associated": false,
      "mixed_associated": false,
      "interferer_only_false_association": false,
      "paired_comparisons": 9
    },
    {
      "policy": "epoch_confirmation",
      "signal_only_associated": true,
      "mixed_associated": false,
      "interferer_only_false_association": false,
      "paired_comparisons": 10
    },
    {
      "policy": "epoch_confirmation",
      "signal_only_associated": true,
      "mixed_associated": true,
      "interferer_only_false_association": false,
      "paired_comparisons": 45
    },
    {
      "policy": "remaining_aggregate",
      "signal_only_associated": false,
      "mixed_associated": false,
      "interferer_only_false_association": false,
      "paired_comparisons": 8
    },
    {
      "policy": "remaining_aggregate",
      "signal_only_associated": true,
      "mixed_associated": false,
      "interferer_only_false_association": false,
      "paired_comparisons": 10
    },
    {
      "policy": "remaining_aggregate",
      "signal_only_associated": true,
      "mixed_associated": true,
      "interferer_only_false_association": false,
      "paired_comparisons": 46
    }
  ],
  "aggregate_restored_signal_cases_vs_hard": [
    226,
    228
  ],
  "aggregate_added_leaking_controls_vs_hard": [],
  "result_sha256": "fd86f5e06e606eb9ae55ad567aa93cb735dce4cc2deb4b0c8ffca7fa61b7a75f"
}
