epoch1_on: eight native caches and all cropped baseline scores exact
epoch2_on: eight native caches and all cropped baseline scores exact
epoch3_on: eight native caches and all cropped baseline scores exact
All original arrays/gathers and 5,920 aggregate scalar anchors exact
Shared threshold sealed: 10.0
Heldout {"count": 128, "maximum": 8.319117546081543, "threshold": 10.0, "at_or_above_threshold": 0}
1/256 nearest-unequal S=16.0: {'neighbor9': (True, 5), 'epoch_confirmation': (True, 2), 'remaining_aggregate': (True, 2)}
2/256 combined-equal S=16.0: {'neighbor9': (True, 9), 'epoch_confirmation': (True, 9), 'remaining_aggregate': (True, 9)}
3/256 combined-unequal S=16.0: {'neighbor9': (True, 4), 'epoch_confirmation': (False, 0), 'remaining_aggregate': (False, 0)}
4/256 mixed-equal S=16.0: {'neighbor9': (True, 41), 'epoch_confirmation': (True, 10), 'remaining_aggregate': (True, 10)}
5/256 mixed-unequal S=16.0: {'neighbor9': (False, 19), 'epoch_confirmation': (False, 3), 'remaining_aggregate': (False, 3)}
6/256 interferer-only S=16.0: {'neighbor9': (False, 5), 'epoch_confirmation': (False, 0), 'remaining_aggregate': (False, 0)}
7/256 supported-spike S=16.0: {'neighbor9': (False, 0), 'epoch_confirmation': (False, 0), 'remaining_aggregate': (False, 0)}
8/256 ON-OFF S=16.0: {'neighbor9': (False, 0), 'epoch_confirmation': (False, 0), 'remaining_aggregate': (False, 0)}
9/256 nearest-unequal S=40.0: {'neighbor9': (True, 33), 'epoch_confirmation': (True, 29), 'remaining_aggregate': (True, 29)}
10/256 combined-equal S=40.0: {'neighbor9': (True, 69), 'epoch_confirmation': (True, 65), 'remaining_aggregate': (True, 68)}
11/256 combined-unequal S=40.0: {'neighbor9': (True, 33), 'epoch_confirmation': (True, 27), 'remaining_aggregate': (True, 27)}
12/256 mixed-equal S=40.0: {'neighbor9': (True, 555), 'epoch_confirmation': (True, 39), 'remaining_aggregate': (True, 120)}
13/256 mixed-unequal S=40.0: {'neighbor9': (True, 538), 'epoch_confirmation': (True, 30), 'remaining_aggregate': (True, 40)}
14/256 interferer-only S=40.0: {'neighbor9': (False, 349), 'epoch_confirmation': (False, 9), 'remaining_aggregate': (False, 9)}
15/256 supported-spike S=40.0: {'neighbor9': (False, 0), 'epoch_confirmation': (False, 0), 'remaining_aggregate': (False, 0)}
16/256 ON-OFF S=40.0: {'neighbor9': (False, 0), 'epoch_confirmation': (False, 0), 'remaining_aggregate': (False, 0)}
17/256 nearest-unequal S=16.0: {'neighbor9': (True, 4), 'epoch_confirmation': (True, 1), 'remaining_aggregate': (True, 1)}
18/256 combined-equal S=16.0: {'neighbor9': (True, 6), 'epoch_confirmation': (True, 6), 'remaining_aggregate': (True, 6)}
19/256 combined-unequal S=16.0: {'neighbor9': (True, 2), 'epoch_confirmation': (True, 1), 'remaining_aggregate': (True, 1)}
20/256 mixed-equal S=16.0: {'neighbor9': (True, 6), 'epoch_confirmation': (True, 6), 'remaining_aggregate': (True, 6)}
21/256 mixed-unequal S=16.0: {'neighbor9': (True, 2), 'epoch_confirmation': (True, 1), 'remaining_aggregate': (True, 1)}
22/256 interferer-only S=16.0: {'neighbor9': (False, 0), 'epoch_confirmation': (False, 0), 'remaining_aggregate': (False, 0)}
23/256 supported-spike S=16.0: {'neighbor9': (False, 0), 'epoch_confirmation': (False, 0), 'remaining_aggregate': (False, 0)}
24/256 ON-OFF S=16.0: {'neighbor9': (False, 0), 'epoch_confirmation': (False, 0), 'remaining_aggregate': (False, 0)}
25/256 nearest-unequal S=40.0: {'neighbor9': (True, 34), 'epoch_confirmation': (True, 19), 'remaining_aggregate': (True, 19)}
26/256 combined-equal S=40.0: {'neighbor9': (True, 57), 'epoch_confirmation': (True, 54), 'remaining_aggregate': (True, 54)}
27/256 combined-unequal S=40.0: {'neighbor9': (True, 34), 'epoch_confirmation': (True, 28), 'remaining_aggregate': (True, 28)}
28/256 mixed-equal S=40.0: {'neighbor9': (False, 0), 'epoch_confirmation': (False, 0), 'remaining_aggregate': (False, 0)}
29/256 mixed-unequal S=40.0: {'neighbor9': (False, 0), 'epoch_confirmation': (False, 0), 'remaining_aggregate': (False, 0)}
30/256 interferer-only S=40.0: {'neighbor9': (False, 0), 'epoch_confirmation': (False, 0), 'remaining_aggregate': (False, 0)}
31/256 supported-spike S=40.0: {'neighbor9': (False, 0), 'epoch_confirmation': (False, 0), 'remaining_aggregate': (False, 0)}
32/256 ON-OFF S=40.0: {'neighbor9': (False, 0), 'epoch_confirmation': (False, 0), 'remaining_aggregate': (False, 0)}
33/256 nearest-unequal S=16.0: {'neighbor9': (True, 4), 'epoch_confirmation': (True, 3), 'remaining_aggregate': (True, 3)}
34/256 combined-equal S=16.0: {'neighbor9': (True, 8), 'epoch_confirmation': (True, 7), 'remaining_aggregate': (True, 7)}
35/256 combined-unequal S=16.0: {'neighbor9': (True, 3), 'epoch_confirmation': (True, 1), 'remaining_aggregate': (True, 1)}
36/256 mixed-equal S=16.0: {'neighbor9': (True, 86), 'epoch_confirmation': (True, 51), 'remaining_aggregate': (True, 51)}
37/256 mixed-unequal S=16.0: {'neighbor9': (True, 68), 'epoch_confirmation': (True, 23), 'remaining_aggregate': (True, 23)}
38/256 interferer-only S=16.0: {'neighbor9': (False, 5), 'epoch_confirmation': (False, 0), 'remaining_aggregate': (False, 0)}
39/256 supported-spike S=16.0: {'neighbor9': (False, 0), 'epoch_confirmation': (False, 0), 'remaining_aggregate': (False, 0)}
40/256 ON-OFF S=16.0: {'neighbor9': (False, 0), 'epoch_confirmation': (False, 0), 'remaining_aggregate': (False, 0)}
41/256 nearest-unequal S=40.0: {'neighbor9': (True, 38), 'epoch_confirmation': (True, 37), 'remaining_aggregate': (True, 37)}
42/256 combined-equal S=40.0: {'neighbor9': (True, 134), 'epoch_confirmation': (True, 129), 'remaining_aggregate': (True, 129)}
43/256 combined-unequal S=40.0: {'neighbor9': (True, 36), 'epoch_confirmation': (True, 35), 'remaining_aggregate': (True, 35)}
44/256 mixed-equal S=40.0: {'neighbor9': (False, 250), 'epoch_confirmation': (False, 108), 'remaining_aggregate': (False, 108)}
45/256 mixed-unequal S=40.0: {'neighbor9': (True, 269), 'epoch_confirmation': (True, 95), 'remaining_aggregate': (True, 95)}
46/256 interferer-only S=40.0: {'neighbor9': (False, 349), 'epoch_confirmation': (False, 9), 'remaining_aggregate': (False, 9)}
47/256 supported-spike S=40.0: {'neighbor9': (False, 0), 'epoch_confirmation': (False, 0), 'remaining_aggregate': (False, 0)}
48/256 ON-OFF S=40.0: {'neighbor9': (False, 5), 'epoch_confirmation': (False, 5), 'remaining_aggregate': (False, 5)}
49/256 nearest-unequal S=16.0: {'neighbor9': (True, 2), 'epoch_confirmation': (True, 1), 'remaining_aggregate': (True, 1)}
50/256 combined-equal S=16.0: {'neighbor9': (True, 3), 'epoch_confirmation': (True, 2), 'remaining_aggregate': (True, 2)}
51/256 combined-unequal S=16.0: {'neighbor9': (False, 0), 'epoch_confirmation': (False, 0), 'remaining_aggregate': (False, 0)}
52/256 mixed-equal S=16.0: {'neighbor9': (False, 0), 'epoch_confirmation': (False, 0), 'remaining_aggregate': (False, 0)}
53/256 mixed-unequal S=16.0: {'neighbor9': (False, 0), 'epoch_confirmation': (False, 0), 'remaining_aggregate': (False, 0)}
54/256 interferer-only S=16.0: {'neighbor9': (False, 0), 'epoch_confirmation': (False, 0), 'remaining_aggregate': (False, 0)}
55/256 supported-spike S=16.0: {'neighbor9': (False, 0), 'epoch_confirmation': (False, 0), 'remaining_aggregate': (False, 0)}
56/256 ON-OFF S=16.0: {'neighbor9': (False, 0), 'epoch_confirmation': (False, 0), 'remaining_aggregate': (False, 0)}
57/256 nearest-unequal S=40.0: {'neighbor9': (True, 31), 'epoch_confirmation': (True, 19), 'remaining_aggregate': (True, 19)}
58/256 combined-equal S=40.0: {'neighbor9': (True, 34), 'epoch_confirmation': (True, 31), 'remaining_aggregate': (True, 31)}
59/256 combined-unequal S=40.0: {'neighbor9': (True, 16), 'epoch_confirmation': (True, 13), 'remaining_aggregate': (True, 13)}
60/256 mixed-equal S=40.0: {'neighbor9': (False, 0), 'epoch_confirmation': (False, 0), 'remaining_aggregate': (False, 0)}
61/256 mixed-unequal S=40.0: {'neighbor9': (False, 0), 'epoch_confirmation': (False, 0), 'remaining_aggregate': (False, 0)}
62/256 interferer-only S=40.0: {'neighbor9': (False, 0), 'epoch_confirmation': (False, 0), 'remaining_aggregate': (False, 0)}
63/256 supported-spike S=40.0: {'neighbor9': (False, 0), 'epoch_confirmation': (False, 0), 'remaining_aggregate': (False, 0)}
64/256 ON-OFF S=40.0: {'neighbor9': (False, 0), 'epoch_confirmation': (False, 0), 'remaining_aggregate': (False, 0)}
65/256 nearest-unequal S=16.0: {'neighbor9': (True, 4), 'epoch_confirmation': (True, 3), 'remaining_aggregate': (True, 3)}
66/256 combined-equal S=16.0: {'neighbor9': (True, 7), 'epoch_confirmation': (True, 7), 'remaining_aggregate': (True, 7)}
67/256 combined-unequal S=16.0: {'neighbor9': (True, 1), 'epoch_confirmation': (True, 1), 'remaining_aggregate': (True, 1)}
68/256 mixed-equal S=16.0: {'neighbor9': (True, 69), 'epoch_confirmation': (True, 12), 'remaining_aggregate': (True, 12)}
69/256 mixed-unequal S=16.0: {'neighbor9': (True, 158), 'epoch_confirmation': (True, 42), 'remaining_aggregate': (True, 42)}
70/256 interferer-only S=16.0: {'neighbor9': (False, 30), 'epoch_confirmation': (False, 0), 'remaining_aggregate': (False, 0)}
71/256 supported-spike S=16.0: {'neighbor9': (False, 0), 'epoch_confirmation': (False, 0), 'remaining_aggregate': (False, 0)}
72/256 ON-OFF S=16.0: {'neighbor9': (False, 0), 'epoch_confirmation': (False, 0), 'remaining_aggregate': (False, 0)}
73/256 nearest-unequal S=40.0: {'neighbor9': (True, 36), 'epoch_confirmation': (True, 36), 'remaining_aggregate': (True, 36)}
74/256 combined-equal S=40.0: {'neighbor9': (True, 78), 'epoch_confirmation': (True, 74), 'remaining_aggregate': (True, 74)}
75/256 combined-unequal S=40.0: {'neighbor9': (True, 35), 'epoch_confirmation': (True, 33), 'remaining_aggregate': (True, 33)}
76/256 mixed-equal S=40.0: {'neighbor9': (True, 173), 'epoch_confirmation': (True, 68), 'remaining_aggregate': (True, 71)}
77/256 mixed-unequal S=40.0: {'neighbor9': (True, 183), 'epoch_confirmation': (True, 42), 'remaining_aggregate': (True, 45)}
78/256 interferer-only S=40.0: {'neighbor9': (False, 215), 'epoch_confirmation': (False, 0), 'remaining_aggregate': (False, 0)}
79/256 supported-spike S=40.0: {'neighbor9': (False, 0), 'epoch_confirmation': (False, 0), 'remaining_aggregate': (False, 0)}
80/256 ON-OFF S=40.0: {'neighbor9': (False, 1), 'epoch_confirmation': (False, 1), 'remaining_aggregate': (False, 1)}
81/256 nearest-unequal S=16.0: {'neighbor9': (True, 4), 'epoch_confirmation': (True, 4), 'remaining_aggregate': (True, 4)}
82/256 combined-equal S=16.0: {'neighbor9': (True, 5), 'epoch_confirmation': (True, 5), 'remaining_aggregate': (True, 5)}
83/256 combined-unequal S=16.0: {'neighbor9': (False, 0), 'epoch_confirmation': (False, 0), 'remaining_aggregate': (False, 0)}
84/256 mixed-equal S=16.0: {'neighbor9': (True, 5), 'epoch_confirmation': (True, 5), 'remaining_aggregate': (True, 5)}
85/256 mixed-unequal S=16.0: {'neighbor9': (False, 0), 'epoch_confirmation': (False, 0), 'remaining_aggregate': (False, 0)}
86/256 interferer-only S=16.0: {'neighbor9': (False, 0), 'epoch_confirmation': (False, 0), 'remaining_aggregate': (False, 0)}
87/256 supported-spike S=16.0: {'neighbor9': (False, 0), 'epoch_confirmation': (False, 0), 'remaining_aggregate': (False, 0)}
88/256 ON-OFF S=16.0: {'neighbor9': (False, 0), 'epoch_confirmation': (False, 0), 'remaining_aggregate': (False, 0)}
89/256 nearest-unequal S=40.0: {'neighbor9': (True, 35), 'epoch_confirmation': (True, 30), 'remaining_aggregate': (True, 30)}
90/256 combined-equal S=40.0: {'neighbor9': (True, 49), 'epoch_confirmation': (True, 48), 'remaining_aggregate': (True, 48)}
91/256 combined-unequal S=40.0: {'neighbor9': (True, 26), 'epoch_confirmation': (True, 17), 'remaining_aggregate': (True, 17)}
92/256 mixed-equal S=40.0: {'neighbor9': (True, 95), 'epoch_confirmation': (True, 69), 'remaining_aggregate': (True, 69)}
93/256 mixed-unequal S=40.0: {'neighbor9': (True, 59), 'epoch_confirmation': (True, 17), 'remaining_aggregate': (True, 17)}
94/256 interferer-only S=40.0: {'neighbor9': (False, 0), 'epoch_confirmation': (False, 0), 'remaining_aggregate': (False, 0)}
95/256 supported-spike S=40.0: {'neighbor9': (False, 0), 'epoch_confirmation': (False, 0), 'remaining_aggregate': (False, 0)}
96/256 ON-OFF S=40.0: {'neighbor9': (False, 0), 'epoch_confirmation': (False, 0), 'remaining_aggregate': (False, 0)}
97/256 nearest-unequal S=16.0: {'neighbor9': (True, 20), 'epoch_confirmation': (True, 14), 'remaining_aggregate': (True, 19)}
98/256 combined-equal S=16.0: {'neighbor9': (True, 38), 'epoch_confirmation': (True, 35), 'remaining_aggregate': (True, 37)}
99/256 combined-unequal S=16.0: {'neighbor9': (True, 15), 'epoch_confirmation': (True, 8), 'remaining_aggregate': (True, 13)}
100/256 mixed-equal S=16.0: {'neighbor9': (True, 139), 'epoch_confirmation': (True, 77), 'remaining_aggregate': (True, 95)}
101/256 mixed-unequal S=16.0: {'neighbor9': (True, 84), 'epoch_confirmation': (True, 30), 'remaining_aggregate': (True, 35)}
102/256 interferer-only S=16.0: {'neighbor9': (False, 5), 'epoch_confirmation': (False, 0), 'remaining_aggregate': (False, 0)}
103/256 supported-spike S=16.0: {'neighbor9': (False, 0), 'epoch_confirmation': (False, 0), 'remaining_aggregate': (False, 0)}
104/256 ON-OFF S=16.0: {'neighbor9': (False, 0), 'epoch_confirmation': (False, 0), 'remaining_aggregate': (False, 0)}
105/256 nearest-unequal S=40.0: {'neighbor9': (True, 184), 'epoch_confirmation': (True, 162), 'remaining_aggregate': (True, 183)}
106/256 combined-equal S=40.0: {'neighbor9': (True, 412), 'epoch_confirmation': (True, 369), 'remaining_aggregate': (True, 404)}
107/256 combined-unequal S=40.0: {'neighbor9': (True, 174), 'epoch_confirmation': (True, 153), 'remaining_aggregate': (True, 172)}
108/256 mixed-equal S=40.0: {'neighbor9': (False, 633), 'epoch_confirmation': (False, 287), 'remaining_aggregate': (False, 378)}
109/256 mixed-unequal S=40.0: {'neighbor9': (True, 700), 'epoch_confirmation': (True, 144), 'remaining_aggregate': (True, 238)}
110/256 interferer-only S=40.0: {'neighbor9': (False, 349), 'epoch_confirmation': (False, 9), 'remaining_aggregate': (False, 9)}
111/256 supported-spike S=40.0: {'neighbor9': (False, 3), 'epoch_confirmation': (False, 0), 'remaining_aggregate': (False, 0)}
112/256 ON-OFF S=40.0: {'neighbor9': (False, 1), 'epoch_confirmation': (False, 1), 'remaining_aggregate': (False, 1)}
113/256 nearest-unequal S=16.0: {'neighbor9': (True, 15), 'epoch_confirmation': (True, 13), 'remaining_aggregate': (True, 15)}
114/256 combined-equal S=16.0: {'neighbor9': (True, 21), 'epoch_confirmation': (True, 17), 'remaining_aggregate': (True, 20)}
115/256 combined-unequal S=16.0: {'neighbor9': (True, 7), 'epoch_confirmation': (True, 4), 'remaining_aggregate': (True, 5)}
116/256 mixed-equal S=16.0: {'neighbor9': (False, 3), 'epoch_confirmation': (False, 2), 'remaining_aggregate': (False, 2)}
117/256 mixed-unequal S=16.0: {'neighbor9': (False, 2), 'epoch_confirmation': (False, 2), 'remaining_aggregate': (False, 2)}
118/256 interferer-only S=16.0: {'neighbor9': (False, 0), 'epoch_confirmation': (False, 0), 'remaining_aggregate': (False, 0)}
119/256 supported-spike S=16.0: {'neighbor9': (False, 0), 'epoch_confirmation': (False, 0), 'remaining_aggregate': (False, 0)}
120/256 ON-OFF S=16.0: {'neighbor9': (False, 0), 'epoch_confirmation': (False, 0), 'remaining_aggregate': (False, 0)}
121/256 nearest-unequal S=40.0: {'neighbor9': (True, 123), 'epoch_confirmation': (True, 113), 'remaining_aggregate': (True, 118)}
122/256 combined-equal S=40.0: {'neighbor9': (True, 181), 'epoch_confirmation': (True, 167), 'remaining_aggregate': (True, 176)}
123/256 combined-unequal S=40.0: {'neighbor9': (True, 110), 'epoch_confirmation': (True, 90), 'remaining_aggregate': (True, 102)}
124/256 mixed-equal S=40.0: {'neighbor9': (True, 116), 'epoch_confirmation': (True, 85), 'remaining_aggregate': (True, 91)}
125/256 mixed-unequal S=40.0: {'neighbor9': (True, 100), 'epoch_confirmation': (True, 60), 'remaining_aggregate': (True, 68)}
126/256 interferer-only S=40.0: {'neighbor9': (False, 0), 'epoch_confirmation': (False, 0), 'remaining_aggregate': (False, 0)}
127/256 supported-spike S=40.0: {'neighbor9': (False, 0), 'epoch_confirmation': (False, 0), 'remaining_aggregate': (False, 0)}
128/256 ON-OFF S=40.0: {'neighbor9': (False, 0), 'epoch_confirmation': (False, 0), 'remaining_aggregate': (False, 0)}
129/256 nearest-unequal S=16.0: {'neighbor9': (True, 4), 'epoch_confirmation': (True, 3), 'remaining_aggregate': (True, 3)}
130/256 combined-equal S=16.0: {'neighbor9': (True, 6), 'epoch_confirmation': (True, 6), 'remaining_aggregate': (True, 6)}
131/256 combined-unequal S=16.0: {'neighbor9': (False, 0), 'epoch_confirmation': (False, 0), 'remaining_aggregate': (False, 0)}
132/256 mixed-equal S=16.0: {'neighbor9': (True, 15), 'epoch_confirmation': (True, 6), 'remaining_aggregate': (True, 6)}
133/256 mixed-unequal S=16.0: {'neighbor9': (True, 10), 'epoch_confirmation': (False, 0), 'remaining_aggregate': (False, 0)}
134/256 interferer-only S=16.0: {'neighbor9': (False, 1), 'epoch_confirmation': (False, 0), 'remaining_aggregate': (False, 0)}
135/256 supported-spike S=16.0: {'neighbor9': (False, 0), 'epoch_confirmation': (False, 0), 'remaining_aggregate': (False, 0)}
136/256 ON-OFF S=16.0: {'neighbor9': (False, 0), 'epoch_confirmation': (False, 0), 'remaining_aggregate': (False, 0)}
137/256 nearest-unequal S=40.0: {'neighbor9': (True, 49), 'epoch_confirmation': (True, 47), 'remaining_aggregate': (True, 49)}
138/256 combined-equal S=40.0: {'neighbor9': (True, 74), 'epoch_confirmation': (True, 71), 'remaining_aggregate': (True, 73)}
139/256 combined-unequal S=40.0: {'neighbor9': (True, 48), 'epoch_confirmation': (True, 43), 'remaining_aggregate': (True, 45)}
140/256 mixed-equal S=40.0: {'neighbor9': (True, 220), 'epoch_confirmation': (True, 93), 'remaining_aggregate': (True, 98)}
141/256 mixed-unequal S=40.0: {'neighbor9': (True, 196), 'epoch_confirmation': (True, 24), 'remaining_aggregate': (True, 29)}
142/256 interferer-only S=40.0: {'neighbor9': (False, 209), 'epoch_confirmation': (False, 0), 'remaining_aggregate': (False, 0)}
143/256 supported-spike S=40.0: {'neighbor9': (True, 10), 'epoch_confirmation': (False, 0), 'remaining_aggregate': (False, 0)}
144/256 ON-OFF S=40.0: {'neighbor9': (False, 0), 'epoch_confirmation': (False, 0), 'remaining_aggregate': (False, 0)}
145/256 nearest-unequal S=16.0: {'neighbor9': (True, 2), 'epoch_confirmation': (True, 1), 'remaining_aggregate': (True, 1)}
146/256 combined-equal S=16.0: {'neighbor9': (True, 7), 'epoch_confirmation': (True, 6), 'remaining_aggregate': (True, 6)}
147/256 combined-unequal S=16.0: {'neighbor9': (False, 0), 'epoch_confirmation': (False, 0), 'remaining_aggregate': (False, 0)}
148/256 mixed-equal S=16.0: {'neighbor9': (True, 14), 'epoch_confirmation': (True, 6), 'remaining_aggregate': (True, 6)}
149/256 mixed-unequal S=16.0: {'neighbor9': (False, 0), 'epoch_confirmation': (False, 0), 'remaining_aggregate': (False, 0)}
150/256 interferer-only S=16.0: {'neighbor9': (False, 0), 'epoch_confirmation': (False, 0), 'remaining_aggregate': (False, 0)}
151/256 supported-spike S=16.0: {'neighbor9': (False, 0), 'epoch_confirmation': (False, 0), 'remaining_aggregate': (False, 0)}
152/256 ON-OFF S=16.0: {'neighbor9': (False, 0), 'epoch_confirmation': (False, 0), 'remaining_aggregate': (False, 0)}
153/256 nearest-unequal S=40.0: {'neighbor9': (True, 35), 'epoch_confirmation': (True, 31), 'remaining_aggregate': (True, 31)}
154/256 combined-equal S=40.0: {'neighbor9': (True, 68), 'epoch_confirmation': (True, 64), 'remaining_aggregate': (True, 64)}
155/256 combined-unequal S=40.0: {'neighbor9': (True, 29), 'epoch_confirmation': (True, 27), 'remaining_aggregate': (True, 27)}
156/256 mixed-equal S=40.0: {'neighbor9': (True, 117), 'epoch_confirmation': (True, 104), 'remaining_aggregate': (True, 104)}
157/256 mixed-unequal S=40.0: {'neighbor9': (True, 78), 'epoch_confirmation': (True, 27), 'remaining_aggregate': (True, 27)}
158/256 interferer-only S=40.0: {'neighbor9': (False, 3), 'epoch_confirmation': (False, 0), 'remaining_aggregate': (False, 0)}
159/256 supported-spike S=40.0: {'neighbor9': (True, 1), 'epoch_confirmation': (False, 0), 'remaining_aggregate': (False, 0)}
160/256 ON-OFF S=40.0: {'neighbor9': (False, 0), 'epoch_confirmation': (False, 0), 'remaining_aggregate': (False, 0)}
161/256 nearest-unequal S=16.0: {'neighbor9': (True, 4), 'epoch_confirmation': (True, 4), 'remaining_aggregate': (True, 4)}
162/256 combined-equal S=16.0: {'neighbor9': (True, 8), 'epoch_confirmation': (True, 7), 'remaining_aggregate': (True, 7)}
163/256 combined-unequal S=16.0: {'neighbor9': (True, 3), 'epoch_confirmation': (True, 1), 'remaining_aggregate': (True, 1)}
164/256 mixed-equal S=16.0: {'neighbor9': (True, 60), 'epoch_confirmation': (True, 7), 'remaining_aggregate': (True, 12)}
165/256 mixed-unequal S=16.0: {'neighbor9': (True, 39), 'epoch_confirmation': (True, 1), 'remaining_aggregate': (True, 3)}
166/256 interferer-only S=16.0: {'neighbor9': (False, 1), 'epoch_confirmation': (False, 0), 'remaining_aggregate': (False, 0)}
167/256 supported-spike S=16.0: {'neighbor9': (False, 0), 'epoch_confirmation': (False, 0), 'remaining_aggregate': (False, 0)}
168/256 ON-OFF S=16.0: {'neighbor9': (False, 0), 'epoch_confirmation': (False, 0), 'remaining_aggregate': (False, 0)}
169/256 nearest-unequal S=40.0: {'neighbor9': (True, 43), 'epoch_confirmation': (True, 39), 'remaining_aggregate': (True, 43)}
170/256 combined-equal S=40.0: {'neighbor9': (True, 113), 'epoch_confirmation': (True, 80), 'remaining_aggregate': (True, 110)}
171/256 combined-unequal S=40.0: {'neighbor9': (True, 42), 'epoch_confirmation': (True, 36), 'remaining_aggregate': (True, 40)}
172/256 mixed-equal S=40.0: {'neighbor9': (True, 516), 'epoch_confirmation': (True, 132), 'remaining_aggregate': (True, 197)}
173/256 mixed-unequal S=40.0: {'neighbor9': (True, 624), 'epoch_confirmation': (True, 26), 'remaining_aggregate': (True, 97)}
174/256 interferer-only S=40.0: {'neighbor9': (False, 209), 'epoch_confirmation': (False, 0), 'remaining_aggregate': (False, 0)}
175/256 supported-spike S=40.0: {'neighbor9': (True, 2), 'epoch_confirmation': (False, 0), 'remaining_aggregate': (False, 0)}
176/256 ON-OFF S=40.0: {'neighbor9': (False, 0), 'epoch_confirmation': (False, 0), 'remaining_aggregate': (False, 0)}
177/256 nearest-unequal S=16.0: {'neighbor9': (True, 1), 'epoch_confirmation': (True, 1), 'remaining_aggregate': (True, 1)}
178/256 combined-equal S=16.0: {'neighbor9': (True, 2), 'epoch_confirmation': (True, 2), 'remaining_aggregate': (True, 2)}
179/256 combined-unequal S=16.0: {'neighbor9': (False, 0), 'epoch_confirmation': (False, 0), 'remaining_aggregate': (False, 0)}
180/256 mixed-equal S=16.0: {'neighbor9': (True, 30), 'epoch_confirmation': (True, 2), 'remaining_aggregate': (True, 2)}
181/256 mixed-unequal S=16.0: {'neighbor9': (True, 8), 'epoch_confirmation': (False, 0), 'remaining_aggregate': (False, 0)}
182/256 interferer-only S=16.0: {'neighbor9': (False, 0), 'epoch_confirmation': (False, 0), 'remaining_aggregate': (False, 0)}
183/256 supported-spike S=16.0: {'neighbor9': (False, 0), 'epoch_confirmation': (False, 0), 'remaining_aggregate': (False, 0)}
184/256 ON-OFF S=16.0: {'neighbor9': (False, 0), 'epoch_confirmation': (False, 0), 'remaining_aggregate': (False, 0)}
185/256 nearest-unequal S=40.0: {'neighbor9': (True, 53), 'epoch_confirmation': (True, 48), 'remaining_aggregate': (True, 48)}
186/256 combined-equal S=40.0: {'neighbor9': (True, 64), 'epoch_confirmation': (True, 61), 'remaining_aggregate': (True, 61)}
187/256 combined-unequal S=40.0: {'neighbor9': (True, 34), 'epoch_confirmation': (True, 23), 'remaining_aggregate': (True, 23)}
188/256 mixed-equal S=40.0: {'neighbor9': (True, 135), 'epoch_confirmation': (True, 122), 'remaining_aggregate': (True, 122)}
189/256 mixed-unequal S=40.0: {'neighbor9': (True, 118), 'epoch_confirmation': (True, 21), 'remaining_aggregate': (True, 21)}
190/256 interferer-only S=40.0: {'neighbor9': (False, 0), 'epoch_confirmation': (False, 0), 'remaining_aggregate': (False, 0)}
191/256 supported-spike S=40.0: {'neighbor9': (True, 7), 'epoch_confirmation': (False, 0), 'remaining_aggregate': (False, 0)}
192/256 ON-OFF S=40.0: {'neighbor9': (False, 0), 'epoch_confirmation': (False, 0), 'remaining_aggregate': (False, 0)}
193/256 nearest-unequal S=16.0: {'neighbor9': (True, 4), 'epoch_confirmation': (True, 4), 'remaining_aggregate': (True, 4)}
194/256 combined-equal S=16.0: {'neighbor9': (True, 8), 'epoch_confirmation': (True, 7), 'remaining_aggregate': (True, 7)}
195/256 combined-unequal S=16.0: {'neighbor9': (True, 1), 'epoch_confirmation': (True, 1), 'remaining_aggregate': (True, 1)}
196/256 mixed-equal S=16.0: {'neighbor9': (True, 126), 'epoch_confirmation': (True, 6), 'remaining_aggregate': (True, 6)}
197/256 mixed-unequal S=16.0: {'neighbor9': (True, 45), 'epoch_confirmation': (True, 1), 'remaining_aggregate': (True, 1)}
198/256 interferer-only S=16.0: {'neighbor9': (False, 0), 'epoch_confirmation': (False, 0), 'remaining_aggregate': (False, 0)}
199/256 supported-spike S=16.0: {'neighbor9': (False, 0), 'epoch_confirmation': (False, 0), 'remaining_aggregate': (False, 0)}
200/256 ON-OFF S=16.0: {'neighbor9': (False, 0), 'epoch_confirmation': (False, 0), 'remaining_aggregate': (False, 0)}
201/256 nearest-unequal S=40.0: {'neighbor9': (True, 66), 'epoch_confirmation': (True, 40), 'remaining_aggregate': (True, 40)}
202/256 combined-equal S=40.0: {'neighbor9': (True, 69), 'epoch_confirmation': (True, 67), 'remaining_aggregate': (True, 67)}
203/256 combined-unequal S=40.0: {'neighbor9': (True, 63), 'epoch_confirmation': (True, 38), 'remaining_aggregate': (True, 38)}
204/256 mixed-equal S=40.0: {'neighbor9': (False, 69), 'epoch_confirmation': (False, 24), 'remaining_aggregate': (False, 24)}
205/256 mixed-unequal S=40.0: {'neighbor9': (True, 207), 'epoch_confirmation': (True, 1), 'remaining_aggregate': (True, 1)}
206/256 interferer-only S=40.0: {'neighbor9': (False, 15), 'epoch_confirmation': (False, 0), 'remaining_aggregate': (False, 0)}
207/256 supported-spike S=40.0: {'neighbor9': (True, 2), 'epoch_confirmation': (False, 0), 'remaining_aggregate': (False, 0)}
208/256 ON-OFF S=40.0: {'neighbor9': (False, 0), 'epoch_confirmation': (False, 0), 'remaining_aggregate': (False, 0)}
209/256 nearest-unequal S=16.0: {'neighbor9': (True, 4), 'epoch_confirmation': (True, 3), 'remaining_aggregate': (True, 3)}
210/256 combined-equal S=16.0: {'neighbor9': (True, 6), 'epoch_confirmation': (True, 6), 'remaining_aggregate': (True, 6)}
211/256 combined-unequal S=16.0: {'neighbor9': (False, 0), 'epoch_confirmation': (False, 0), 'remaining_aggregate': (False, 0)}
212/256 mixed-equal S=16.0: {'neighbor9': (True, 7), 'epoch_confirmation': (True, 6), 'remaining_aggregate': (True, 6)}
213/256 mixed-unequal S=16.0: {'neighbor9': (False, 0), 'epoch_confirmation': (False, 0), 'remaining_aggregate': (False, 0)}
214/256 interferer-only S=16.0: {'neighbor9': (False, 0), 'epoch_confirmation': (False, 0), 'remaining_aggregate': (False, 0)}
215/256 supported-spike S=16.0: {'neighbor9': (False, 0), 'epoch_confirmation': (False, 0), 'remaining_aggregate': (False, 0)}
216/256 ON-OFF S=16.0: {'neighbor9': (False, 0), 'epoch_confirmation': (False, 0), 'remaining_aggregate': (False, 0)}
217/256 nearest-unequal S=40.0: {'neighbor9': (True, 35), 'epoch_confirmation': (True, 24), 'remaining_aggregate': (True, 24)}
218/256 combined-equal S=40.0: {'neighbor9': (True, 65), 'epoch_confirmation': (True, 65), 'remaining_aggregate': (True, 65)}
219/256 combined-unequal S=40.0: {'neighbor9': (True, 31), 'epoch_confirmation': (True, 25), 'remaining_aggregate': (True, 25)}
220/256 mixed-equal S=40.0: {'neighbor9': (True, 111), 'epoch_confirmation': (True, 72), 'remaining_aggregate': (True, 72)}
221/256 mixed-unequal S=40.0: {'neighbor9': (True, 60), 'epoch_confirmation': (True, 25), 'remaining_aggregate': (True, 25)}
222/256 interferer-only S=40.0: {'neighbor9': (False, 0), 'epoch_confirmation': (False, 0), 'remaining_aggregate': (False, 0)}
223/256 supported-spike S=40.0: {'neighbor9': (False, 0), 'epoch_confirmation': (False, 0), 'remaining_aggregate': (False, 0)}
224/256 ON-OFF S=40.0: {'neighbor9': (False, 0), 'epoch_confirmation': (False, 0), 'remaining_aggregate': (False, 0)}
225/256 nearest-unequal S=16.0: {'neighbor9': (True, 22), 'epoch_confirmation': (True, 13), 'remaining_aggregate': (True, 20)}
226/256 combined-equal S=16.0: {'neighbor9': (True, 37), 'epoch_confirmation': (True, 30), 'remaining_aggregate': (True, 36)}
227/256 combined-unequal S=16.0: {'neighbor9': (True, 10), 'epoch_confirmation': (False, 4), 'remaining_aggregate': (True, 9)}
228/256 mixed-equal S=16.0: {'neighbor9': (True, 203), 'epoch_confirmation': (True, 30), 'remaining_aggregate': (True, 79)}
229/256 mixed-unequal S=16.0: {'neighbor9': (True, 82), 'epoch_confirmation': (False, 6), 'remaining_aggregate': (True, 11)}
230/256 interferer-only S=16.0: {'neighbor9': (False, 18), 'epoch_confirmation': (False, 0), 'remaining_aggregate': (False, 0)}
231/256 supported-spike S=16.0: {'neighbor9': (False, 0), 'epoch_confirmation': (False, 0), 'remaining_aggregate': (False, 0)}
232/256 ON-OFF S=16.0: {'neighbor9': (False, 0), 'epoch_confirmation': (False, 0), 'remaining_aggregate': (False, 0)}
233/256 nearest-unequal S=40.0: {'neighbor9': (True, 207), 'epoch_confirmation': (True, 148), 'remaining_aggregate': (True, 188)}
234/256 combined-equal S=40.0: {'neighbor9': (True, 342), 'epoch_confirmation': (True, 299), 'remaining_aggregate': (True, 338)}
235/256 combined-unequal S=40.0: {'neighbor9': (True, 203), 'epoch_confirmation': (True, 139), 'remaining_aggregate': (True, 181)}
236/256 mixed-equal S=40.0: {'neighbor9': (True, 568), 'epoch_confirmation': (True, 268), 'remaining_aggregate': (True, 300)}
237/256 mixed-unequal S=40.0: {'neighbor9': (True, 502), 'epoch_confirmation': (True, 152), 'remaining_aggregate': (True, 182)}
238/256 interferer-only S=40.0: {'neighbor9': (False, 225), 'epoch_confirmation': (False, 0), 'remaining_aggregate': (False, 0)}
239/256 supported-spike S=40.0: {'neighbor9': (True, 15), 'epoch_confirmation': (False, 0), 'remaining_aggregate': (False, 0)}
240/256 ON-OFF S=40.0: {'neighbor9': (False, 0), 'epoch_confirmation': (False, 0), 'remaining_aggregate': (False, 0)}
241/256 nearest-unequal S=16.0: {'neighbor9': (True, 10), 'epoch_confirmation': (True, 7), 'remaining_aggregate': (True, 10)}
242/256 combined-equal S=16.0: {'neighbor9': (True, 19), 'epoch_confirmation': (True, 17), 'remaining_aggregate': (True, 18)}
243/256 combined-unequal S=16.0: {'neighbor9': (False, 2), 'epoch_confirmation': (False, 2), 'remaining_aggregate': (False, 2)}
244/256 mixed-equal S=16.0: {'neighbor9': (True, 44), 'epoch_confirmation': (True, 17), 'remaining_aggregate': (True, 18)}
245/256 mixed-unequal S=16.0: {'neighbor9': (False, 0), 'epoch_confirmation': (False, 0), 'remaining_aggregate': (False, 0)}
246/256 interferer-only S=16.0: {'neighbor9': (False, 0), 'epoch_confirmation': (False, 0), 'remaining_aggregate': (False, 0)}
247/256 supported-spike S=16.0: {'neighbor9': (False, 0), 'epoch_confirmation': (False, 0), 'remaining_aggregate': (False, 0)}
248/256 ON-OFF S=16.0: {'neighbor9': (False, 0), 'epoch_confirmation': (False, 0), 'remaining_aggregate': (False, 0)}
249/256 nearest-unequal S=40.0: {'neighbor9': (True, 215), 'epoch_confirmation': (True, 164), 'remaining_aggregate': (True, 196)}
250/256 combined-equal S=40.0: {'neighbor9': (True, 322), 'epoch_confirmation': (True, 304), 'remaining_aggregate': (True, 316)}
251/256 combined-unequal S=40.0: {'neighbor9': (True, 168), 'epoch_confirmation': (True, 113), 'remaining_aggregate': (True, 149)}
252/256 mixed-equal S=40.0: {'neighbor9': (True, 460), 'epoch_confirmation': (True, 280), 'remaining_aggregate': (True, 344)}
253/256 mixed-unequal S=40.0: {'neighbor9': (True, 352), 'epoch_confirmation': (True, 102), 'remaining_aggregate': (True, 147)}
254/256 interferer-only S=40.0: {'neighbor9': (False, 3), 'epoch_confirmation': (False, 0), 'remaining_aggregate': (False, 0)}
255/256 supported-spike S=40.0: {'neighbor9': (False, 4), 'epoch_confirmation': (False, 0), 'remaining_aggregate': (False, 0)}
256/256 ON-OFF S=40.0: {'neighbor9': (False, 0), 'epoch_confirmation': (False, 0), 'remaining_aggregate': (False, 0)}
M43X COMPLETE
